 flightControlSystem_sfun

 Timestamp is 67d0cefc (Tue Mar 11 20:02:04 2025)

 Preferred load address is 0000000180000000

 Start         Length     Name                   Class
 0001:00000000 00015460H .text$mn                CODE
 0001:00015460 00000036H .text$mn$00             CODE
 0001:00015496 00000092H .text$x                 CODE
 0002:00000000 00000498H .idata$5                DATA
 0002:00000498 00000038H .00cfg                  DATA
 0002:000004d0 00000008H .CRT$XCA                DATA
 0002:000004d8 00000008H .CRT$XCZ                DATA
 0002:000004e0 00000008H .CRT$XIA                DATA
 0002:000004e8 00000008H .CRT$XIZ                DATA
 0002:000004f0 00000008H .CRT$XPA                DATA
 0002:000004f8 00000008H .CRT$XPZ                DATA
 0002:00000500 00000008H .CRT$XTA                DATA
 0002:00000508 00000008H .CRT$XTZ                DATA
 0002:00000510 00000000H .gehcont$y              DATA
 0002:00000510 00000000H .gfids$y                DATA
 0002:00000510 000002f0H .rdata                  DATA
 0002:00000800 00000080H .rdata$CastGuardVftablesA DATA
 0002:00000880 00000080H .rdata$CastGuardVftablesC DATA
 0002:00000900 0000019cH .rdata$voltmd           DATA
 0002:00000a9c 0000027cH .rdata$zzzdbg           DATA
 0002:00000d18 00000008H .rtc$IAA                DATA
 0002:00000d20 00000008H .rtc$IZZ                DATA
 0002:00000d28 00000008H .rtc$TAA                DATA
 0002:00000d30 00000008H .rtc$TZZ                DATA
 0002:00000d38 00000b08H .xdata                  DATA
 0002:00001840 00000084H .edata                  DATA
 0002:000018c4 00000140H .idata$2                DATA
 0002:00001a04 00000014H .idata$3                DATA
 0002:00001a18 00000498H .idata$4                DATA
 0002:00001eb0 00000c84H .idata$6                DATA
 0003:00000000 000084b0H .data                   DATA
 0003:000084b0 000011e0H .bss                    DATA
 0004:00000000 00000d68H .pdata                  DATA

  Address         Publics by Value              Rva+Base               Lib:Object

 0000:00000000       __AbsoluteZero             0000000000000000     <absolute>
 0000:00000000       ___safe_se_handler_count   0000000000000000     <absolute>
 0000:00000000       ___safe_se_handler_table   0000000000000000     <absolute>
 0000:00000000       __arm64x_extra_rfe_table   0000000000000000     <absolute>
 0000:00000000       __arm64x_extra_rfe_table_size 0000000000000000     <absolute>
 0000:00000000       __arm64x_native_entrypoint 0000000000000000     <absolute>
 0000:00000000       __arm64x_redirection_metadata 0000000000000000     <absolute>
 0000:00000000       __arm64x_redirection_metadata_count 0000000000000000     <absolute>
 0000:00000000       __dynamic_value_reloc_table 0000000000000000     <absolute>
 0000:00000000       __enclave_config           0000000000000000     <absolute>
 0000:00000000       __guard_check_icall_a64n_fptr 0000000000000000     <absolute>
 0000:00000000       __guard_eh_cont_count      0000000000000000     <absolute>
 0000:00000000       __guard_eh_cont_table      0000000000000000     <absolute>
 0000:00000000       __guard_fids_count         0000000000000000     <absolute>
 0000:00000000       __guard_fids_table         0000000000000000     <absolute>
 0000:00000000       __guard_iat_count          0000000000000000     <absolute>
 0000:00000000       __guard_iat_table          0000000000000000     <absolute>
 0000:00000000       __guard_longjmp_count      0000000000000000     <absolute>
 0000:00000000       __guard_longjmp_table      0000000000000000     <absolute>
 0000:00000000       __hybrid_auxiliary_iat     0000000000000000     <absolute>
 0000:00000000       __hybrid_auxiliary_iat_copy 0000000000000000     <absolute>
 0000:00000000       __hybrid_code_map          0000000000000000     <absolute>
 0000:00000000       __hybrid_code_map_count    0000000000000000     <absolute>
 0000:00000000       __x64_code_ranges_to_entry_points 0000000000000000     <absolute>
 0000:00000000       __x64_code_ranges_to_entry_points_count 0000000000000000     <absolute>
 0000:00000100       __guard_flags              0000000000000100     <absolute>
 0000:00000000       __ImageBase                0000000180000000     <linker-defined>
 0001:00000000       flightControlSystem_initializer 0000000180001000 f   flightControlSystem_sfun.obj
 0001:00000010       flightControlSystem_terminator 0000000180001010 f   flightControlSystem_sfun.obj
 0001:00000020       load_flightControlSystem_optimization_info 0000000180001020 f   flightControlSystem_sfun.obj
 0001:000000d0       unload_flightControlSystem_optimization_info 00000001800010d0 f   flightControlSystem_sfun.obj
 0001:00000100       sf_flightControlSystem_method_dispatcher 0000000180001100 f   flightControlSystem_sfun.obj
 0001:00000170       sf_flightControlSystem_process_check_sum_call 0000000180001170 f   flightControlSystem_sfun.obj
 0001:00000680       sf_flightControlSystem_get_eml_resolved_functions_info 0000000180001680 f   flightControlSystem_sfun.obj
 0001:000008c0       sf_flightControlSystem_third_party_uses_info 00000001800018c0 f   flightControlSystem_sfun.obj
 0001:00000ac0       sf_flightControlSystem_jit_fallback_info 0000000180001ac0 f   flightControlSystem_sfun.obj
 0001:00000cc0       sf_flightControlSystem_get_post_codegen_info 0000000180001cc0 f   flightControlSystem_sfun.obj
 0001:00000ee0       sf_flightControlSystem_updateBuildInfo_args_info 0000000180001ee0 f   flightControlSystem_sfun.obj
 0001:000010e0       sf_c4_flightControlSystem_get_eml_resolved_functions_info 00000001800020e0 f   c4_flightControlSystem.obj
 0001:00001160       sf_c4_flightControlSystem_get_check_sum 0000000180002160 f   c4_flightControlSystem.obj
 0001:00001230       c4_flightControlSystem_method_dispatcher 0000000180002230 f   c4_flightControlSystem.obj
 0001:000040c0       sf_c4_flightControlSystem_third_party_uses_info 00000001800050c0 f   c4_flightControlSystem.obj
 0001:00004130       sf_c4_flightControlSystem_jit_fallback_info 0000000180005130 f   c4_flightControlSystem.obj
 0001:000042c0       sf_c4_flightControlSystem_updateBuildInfo_args_info 00000001800052c0 f   c4_flightControlSystem.obj
 0001:000045e0       sf_c4_flightControlSystem_get_post_codegen_info 00000001800055e0 f   c4_flightControlSystem.obj
 0001:00004ac0       sf_c11_flightControlSystem_get_eml_resolved_functions_info 0000000180005ac0 f   c11_flightControlSystem.obj
 0001:00004b40       sf_c11_flightControlSystem_get_check_sum 0000000180005b40 f   c11_flightControlSystem.obj
 0001:00004c10       c11_flightControlSystem_method_dispatcher 0000000180005c10 f   c11_flightControlSystem.obj
 0001:000084d0       sf_c11_flightControlSystem_third_party_uses_info 00000001800094d0 f   c11_flightControlSystem.obj
 0001:00008520       sf_c11_flightControlSystem_jit_fallback_info 0000000180009520 f   c11_flightControlSystem.obj
 0001:000086b0       sf_c11_flightControlSystem_updateBuildInfo_args_info 00000001800096b0 f   c11_flightControlSystem.obj
 0001:000089d0       sf_c11_flightControlSystem_get_post_codegen_info 00000001800099d0 f   c11_flightControlSystem.obj
 0001:00008ec0       mexFunction                0000000180009ec0 f   flightControlSystem_sfun_registry.obj
 0001:0000b790       _ssSetInputPortDirectFeedThroughFcn 000000018000c790 f   flightControlSystem_sfun_registry.obj
 0001:0000b900       _ssSetRWorkValueFcn        000000018000c900 f   flightControlSystem_sfun_registry.obj
 0001:0000b980       _ssGetRWorkValueFcn        000000018000c980 f   flightControlSystem_sfun_registry.obj
 0001:0000b9f0       _ssSetIWorkValueFcn        000000018000c9f0 f   flightControlSystem_sfun_registry.obj
 0001:0000ba70       _ssGetIWorkValueFcn        000000018000ca70 f   flightControlSystem_sfun_registry.obj
 0001:0000bae0       _ssSetPWorkValueFcn        000000018000cae0 f   flightControlSystem_sfun_registry.obj
 0001:0000bb60       _ssGetPWorkValueFcn        000000018000cb60 f   flightControlSystem_sfun_registry.obj
 0001:0000bbd0       _ssGetInputPortSignalFcn   000000018000cbd0 f   flightControlSystem_sfun_registry.obj
 0001:0000bf60       _ssGetInputPortBufferDstPortFcn 000000018000cf60 f   flightControlSystem_sfun_registry.obj
 0001:0000bfe0       _ssGetInputPortSignalPtrsFcn 000000018000cfe0 f   flightControlSystem_sfun_registry.obj
 0001:0000c370       ssGetParameterTuningCompliance 000000018000d370 f   flightControlSystem_sfun_registry.obj
 0001:0000c3e0       _ssReadInputStringFcn      000000018000d3e0 f   flightControlSystem_sfun_registry.obj
 0001:0000c450       ssGetDTypeIdFromMxArray    000000018000d450 f   flightControlSystem_sfun_registry.obj
 0001:0000c570       ssWriteRTWMx2dMatParam     000000018000d570 f   flightControlSystem_sfun_registry.obj
 0001:0000c600       ssWriteRTWMxVectParam      000000018000d600 f   flightControlSystem_sfun_registry.obj
 0001:0000c680       ssWriteRTWParameters       000000018000d680 f   flightControlSystem_sfun_registry.obj
 0001:0000cc40       ssWriteRTWParamSettings    000000018000dc40 f   flightControlSystem_sfun_registry.obj
 0001:0000d330       ssWriteRTWStr              000000018000e330 f   flightControlSystem_sfun_registry.obj
 0001:0000d390       ssWriteRTWWorkVect         000000018000e390 f   flightControlSystem_sfun_registry.obj
 0001:0000d8f0       ssWarning                  000000018000e8f0 f   flightControlSystem_sfun_registry.obj
 0001:0000d9e0       ssGetRootSS                000000018000e9e0 f   flightControlSystem_sfun_registry.obj
 0001:0000daa0       ssGetParentSS              000000018000eaa0 f   flightControlSystem_sfun_registry.obj
 0001:0000db60       ssWriteRTWNameValuePair    000000018000eb60 f   flightControlSystem_sfun_registry.obj
 0001:0000e060       _ssSetInputPortMatrixDimensions 000000018000f060 f   flightControlSystem_sfun_registry.obj
 0001:0000e1b0       _ssSetOutputPortMatrixDimensions 000000018000f1b0 f   flightControlSystem_sfun_registry.obj
 0001:0000e300       _ssSetInputPortVectorDimension 000000018000f300 f   flightControlSystem_sfun_registry.obj
 0001:0000e3b0       _ssSetOutputPortVectorDimension 000000018000f3b0 f   flightControlSystem_sfun_registry.obj
 0001:0000e460       ssIsRunTimeParamTunable    000000018000f460 f   flightControlSystem_sfun_registry.obj
 0001:0000e4d0       ssGetSFuncBlockHandle      000000018000f4d0 f   flightControlSystem_sfun_registry.obj
 0001:0000e540       _ssGetCallSystemNumFcnCallDestinations 000000018000f540 f   flightControlSystem_sfun_registry.obj
 0001:0000e5b0       _ssGetCurrentInputPortWidth 000000018000f5b0 f   flightControlSystem_sfun_registry.obj
 0001:0000e6f0       _ssGetCurrentOutputPortWidth 000000018000f6f0 f   flightControlSystem_sfun_registry.obj
 0001:0000e830       ssGetIsZeroCrossControlDisabled 000000018000f830 f   flightControlSystem_sfun_registry.obj
 0001:0000e8a0       ssSetIsInputPortUsedForContZcSignal 000000018000f8a0 f   flightControlSystem_sfun_registry.obj
 0001:0000e910       ssSetZcSignalIsZcElementDisc 000000018000f910 f   flightControlSystem_sfun_registry.obj
 0001:0000e9c0       ssSetZcSignalName          000000018000f9c0 f   flightControlSystem_sfun_registry.obj
 0001:0000ea30       ssSetZcSignalWidth         000000018000fa30 f   flightControlSystem_sfun_registry.obj
 0001:0000eaa0       ssSetZcSignalZcEventType   000000018000faa0 f   flightControlSystem_sfun_registry.obj
 0001:0000eb10       ssSetZcSignalType          000000018000fb10 f   flightControlSystem_sfun_registry.obj
 0001:0000eb80       ssSetZcSignalZcTol         000000018000fb80 f   flightControlSystem_sfun_registry.obj
 0001:0000ebf0       ssSetZcSignalNeedsEventNotification 000000018000fbf0 f   flightControlSystem_sfun_registry.obj
 0001:0000ec60       ssCreateAndAddZcSignalInfo 000000018000fc60 f   flightControlSystem_sfun_registry.obj
 0001:0000ecd0       ssCloneAndAddZcSignalInfo  000000018000fcd0 f   flightControlSystem_sfun_registry.obj
 0001:0000ed40       ssGetNumZcSignals          000000018000fd40 f   flightControlSystem_sfun_registry.obj
 0001:0000edb0       ssGetZcSignalVector        000000018000fdb0 f   flightControlSystem_sfun_registry.obj
 0001:0000ee20       ssGetZcSignalName          000000018000fe20 f   flightControlSystem_sfun_registry.obj
 0001:0000ee90       ssGetZcSignalWidth         000000018000fe90 f   flightControlSystem_sfun_registry.obj
 0001:0000ef00       ssGetZcSignalZcEventType   000000018000ff00 f   flightControlSystem_sfun_registry.obj
 0001:0000ef70       ssGetZcSignalZcEvents      000000018000ff70 f   flightControlSystem_sfun_registry.obj
 0001:0000efe0       ssGetZcSignalType          000000018000ffe0 f   flightControlSystem_sfun_registry.obj
 0001:0000f050       ssGetZcSignalZcTol         0000000180010050 f   flightControlSystem_sfun_registry.obj
 0001:0000f0d0       ssGetZcSignalNeedsEventNotification 00000001800100d0 f   flightControlSystem_sfun_registry.obj
 0001:0000f140       ssGetZcSignalIsZcElementDisc 0000000180010140 f   flightControlSystem_sfun_registry.obj
 0001:0000f1e0       ssGetIsInputPortElementContinuous 00000001800101e0 f   flightControlSystem_sfun_registry.obj
 0001:0000f280       _ssGetAbsTol               0000000180010280 f   flightControlSystem_sfun_registry.obj
 0001:0000f2f0       _ssSetStateAbsTol          00000001800102f0 f   flightControlSystem_sfun_registry.obj
 0001:0000f3d0       _ssSetInputPortReusableFcn 00000001800103d0 f   flightControlSystem_sfun_registry.obj
 0001:0000f4d0       _ssSetOutputPortReusableFcn 00000001800104d0 f   flightControlSystem_sfun_registry.obj
 0001:0000f5d0       _ssSetSymbolicDimsSupport  00000001800105d0 f   flightControlSystem_sfun_registry.obj
 0001:0000f640       _ssRegisterSymbolicDimsExpr 0000000180010640 f   flightControlSystem_sfun_registry.obj
 0001:0000f6c0       _ssRegisterSymbolicDimsMATLABExpr 00000001800106c0 f   flightControlSystem_sfun_registry.obj
 0001:0000f750       _ssRegisterSymbolicDims    0000000180010750 f   flightControlSystem_sfun_registry.obj
 0001:0000f7f0       _ssRegisterSymbolicDimsString 00000001800107f0 f   flightControlSystem_sfun_registry.obj
 0001:0000f870       _ssRegisterSymbolicDimsIntValue 0000000180010870 f   flightControlSystem_sfun_registry.obj
 0001:0000f8e0       _ssRegisterSymbolicEqualRelation 00000001800108e0 f   flightControlSystem_sfun_registry.obj
 0001:0000f950       _ssRegisterSymbolicEqualValue 0000000180010950 f   flightControlSystem_sfun_registry.obj
 0001:0000f9c0       _ssAmendLeadingSymbolicDims 00000001800109c0 f   flightControlSystem_sfun_registry.obj
 0001:0000fa40       _ssAmendTrailingSymbolicDims 0000000180010a40 f   flightControlSystem_sfun_registry.obj
 0001:0000fac0       _ssRegisterSymbolicDimsPlus 0000000180010ac0 f   flightControlSystem_sfun_registry.obj
 0001:0000fb40       _ssRegisterSymbolicDimsMinus 0000000180010b40 f   flightControlSystem_sfun_registry.obj
 0001:0000fbc0       _ssRegisterSymbolicDimsMultiply 0000000180010bc0 f   flightControlSystem_sfun_registry.obj
 0001:0000fc40       _ssRegisterSymbolicDimsDivide 0000000180010c40 f   flightControlSystem_sfun_registry.obj
 0001:0000fcc0       _ssGetNumSymbolicDims      0000000180010cc0 f   flightControlSystem_sfun_registry.obj
 0001:0000fd30       _ssGetSymbolicDim          0000000180010d30 f   flightControlSystem_sfun_registry.obj
 0001:0000fdb0       _ssSetInputPortSymbolicDimsId 0000000180010db0 f   flightControlSystem_sfun_registry.obj
 0001:0000fe20       _ssGetCompInputPortSymbolicDimsId 0000000180010e20 f   flightControlSystem_sfun_registry.obj
 0001:0000fe90       _ssSetCompInputPortSymbolicDimsId 0000000180010e90 f   flightControlSystem_sfun_registry.obj
 0001:0000ff00       _ssSetOutputPortSymbolicDimsId 0000000180010f00 f   flightControlSystem_sfun_registry.obj
 0001:0000ff70       _ssGetCompOutputPortSymbolicDimsId 0000000180010f70 f   flightControlSystem_sfun_registry.obj
 0001:0000ffe0       _ssSetCompOutputPortSymbolicDimsId 0000000180010fe0 f   flightControlSystem_sfun_registry.obj
 0001:00010050       _ssGetDWorkSymbolicDimsId  0000000180011050 f   flightControlSystem_sfun_registry.obj
 0001:000100c0       _ssSetDWorkSymbolicDimsId  00000001800110c0 f   flightControlSystem_sfun_registry.obj
 0001:00010130       _ssGetCompDWorkSymbolicDimsId 0000000180011130 f   flightControlSystem_sfun_registry.obj
 0001:000101a0       _ssSetCompDWorkSymbolicDimsId 00000001800111a0 f   flightControlSystem_sfun_registry.obj
 0001:00010210       _ssCreateSLCGStringBuffer  0000000180011210 f   flightControlSystem_sfun_registry.obj
 0001:00010280       _ssAddToSLCGStringBuffer   0000000180011280 f   flightControlSystem_sfun_registry.obj
 0001:000102f0       _ssGetPointerContainedData 00000001800112f0 f   flightControlSystem_sfun_registry.obj
 0001:00010380       _ssGetPointerContainedDataWidth 0000000180011380 f   flightControlSystem_sfun_registry.obj
 0001:00010410       _ssRegisterDynamicArrayDataTypeFcn 0000000180011410 f   flightControlSystem_sfun_registry.obj
 0001:000104b0       _ssGetDynamicArrayContainedDataCurrentWidthFcn 00000001800114b0 f   flightControlSystem_sfun_registry.obj
 0001:00010580       _ssGetDynamicArrayContainedDataFcn 0000000180011580 f   flightControlSystem_sfun_registry.obj
 0001:00010650       _ssGetInputPortDynamicArrayDataFcn 0000000180011650 f   flightControlSystem_sfun_registry.obj
 0001:00010710       _ssGetOutputPortDynamicArrayDataFcn 0000000180011710 f   flightControlSystem_sfun_registry.obj
 0001:000107d0       _ssGetInputPortDynamicArrayContainedDataFcn 00000001800117d0 f   flightControlSystem_sfun_registry.obj
 0001:00010890       _ssGetOutputPortDynamicArrayContainedDataFcn 0000000180011890 f   flightControlSystem_sfun_registry.obj
 0001:00010950       _ssGetDynamicArrayDWorkContainedDataFcn 0000000180011950 f   flightControlSystem_sfun_registry.obj
 0001:00010a10       sf_process_check_sum_call  0000000180011a10 f   flightControlSystem_sfun_registry.obj
 0001:00010a60       sf_process_get_third_party_uses_info_call 0000000180011a60 f   flightControlSystem_sfun_registry.obj
 0001:00010c90       sf_process_get_jit_fallback_info_call 0000000180011c90 f   flightControlSystem_sfun_registry.obj
 0001:00010ec0       sf_process_get_post_codegen_info_call 0000000180011ec0 f   flightControlSystem_sfun_registry.obj
 0001:000110f0       sf_process_get_updateBuildInfo_args_info_call 00000001800120f0 f   flightControlSystem_sfun_registry.obj
 0001:00011320       sf_process_get_eml_resolved_functions_info_call 0000000180012320 f   flightControlSystem_sfun_registry.obj
 0001:00011550       sf_mex_unlock_call         0000000180012550 f   flightControlSystem_sfun_registry.obj
 0001:00011770       sf_machine_global_initializer_called 0000000180012770 f   flightControlSystem_sfun_registry.obj
 0001:000117a0       sf_machine_global_method_dispatcher 00000001800127a0 f   flightControlSystem_sfun_registry.obj
 0001:00011800       sf_machine_global_terminator 0000000180012800 f   flightControlSystem_sfun_registry.obj
 0001:00011830       callCustomFcn              0000000180012830 f   flightControlSystem_sfun_registry.obj
 0001:00011840       sf_machine_global_initializer 0000000180012840 f   flightControlSystem_sfun_registry.obj
 0001:00011870       mdlGetSimState             0000000180012870 f   flightControlSystem_sfun_registry.obj
 0001:000118b0       mdlSetSimState             00000001800128b0 f   flightControlSystem_sfun_registry.obj
 0001:00012240       ProcessMexSfunctionEveryCall 0000000180013240 f   flightControlSystem_sfun_registry.obj
 0001:000133c0       __local_stdio_printf_options 00000001800143c0 f i flightControlSystem_sfun_registry.obj
 0001:000133d0       _vsnprintf_l               00000001800143d0 f i flightControlSystem_sfun_registry.obj
 0001:00013450       _vsprintf_l                0000000180014450 f i flightControlSystem_sfun_registry.obj
 0001:000134a0       sprintf                    00000001800144a0 f i flightControlSystem_sfun_registry.obj
 0001:000134f0       mexfilerequiredapiversion  00000001800144f0 f   c_mexapi_version.obj
 0001:00013520       getBitfieldFromFloat       0000000180014520 f   half_type.obj
 0001:00013550       getFloatFromBitfield       0000000180014550 f   half_type.obj
 0001:00013580       getBitfieldFromHalf        0000000180014580 f   half_type.obj
 0001:000135a0       getHalfFromBitfield        00000001800145a0 f   half_type.obj
 0001:000135d0       halfToFloat                00000001800145d0 f   half_type.obj
 0001:00013750       halfToDouble               0000000180014750 f   half_type.obj
 0001:00013780       floatToHalf                0000000180014780 f   half_type.obj
 0001:000139e0       doubleToHalf               00000001800149e0 f   half_type.obj
 0001:00013ccb       grayto8_real64             0000000180014ccb f   libmwgrayto8:libmwgrayto8.dll
 0001:00013cd1       rgb2gray_tbb_uint8         0000000180014cd1 f   libmwrgb2gray_tbb:libmwrgb2gray_tbb.dll
 0001:00013cd7       getnumcores                0000000180014cd7 f   libmwgetnumcores:libmwgetnumcores.dll
 0001:00013cdd       sf_load_rtw_optimization_info 0000000180014cdd f   sf_runtime:sf_runtime.dll
 0001:00013ce3       sf_mex_decode              0000000180014ce3 f   sf_runtime:sf_runtime.dll
 0001:00013ce9       sf_init_ChartRunTimeInfo   0000000180014ce9 f   sf_runtime:sf_runtime.dll
 0001:00013cef       sf_free_ChartRunTimeInfo   0000000180014cef f   sf_runtime:sf_runtime.dll
 0001:00013cf5       sf_reset_warnings_ChartRunTimeInfo 0000000180014cf5 f   sf_runtime:sf_runtime.dll
 0001:00013cfb       sfrtGetEmlrtCtx            0000000180014cfb f   sf_runtime:sf_runtime.dll
 0001:00013d01       sfrtGetCovrtInstance       0000000180014d01 f   sf_runtime:sf_runtime.dll
 0001:00013d07       sf_get_chart_instance_ptr  0000000180014d07 f   sf_runtime:sf_runtime.dll
 0001:00013d0d       sfSetAnimationVectors      0000000180014d0d f   sf_runtime:sf_runtime.dll
 0001:00013d13       sim_mode_is_rtw_gen        0000000180014d13 f   sf_runtime:sf_runtime.dll
 0001:00013d19       sim_mode_is_external       0000000180014d19 f   sf_runtime:sf_runtime.dll
 0001:00013d1f       sf_clear_rtw_identifier    0000000180014d1f f   sf_runtime:sf_runtime.dll
 0001:00013d25       sf_get_time                0000000180014d25 f   sf_runtime:sf_runtime.dll
 0001:00013d2b       sf_set_work_widths         0000000180014d2b f   sf_runtime:sf_runtime.dll
 0001:00013d31       mdlProcessParamsCommon     0000000180014d31 f   sf_runtime:sf_runtime.dll
 0001:00013d37       sf_mex_call                0000000180014d37 f   sf_runtime:sf_runtime.dll
 0001:00013d3d       sf_mex_error_message       0000000180014d3d f   sf_runtime:sf_runtime.dll
 0001:00013d43       sf_mex_create              0000000180014d43 f   sf_runtime:sf_runtime.dll
 0001:00013d49       sf_mex_createcellmatrix    0000000180014d49 f   sf_runtime:sf_runtime.dll
 0001:00013d4f       sf_mex_setcell             0000000180014d4f f   sf_runtime:sf_runtime.dll
 0001:00013d55       sf_mex_getcell             0000000180014d55 f   sf_runtime:sf_runtime.dll
 0001:00013d5b       sf_mex_assign              0000000180014d5b f   sf_runtime:sf_runtime.dll
 0001:00013d61       sf_mex_dup                 0000000180014d61 f   sf_runtime:sf_runtime.dll
 0001:00013d67       sf_mex_destroy             0000000180014d67 f   sf_runtime:sf_runtime.dll
 0001:00013d6d       sf_mex_import              0000000180014d6d f   sf_runtime:sf_runtime.dll
 0001:00013d73       ssGetInputPortSignal_wrapper 0000000180014d73 f   sf_runtime:sf_runtime.dll
 0001:00013d79       ssGetOutputPortSignal_wrapper 0000000180014d79 f   sf_runtime:sf_runtime.dll
 0001:00013d7f       sf_mex_listen_for_ctrl_c   0000000180014d7f f   sf_runtime:sf_runtime.dll
 0001:00013d85       sf_data_overflow_error     0000000180014d85 f   sf_runtime:sf_runtime.dll
 0001:00013d8b       sf_data_saturate_error     0000000180014d8b f   sf_runtime:sf_runtime.dll
 0001:00013d91       sf_get_ChartInfoStruct_CodeGen 0000000180014d91 f   sf_runtime:sf_runtime.dll
 0001:00013d97       sf_get_hasSeparateUpdateOutputs 0000000180014d97 f   sf_runtime:sf_runtime.dll
 0001:00013d9d       callMdlMethodAndReportError 0000000180014d9d f   sf_runtime:sf_runtime.dll
 0001:00013da3       call_sf_machine_global_method_dispatcher 0000000180014da3 f   sf_runtime:sf_runtime.dll
 0001:00013da9       getRuntimeInstanceInfoAsVoid 0000000180014da9 f   sf_runtime:sf_runtime.dll
 0001:00013daf       sf_mex_error_direct_call   0000000180014daf f   sf_runtime:sf_runtime.dll
 0001:00013db5       sf_clear_error_manager_info 0000000180014db5 f   sf_runtime:sf_runtime.dll
 0001:00013dbb       mxIsChar_800               0000000180014dbb f   libmx:libmx.dll
 0001:00013dc1       mxGetScalar_800            0000000180014dc1 f   libmx:libmx.dll
 0001:00013dc7       mxGetPr_800                0000000180014dc7 f   libmx:libmx.dll
 0001:00013dcd       mxDestroyArray_800         0000000180014dcd f   libmx:libmx.dll
 0001:00013dd3       mxCreateDoubleMatrix_800   0000000180014dd3 f   libmx:libmx.dll
 0001:00013dd9       mxGetString_800            0000000180014dd9 f   libmx:libmx.dll
 0001:00013ddf       mxDuplicateArray_800       0000000180014ddf f   libmx:libmx.dll
 0001:00013de5       mxSetCell_800              0000000180014de5 f   libmx:libmx.dll
 0001:00013deb       mxSetField_800             0000000180014deb f   libmx:libmx.dll
 0001:00013df1       mxCreateString_800         0000000180014df1 f   libmx:libmx.dll
 0001:00013df7       mxCreateCellMatrix_800     0000000180014df7 f   libmx:libmx.dll
 0001:00013dfd       mxCreateStructMatrix_800   0000000180014dfd f   libmx:libmx.dll
 0001:00013e03       mxGetInf_800               0000000180014e03 f   libmx:libmx.dll
 0001:00013e09       mxCalloc_800               0000000180014e09 f   libmx:libmx.dll
 0001:00013e0f       mxGetM_800                 0000000180014e0f f   libmx:libmx.dll
 0001:00013e15       mxGetClassID_800           0000000180014e15 f   libmx:libmx.dll
 0001:00013e1b       mxIsNumeric_800            0000000180014e1b f   libmx:libmx.dll
 0001:00013e21       mxIsComplex_800            0000000180014e21 f   libmx:libmx.dll
 0001:00013e27       mxGetN_800                 0000000180014e27 f   libmx:libmx.dll
 0001:00013e2d       mxCreateDoubleScalar_800   0000000180014e2d f   libmx:libmx.dll
 0001:00013e33       mexMakeArrayPersistent_800 0000000180014e33 f   libmex:libmex.dll
 0001:00013e39       mexErrMsgTxt_800           0000000180014e39 f   libmex:libmex.dll
 0001:00013e3f       mexWarnMsgTxt_800          0000000180014e3f f   libmex:libmex.dll
 0001:00013e45       mexCallMATLAB_800          0000000180014e45 f   libmex:libmex.dll
 0001:00013e4b       mexLock_800                0000000180014e4b f   libmex:libmex.dll
 0001:00013e51       mexUnlock_800              0000000180014e51 f   libmex:libmex.dll
 0001:00013e57       mexIsLocked_800            0000000180014e57 f   libmex:libmex.dll
 0001:00013e5d       utMalloc                   0000000180014e5d f   libut:libut.dll
 0001:00013e63       utFree                     0000000180014e63 f   libut:libut.dll
 0001:00013e69       muDoubleScalarFloor        0000000180014e69 f   libmwmathutil:libmwmathutil.dll
 0001:00013e6f       muDoubleScalarIsNaN        0000000180014e6f f   libmwmathutil:libmwmathutil.dll
 0001:00013e75       muDoubleScalarIsInf        0000000180014e75 f   libmwmathutil:libmwmathutil.dll
 0001:00013e7b       muDoubleScalarRound        0000000180014e7b f   libmwmathutil:libmwmathutil.dll
 0001:00013e81       emlrtLicenseCheckR2022a    0000000180014e81 f   libemlrt:libemlrt.dll
 0001:00013e87       emlrtDynamicBoundsCheckR2012b 0000000180014e87 f   libemlrt:libemlrt.dll
 0001:00013e8d       emlrtIntegerCheckR2012b    0000000180014e8d f   libemlrt:libemlrt.dll
 0001:00013e93       emlrtForLoopVectorCheckR2021a 0000000180014e93 f   libemlrt:libemlrt.dll
 0001:00013e99       covrtCreateStateflowInstanceData 0000000180014e99 f   libcovrt:libcovrt.dll
 0001:00013e9f       covrtDeleteStateflowInstanceData 0000000180014e9f f   libcovrt:libcovrt.dll
 0001:00013ea5       covrtTransInitFcn          0000000180014ea5 f   libcovrt:libcovrt.dll
 0001:00013eab       covrtStateInitFcn          0000000180014eab f   libcovrt:libcovrt.dll
 0001:00013eb1       covrtChartInitFcn          0000000180014eb1 f   libcovrt:libcovrt.dll
 0001:00013eb7       covrtSigUpdateFcn          0000000180014eb7 f   libcovrt:libcovrt.dll
 0001:00013ebd       covrtEmlInitFcn            0000000180014ebd f   libcovrt:libcovrt.dll
 0001:00013ec3       covrtEmlFcnInitFcn         0000000180014ec3 f   libcovrt:libcovrt.dll
 0001:00013ec9       covrtEmlFcnEval            0000000180014ec9 f   libcovrt:libcovrt.dll
 0001:00013ecf       covrtSaturationUpdateFcn   0000000180014ecf f   libcovrt:libcovrt.dll
 0001:00013ed5       covrtEmlSaturationInitFcn  0000000180014ed5 f   libcovrt:libcovrt.dll
 0001:00013edb       covrtEmlForInitFcn         0000000180014edb f   libcovrt:libcovrt.dll
 0001:00013ee1       covrtEmlForEval            0000000180014ee1 f   libcovrt:libcovrt.dll
 0001:00013ee8       __raise_securityfailure    0000000180014ee8 f   MSVCRT:gs_report.obj
 0001:00013f1c       __report_gsfailure         0000000180014f1c f   MSVCRT:gs_report.obj
 0001:00013ff0       __report_rangecheckfailure 0000000180014ff0 f   MSVCRT:gs_report.obj
 0001:00014004       __report_securityfailure   0000000180015004 f   MSVCRT:gs_report.obj
 0001:000140a0       __report_securityfailureEx 00000001800150a0 f   MSVCRT:gs_report.obj
 0001:00014294       __GSHandlerCheck           0000000180015294 f   MSVCRT:gshandler.obj
 0001:000142b4       __GSHandlerCheckCommon     00000001800152b4 f   MSVCRT:gshandler.obj
 0001:00014320       __security_check_cookie    0000000180015320 f   MSVCRT:amdsecgs.obj
 0001:00014350       __chkstk                   0000000180015350 f   MSVCRT:chkstk.obj
 0001:00014350       _alloca_probe              0000000180015350 f   MSVCRT:chkstk.obj
 0001:000146dc       _CRT_INIT                  00000001800156dc f   MSVCRT:dll_dllmain.obj
 0001:000146e4       _DllMainCRTStartup         00000001800156e4 f   MSVCRT:dll_dllmain.obj
 0001:00014790       __security_init_cookie     0000000180015790 f   MSVCRT:gs_support.obj
 0001:0001483c       DllMain                    000000018001583c f   MSVCRT:dll_dllmain_stub.obj
 0001:00014860       ?__scrt_initialize_type_info@@YAXXZ 0000000180015860 f   MSVCRT:tncleanup.obj
 0001:00014870       ?__scrt_uninitialize_type_info@@YAXXZ 0000000180015870 f   MSVCRT:tncleanup.obj
 0001:0001487c       __local_stdio_scanf_options 000000018001587c f i MSVCRT:default_local_stdio_options.obj
 0001:00014884       __scrt_initialize_default_local_stdio_options 0000000180015884 f   MSVCRT:default_local_stdio_options.obj
 0001:000148a0       ?configure_argv@__scrt_narrow_argv_policy@@SAHXZ 00000001800158a0 f i MSVCRT:utility.obj
 0001:00014900       ?initialize_environment@__scrt_narrow_environment_policy@@SAHXZ 0000000180015900 f i MSVCRT:utility.obj
 0001:00014938       NtCurrentTeb               0000000180015938 f i MSVCRT:utility.obj
 0001:00014944       __scrt_acquire_startup_lock 0000000180015944 f   MSVCRT:utility.obj
 0001:00014980       __scrt_dllmain_after_initialize_c 0000000180015980 f   MSVCRT:utility.obj
 0001:000149b4       __scrt_dllmain_before_initialize_c 00000001800159b4 f   MSVCRT:utility.obj
 0001:000149cc       __scrt_dllmain_crt_thread_attach 00000001800159cc f   MSVCRT:utility.obj
 0001:000149f4       __scrt_dllmain_crt_thread_detach 00000001800159f4 f   MSVCRT:utility.obj
 0001:00014a0c       __scrt_dllmain_exception_filter 0000000180015a0c f   MSVCRT:utility.obj
 0001:00014a6c       __scrt_dllmain_uninitialize_c 0000000180015a6c f   MSVCRT:utility.obj
 0001:00014a9c       __scrt_dllmain_uninitialize_critical 0000000180015a9c f   MSVCRT:utility.obj
 0001:00014ab0       __scrt_initialize_crt      0000000180015ab0 f   MSVCRT:utility.obj
 0001:00014afc       __scrt_initialize_onexit_tables 0000000180015afc f   MSVCRT:utility.obj
 0001:00014b88       __scrt_is_nonwritable_in_current_image 0000000180015b88 f   MSVCRT:utility.obj
 0001:00014c20       __scrt_release_startup_lock 0000000180015c20 f   MSVCRT:utility.obj
 0001:00014c44       __scrt_uninitialize_crt    0000000180015c44 f   MSVCRT:utility.obj
 0001:00014c70       _onexit                    0000000180015c70 f   MSVCRT:utility.obj
 0001:00014cac       at_quick_exit              0000000180015cac f   MSVCRT:utility.obj
 0001:00014ccc       atexit                     0000000180015ccc f   MSVCRT:utility.obj
 0001:00014ce4       __scrt_get_dyn_tls_init_callback 0000000180015ce4 f   MSVCRT:dyn_tls_init.obj
 0001:00014cec       __crt_debugger_hook        0000000180015cec f   MSVCRT:utility_desktop.obj
 0001:00014cf4       __scrt_fastfail            0000000180015cf4 f   MSVCRT:utility_desktop.obj
 0001:00014e40       __scrt_get_show_window_mode 0000000180015e40 f   MSVCRT:utility_desktop.obj
 0001:00014e7c       __scrt_initialize_mta      0000000180015e7c f   MSVCRT:utility_desktop.obj
 0001:00014e84       __scrt_initialize_winrt    0000000180015e84 f   MSVCRT:utility_desktop.obj
 0001:00014e88       __scrt_is_managed_app      0000000180015e88 f   MSVCRT:utility_desktop.obj
 0001:00014edc       __scrt_set_unhandled_exception_filter 0000000180015edc f   MSVCRT:utility_desktop.obj
 0001:00014eec       __scrt_exe_initialize_mta  0000000180015eec f   MSVCRT:utility_desktop.obj
 0001:00014eec       __scrt_stub_for_initialize_mta 0000000180015eec f   MSVCRT:utility_desktop.obj
 0001:00014ef0       __scrt_unhandled_exception_filter 0000000180015ef0 f   MSVCRT:utility_desktop.obj
 0001:00014f4c       _RTC_Initialize            0000000180015f4c f   MSVCRT:initsect.obj
 0001:00014f88       _RTC_Terminate             0000000180015f88 f   MSVCRT:initsect.obj
 0001:00014fc4       _guard_check_icall_nop     0000000180015fc4 f i MSVCRT:guard_support.obj
 0001:00014fc8       ReadNoFence64              0000000180015fc8 f i MSVCRT:guard_support.obj
 0001:00014fcc       ReadPointerNoFence         0000000180015fcc f i MSVCRT:guard_support.obj
 0001:00014fd0       __castguard_check_failure_debugbreak 0000000180015fd0 f i MSVCRT:guard_support.obj
 0001:00014fec       __castguard_check_failure_fastfail 0000000180015fec f i MSVCRT:guard_support.obj
 0001:00015010       __castguard_check_failure_nop 0000000180016010 f i MSVCRT:guard_support.obj
 0001:00015014       __castguard_check_failure_os_handled 0000000180016014 f i MSVCRT:guard_support.obj
 0001:00015090       __castguard_slow_path_check_debugbreak 0000000180016090 f i MSVCRT:guard_support.obj
 0001:000150c4       __castguard_slow_path_check_fastfail 00000001800160c4 f i MSVCRT:guard_support.obj
 0001:00015100       __castguard_slow_path_check_nop 0000000180016100 f i MSVCRT:guard_support.obj
 0001:00015104       __castguard_slow_path_check_os_handled 0000000180016104 f i MSVCRT:guard_support.obj
 0001:00015174       _guard_icall_checks_enforced 0000000180016174 f i MSVCRT:guard_support.obj
 0001:0001518c       _guard_rf_checks_enforced  000000018001618c f i MSVCRT:guard_support.obj
 0001:00015190       __isa_available_init       0000000180016190 f   MSVCRT:cpu_disp.obj
 0001:0001533c       _get_startup_argv_mode     000000018001633c f   MSVCRT:argv_mode.obj
 0001:00015344       __scrt_is_ucrt_dll_in_use  0000000180016344 f   MSVCRT:ucrt_detection.obj
 0001:00015350       RtlCaptureContext          0000000180016350 f   kernel32:KERNEL32.dll
 0001:00015356       RtlLookupFunctionEntry     0000000180016356 f   kernel32:KERNEL32.dll
 0001:0001535c       RtlVirtualUnwind           000000018001635c f   kernel32:KERNEL32.dll
 0001:00015362       UnhandledExceptionFilter   0000000180016362 f   kernel32:KERNEL32.dll
 0001:00015368       SetUnhandledExceptionFilter 0000000180016368 f   kernel32:KERNEL32.dll
 0001:0001536e       GetCurrentProcess          000000018001636e f   kernel32:KERNEL32.dll
 0001:00015374       TerminateProcess           0000000180016374 f   kernel32:KERNEL32.dll
 0001:0001537a       IsProcessorFeaturePresent  000000018001637a f   kernel32:KERNEL32.dll
 0001:00015380       QueryPerformanceCounter    0000000180016380 f   kernel32:KERNEL32.dll
 0001:00015386       GetCurrentProcessId        0000000180016386 f   kernel32:KERNEL32.dll
 0001:0001538c       GetCurrentThreadId         000000018001638c f   kernel32:KERNEL32.dll
 0001:00015392       GetSystemTimeAsFileTime    0000000180016392 f   kernel32:KERNEL32.dll
 0001:00015398       DisableThreadLibraryCalls  0000000180016398 f   kernel32:KERNEL32.dll
 0001:0001539e       InitializeSListHead        000000018001639e f   kernel32:KERNEL32.dll
 0001:000153a4       IsDebuggerPresent          00000001800163a4 f   kernel32:KERNEL32.dll
 0001:000153aa       GetStartupInfoW            00000001800163aa f   kernel32:KERNEL32.dll
 0001:000153b0       GetModuleHandleW           00000001800163b0 f   kernel32:KERNEL32.dll
 0001:000153b6       memset                     00000001800163b6 f   vcruntime:VCRUNTIME140.dll
 0001:000153bc       memcpy                     00000001800163bc f   vcruntime:VCRUNTIME140.dll
 0001:000153c2       __C_specific_handler       00000001800163c2 f   vcruntime:VCRUNTIME140.dll
 0001:000153c8       __std_type_info_destroy_list 00000001800163c8 f   vcruntime:VCRUNTIME140.dll
 0001:000153ce       __current_exception        00000001800163ce f   vcruntime:VCRUNTIME140.dll
 0001:000153d4       __current_exception_context 00000001800163d4 f   vcruntime:VCRUNTIME140.dll
 0001:000153da       strcmp                     00000001800163da f   ucrt:api-ms-win-crt-string-l1-1-0.dll
 0001:000153e0       strcat                     00000001800163e0 f   ucrt:api-ms-win-crt-string-l1-1-0.dll
 0001:000153e6       __stdio_common_vsprintf    00000001800163e6 f   ucrt:api-ms-win-crt-stdio-l1-1-0.dll
 0001:000153ec       free                       00000001800163ec f   ucrt:api-ms-win-crt-heap-l1-1-0.dll
 0001:000153f2       malloc                     00000001800163f2 f   ucrt:api-ms-win-crt-heap-l1-1-0.dll
 0001:000153f8       strlen                     00000001800163f8 f   ucrt:api-ms-win-crt-string-l1-1-0.dll
 0001:000153fe       _initterm                  00000001800163fe f   ucrt:api-ms-win-crt-runtime-l1-1-0.dll
 0001:00015404       _initterm_e                0000000180016404 f   ucrt:api-ms-win-crt-runtime-l1-1-0.dll
 0001:0001540a       _seh_filter_dll            000000018001640a f   ucrt:api-ms-win-crt-runtime-l1-1-0.dll
 0001:00015410       _configure_narrow_argv     0000000180016410 f   ucrt:api-ms-win-crt-runtime-l1-1-0.dll
 0001:00015416       _initialize_narrow_environment 0000000180016416 f   ucrt:api-ms-win-crt-runtime-l1-1-0.dll
 0001:0001541c       _initialize_onexit_table   000000018001641c f   ucrt:api-ms-win-crt-runtime-l1-1-0.dll
 0001:00015422       _register_onexit_function  0000000180016422 f   ucrt:api-ms-win-crt-runtime-l1-1-0.dll
 0001:00015428       _execute_onexit_table      0000000180016428 f   ucrt:api-ms-win-crt-runtime-l1-1-0.dll
 0001:0001542e       _crt_atexit                000000018001642e f   ucrt:api-ms-win-crt-runtime-l1-1-0.dll
 0001:00015434       _crt_at_quick_exit         0000000180016434 f   ucrt:api-ms-win-crt-runtime-l1-1-0.dll
 0001:0001543a       _cexit                     000000018001643a f   ucrt:api-ms-win-crt-runtime-l1-1-0.dll
 0001:00015440       terminate                  0000000180016440 f   ucrt:api-ms-win-crt-runtime-l1-1-0.dll
 0001:00015448       __acrt_initialize          0000000180016448 f   MSVCRT:ucrt_stubs.obj
 0001:00015448       __scrt_stub_for_acrt_initialize 0000000180016448 f   MSVCRT:ucrt_stubs.obj
 0001:00015448       __vcrt_initialize          0000000180016448 f   MSVCRT:ucrt_stubs.obj
 0001:0001544c       __acrt_thread_attach       000000018001644c f   MSVCRT:ucrt_stubs.obj
 0001:0001544c       __scrt_stub_for_acrt_thread_attach 000000018001644c f   MSVCRT:ucrt_stubs.obj
 0001:0001544c       __vcrt_thread_attach       000000018001644c f   MSVCRT:ucrt_stubs.obj
 0001:00015450       __acrt_thread_detach       0000000180016450 f   MSVCRT:ucrt_stubs.obj
 0001:00015450       __scrt_stub_for_acrt_thread_detach 0000000180016450 f   MSVCRT:ucrt_stubs.obj
 0001:00015450       __vcrt_thread_detach       0000000180016450 f   MSVCRT:ucrt_stubs.obj
 0001:00015454       __acrt_uninitialize        0000000180016454 f   MSVCRT:ucrt_stubs.obj
 0001:00015454       __scrt_stub_for_acrt_uninitialize 0000000180016454 f   MSVCRT:ucrt_stubs.obj
 0001:00015454       __vcrt_uninitialize        0000000180016454 f   MSVCRT:ucrt_stubs.obj
 0001:00015458       __acrt_uninitialize_critical 0000000180016458 f   MSVCRT:ucrt_stubs.obj
 0001:00015458       __scrt_stub_for_acrt_uninitialize_critical 0000000180016458 f   MSVCRT:ucrt_stubs.obj
 0001:00015458       __vcrt_uninitialize_critical 0000000180016458 f   MSVCRT:ucrt_stubs.obj
 0001:0001545c       __scrt_stub_for_is_c_termination_complete 000000018001645c f   MSVCRT:ucrt_stubs.obj
 0001:0001545c       _is_c_termination_complete 000000018001645c f   MSVCRT:ucrt_stubs.obj
 0001:00015470       _guard_dispatch_icall_nop  0000000180016470 f   MSVCRT:guard_dispatch.obj
 0001:00015490       _guard_xfg_dispatch_icall_nop 0000000180016490 f   MSVCRT:guard_xfg_dispatch.obj
 0002:00000000       __imp_GetCurrentThreadId   0000000180017000     kernel32:KERNEL32.dll
 0002:00000008       __imp_GetCurrentProcessId  0000000180017008     kernel32:KERNEL32.dll
 0002:00000010       __imp_RtlCaptureContext    0000000180017010     kernel32:KERNEL32.dll
 0002:00000018       __imp_RtlLookupFunctionEntry 0000000180017018     kernel32:KERNEL32.dll
 0002:00000020       __imp_RtlVirtualUnwind     0000000180017020     kernel32:KERNEL32.dll
 0002:00000028       __imp_UnhandledExceptionFilter 0000000180017028     kernel32:KERNEL32.dll
 0002:00000030       __imp_GetSystemTimeAsFileTime 0000000180017030     kernel32:KERNEL32.dll
 0002:00000038       __imp_DisableThreadLibraryCalls 0000000180017038     kernel32:KERNEL32.dll
 0002:00000040       __imp_InitializeSListHead  0000000180017040     kernel32:KERNEL32.dll
 0002:00000048       __imp_IsDebuggerPresent    0000000180017048     kernel32:KERNEL32.dll
 0002:00000050       __imp_GetStartupInfoW      0000000180017050     kernel32:KERNEL32.dll
 0002:00000058       __imp_GetModuleHandleW     0000000180017058     kernel32:KERNEL32.dll
 0002:00000060       __imp_IsProcessorFeaturePresent 0000000180017060     kernel32:KERNEL32.dll
 0002:00000068       __imp_TerminateProcess     0000000180017068     kernel32:KERNEL32.dll
 0002:00000070       __imp_GetCurrentProcess    0000000180017070     kernel32:KERNEL32.dll
 0002:00000078       __imp_QueryPerformanceCounter 0000000180017078     kernel32:KERNEL32.dll
 0002:00000080       __imp_SetUnhandledExceptionFilter 0000000180017080     kernel32:KERNEL32.dll
 0002:00000088       \177KERNEL32_NULL_THUNK_DATA 0000000180017088     kernel32:KERNEL32.dll
 0002:00000090       __imp_memcpy               0000000180017090     vcruntime:VCRUNTIME140.dll
 0002:00000098       __imp___current_exception_context 0000000180017098     vcruntime:VCRUNTIME140.dll
 0002:000000a0       __imp_memset               00000001800170a0     vcruntime:VCRUNTIME140.dll
 0002:000000a8       __imp___std_type_info_destroy_list 00000001800170a8     vcruntime:VCRUNTIME140.dll
 0002:000000b0       __imp___C_specific_handler 00000001800170b0     vcruntime:VCRUNTIME140.dll
 0002:000000b8       __imp___current_exception  00000001800170b8     vcruntime:VCRUNTIME140.dll
 0002:000000c0       \177VCRUNTIME140_NULL_THUNK_DATA 00000001800170c0     vcruntime:VCRUNTIME140.dll
 0002:000000c8       __imp_malloc               00000001800170c8     ucrt:api-ms-win-crt-heap-l1-1-0.dll
 0002:000000d0       __imp_free                 00000001800170d0     ucrt:api-ms-win-crt-heap-l1-1-0.dll
 0002:000000d8       \177api-ms-win-crt-heap-l1-1-0_NULL_THUNK_DATA 00000001800170d8     ucrt:api-ms-win-crt-heap-l1-1-0.dll
 0002:000000e0       __imp__initialize_narrow_environment 00000001800170e0     ucrt:api-ms-win-crt-runtime-l1-1-0.dll
 0002:000000e8       __imp__configure_narrow_argv 00000001800170e8     ucrt:api-ms-win-crt-runtime-l1-1-0.dll
 0002:000000f0       __imp__seh_filter_dll      00000001800170f0     ucrt:api-ms-win-crt-runtime-l1-1-0.dll
 0002:000000f8       __imp__initterm_e          00000001800170f8     ucrt:api-ms-win-crt-runtime-l1-1-0.dll
 0002:00000100       __imp__register_onexit_function 0000000180017100     ucrt:api-ms-win-crt-runtime-l1-1-0.dll
 0002:00000108       __imp__execute_onexit_table 0000000180017108     ucrt:api-ms-win-crt-runtime-l1-1-0.dll
 0002:00000110       __imp__crt_atexit          0000000180017110     ucrt:api-ms-win-crt-runtime-l1-1-0.dll
 0002:00000118       __imp__crt_at_quick_exit   0000000180017118     ucrt:api-ms-win-crt-runtime-l1-1-0.dll
 0002:00000120       __imp__cexit               0000000180017120     ucrt:api-ms-win-crt-runtime-l1-1-0.dll
 0002:00000128       __imp_terminate            0000000180017128     ucrt:api-ms-win-crt-runtime-l1-1-0.dll
 0002:00000130       __imp__initialize_onexit_table 0000000180017130     ucrt:api-ms-win-crt-runtime-l1-1-0.dll
 0002:00000138       __imp__initterm            0000000180017138     ucrt:api-ms-win-crt-runtime-l1-1-0.dll
 0002:00000140       \177api-ms-win-crt-runtime-l1-1-0_NULL_THUNK_DATA 0000000180017140     ucrt:api-ms-win-crt-runtime-l1-1-0.dll
 0002:00000148       __imp___stdio_common_vsprintf 0000000180017148     ucrt:api-ms-win-crt-stdio-l1-1-0.dll
 0002:00000150       \177api-ms-win-crt-stdio-l1-1-0_NULL_THUNK_DATA 0000000180017150     ucrt:api-ms-win-crt-stdio-l1-1-0.dll
 0002:00000158       __imp_strlen               0000000180017158     ucrt:api-ms-win-crt-string-l1-1-0.dll
 0002:00000160       __imp_strcat               0000000180017160     ucrt:api-ms-win-crt-string-l1-1-0.dll
 0002:00000168       __imp_strcmp               0000000180017168     ucrt:api-ms-win-crt-string-l1-1-0.dll
 0002:00000170       \177api-ms-win-crt-string-l1-1-0_NULL_THUNK_DATA 0000000180017170     ucrt:api-ms-win-crt-string-l1-1-0.dll
 0002:00000178       __imp_covrtDeleteStateflowInstanceData 0000000180017178     libcovrt:libcovrt.dll
 0002:00000180       __imp_covrtCreateStateflowInstanceData 0000000180017180     libcovrt:libcovrt.dll
 0002:00000188       __imp_covrtTransInitFcn    0000000180017188     libcovrt:libcovrt.dll
 0002:00000190       __imp_covrtEmlForEval      0000000180017190     libcovrt:libcovrt.dll
 0002:00000198       __imp_covrtEmlForInitFcn   0000000180017198     libcovrt:libcovrt.dll
 0002:000001a0       __imp_covrtEmlSaturationInitFcn 00000001800171a0     libcovrt:libcovrt.dll
 0002:000001a8       __imp_covrtSaturationUpdateFcn 00000001800171a8     libcovrt:libcovrt.dll
 0002:000001b0       __imp_covrtEmlFcnEval      00000001800171b0     libcovrt:libcovrt.dll
 0002:000001b8       __imp_covrtEmlFcnInitFcn   00000001800171b8     libcovrt:libcovrt.dll
 0002:000001c0       __imp_covrtEmlInitFcn      00000001800171c0     libcovrt:libcovrt.dll
 0002:000001c8       __imp_covrtSigUpdateFcn    00000001800171c8     libcovrt:libcovrt.dll
 0002:000001d0       __imp_covrtChartInitFcn    00000001800171d0     libcovrt:libcovrt.dll
 0002:000001d8       __imp_covrtStateInitFcn    00000001800171d8     libcovrt:libcovrt.dll
 0002:000001e0       \177libcovrt_NULL_THUNK_DATA 00000001800171e0     libcovrt:libcovrt.dll
 0002:000001e8       __imp_emlrtDynamicBoundsCheckR2012b 00000001800171e8     libemlrt:libemlrt.dll
 0002:000001f0       __imp_emlrtIntegerCheckR2012b 00000001800171f0     libemlrt:libemlrt.dll
 0002:000001f8       __imp_emlrtLicenseCheckR2022a 00000001800171f8     libemlrt:libemlrt.dll
 0002:00000200       __imp_emlrtForLoopVectorCheckR2021a 0000000180017200     libemlrt:libemlrt.dll
 0002:00000208       \177libemlrt_NULL_THUNK_DATA 0000000180017208     libemlrt:libemlrt.dll
 0002:00000210       __imp_mexWarnMsgTxt_800    0000000180017210     libmex:libmex.dll
 0002:00000218       __imp_mexErrMsgTxt_800     0000000180017218     libmex:libmex.dll
 0002:00000220       __imp_mexMakeArrayPersistent_800 0000000180017220     libmex:libmex.dll
 0002:00000228       __imp_mexLock_800          0000000180017228     libmex:libmex.dll
 0002:00000230       __imp_mexUnlock_800        0000000180017230     libmex:libmex.dll
 0002:00000238       __imp_mexIsLocked_800      0000000180017238     libmex:libmex.dll
 0002:00000240       __imp_mexCallMATLAB_800    0000000180017240     libmex:libmex.dll
 0002:00000248       \177libmex_NULL_THUNK_DATA 0000000180017248     libmex:libmex.dll
 0002:00000250       __imp_getnumcores          0000000180017250     libmwgetnumcores:libmwgetnumcores.dll
 0002:00000258       \177libmwgetnumcores_NULL_THUNK_DATA 0000000180017258     libmwgetnumcores:libmwgetnumcores.dll
 0002:00000260       __imp_grayto8_real64       0000000180017260     libmwgrayto8:libmwgrayto8.dll
 0002:00000268       \177libmwgrayto8_NULL_THUNK_DATA 0000000180017268     libmwgrayto8:libmwgrayto8.dll
 0002:00000270       __imp_muDoubleScalarRound  0000000180017270     libmwmathutil:libmwmathutil.dll
 0002:00000278       __imp_muDoubleScalarIsInf  0000000180017278     libmwmathutil:libmwmathutil.dll
 0002:00000280       __imp_muDoubleScalarFloor  0000000180017280     libmwmathutil:libmwmathutil.dll
 0002:00000288       __imp_muDoubleScalarIsNaN  0000000180017288     libmwmathutil:libmwmathutil.dll
 0002:00000290       \177libmwmathutil_NULL_THUNK_DATA 0000000180017290     libmwmathutil:libmwmathutil.dll
 0002:00000298       __imp_rgb2gray_tbb_uint8   0000000180017298     libmwrgb2gray_tbb:libmwrgb2gray_tbb.dll
 0002:000002a0       \177libmwrgb2gray_tbb_NULL_THUNK_DATA 00000001800172a0     libmwrgb2gray_tbb:libmwrgb2gray_tbb.dll
 0002:000002a8       __imp_mxCreateDoubleScalar_800 00000001800172a8     libmx:libmx.dll
 0002:000002b0       __imp_mxGetN_800           00000001800172b0     libmx:libmx.dll
 0002:000002b8       __imp_mxIsComplex_800      00000001800172b8     libmx:libmx.dll
 0002:000002c0       __imp_mxIsNumeric_800      00000001800172c0     libmx:libmx.dll
 0002:000002c8       __imp_mxGetClassID_800     00000001800172c8     libmx:libmx.dll
 0002:000002d0       __imp_mxGetM_800           00000001800172d0     libmx:libmx.dll
 0002:000002d8       __imp_mxCalloc_800         00000001800172d8     libmx:libmx.dll
 0002:000002e0       __imp_mxIsChar_800         00000001800172e0     libmx:libmx.dll
 0002:000002e8       __imp_mxCreateStructMatrix_800 00000001800172e8     libmx:libmx.dll
 0002:000002f0       __imp_mxCreateCellMatrix_800 00000001800172f0     libmx:libmx.dll
 0002:000002f8       __imp_mxCreateString_800   00000001800172f8     libmx:libmx.dll
 0002:00000300       __imp_mxSetField_800       0000000180017300     libmx:libmx.dll
 0002:00000308       __imp_mxSetCell_800        0000000180017308     libmx:libmx.dll
 0002:00000310       __imp_mxDuplicateArray_800 0000000180017310     libmx:libmx.dll
 0002:00000318       __imp_mxGetString_800      0000000180017318     libmx:libmx.dll
 0002:00000320       __imp_mxCreateDoubleMatrix_800 0000000180017320     libmx:libmx.dll
 0002:00000328       __imp_mxDestroyArray_800   0000000180017328     libmx:libmx.dll
 0002:00000330       __imp_mxGetPr_800          0000000180017330     libmx:libmx.dll
 0002:00000338       __imp_mxGetScalar_800      0000000180017338     libmx:libmx.dll
 0002:00000340       __imp_mxGetInf_800         0000000180017340     libmx:libmx.dll
 0002:00000348       \177libmx_NULL_THUNK_DATA  0000000180017348     libmx:libmx.dll
 0002:00000350       __imp_utFree               0000000180017350     libut:libut.dll
 0002:00000358       __imp_utMalloc             0000000180017358     libut:libut.dll
 0002:00000360       \177libut_NULL_THUNK_DATA  0000000180017360     libut:libut.dll
 0002:00000368       __imp_call_sf_machine_global_method_dispatcher 0000000180017368     sf_runtime:sf_runtime.dll
 0002:00000370       __imp_callMdlMethodAndReportError 0000000180017370     sf_runtime:sf_runtime.dll
 0002:00000378       __imp_sf_get_hasSeparateUpdateOutputs 0000000180017378     sf_runtime:sf_runtime.dll
 0002:00000380       __imp_sf_mex_error_direct_call 0000000180017380     sf_runtime:sf_runtime.dll
 0002:00000388       __imp_sf_data_saturate_error 0000000180017388     sf_runtime:sf_runtime.dll
 0002:00000390       __imp_sf_data_overflow_error 0000000180017390     sf_runtime:sf_runtime.dll
 0002:00000398       __imp_sf_mex_listen_for_ctrl_c 0000000180017398     sf_runtime:sf_runtime.dll
 0002:000003a0       __imp_ssGetOutputPortSignal_wrapper 00000001800173a0     sf_runtime:sf_runtime.dll
 0002:000003a8       __imp_ssGetInputPortSignal_wrapper 00000001800173a8     sf_runtime:sf_runtime.dll
 0002:000003b0       __imp_sf_mex_import        00000001800173b0     sf_runtime:sf_runtime.dll
 0002:000003b8       __imp_sf_mex_destroy       00000001800173b8     sf_runtime:sf_runtime.dll
 0002:000003c0       __imp_sf_mex_dup           00000001800173c0     sf_runtime:sf_runtime.dll
 0002:000003c8       __imp_sf_mex_assign        00000001800173c8     sf_runtime:sf_runtime.dll
 0002:000003d0       __imp_sf_mex_getcell       00000001800173d0     sf_runtime:sf_runtime.dll
 0002:000003d8       __imp_sf_mex_setcell       00000001800173d8     sf_runtime:sf_runtime.dll
 0002:000003e0       __imp_sf_mex_createcellmatrix 00000001800173e0     sf_runtime:sf_runtime.dll
 0002:000003e8       __imp_sf_mex_create        00000001800173e8     sf_runtime:sf_runtime.dll
 0002:000003f0       __imp_sf_mex_error_message 00000001800173f0     sf_runtime:sf_runtime.dll
 0002:000003f8       __imp_sf_mex_call          00000001800173f8     sf_runtime:sf_runtime.dll
 0002:00000400       __imp_mdlProcessParamsCommon 0000000180017400     sf_runtime:sf_runtime.dll
 0002:00000408       __imp_sf_set_work_widths   0000000180017408     sf_runtime:sf_runtime.dll
 0002:00000410       __imp_sf_get_time          0000000180017410     sf_runtime:sf_runtime.dll
 0002:00000418       __imp_sf_clear_rtw_identifier 0000000180017418     sf_runtime:sf_runtime.dll
 0002:00000420       __imp_sim_mode_is_external 0000000180017420     sf_runtime:sf_runtime.dll
 0002:00000428       __imp_sim_mode_is_rtw_gen  0000000180017428     sf_runtime:sf_runtime.dll
 0002:00000430       __imp_sfSetAnimationVectors 0000000180017430     sf_runtime:sf_runtime.dll
 0002:00000438       __imp_sf_get_chart_instance_ptr 0000000180017438     sf_runtime:sf_runtime.dll
 0002:00000440       __imp_sfrtGetCovrtInstance 0000000180017440     sf_runtime:sf_runtime.dll
 0002:00000448       __imp_sfrtGetEmlrtCtx      0000000180017448     sf_runtime:sf_runtime.dll
 0002:00000450       __imp_sf_reset_warnings_ChartRunTimeInfo 0000000180017450     sf_runtime:sf_runtime.dll
 0002:00000458       __imp_sf_free_ChartRunTimeInfo 0000000180017458     sf_runtime:sf_runtime.dll
 0002:00000460       __imp_sf_init_ChartRunTimeInfo 0000000180017460     sf_runtime:sf_runtime.dll
 0002:00000468       __imp_sf_mex_decode        0000000180017468     sf_runtime:sf_runtime.dll
 0002:00000470       __imp_sf_load_rtw_optimization_info 0000000180017470     sf_runtime:sf_runtime.dll
 0002:00000478       __imp_sf_clear_error_manager_info 0000000180017478     sf_runtime:sf_runtime.dll
 0002:00000480       __imp_getRuntimeInstanceInfoAsVoid 0000000180017480     sf_runtime:sf_runtime.dll
 0002:00000488       __imp_sf_get_ChartInfoStruct_CodeGen 0000000180017488     sf_runtime:sf_runtime.dll
 0002:00000490       \177sf_runtime_NULL_THUNK_DATA 0000000180017490     sf_runtime:sf_runtime.dll
 0002:00000498       __guard_check_icall_fptr   0000000180017498     MSVCRT:guard_support.obj
 0002:000004a0       __guard_xfg_check_icall_fptr 00000001800174a0     MSVCRT:guard_support.obj
 0002:000004a8       __guard_dispatch_icall_fptr 00000001800174a8     MSVCRT:guard_support.obj
 0002:000004b0       __guard_xfg_dispatch_icall_fptr 00000001800174b0     MSVCRT:guard_support.obj
 0002:000004b8       __guard_xfg_table_dispatch_icall_fptr 00000001800174b8     MSVCRT:guard_support.obj
 0002:000004c0       __castguard_check_failure_os_handled_fptr 00000001800174c0     MSVCRT:guard_support.obj
 0002:000004c8       __guard_memcpy_fptr        00000001800174c8     vcruntime:softmemtag.obj
 0002:000004d0       __xc_a                     00000001800174d0     MSVCRT:initializers.obj
 0002:000004d8       __xc_z                     00000001800174d8     MSVCRT:initializers.obj
 0002:000004e0       __xi_a                     00000001800174e0     MSVCRT:initializers.obj
 0002:000004e8       __xi_z                     00000001800174e8     MSVCRT:initializers.obj
 0002:000004f0       __xp_a                     00000001800174f0     MSVCRT:initializers.obj
 0002:000004f8       __xp_z                     00000001800174f8     MSVCRT:initializers.obj
 0002:00000500       __xt_a                     0000000180017500     MSVCRT:initializers.obj
 0002:00000508       __xt_z                     0000000180017508     MSVCRT:initializers.obj
 0002:00000510       __real@4174ffbd70000000    0000000180017510     flightControlSystem_sfun.obj
 0002:00000518       __real@418f503920000000    0000000180017518     flightControlSystem_sfun.obj
 0002:00000520       __real@41b92f8712000000    0000000180017520     flightControlSystem_sfun.obj
 0002:00000528       __real@41bad2f744000000    0000000180017528     flightControlSystem_sfun.obj
 0002:00000530       __real@41cb1a5378800000    0000000180017530     flightControlSystem_sfun.obj
 0002:00000538       __real@41dd4ff610400000    0000000180017538     flightControlSystem_sfun.obj
 0002:00000540       __real@41e3f2a9e2200000    0000000180017540     flightControlSystem_sfun.obj
 0002:00000548       __real@41e3fa3198000000    0000000180017548     flightControlSystem_sfun.obj
 0002:00000550       __real@41e4f97bc3200000    0000000180017550     flightControlSystem_sfun.obj
 0002:00000558       __real@41e5ea5a70200000    0000000180017558     flightControlSystem_sfun.obj
 0002:00000560       __real@41eb30c5b0800000    0000000180017560     flightControlSystem_sfun.obj
 0002:00000568       __real@41ed0b63b6c00000    0000000180017568     flightControlSystem_sfun.obj
 0002:00000578       __real@3ff0000000000000    0000000180017578     c4_flightControlSystem.obj
 0002:00000580       __real@4000000000000000    0000000180017580     c4_flightControlSystem.obj
 0002:00000588       __real@406fe00000000000    0000000180017588     c4_flightControlSystem.obj
 0002:00000590       __real@40d2c00000000000    0000000180017590     c4_flightControlSystem.obj
 0002:00000598       __real@41decac454c00000    0000000180017598     c4_flightControlSystem.obj
 0002:000005a0       __real@41e418d34a000000    00000001800175a0     c4_flightControlSystem.obj
 0002:000005a8       __real@41edb72289e00000    00000001800175a8     c4_flightControlSystem.obj
 0002:000005b0       __real@41edf91331e00000    00000001800175b0     c4_flightControlSystem.obj
 0002:000005c0       __xmm@80000000000000008000000000000000 00000001800175c0     c4_flightControlSystem.obj
 0002:000005d8       __real@0000000000000000    00000001800175d8     c11_flightControlSystem.obj
 0002:000005e0       __real@4070000000000000    00000001800175e0     c11_flightControlSystem.obj
 0002:000005e8       __real@40cc200000000000    00000001800175e8     c11_flightControlSystem.obj
 0002:000005f0       __real@41c1d0c9a8000000    00000001800175f0     c11_flightControlSystem.obj
 0002:000005f8       __real@41c977152e800000    00000001800175f8     c11_flightControlSystem.obj
 0002:00000600       __real@41e6b2198da00000    0000000180017600     c11_flightControlSystem.obj
 0002:00000608       __real@41ee6eb7bf000000    0000000180017608     c11_flightControlSystem.obj
 0002:00000610       DYNAMIC_DIMENSION_DEF      0000000180017610     flightControlSystem_sfun_registry.obj
 0002:00000628       __real@4010000000000000    0000000180017628     flightControlSystem_sfun_registry.obj
 0002:00000630       __real@41602cbca0000000    0000000180017630     flightControlSystem_sfun_registry.obj
 0002:00000638       __real@bff0000000000000    0000000180017638     flightControlSystem_sfun_registry.obj
 0002:00000650       _pDefaultRawDllMain        0000000180017650     MSVCRT:dll_dllmain.obj
 0002:00000650       _pRawDllMain               0000000180017650     MSVCRT:dll_dllmain.obj
 0002:00000660       __xmm@ffffffffffffffffffffffffffffffff 0000000180017660     MSVCRT:utility.obj
 0002:00000670       _load_config_used          0000000180017670     MSVCRT:loadcfg.obj
 0002:00000800       __CastGuardVftablesStart   0000000180017800     MSVCRT:guard_support.obj
 0002:00000880       __CastGuardVftablesEnd     0000000180017880     MSVCRT:guard_support.obj
 0002:00000900       __volatile_metadata        0000000180017900     <linker-defined>
 0002:00000d18       __rtc_iaa                  0000000180017d18     MSVCRT:initsect.obj
 0002:00000d20       __rtc_izz                  0000000180017d20     MSVCRT:initsect.obj
 0002:00000d28       __rtc_taa                  0000000180017d28     MSVCRT:initsect.obj
 0002:00000d30       __rtc_tzz                  0000000180017d30     MSVCRT:initsect.obj
 0002:000018c4       __IMPORT_DESCRIPTOR_libmwgrayto8 00000001800188c4     libmwgrayto8:libmwgrayto8.dll
 0002:000018d8       __IMPORT_DESCRIPTOR_libmwrgb2gray_tbb 00000001800188d8     libmwrgb2gray_tbb:libmwrgb2gray_tbb.dll
 0002:000018ec       __IMPORT_DESCRIPTOR_libmwgetnumcores 00000001800188ec     libmwgetnumcores:libmwgetnumcores.dll
 0002:00001900       __IMPORT_DESCRIPTOR_sf_runtime 0000000180018900     sf_runtime:sf_runtime.dll
 0002:00001914       __IMPORT_DESCRIPTOR_libmx  0000000180018914     libmx:libmx.dll
 0002:00001928       __IMPORT_DESCRIPTOR_libmex 0000000180018928     libmex:libmex.dll
 0002:0000193c       __IMPORT_DESCRIPTOR_libut  000000018001893c     libut:libut.dll
 0002:00001950       __IMPORT_DESCRIPTOR_libmwmathutil 0000000180018950     libmwmathutil:libmwmathutil.dll
 0002:00001964       __IMPORT_DESCRIPTOR_libemlrt 0000000180018964     libemlrt:libemlrt.dll
 0002:00001978       __IMPORT_DESCRIPTOR_libcovrt 0000000180018978     libcovrt:libcovrt.dll
 0002:0000198c       __IMPORT_DESCRIPTOR_KERNEL32 000000018001898c     kernel32:KERNEL32.dll
 0002:000019a0       __IMPORT_DESCRIPTOR_VCRUNTIME140 00000001800189a0     vcruntime:VCRUNTIME140.dll
 0002:000019b4       __IMPORT_DESCRIPTOR_api-ms-win-crt-string-l1-1-0 00000001800189b4     ucrt:api-ms-win-crt-string-l1-1-0.dll
 0002:000019c8       __IMPORT_DESCRIPTOR_api-ms-win-crt-stdio-l1-1-0 00000001800189c8     ucrt:api-ms-win-crt-stdio-l1-1-0.dll
 0002:000019dc       __IMPORT_DESCRIPTOR_api-ms-win-crt-heap-l1-1-0 00000001800189dc     ucrt:api-ms-win-crt-heap-l1-1-0.dll
 0002:000019f0       __IMPORT_DESCRIPTOR_api-ms-win-crt-runtime-l1-1-0 00000001800189f0     ucrt:api-ms-win-crt-runtime-l1-1-0.dll
 0002:00001a04       __NULL_IMPORT_DESCRIPTOR   0000000180018a04     libmwgrayto8:libmwgrayto8.dll
 0003:00005e50       DYNAMIC_DIMENSION          000000018001fe50     flightControlSystem_sfun_registry.obj
 0003:00008460       __security_cookie_complement 0000000180022460     MSVCRT:gs_cookie.obj
 0003:00008468       __security_cookie          0000000180022468     MSVCRT:gs_cookie.obj
 0003:00008470       _fltused                   0000000180022470     MSVCRT:fltused.obj
 0003:00008480       __scrt_native_dllmain_reason 0000000180022480     MSVCRT:utility.obj
 0003:00008488       __isa_available            0000000180022488     MSVCRT:cpu_disp.obj
 0003:0000848c       __isa_enabled              000000018002248c     MSVCRT:cpu_disp.obj
 0003:00008490       __memset_fast_string_threshold 0000000180022490     MSVCRT:cpu_disp.obj
 0003:00008498       __memset_nt_threshold      0000000180022498     MSVCRT:cpu_disp.obj
 0003:000084a0       __scrt_ucrt_dll_is_in_use  00000001800224a0     MSVCRT:ucrt_stubs.obj
 0003:00009610       ?__type_info_root_node@@3U__type_info_node@@A 0000000180023610     MSVCRT:tncleanup.obj
 0003:00009620       ?_OptionsStorage@?1??__local_stdio_printf_options@@9@4_KA 0000000180023620     MSVCRT:default_local_stdio_options.obj
 0003:00009628       ?_OptionsStorage@?1??__local_stdio_scanf_options@@9@4_KA 0000000180023628     MSVCRT:default_local_stdio_options.obj
 0003:00009630       __scrt_current_native_startup_state 0000000180023630     MSVCRT:utility.obj
 0003:00009638       __scrt_native_startup_lock 0000000180023638     MSVCRT:utility.obj
 0003:00009678       __scrt_debugger_hook_flag  0000000180023678     MSVCRT:utility_desktop.obj
 0003:0000967c       __favor                    000000018002367c     MSVCRT:cpu_disp.obj
 0003:00009680       ?_OptionsStorage@?1??__local_stdio_printf_options@@9@9 0000000180023680     <common>
 0003:00009688       __dyn_tls_init_callback    0000000180023688     <common>

 entry point at        0001:000146e4

 Static symbols

 0000:00000000       _volmd                     0000000180000000     c11_flightControlSystem.obj
 0000:00000000       _volmd                     0000000180000000     c4_flightControlSystem.obj
 0000:00000000       .debug$S                   0000000180000000     flightControlSystem_sfun.exp
 0000:00000000       _volmd                     0000000180000000     flightControlSystem_sfun.obj
 0000:00000000       _volmd                     0000000180000000     flightControlSystem_sfun_registry.obj
 0000:00000000       .debug$S                   0000000180000000     ucrt:api-ms-win-crt-heap-l1-1-0.dll
 0000:00000000       .debug$S                   0000000180000000     ucrt:api-ms-win-crt-heap-l1-1-0.dll
 0000:00000000       .debug$S                   0000000180000000     ucrt:api-ms-win-crt-runtime-l1-1-0.dll
 0000:00000000       .debug$S                   0000000180000000     ucrt:api-ms-win-crt-runtime-l1-1-0.dll
 0000:00000000       .debug$S                   0000000180000000     ucrt:api-ms-win-crt-runtime-l1-1-0.dll
 0000:00000000       .debug$S                   0000000180000000     ucrt:api-ms-win-crt-runtime-l1-1-0.dll
 0000:00000000       .debug$S                   0000000180000000     ucrt:api-ms-win-crt-runtime-l1-1-0.dll
 0000:00000000       .debug$S                   0000000180000000     ucrt:api-ms-win-crt-runtime-l1-1-0.dll
 0000:00000000       .debug$S                   0000000180000000     ucrt:api-ms-win-crt-runtime-l1-1-0.dll
 0000:00000000       .debug$S                   0000000180000000     ucrt:api-ms-win-crt-runtime-l1-1-0.dll
 0000:00000000       .debug$S                   0000000180000000     ucrt:api-ms-win-crt-runtime-l1-1-0.dll
 0000:00000000       .debug$S                   0000000180000000     ucrt:api-ms-win-crt-runtime-l1-1-0.dll
 0000:00000000       .debug$S                   0000000180000000     ucrt:api-ms-win-crt-runtime-l1-1-0.dll
 0000:00000000       .debug$S                   0000000180000000     ucrt:api-ms-win-crt-runtime-l1-1-0.dll
 0000:00000000       .debug$S                   0000000180000000     ucrt:api-ms-win-crt-stdio-l1-1-0.dll
 0000:00000000       .debug$S                   0000000180000000     ucrt:api-ms-win-crt-string-l1-1-0.dll
 0000:00000000       .debug$S                   0000000180000000     ucrt:api-ms-win-crt-string-l1-1-0.dll
 0000:00000000       .debug$S                   0000000180000000     ucrt:api-ms-win-crt-string-l1-1-0.dll
 0000:00000000       .debug$S                   0000000180000000     kernel32:KERNEL32.dll
 0000:00000000       .debug$S                   0000000180000000     kernel32:KERNEL32.dll
 0000:00000000       .debug$S                   0000000180000000     kernel32:KERNEL32.dll
 0000:00000000       .debug$S                   0000000180000000     kernel32:KERNEL32.dll
 0000:00000000       .debug$S                   0000000180000000     kernel32:KERNEL32.dll
 0000:00000000       .debug$S                   0000000180000000     kernel32:KERNEL32.dll
 0000:00000000       .debug$S                   0000000180000000     kernel32:KERNEL32.dll
 0000:00000000       .debug$S                   0000000180000000     kernel32:KERNEL32.dll
 0000:00000000       .debug$S                   0000000180000000     kernel32:KERNEL32.dll
 0000:00000000       .debug$S                   0000000180000000     kernel32:KERNEL32.dll
 0000:00000000       .debug$S                   0000000180000000     kernel32:KERNEL32.dll
 0000:00000000       .debug$S                   0000000180000000     kernel32:KERNEL32.dll
 0000:00000000       .debug$S                   0000000180000000     kernel32:KERNEL32.dll
 0000:00000000       .debug$S                   0000000180000000     kernel32:KERNEL32.dll
 0000:00000000       .debug$S                   0000000180000000     kernel32:KERNEL32.dll
 0000:00000000       .debug$S                   0000000180000000     kernel32:KERNEL32.dll
 0000:00000000       .debug$S                   0000000180000000     kernel32:KERNEL32.dll
 0000:00000000       .debug$S                   0000000180000000     libcovrt:libcovrt.dll
 0000:00000000       .debug$S                   0000000180000000     libcovrt:libcovrt.dll
 0000:00000000       .debug$S                   0000000180000000     libcovrt:libcovrt.dll
 0000:00000000       .debug$S                   0000000180000000     libcovrt:libcovrt.dll
 0000:00000000       .debug$S                   0000000180000000     libcovrt:libcovrt.dll
 0000:00000000       .debug$S                   0000000180000000     libcovrt:libcovrt.dll
 0000:00000000       .debug$S                   0000000180000000     libcovrt:libcovrt.dll
 0000:00000000       .debug$S                   0000000180000000     libcovrt:libcovrt.dll
 0000:00000000       .debug$S                   0000000180000000     libcovrt:libcovrt.dll
 0000:00000000       .debug$S                   0000000180000000     libcovrt:libcovrt.dll
 0000:00000000       .debug$S                   0000000180000000     libcovrt:libcovrt.dll
 0000:00000000       .debug$S                   0000000180000000     libcovrt:libcovrt.dll
 0000:00000000       .debug$S                   0000000180000000     libcovrt:libcovrt.dll
 0000:00000000       .debug$S                   0000000180000000     libemlrt:libemlrt.dll
 0000:00000000       .debug$S                   0000000180000000     libemlrt:libemlrt.dll
 0000:00000000       .debug$S                   0000000180000000     libemlrt:libemlrt.dll
 0000:00000000       .debug$S                   0000000180000000     libemlrt:libemlrt.dll
 0000:00000000       .debug$S                   0000000180000000     libmex:libmex.dll
 0000:00000000       .debug$S                   0000000180000000     libmex:libmex.dll
 0000:00000000       .debug$S                   0000000180000000     libmex:libmex.dll
 0000:00000000       .debug$S                   0000000180000000     libmex:libmex.dll
 0000:00000000       .debug$S                   0000000180000000     libmex:libmex.dll
 0000:00000000       .debug$S                   0000000180000000     libmex:libmex.dll
 0000:00000000       .debug$S                   0000000180000000     libmex:libmex.dll
 0000:00000000       .debug$S                   0000000180000000     libmwgetnumcores:libmwgetnumcores.dll
 0000:00000000       .debug$S                   0000000180000000     libmwgrayto8:libmwgrayto8.dll
 0000:00000000       .debug$S                   0000000180000000     libmwmathutil:libmwmathutil.dll
 0000:00000000       .debug$S                   0000000180000000     libmwmathutil:libmwmathutil.dll
 0000:00000000       .debug$S                   0000000180000000     libmwmathutil:libmwmathutil.dll
 0000:00000000       .debug$S                   0000000180000000     libmwmathutil:libmwmathutil.dll
 0000:00000000       .debug$S                   0000000180000000     libmwrgb2gray_tbb:libmwrgb2gray_tbb.dll
 0000:00000000       .debug$S                   0000000180000000     libmx:libmx.dll
 0000:00000000       .debug$S                   0000000180000000     libmx:libmx.dll
 0000:00000000       .debug$S                   0000000180000000     libmx:libmx.dll
 0000:00000000       .debug$S                   0000000180000000     libmx:libmx.dll
 0000:00000000       .debug$S                   0000000180000000     libmx:libmx.dll
 0000:00000000       .debug$S                   0000000180000000     libmx:libmx.dll
 0000:00000000       .debug$S                   0000000180000000     libmx:libmx.dll
 0000:00000000       .debug$S                   0000000180000000     libmx:libmx.dll
 0000:00000000       .debug$S                   0000000180000000     libmx:libmx.dll
 0000:00000000       .debug$S                   0000000180000000     libmx:libmx.dll
 0000:00000000       .debug$S                   0000000180000000     libmx:libmx.dll
 0000:00000000       .debug$S                   0000000180000000     libmx:libmx.dll
 0000:00000000       .debug$S                   0000000180000000     libmx:libmx.dll
 0000:00000000       .debug$S                   0000000180000000     libmx:libmx.dll
 0000:00000000       .debug$S                   0000000180000000     libmx:libmx.dll
 0000:00000000       .debug$S                   0000000180000000     libmx:libmx.dll
 0000:00000000       .debug$S                   0000000180000000     libmx:libmx.dll
 0000:00000000       .debug$S                   0000000180000000     libmx:libmx.dll
 0000:00000000       .debug$S                   0000000180000000     libmx:libmx.dll
 0000:00000000       .debug$S                   0000000180000000     libmx:libmx.dll
 0000:00000000       .debug$S                   0000000180000000     libut:libut.dll
 0000:00000000       .debug$S                   0000000180000000     libut:libut.dll
 0000:00000000       .debug$S                   0000000180000000     sf_runtime:sf_runtime.dll
 0000:00000000       .debug$S                   0000000180000000     sf_runtime:sf_runtime.dll
 0000:00000000       .debug$S                   0000000180000000     sf_runtime:sf_runtime.dll
 0000:00000000       .debug$S                   0000000180000000     sf_runtime:sf_runtime.dll
 0000:00000000       .debug$S                   0000000180000000     sf_runtime:sf_runtime.dll
 0000:00000000       .debug$S                   0000000180000000     sf_runtime:sf_runtime.dll
 0000:00000000       .debug$S                   0000000180000000     sf_runtime:sf_runtime.dll
 0000:00000000       .debug$S                   0000000180000000     sf_runtime:sf_runtime.dll
 0000:00000000       .debug$S                   0000000180000000     sf_runtime:sf_runtime.dll
 0000:00000000       .debug$S                   0000000180000000     sf_runtime:sf_runtime.dll
 0000:00000000       .debug$S                   0000000180000000     sf_runtime:sf_runtime.dll
 0000:00000000       .debug$S                   0000000180000000     sf_runtime:sf_runtime.dll
 0000:00000000       .debug$S                   0000000180000000     sf_runtime:sf_runtime.dll
 0000:00000000       .debug$S                   0000000180000000     sf_runtime:sf_runtime.dll
 0000:00000000       .debug$S                   0000000180000000     sf_runtime:sf_runtime.dll
 0000:00000000       .debug$S                   0000000180000000     sf_runtime:sf_runtime.dll
 0000:00000000       .debug$S                   0000000180000000     sf_runtime:sf_runtime.dll
 0000:00000000       .debug$S                   0000000180000000     sf_runtime:sf_runtime.dll
 0000:00000000       .debug$S                   0000000180000000     sf_runtime:sf_runtime.dll
 0000:00000000       .debug$S                   0000000180000000     sf_runtime:sf_runtime.dll
 0000:00000000       .debug$S                   0000000180000000     sf_runtime:sf_runtime.dll
 0000:00000000       .debug$S                   0000000180000000     sf_runtime:sf_runtime.dll
 0000:00000000       .debug$S                   0000000180000000     sf_runtime:sf_runtime.dll
 0000:00000000       .debug$S                   0000000180000000     sf_runtime:sf_runtime.dll
 0000:00000000       .debug$S                   0000000180000000     sf_runtime:sf_runtime.dll
 0000:00000000       .debug$S                   0000000180000000     sf_runtime:sf_runtime.dll
 0000:00000000       .debug$S                   0000000180000000     sf_runtime:sf_runtime.dll
 0000:00000000       .debug$S                   0000000180000000     sf_runtime:sf_runtime.dll
 0000:00000000       .debug$S                   0000000180000000     sf_runtime:sf_runtime.dll
 0000:00000000       .debug$S                   0000000180000000     sf_runtime:sf_runtime.dll
 0000:00000000       .debug$S                   0000000180000000     sf_runtime:sf_runtime.dll
 0000:00000000       .debug$S                   0000000180000000     sf_runtime:sf_runtime.dll
 0000:00000000       .debug$S                   0000000180000000     sf_runtime:sf_runtime.dll
 0000:00000000       .debug$S                   0000000180000000     sf_runtime:sf_runtime.dll
 0000:00000000       .debug$S                   0000000180000000     sf_runtime:sf_runtime.dll
 0000:00000000       .debug$S                   0000000180000000     sf_runtime:sf_runtime.dll
 0000:00000000       .debug$S                   0000000180000000     sf_runtime:sf_runtime.dll
 0000:00000000       _volmd                     0000000180000000     MSVCRT:cpu_disp.obj
 0002:fffe9000       __guard_ehcont_?dllmain_dispatch@@YAHQEAUHINSTANCE__@@KQEAX@Z 0000000180000000     MSVCRT:dll_dllmain.obj
 0002:fffe9000       __guard_fids_?dllmain_dispatch@@YAHQEAUHINSTANCE__@@KQEAX@Z 0000000180000000     MSVCRT:dll_dllmain.obj
 0000:00000000       _volmd                     0000000180000000     MSVCRT:gs_report.obj
 0000:00000000       _volmd                     0000000180000000     MSVCRT:gs_report.obj
 0000:00000000       _volmd                     0000000180000000     MSVCRT:gs_report.obj
 0002:fffe9000       __guard_fids__             0000000180000000     MSVCRT:guard_support.obj
 0002:fffe9000       __guard_fids__             0000000180000000     MSVCRT:guard_support.obj
 0002:fffe9000       __guard_fids__guard_icall_checks_enforced 0000000180000000     MSVCRT:guard_support.obj
 0000:00000000       _volmd                     0000000180000000     MSVCRT:guard_support.obj
 0000:00000000       _volmd                     0000000180000000     MSVCRT:guard_support.obj
 0000:00000000       _volmd                     0000000180000000     MSVCRT:guard_support.obj
 0000:00000000       _volmd                     0000000180000000     MSVCRT:guard_support.obj
 0000:00000000       _volmd                     0000000180000000     MSVCRT:guard_support.obj
 0000:00000000       _volmd                     0000000180000000     MSVCRT:guard_support.obj
 0002:fffe9000       __guard_ehcont___scrt_is_nonwritable_in_current_image 0000000180000000     MSVCRT:utility.obj
 0000:00000000       _volmd                     0000000180000000     MSVCRT:utility.obj
 0000:00000000       _volmd                     0000000180000000     MSVCRT:utility.obj
 0000:00000000       _volmd                     0000000180000000     MSVCRT:utility.obj
 0002:fffe9000       __guard_fids___scrt_set_unhandled_exception_filter 0000000180000000     MSVCRT:utility_desktop.obj
 0000:00000000       _volmd                     0000000180000000     MSVCRT:utility_desktop.obj
 0002:fffe9000       __guard_fids__             0000000180000000     vcruntime:softmemtag.obj
 0000:00000000       .debug$S                   0000000180000000     vcruntime:VCRUNTIME140.dll
 0000:00000000       .debug$S                   0000000180000000     vcruntime:VCRUNTIME140.dll
 0000:00000000       .debug$S                   0000000180000000     vcruntime:VCRUNTIME140.dll
 0000:00000000       .debug$S                   0000000180000000     vcruntime:VCRUNTIME140.dll
 0000:00000000       .debug$S                   0000000180000000     vcruntime:VCRUNTIME140.dll
 0000:00000000       .debug$S                   0000000180000000     vcruntime:VCRUNTIME140.dll
 0000:00000010       _volmd                     0000000180000010     c11_flightControlSystem.obj
 0000:00000010       _volmd                     0000000180000010     c4_flightControlSystem.obj
[...]
 0003:00006298       $SG27486                   0000000180020298     flightControlSystem_sfun_registry.obj
 0003:000062a8       $SG27490                   00000001800202a8     flightControlSystem_sfun_registry.obj
 0003:000062b0       $SG27488                   00000001800202b0     flightControlSystem_sfun_registry.obj
 0003:00006308       $SG27489                   0000000180020308     flightControlSystem_sfun_registry.obj
 0003:00006318       $SG27516                   0000000180020318     flightControlSystem_sfun_registry.obj
 0003:00006320       $SG27514                   0000000180020320     flightControlSystem_sfun_registry.obj
 0003:00006370       $SG27515                   0000000180020370     flightControlSystem_sfun_registry.obj
 0003:00006380       $SG27528                   0000000180020380     flightControlSystem_sfun_registry.obj
 0003:000063e0       $SG27529                   00000001800203e0     flightControlSystem_sfun_registry.obj
 0003:000063e8       $SG27530                   00000001800203e8     flightControlSystem_sfun_registry.obj
 0003:000063f0       $SG27542                   00000001800203f0     flightControlSystem_sfun_registry.obj
 0003:00006450       $SG27543                   0000000180020450     flightControlSystem_sfun_registry.obj
 0003:00006458       $SG27544                   0000000180020458     flightControlSystem_sfun_registry.obj
 0003:00006460       $SG27897                   0000000180020460     flightControlSystem_sfun_registry.obj
 0003:000064d8       $SG28519                   00000001800204d8     flightControlSystem_sfun_registry.obj
 0003:000064f0       $SG27900                   00000001800204f0     flightControlSystem_sfun_registry.obj
 0003:00006564       $SG28590                   0000000180020564     flightControlSystem_sfun_registry.obj
 0003:00006570       $SG27905                   0000000180020570     flightControlSystem_sfun_registry.obj
 0003:000065e8       $SG28591                   00000001800205e8     flightControlSystem_sfun_registry.obj
 0003:000065f0       $SG27913                   00000001800205f0     flightControlSystem_sfun_registry.obj
 0003:00006660       $SG28188                   0000000180020660     flightControlSystem_sfun_registry.obj
 0003:000066d8       $SG28592                   00000001800206d8     flightControlSystem_sfun_registry.obj
 0003:000066e0       $SG28193                   00000001800206e0     flightControlSystem_sfun_registry.obj
 0003:00006758       $SG28598                   0000000180020758     flightControlSystem_sfun_registry.obj
 0003:00006760       $SG28532                   0000000180020760     flightControlSystem_sfun_registry.obj
 0003:000067d8       $SG28601                   00000001800207d8     flightControlSystem_sfun_registry.obj
 0003:000067e0       $SG28593                   00000001800207e0     flightControlSystem_sfun_registry.obj
 0003:00006858       $SG28604                   0000000180020858     flightControlSystem_sfun_registry.obj
 0003:00006860       $SG28595                   0000000180020860     flightControlSystem_sfun_registry.obj
 0003:000068e0       $SG28605                   00000001800208e0     flightControlSystem_sfun_registry.obj
 0003:00006960       $SG28606                   0000000180020960     flightControlSystem_sfun_registry.obj
 0003:00006970       $SG28608                   0000000180020970     flightControlSystem_sfun_registry.obj
 0003:0000697c       $SG28610                   000000018002097c     flightControlSystem_sfun_registry.obj
 0003:00006984       $SG28612                   0000000180020984     flightControlSystem_sfun_registry.obj
 0003:00006990       $SG28614                   0000000180020990     flightControlSystem_sfun_registry.obj
 0003:000069a0       $SG28619                   00000001800209a0     flightControlSystem_sfun_registry.obj
 0003:00006a88       $SG28737                   0000000180020a88     flightControlSystem_sfun_registry.obj
 0003:00006ab8       $SG28738                   0000000180020ab8     flightControlSystem_sfun_registry.obj
 0003:00006ac8       $SG28739                   0000000180020ac8     flightControlSystem_sfun_registry.obj
 0003:00006ad0       $SG28741                   0000000180020ad0     flightControlSystem_sfun_registry.obj
 0003:00006b08       $SG28742                   0000000180020b08     flightControlSystem_sfun_registry.obj
 0003:00006b18       $SG28743                   0000000180020b18     flightControlSystem_sfun_registry.obj
 0003:00006b20       $SG28746                   0000000180020b20     flightControlSystem_sfun_registry.obj
 0003:00006b58       $SG28747                   0000000180020b58     flightControlSystem_sfun_registry.obj
 0003:00006b68       $SG28748                   0000000180020b68     flightControlSystem_sfun_registry.obj
 0003:00006b70       $SG28750                   0000000180020b70     flightControlSystem_sfun_registry.obj
 0003:00006ba8       $SG28751                   0000000180020ba8     flightControlSystem_sfun_registry.obj
 0003:00006bb8       $SG28752                   0000000180020bb8     flightControlSystem_sfun_registry.obj
 0003:00006bc0       $SG28754                   0000000180020bc0     flightControlSystem_sfun_registry.obj
 0003:00006bf8       $SG28755                   0000000180020bf8     flightControlSystem_sfun_registry.obj
 0003:00006c08       $SG28756                   0000000180020c08     flightControlSystem_sfun_registry.obj
 0003:00006c10       $SG28759                   0000000180020c10     flightControlSystem_sfun_registry.obj
 0003:00006c18       $SG28761                   0000000180020c18     flightControlSystem_sfun_registry.obj
 0003:00006c30       $SG28762                   0000000180020c30     flightControlSystem_sfun_registry.obj
 0003:00006c68       $SG28763                   0000000180020c68     flightControlSystem_sfun_registry.obj
 0003:00006c78       $SG28764                   0000000180020c78     flightControlSystem_sfun_registry.obj
 0003:00006c80       $SG28934                   0000000180020c80     flightControlSystem_sfun_registry.obj
 0003:00006ca0       $SG28935                   0000000180020ca0     flightControlSystem_sfun_registry.obj
 0003:00006d30       $SG28941                   0000000180020d30     flightControlSystem_sfun_registry.obj
 0003:00006d48       $SG28948                   0000000180020d48     flightControlSystem_sfun_registry.obj
 0003:00006d60       $SG28942                   0000000180020d60     flightControlSystem_sfun_registry.obj
 0003:00006df0       $SG28949                   0000000180020df0     flightControlSystem_sfun_registry.obj
 0003:00006e80       $SG28955                   0000000180020e80     flightControlSystem_sfun_registry.obj
 0003:00006ea0       $SG28956                   0000000180020ea0     flightControlSystem_sfun_registry.obj
 0003:00006f30       $SG28962                   0000000180020f30     flightControlSystem_sfun_registry.obj
 0003:00006f50       $SG28963                   0000000180020f50     flightControlSystem_sfun_registry.obj
 0003:00006fe0       $SG28967                   0000000180020fe0     flightControlSystem_sfun_registry.obj
 0003:00007000       $SG28968                   0000000180021000     flightControlSystem_sfun_registry.obj
 0003:00007090       $SG28972                   0000000180021090     flightControlSystem_sfun_registry.obj
 0003:000070b8       $SG28977                   00000001800210b8     flightControlSystem_sfun_registry.obj
 0003:000070e0       $SG28973                   00000001800210e0     flightControlSystem_sfun_registry.obj
 0003:00007170       $SG28978                   0000000180021170     flightControlSystem_sfun_registry.obj
 0003:00007200       $SG28982                   0000000180021200     flightControlSystem_sfun_registry.obj
 0003:00007220       $SG28983                   0000000180021220     flightControlSystem_sfun_registry.obj
 0003:000072b0       $SG28987                   00000001800212b0     flightControlSystem_sfun_registry.obj
 0003:000072d0       $SG28988                   00000001800212d0     flightControlSystem_sfun_registry.obj
 0003:00007360       $SG28992                   0000000180021360     flightControlSystem_sfun_registry.obj
 0003:00007378       $SG29028                   0000000180021378     flightControlSystem_sfun_registry.obj
 0003:00007390       $SG28993                   0000000180021390     flightControlSystem_sfun_registry.obj
 0003:00007420       $SG28997                   0000000180021420     flightControlSystem_sfun_registry.obj
 0003:00007440       $SG28998                   0000000180021440     flightControlSystem_sfun_registry.obj
 0003:000074d0       $SG29002                   00000001800214d0     flightControlSystem_sfun_registry.obj
 0003:000074f0       $SG29003                   00000001800214f0     flightControlSystem_sfun_registry.obj
 0003:00007580       $SG29007                   0000000180021580     flightControlSystem_sfun_registry.obj
 0003:000075a0       $SG29008                   00000001800215a0     flightControlSystem_sfun_registry.obj
 0003:00007630       $SG29012                   0000000180021630     flightControlSystem_sfun_registry.obj
 0003:00007650       $SG29013                   0000000180021650     flightControlSystem_sfun_registry.obj
 0003:000076e0       $SG29017                   00000001800216e0     flightControlSystem_sfun_registry.obj
 0003:00007700       $SG29018                   0000000180021700     flightControlSystem_sfun_registry.obj
 0003:00007790       $SG29022                   0000000180021790     flightControlSystem_sfun_registry.obj
 0003:000077b0       $SG29023                   00000001800217b0     flightControlSystem_sfun_registry.obj
 0003:00007840       $SG29029                   0000000180021840     flightControlSystem_sfun_registry.obj
 0003:000078d0       $SG29034                   00000001800218d0     flightControlSystem_sfun_registry.obj
 0003:000078d8       $SG29039                   00000001800218d8     flightControlSystem_sfun_registry.obj
 0003:000078f0       $SG29035                   00000001800218f0     flightControlSystem_sfun_registry.obj
 0003:00007980       $SG29040                   0000000180021980     flightControlSystem_sfun_registry.obj
 0003:00007a10       $SG29044                   0000000180021a10     flightControlSystem_sfun_registry.obj
 0003:00007a20       $SG29045                   0000000180021a20     flightControlSystem_sfun_registry.obj
 0003:00007ab0       $SG29049                   0000000180021ab0     flightControlSystem_sfun_registry.obj
 0003:00007ad0       $SG29050                   0000000180021ad0     flightControlSystem_sfun_registry.obj
 0003:00007b60       $SG29054                   0000000180021b60     flightControlSystem_sfun_registry.obj
 0003:00007b80       $SG29055                   0000000180021b80     flightControlSystem_sfun_registry.obj
 0003:00007c10       $SG29059                   0000000180021c10     flightControlSystem_sfun_registry.obj
 0003:00007c20       $SG29060                   0000000180021c20     flightControlSystem_sfun_registry.obj
 0003:00007cb0       $SG29064                   0000000180021cb0     flightControlSystem_sfun_registry.obj
 0003:00007cc0       $SG29065                   0000000180021cc0     flightControlSystem_sfun_registry.obj
 0003:00007d50       $SG29069                   0000000180021d50     flightControlSystem_sfun_registry.obj
 0003:00007d68       $SG29074                   0000000180021d68     flightControlSystem_sfun_registry.obj
 0003:00007d80       $SG29070                   0000000180021d80     flightControlSystem_sfun_registry.obj
 0003:00007e10       $SG29075                   0000000180021e10     flightControlSystem_sfun_registry.obj
 0003:00007ea0       $SG29079                   0000000180021ea0     flightControlSystem_sfun_registry.obj
 0003:00007eb0       $SG29080                   0000000180021eb0     flightControlSystem_sfun_registry.obj
 0003:00007f40       $SG29088                   0000000180021f40     flightControlSystem_sfun_registry.obj
 0003:00007f50       $SG29089                   0000000180021f50     flightControlSystem_sfun_registry.obj
 0003:00007fe0       $SG29095                   0000000180021fe0     flightControlSystem_sfun_registry.obj
 0003:00007ff0       $SG29096                   0000000180021ff0     flightControlSystem_sfun_registry.obj
 0003:00008080       $SG29100                   0000000180022080     flightControlSystem_sfun_registry.obj
 0003:00008090       $SG29101                   0000000180022090     flightControlSystem_sfun_registry.obj
 0003:00008120       $SG29106                   0000000180022120     flightControlSystem_sfun_registry.obj
 0003:00008130       $SG29107                   0000000180022130     flightControlSystem_sfun_registry.obj
 0003:000081c0       $SG29111                   00000001800221c0     flightControlSystem_sfun_registry.obj
 0003:00008238       $SG29154                   0000000180022238     flightControlSystem_sfun_registry.obj
 0003:00008248       $SG29235                   0000000180022248     flightControlSystem_sfun_registry.obj
 0003:00008250       $SG29141                   0000000180022250     flightControlSystem_sfun_registry.obj
 0003:00008368       $SG29165                   0000000180022368     flightControlSystem_sfun_registry.obj
 0003:00008378       $SG29178                   0000000180022378     flightControlSystem_sfun_registry.obj
 0003:00008388       $SG29189                   0000000180022388     flightControlSystem_sfun_registry.obj
 0003:00008398       $SG29202                   0000000180022398     flightControlSystem_sfun_registry.obj
 0003:000083a8       $SG29213                   00000001800223a8     flightControlSystem_sfun_registry.obj
 0003:000083b8       $SG29223                   00000001800223b8     flightControlSystem_sfun_registry.obj
 0003:000083d8       $SG29234                   00000001800223d8     flightControlSystem_sfun_registry.obj
 0003:00008408       $SG29236                   0000000180022408     flightControlSystem_sfun_registry.obj
 0003:00008410       $SG29247                   0000000180022410     flightControlSystem_sfun_registry.obj
 0003:00008448       $SG29248                   0000000180022448     flightControlSystem_sfun_registry.obj
 0003:00008450       $SG29249                   0000000180022450     flightControlSystem_sfun_registry.obj
 0003:000084b0       sRtwOptimizationInfoStruct 00000001800224b0     flightControlSystem_sfun.obj
 0003:000084b8       sOptimizationInfoFlags     00000001800224b8     flightControlSystem_sfun.obj
 0003:000084c0       $SG26480                   00000001800224c0     c4_flightControlSystem.obj
 0003:000084c1       $SG26487                   00000001800224c1     c4_flightControlSystem.obj
 0003:000084c2       $SG26494                   00000001800224c2     c4_flightControlSystem.obj
 0003:000084c3       $SG26501                   00000001800224c3     c4_flightControlSystem.obj
 0003:000084c4       $SG26508                   00000001800224c4     c4_flightControlSystem.obj
 0003:000084c5       $SG26515                   00000001800224c5     c4_flightControlSystem.obj
 0003:000084c6       $SG26522                   00000001800224c6     c4_flightControlSystem.obj
 0003:000084c7       $SG26529                   00000001800224c7     c4_flightControlSystem.obj
 0003:000084c8       $SG26536                   00000001800224c8     c4_flightControlSystem.obj
 0003:000084c9       $SG26543                   00000001800224c9     c4_flightControlSystem.obj
 0003:000084ca       $SG26550                   00000001800224ca     c4_flightControlSystem.obj
 0003:000084cb       $SG26557                   00000001800224cb     c4_flightControlSystem.obj
 0003:000084cc       $SG26564                   00000001800224cc     c4_flightControlSystem.obj
 0003:000084cd       $SG26571                   00000001800224cd     c4_flightControlSystem.obj
 0003:000084ce       $SG26578                   00000001800224ce     c4_flightControlSystem.obj
 0003:000084cf       $SG26585                   00000001800224cf     c4_flightControlSystem.obj
 0003:000084d0       $SG26592                   00000001800224d0     c4_flightControlSystem.obj
 0003:000084d1       $SG26599                   00000001800224d1     c4_flightControlSystem.obj
 0003:000084d2       $SG26606                   00000001800224d2     c4_flightControlSystem.obj
 0003:000084d3       $SG26613                   00000001800224d3     c4_flightControlSystem.obj
 0003:000084d4       $SG26620                   00000001800224d4     c4_flightControlSystem.obj
 0003:000084d5       $SG26627                   00000001800224d5     c4_flightControlSystem.obj
 0003:000084d6       $SG26634                   00000001800224d6     c4_flightControlSystem.obj
 0003:000084d7       $SG26641                   00000001800224d7     c4_flightControlSystem.obj
 0003:000084d8       $SG26648                   00000001800224d8     c4_flightControlSystem.obj
 0003:000084d9       $SG26655                   00000001800224d9     c4_flightControlSystem.obj
 0003:000084da       $SG26662                   00000001800224da     c4_flightControlSystem.obj
 0003:000084db       $SG26669                   00000001800224db     c4_flightControlSystem.obj
 0003:000084dc       $SG26676                   00000001800224dc     c4_flightControlSystem.obj
 0003:000084dd       $SG26683                   00000001800224dd     c4_flightControlSystem.obj
 0003:000084de       $SG26787                   00000001800224de     c4_flightControlSystem.obj
 0003:000084df       $SG27367                   00000001800224df     c4_flightControlSystem.obj
 0003:000084e0       _sfTime_                   00000001800224e0     c4_flightControlSystem.obj
 0003:000084e8       $SG27368                   00000001800224e8     c4_flightControlSystem.obj
 0003:000084e9       $SG27509                   00000001800224e9     c4_flightControlSystem.obj
 0003:000084f0       ?newstr@?1??sf_c4_flightControlSystem_get_post_codegen_info@@9@9 00000001800224f0     c4_flightControlSystem.obj
 0003:00008a90       _sfTime_                   0000000180022a90     c11_flightControlSystem.obj
 0003:00008a98       $SG26701                   0000000180022a98     c11_flightControlSystem.obj
 0003:00008a99       $SG27401                   0000000180022a99     c11_flightControlSystem.obj
 0003:00008a9a       $SG27402                   0000000180022a9a     c11_flightControlSystem.obj
 0003:00008a9b       $SG27545                   0000000180022a9b     c11_flightControlSystem.obj
 0003:00008aa0       ?newstr@?1??sf_c11_flightControlSystem_get_post_codegen_info@@9@9 0000000180022aa0     c11_flightControlSystem.obj
 0003:00009084       sfGlobalMdlStartCallCounts 0000000180023084     flightControlSystem_sfun_registry.obj
 0003:00009088       $SG28586                   0000000180023088     flightControlSystem_sfun_registry.obj
 0003:0000908a       ?warningGuard@?1??ssGetRootSS@@9@9 000000018002308a     flightControlSystem_sfun_registry.obj
 0003:0000908b       ?warningGuard@?1??ssGetParentSS@@9@9 000000018002308b     flightControlSystem_sfun_registry.obj
 0003:00009090       GS_ExceptionRecord         0000000180023090     MSVCRT:gs_report.obj
 0003:00009130       GS_ContextRecord           0000000180023130     MSVCRT:gs_report.obj
 0003:00009600       ?__proc_attached@@3HA      0000000180023600     MSVCRT:dll_dllmain.obj
 0003:00009640       ?is_initialized_as_dll@@3_NA 0000000180023640     MSVCRT:utility.obj
 0003:00009641       ?module_local_atexit_table_initialized@@3_NA 0000000180023641     MSVCRT:utility.obj
 0003:00009648       ?module_local_atexit_table@@3U_onexit_table_t@@A 0000000180023648     MSVCRT:utility.obj
 0003:00009660       ?module_local_at_quick_exit_table@@3U_onexit_table_t@@A 0000000180023660     MSVCRT:utility.obj
