 flightControlSystem_sfun

 Timestamp is 67da11d5 (Tue Mar 18 20:37:41 2025)

 Preferred load address is 0000000180000000

 Start         Length     Name                   Class
 0001:00000000 000174c0H .text$mn                CODE
 0001:000174c0 00000036H .text$mn$00             CODE
 0001:000174f6 00000092H .text$x                 CODE
 0002:00000000 00000478H .idata$5                DATA
 0002:00000478 00000038H .00cfg                  DATA
 0002:000004b0 00000008H .CRT$XCA                DATA
 0002:000004b8 00000008H .CRT$XCZ                DATA
 0002:000004c0 00000008H .CRT$XIA                DATA
 0002:000004c8 00000008H .CRT$XIZ                DATA
 0002:000004d0 00000008H .CRT$XPA                DATA
 0002:000004d8 00000008H .CRT$XPZ                DATA
 0002:000004e0 00000008H .CRT$XTA                DATA
 0002:000004e8 00000008H .CRT$XTZ                DATA
 0002:000004f0 00000000H .gehcont$y              DATA
 0002:000004f0 00000000H .gfids$y                DATA
 0002:000004f0 00000310H .rdata                  DATA
 0002:00000800 00000080H .rdata$CastGuardVftablesA DATA
 0002:00000880 00000080H .rdata$CastGuardVftablesC DATA
 0002:00000900 000001c4H .rdata$voltmd           DATA
 0002:00000ac4 0000027cH .rdata$zzzdbg           DATA
 0002:00000d40 00000008H .rtc$IAA                DATA
 0002:00000d48 00000008H .rtc$IZZ                DATA
 0002:00000d50 00000008H .rtc$TAA                DATA
 0002:00000d58 00000008H .rtc$TZZ                DATA
 0002:00000d60 00000c30H .xdata                  DATA
 0002:00001990 00000084H .edata                  DATA
 0002:00001a14 00000140H .idata$2                DATA
 0002:00001b54 00000014H .idata$3                DATA
 0002:00001b68 00000478H .idata$4                DATA
 0002:00001fe0 00000c20H .idata$6                DATA
 0003:00000000 00009110H .data                   DATA
 0003:00009110 000017b0H .bss                    DATA
 0004:00000000 00000ef4H .pdata                  DATA

  Address         Publics by Value              Rva+Base               Lib:Object

 0000:00000000       __AbsoluteZero             0000000000000000     <absolute>
 0000:00000000       ___safe_se_handler_count   0000000000000000     <absolute>
 0000:00000000       ___safe_se_handler_table   0000000000000000     <absolute>
 0000:00000000       __arm64x_extra_rfe_table   0000000000000000     <absolute>
 0000:00000000       __arm64x_extra_rfe_table_size 0000000000000000     <absolute>
 0000:00000000       __arm64x_native_entrypoint 0000000000000000     <absolute>
 0000:00000000       __arm64x_redirection_metadata 0000000000000000     <absolute>
 0000:00000000       __arm64x_redirection_metadata_count 0000000000000000     <absolute>
 0000:00000000       __dynamic_value_reloc_table 0000000000000000     <absolute>
 0000:00000000       __enclave_config           0000000000000000     <absolute>
 0000:00000000       __guard_check_icall_a64n_fptr 0000000000000000     <absolute>
 0000:00000000       __guard_eh_cont_count      0000000000000000     <absolute>
 0000:00000000       __guard_eh_cont_table      0000000000000000     <absolute>
 0000:00000000       __guard_fids_count         0000000000000000     <absolute>
 0000:00000000       __guard_fids_table         0000000000000000     <absolute>
 0000:00000000       __guard_iat_count          0000000000000000     <absolute>
 0000:00000000       __guard_iat_table          0000000000000000     <absolute>
 0000:00000000       __guard_longjmp_count      0000000000000000     <absolute>
 0000:00000000       __guard_longjmp_table      0000000000000000     <absolute>
 0000:00000000       __hybrid_auxiliary_iat     0000000000000000     <absolute>
 0000:00000000       __hybrid_auxiliary_iat_copy 0000000000000000     <absolute>
 0000:00000000       __hybrid_code_map          0000000000000000     <absolute>
 0000:00000000       __hybrid_code_map_count    0000000000000000     <absolute>
 0000:00000000       __x64_code_ranges_to_entry_points 0000000000000000     <absolute>
 0000:00000000       __x64_code_ranges_to_entry_points_count 0000000000000000     <absolute>
 0000:00000100       __guard_flags              0000000000000100     <absolute>
 0000:00000000       __ImageBase                0000000180000000     <linker-defined>
 0001:00000000       flightControlSystem_initializer 0000000180001000 f   flightControlSystem_sfun.obj
 0001:00000010       flightControlSystem_terminator 0000000180001010 f   flightControlSystem_sfun.obj
 0001:00000020       load_flightControlSystem_optimization_info 0000000180001020 f   flightControlSystem_sfun.obj
 0001:000000d0       unload_flightControlSystem_optimization_info 00000001800010d0 f   flightControlSystem_sfun.obj
 0001:00000100       sf_flightControlSystem_method_dispatcher 0000000180001100 f   flightControlSystem_sfun.obj
 0001:00000190       sf_flightControlSystem_process_check_sum_call 0000000180001190 f   flightControlSystem_sfun.obj
 0001:000006b0       sf_flightControlSystem_get_eml_resolved_functions_info 00000001800016b0 f   flightControlSystem_sfun.obj
 0001:00000940       sf_flightControlSystem_third_party_uses_info 0000000180001940 f   flightControlSystem_sfun.obj
 0001:00000b80       sf_flightControlSystem_jit_fallback_info 0000000180001b80 f   flightControlSystem_sfun.obj
 0001:00000dc0       sf_flightControlSystem_get_post_codegen_info 0000000180001dc0 f   flightControlSystem_sfun.obj
 0001:00001030       sf_flightControlSystem_updateBuildInfo_args_info 0000000180002030 f   flightControlSystem_sfun.obj
 0001:00001270       sf_c4_flightControlSystem_get_eml_resolved_functions_info 0000000180002270 f   c4_flightControlSystem.obj
 0001:000012f0       sf_c4_flightControlSystem_get_check_sum 00000001800022f0 f   c4_flightControlSystem.obj
 0001:000013c0       c4_flightControlSystem_method_dispatcher 00000001800023c0 f   c4_flightControlSystem.obj
 0001:00004250       sf_c4_flightControlSystem_third_party_uses_info 0000000180005250 f   c4_flightControlSystem.obj
 0001:000042c0       sf_c4_flightControlSystem_jit_fallback_info 00000001800052c0 f   c4_flightControlSystem.obj
 0001:00004450       sf_c4_flightControlSystem_updateBuildInfo_args_info 0000000180005450 f   c4_flightControlSystem.obj
 0001:00004770       sf_c4_flightControlSystem_get_post_codegen_info 0000000180005770 f   c4_flightControlSystem.obj
 0001:00004c40       sf_c11_flightControlSystem_get_eml_resolved_functions_info 0000000180005c40 f   c11_flightControlSystem.obj
 0001:00004cc0       sf_c11_flightControlSystem_get_check_sum 0000000180005cc0 f   c11_flightControlSystem.obj
 0001:00004d90       c11_flightControlSystem_method_dispatcher 0000000180005d90 f   c11_flightControlSystem.obj
 0001:00006b70       sf_c11_flightControlSystem_third_party_uses_info 0000000180007b70 f   c11_flightControlSystem.obj
 0001:00006bc0       sf_c11_flightControlSystem_jit_fallback_info 0000000180007bc0 f   c11_flightControlSystem.obj
 0001:00006d50       sf_c11_flightControlSystem_updateBuildInfo_args_info 0000000180007d50 f   c11_flightControlSystem.obj
 0001:00007070       sf_c11_flightControlSystem_get_post_codegen_info 0000000180008070 f   c11_flightControlSystem.obj
 0001:00007560       sf_c14_flightControlSystem_get_eml_resolved_functions_info 0000000180008560 f   c14_flightControlSystem.obj
 0001:000075e0       sf_c14_flightControlSystem_get_check_sum 00000001800085e0 f   c14_flightControlSystem.obj
 0001:000076b0       c14_flightControlSystem_method_dispatcher 00000001800086b0 f   c14_flightControlSystem.obj
 0001:0000a560       sf_c14_flightControlSystem_third_party_uses_info 000000018000b560 f   c14_flightControlSystem.obj
 0001:0000a5b0       sf_c14_flightControlSystem_jit_fallback_info 000000018000b5b0 f   c14_flightControlSystem.obj
 0001:0000a740       sf_c14_flightControlSystem_updateBuildInfo_args_info 000000018000b740 f   c14_flightControlSystem.obj
 0001:0000aa60       sf_c14_flightControlSystem_get_post_codegen_info 000000018000ba60 f   c14_flightControlSystem.obj
 0001:0000af30       mexFunction                000000018000bf30 f   flightControlSystem_sfun_registry.obj
 0001:0000d800       _ssSetInputPortDirectFeedThroughFcn 000000018000e800 f   flightControlSystem_sfun_registry.obj
 0001:0000d970       _ssSetRWorkValueFcn        000000018000e970 f   flightControlSystem_sfun_registry.obj
 0001:0000d9f0       _ssGetRWorkValueFcn        000000018000e9f0 f   flightControlSystem_sfun_registry.obj
 0001:0000da60       _ssSetIWorkValueFcn        000000018000ea60 f   flightControlSystem_sfun_registry.obj
 0001:0000dae0       _ssGetIWorkValueFcn        000000018000eae0 f   flightControlSystem_sfun_registry.obj
 0001:0000db50       _ssSetPWorkValueFcn        000000018000eb50 f   flightControlSystem_sfun_registry.obj
 0001:0000dbd0       _ssGetPWorkValueFcn        000000018000ebd0 f   flightControlSystem_sfun_registry.obj
 0001:0000dc40       _ssGetInputPortSignalFcn   000000018000ec40 f   flightControlSystem_sfun_registry.obj
 0001:0000dfd0       _ssGetInputPortBufferDstPortFcn 000000018000efd0 f   flightControlSystem_sfun_registry.obj
 0001:0000e050       _ssGetInputPortSignalPtrsFcn 000000018000f050 f   flightControlSystem_sfun_registry.obj
 0001:0000e3e0       ssGetParameterTuningCompliance 000000018000f3e0 f   flightControlSystem_sfun_registry.obj
 0001:0000e450       _ssReadInputStringFcn      000000018000f450 f   flightControlSystem_sfun_registry.obj
 0001:0000e4c0       ssGetDTypeIdFromMxArray    000000018000f4c0 f   flightControlSystem_sfun_registry.obj
 0001:0000e5e0       ssWriteRTWMx2dMatParam     000000018000f5e0 f   flightControlSystem_sfun_registry.obj
 0001:0000e670       ssWriteRTWMxVectParam      000000018000f670 f   flightControlSystem_sfun_registry.obj
 0001:0000e6f0       ssWriteRTWParameters       000000018000f6f0 f   flightControlSystem_sfun_registry.obj
 0001:0000ecb0       ssWriteRTWParamSettings    000000018000fcb0 f   flightControlSystem_sfun_registry.obj
 0001:0000f3a0       ssWriteRTWStr              00000001800103a0 f   flightControlSystem_sfun_registry.obj
 0001:0000f400       ssWriteRTWWorkVect         0000000180010400 f   flightControlSystem_sfun_registry.obj
 0001:0000f960       ssWarning                  0000000180010960 f   flightControlSystem_sfun_registry.obj
 0001:0000fa50       ssGetRootSS                0000000180010a50 f   flightControlSystem_sfun_registry.obj
 0001:0000fb10       ssGetParentSS              0000000180010b10 f   flightControlSystem_sfun_registry.obj
 0001:0000fbd0       ssWriteRTWNameValuePair    0000000180010bd0 f   flightControlSystem_sfun_registry.obj
 0001:000100d0       _ssSetInputPortMatrixDimensions 00000001800110d0 f   flightControlSystem_sfun_registry.obj
 0001:00010220       _ssSetOutputPortMatrixDimensions 0000000180011220 f   flightControlSystem_sfun_registry.obj
 0001:00010370       _ssSetInputPortVectorDimension 0000000180011370 f   flightControlSystem_sfun_registry.obj
 0001:00010420       _ssSetOutputPortVectorDimension 0000000180011420 f   flightControlSystem_sfun_registry.obj
 0001:000104d0       ssIsRunTimeParamTunable    00000001800114d0 f   flightControlSystem_sfun_registry.obj
 0001:00010540       ssGetSFuncBlockHandle      0000000180011540 f   flightControlSystem_sfun_registry.obj
 0001:000105b0       _ssGetCallSystemNumFcnCallDestinations 00000001800115b0 f   flightControlSystem_sfun_registry.obj
 0001:00010620       _ssGetCurrentInputPortWidth 0000000180011620 f   flightControlSystem_sfun_registry.obj
 0001:00010760       _ssGetCurrentOutputPortWidth 0000000180011760 f   flightControlSystem_sfun_registry.obj
 0001:000108a0       ssGetIsZeroCrossControlDisabled 00000001800118a0 f   flightControlSystem_sfun_registry.obj
 0001:00010910       ssSetIsInputPortUsedForContZcSignal 0000000180011910 f   flightControlSystem_sfun_registry.obj
 0001:00010980       ssSetZcSignalIsZcElementDisc 0000000180011980 f   flightControlSystem_sfun_registry.obj
 0001:00010a30       ssSetZcSignalName          0000000180011a30 f   flightControlSystem_sfun_registry.obj
 0001:00010aa0       ssSetZcSignalWidth         0000000180011aa0 f   flightControlSystem_sfun_registry.obj
 0001:00010b10       ssSetZcSignalZcEventType   0000000180011b10 f   flightControlSystem_sfun_registry.obj
 0001:00010b80       ssSetZcSignalType          0000000180011b80 f   flightControlSystem_sfun_registry.obj
 0001:00010bf0       ssSetZcSignalZcTol         0000000180011bf0 f   flightControlSystem_sfun_registry.obj
 0001:00010c60       ssSetZcSignalNeedsEventNotification 0000000180011c60 f   flightControlSystem_sfun_registry.obj
 0001:00010cd0       ssCreateAndAddZcSignalInfo 0000000180011cd0 f   flightControlSystem_sfun_registry.obj
 0001:00010d40       ssCloneAndAddZcSignalInfo  0000000180011d40 f   flightControlSystem_sfun_registry.obj
 0001:00010db0       ssGetNumZcSignals          0000000180011db0 f   flightControlSystem_sfun_registry.obj
 0001:00010e20       ssGetZcSignalVector        0000000180011e20 f   flightControlSystem_sfun_registry.obj
 0001:00010e90       ssGetZcSignalName          0000000180011e90 f   flightControlSystem_sfun_registry.obj
 0001:00010f00       ssGetZcSignalWidth         0000000180011f00 f   flightControlSystem_sfun_registry.obj
 0001:00010f70       ssGetZcSignalZcEventType   0000000180011f70 f   flightControlSystem_sfun_registry.obj
 0001:00010fe0       ssGetZcSignalZcEvents      0000000180011fe0 f   flightControlSystem_sfun_registry.obj
 0001:00011050       ssGetZcSignalType          0000000180012050 f   flightControlSystem_sfun_registry.obj
 0001:000110c0       ssGetZcSignalZcTol         00000001800120c0 f   flightControlSystem_sfun_registry.obj
 0001:00011140       ssGetZcSignalNeedsEventNotification 0000000180012140 f   flightControlSystem_sfun_registry.obj
 0001:000111b0       ssGetZcSignalIsZcElementDisc 00000001800121b0 f   flightControlSystem_sfun_registry.obj
 0001:00011250       ssGetIsInputPortElementContinuous 0000000180012250 f   flightControlSystem_sfun_registry.obj
 0001:000112f0       _ssGetAbsTol               00000001800122f0 f   flightControlSystem_sfun_registry.obj
 0001:00011360       _ssSetStateAbsTol          0000000180012360 f   flightControlSystem_sfun_registry.obj
 0001:00011440       _ssSetInputPortReusableFcn 0000000180012440 f   flightControlSystem_sfun_registry.obj
 0001:00011540       _ssSetOutputPortReusableFcn 0000000180012540 f   flightControlSystem_sfun_registry.obj
 0001:00011640       _ssSetSymbolicDimsSupport  0000000180012640 f   flightControlSystem_sfun_registry.obj
 0001:000116b0       _ssRegisterSymbolicDimsExpr 00000001800126b0 f   flightControlSystem_sfun_registry.obj
 0001:00011730       _ssRegisterSymbolicDimsMATLABExpr 0000000180012730 f   flightControlSystem_sfun_registry.obj
 0001:000117c0       _ssRegisterSymbolicDims    00000001800127c0 f   flightControlSystem_sfun_registry.obj
 0001:00011860       _ssRegisterSymbolicDimsString 0000000180012860 f   flightControlSystem_sfun_registry.obj
 0001:000118e0       _ssRegisterSymbolicDimsIntValue 00000001800128e0 f   flightControlSystem_sfun_registry.obj
 0001:00011950       _ssRegisterSymbolicEqualRelation 0000000180012950 f   flightControlSystem_sfun_registry.obj
 0001:000119c0       _ssRegisterSymbolicEqualValue 00000001800129c0 f   flightControlSystem_sfun_registry.obj
 0001:00011a30       _ssAmendLeadingSymbolicDims 0000000180012a30 f   flightControlSystem_sfun_registry.obj
 0001:00011ab0       _ssAmendTrailingSymbolicDims 0000000180012ab0 f   flightControlSystem_sfun_registry.obj
 0001:00011b30       _ssRegisterSymbolicDimsPlus 0000000180012b30 f   flightControlSystem_sfun_registry.obj
 0001:00011bb0       _ssRegisterSymbolicDimsMinus 0000000180012bb0 f   flightControlSystem_sfun_registry.obj
 0001:00011c30       _ssRegisterSymbolicDimsMultiply 0000000180012c30 f   flightControlSystem_sfun_registry.obj
 0001:00011cb0       _ssRegisterSymbolicDimsDivide 0000000180012cb0 f   flightControlSystem_sfun_registry.obj
 0001:00011d30       _ssGetNumSymbolicDims      0000000180012d30 f   flightControlSystem_sfun_registry.obj
 0001:00011da0       _ssGetSymbolicDim          0000000180012da0 f   flightControlSystem_sfun_registry.obj
 0001:00011e20       _ssSetInputPortSymbolicDimsId 0000000180012e20 f   flightControlSystem_sfun_registry.obj
 0001:00011e90       _ssGetCompInputPortSymbolicDimsId 0000000180012e90 f   flightControlSystem_sfun_registry.obj
 0001:00011f00       _ssSetCompInputPortSymbolicDimsId 0000000180012f00 f   flightControlSystem_sfun_registry.obj
 0001:00011f70       _ssSetOutputPortSymbolicDimsId 0000000180012f70 f   flightControlSystem_sfun_registry.obj
 0001:00011fe0       _ssGetCompOutputPortSymbolicDimsId 0000000180012fe0 f   flightControlSystem_sfun_registry.obj
 0001:00012050       _ssSetCompOutputPortSymbolicDimsId 0000000180013050 f   flightControlSystem_sfun_registry.obj
 0001:000120c0       _ssGetDWorkSymbolicDimsId  00000001800130c0 f   flightControlSystem_sfun_registry.obj
 0001:00012130       _ssSetDWorkSymbolicDimsId  0000000180013130 f   flightControlSystem_sfun_registry.obj
 0001:000121a0       _ssGetCompDWorkSymbolicDimsId 00000001800131a0 f   flightControlSystem_sfun_registry.obj
 0001:00012210       _ssSetCompDWorkSymbolicDimsId 0000000180013210 f   flightControlSystem_sfun_registry.obj
 0001:00012280       _ssCreateSLCGStringBuffer  0000000180013280 f   flightControlSystem_sfun_registry.obj
 0001:000122f0       _ssAddToSLCGStringBuffer   00000001800132f0 f   flightControlSystem_sfun_registry.obj
 0001:00012360       _ssGetPointerContainedData 0000000180013360 f   flightControlSystem_sfun_registry.obj
 0001:000123f0       _ssGetPointerContainedDataWidth 00000001800133f0 f   flightControlSystem_sfun_registry.obj
 0001:00012480       _ssRegisterDynamicArrayDataTypeFcn 0000000180013480 f   flightControlSystem_sfun_registry.obj
 0001:00012520       _ssGetDynamicArrayContainedDataCurrentWidthFcn 0000000180013520 f   flightControlSystem_sfun_registry.obj
 0001:000125f0       _ssGetDynamicArrayContainedDataFcn 00000001800135f0 f   flightControlSystem_sfun_registry.obj
 0001:000126c0       _ssGetInputPortDynamicArrayDataFcn 00000001800136c0 f   flightControlSystem_sfun_registry.obj
 0001:00012780       _ssGetOutputPortDynamicArrayDataFcn 0000000180013780 f   flightControlSystem_sfun_registry.obj
 0001:00012840       _ssGetInputPortDynamicArrayContainedDataFcn 0000000180013840 f   flightControlSystem_sfun_registry.obj
 0001:00012900       _ssGetOutputPortDynamicArrayContainedDataFcn 0000000180013900 f   flightControlSystem_sfun_registry.obj
 0001:000129c0       _ssGetDynamicArrayDWorkContainedDataFcn 00000001800139c0 f   flightControlSystem_sfun_registry.obj
 0001:00012a80       sf_process_check_sum_call  0000000180013a80 f   flightControlSystem_sfun_registry.obj
 0001:00012ad0       sf_process_get_third_party_uses_info_call 0000000180013ad0 f   flightControlSystem_sfun_registry.obj
 0001:00012d00       sf_process_get_jit_fallback_info_call 0000000180013d00 f   flightControlSystem_sfun_registry.obj
 0001:00012f30       sf_process_get_post_codegen_info_call 0000000180013f30 f   flightControlSystem_sfun_registry.obj
 0001:00013160       sf_process_get_updateBuildInfo_args_info_call 0000000180014160 f   flightControlSystem_sfun_registry.obj
 0001:00013390       sf_process_get_eml_resolved_functions_info_call 0000000180014390 f   flightControlSystem_sfun_registry.obj
 0001:000135c0       sf_mex_unlock_call         00000001800145c0 f   flightControlSystem_sfun_registry.obj
 0001:000137e0       sf_machine_global_initializer_called 00000001800147e0 f   flightControlSystem_sfun_registry.obj
 0001:00013810       sf_machine_global_method_dispatcher 0000000180014810 f   flightControlSystem_sfun_registry.obj
 0001:00013870       sf_machine_global_terminator 0000000180014870 f   flightControlSystem_sfun_registry.obj
 0001:000138a0       callCustomFcn              00000001800148a0 f   flightControlSystem_sfun_registry.obj
 0001:000138b0       sf_machine_global_initializer 00000001800148b0 f   flightControlSystem_sfun_registry.obj
 0001:000138e0       mdlGetSimState             00000001800148e0 f   flightControlSystem_sfun_registry.obj
 0001:00013920       mdlSetSimState             0000000180014920 f   flightControlSystem_sfun_registry.obj
 0001:000142b0       ProcessMexSfunctionEveryCall 00000001800152b0 f   flightControlSystem_sfun_registry.obj
 0001:00015430       __local_stdio_printf_options 0000000180016430 f i flightControlSystem_sfun_registry.obj
 0001:00015440       _vsnprintf_l               0000000180016440 f i flightControlSystem_sfun_registry.obj
 0001:000154c0       _vsprintf_l                00000001800164c0 f i flightControlSystem_sfun_registry.obj
 0001:00015510       sprintf                    0000000180016510 f i flightControlSystem_sfun_registry.obj
 0001:00015560       mexfilerequiredapiversion  0000000180016560 f   c_mexapi_version.obj
 0001:00015590       getBitfieldFromFloat       0000000180016590 f   half_type.obj
 0001:000155c0       getFloatFromBitfield       00000001800165c0 f   half_type.obj
 0001:000155f0       getBitfieldFromHalf        00000001800165f0 f   half_type.obj
 0001:00015610       getHalfFromBitfield        0000000180016610 f   half_type.obj
 0001:00015640       halfToFloat                0000000180016640 f   half_type.obj
 0001:000157c0       halfToDouble               00000001800167c0 f   half_type.obj
 0001:000157f0       floatToHalf                00000001800167f0 f   half_type.obj
 0001:00015a50       doubleToHalf               0000000180016a50 f   half_type.obj
 0001:00015d3b       grayto8_real64             0000000180016d3b f   libmwgrayto8:libmwgrayto8.dll
 0001:00015d41       rgb2gray_tbb_uint8         0000000180016d41 f   libmwrgb2gray_tbb:libmwrgb2gray_tbb.dll
 0001:00015d47       getnumcores                0000000180016d47 f   libmwgetnumcores:libmwgetnumcores.dll
 0001:00015d4d       sf_load_rtw_optimization_info 0000000180016d4d f   sf_runtime:sf_runtime.dll
 0001:00015d53       sf_mex_decode              0000000180016d53 f   sf_runtime:sf_runtime.dll
 0001:00015d59       sf_init_ChartRunTimeInfo   0000000180016d59 f   sf_runtime:sf_runtime.dll
 0001:00015d5f       sf_free_ChartRunTimeInfo   0000000180016d5f f   sf_runtime:sf_runtime.dll
 0001:00015d65       sf_reset_warnings_ChartRunTimeInfo 0000000180016d65 f   sf_runtime:sf_runtime.dll
 0001:00015d6b       sfrtGetEmlrtCtx            0000000180016d6b f   sf_runtime:sf_runtime.dll
 0001:00015d71       sfrtGetCovrtInstance       0000000180016d71 f   sf_runtime:sf_runtime.dll
 0001:00015d77       sf_get_chart_instance_ptr  0000000180016d77 f   sf_runtime:sf_runtime.dll
 0001:00015d7d       sfSetAnimationVectors      0000000180016d7d f   sf_runtime:sf_runtime.dll
 0001:00015d83       sim_mode_is_rtw_gen        0000000180016d83 f   sf_runtime:sf_runtime.dll
 0001:00015d89       sim_mode_is_external       0000000180016d89 f   sf_runtime:sf_runtime.dll
 0001:00015d8f       sf_clear_rtw_identifier    0000000180016d8f f   sf_runtime:sf_runtime.dll
 0001:00015d95       sf_get_time                0000000180016d95 f   sf_runtime:sf_runtime.dll
 0001:00015d9b       sf_set_work_widths         0000000180016d9b f   sf_runtime:sf_runtime.dll
 0001:00015da1       mdlProcessParamsCommon     0000000180016da1 f   sf_runtime:sf_runtime.dll
 0001:00015da7       sf_mex_call                0000000180016da7 f   sf_runtime:sf_runtime.dll
 0001:00015dad       sf_mex_error_message       0000000180016dad f   sf_runtime:sf_runtime.dll
 0001:00015db3       sf_mex_create              0000000180016db3 f   sf_runtime:sf_runtime.dll
 0001:00015db9       sf_mex_createcellmatrix    0000000180016db9 f   sf_runtime:sf_runtime.dll
 0001:00015dbf       sf_mex_setcell             0000000180016dbf f   sf_runtime:sf_runtime.dll
 0001:00015dc5       sf_mex_getcell             0000000180016dc5 f   sf_runtime:sf_runtime.dll
 0001:00015dcb       sf_mex_assign              0000000180016dcb f   sf_runtime:sf_runtime.dll
 0001:00015dd1       sf_mex_dup                 0000000180016dd1 f   sf_runtime:sf_runtime.dll
 0001:00015dd7       sf_mex_destroy             0000000180016dd7 f   sf_runtime:sf_runtime.dll
 0001:00015ddd       sf_mex_import              0000000180016ddd f   sf_runtime:sf_runtime.dll
 0001:00015de3       ssGetInputPortSignal_wrapper 0000000180016de3 f   sf_runtime:sf_runtime.dll
 0001:00015de9       ssGetOutputPortSignal_wrapper 0000000180016de9 f   sf_runtime:sf_runtime.dll
 0001:00015def       sf_data_overflow_error     0000000180016def f   sf_runtime:sf_runtime.dll
 0001:00015df5       sf_data_saturate_error     0000000180016df5 f   sf_runtime:sf_runtime.dll
 0001:00015dfb       sf_get_ChartInfoStruct_CodeGen 0000000180016dfb f   sf_runtime:sf_runtime.dll
 0001:00015e01       sf_get_hasSeparateUpdateOutputs 0000000180016e01 f   sf_runtime:sf_runtime.dll
 0001:00015e07       callMdlMethodAndReportError 0000000180016e07 f   sf_runtime:sf_runtime.dll
 0001:00015e0d       call_sf_machine_global_method_dispatcher 0000000180016e0d f   sf_runtime:sf_runtime.dll
 0001:00015e13       getRuntimeInstanceInfoAsVoid 0000000180016e13 f   sf_runtime:sf_runtime.dll
 0001:00015e19       sf_mex_error_direct_call   0000000180016e19 f   sf_runtime:sf_runtime.dll
 0001:00015e1f       sf_clear_error_manager_info 0000000180016e1f f   sf_runtime:sf_runtime.dll
 0001:00015e25       mxIsChar_800               0000000180016e25 f   libmx:libmx.dll
 0001:00015e2b       mxGetScalar_800            0000000180016e2b f   libmx:libmx.dll
 0001:00015e31       mxGetPr_800                0000000180016e31 f   libmx:libmx.dll
 0001:00015e37       mxDestroyArray_800         0000000180016e37 f   libmx:libmx.dll
 0001:00015e3d       mxCreateDoubleMatrix_800   0000000180016e3d f   libmx:libmx.dll
 0001:00015e43       mxGetString_800            0000000180016e43 f   libmx:libmx.dll
 0001:00015e49       mxDuplicateArray_800       0000000180016e49 f   libmx:libmx.dll
 0001:00015e4f       mxSetCell_800              0000000180016e4f f   libmx:libmx.dll
 0001:00015e55       mxSetField_800             0000000180016e55 f   libmx:libmx.dll
 0001:00015e5b       mxCreateString_800         0000000180016e5b f   libmx:libmx.dll
 0001:00015e61       mxCreateCellMatrix_800     0000000180016e61 f   libmx:libmx.dll
 0001:00015e67       mxCreateStructMatrix_800   0000000180016e67 f   libmx:libmx.dll
 0001:00015e6d       mxGetInf_800               0000000180016e6d f   libmx:libmx.dll
 0001:00015e73       mxCalloc_800               0000000180016e73 f   libmx:libmx.dll
 0001:00015e79       mxGetM_800                 0000000180016e79 f   libmx:libmx.dll
 0001:00015e7f       mxGetClassID_800           0000000180016e7f f   libmx:libmx.dll
 0001:00015e85       mxIsNumeric_800            0000000180016e85 f   libmx:libmx.dll
 0001:00015e8b       mxIsComplex_800            0000000180016e8b f   libmx:libmx.dll
 0001:00015e91       mxGetN_800                 0000000180016e91 f   libmx:libmx.dll
 0001:00015e97       mxCreateDoubleScalar_800   0000000180016e97 f   libmx:libmx.dll
 0001:00015e9d       mexMakeArrayPersistent_800 0000000180016e9d f   libmex:libmex.dll
 0001:00015ea3       mexErrMsgTxt_800           0000000180016ea3 f   libmex:libmex.dll
 0001:00015ea9       mexWarnMsgTxt_800          0000000180016ea9 f   libmex:libmex.dll
 0001:00015eaf       mexCallMATLAB_800          0000000180016eaf f   libmex:libmex.dll
 0001:00015eb5       mexLock_800                0000000180016eb5 f   libmex:libmex.dll
 0001:00015ebb       mexUnlock_800              0000000180016ebb f   libmex:libmex.dll
 0001:00015ec1       mexIsLocked_800            0000000180016ec1 f   libmex:libmex.dll
 0001:00015ec7       utMalloc                   0000000180016ec7 f   libut:libut.dll
 0001:00015ecd       utFree                     0000000180016ecd f   libut:libut.dll
 0001:00015ed3       muDoubleScalarFloor        0000000180016ed3 f   libmwmathutil:libmwmathutil.dll
 0001:00015ed9       muDoubleScalarIsNaN        0000000180016ed9 f   libmwmathutil:libmwmathutil.dll
 0001:00015edf       muDoubleScalarIsInf        0000000180016edf f   libmwmathutil:libmwmathutil.dll
 0001:00015ee5       muDoubleScalarRound        0000000180016ee5 f   libmwmathutil:libmwmathutil.dll
 0001:00015eeb       emlrtLicenseCheckR2022a    0000000180016eeb f   libemlrt:libemlrt.dll
 0001:00015ef1       emlrtDynamicBoundsCheckR2012b 0000000180016ef1 f   libemlrt:libemlrt.dll
 0001:00015ef7       emlrtIntegerCheckR2012b    0000000180016ef7 f   libemlrt:libemlrt.dll
 0001:00015efd       covrtCreateStateflowInstanceData 0000000180016efd f   libcovrt:libcovrt.dll
 0001:00015f03       covrtDeleteStateflowInstanceData 0000000180016f03 f   libcovrt:libcovrt.dll
 0001:00015f09       covrtTransInitFcn          0000000180016f09 f   libcovrt:libcovrt.dll
 0001:00015f0f       covrtStateInitFcn          0000000180016f0f f   libcovrt:libcovrt.dll
 0001:00015f15       covrtChartInitFcn          0000000180016f15 f   libcovrt:libcovrt.dll
 0001:00015f1b       covrtSigUpdateFcn          0000000180016f1b f   libcovrt:libcovrt.dll
 0001:00015f21       covrtEmlInitFcn            0000000180016f21 f   libcovrt:libcovrt.dll
 0001:00015f27       covrtEmlFcnInitFcn         0000000180016f27 f   libcovrt:libcovrt.dll
 0001:00015f2d       covrtEmlFcnEval            0000000180016f2d f   libcovrt:libcovrt.dll
 0001:00015f33       covrtSaturationUpdateFcn   0000000180016f33 f   libcovrt:libcovrt.dll
 0001:00015f39       covrtEmlSaturationInitFcn  0000000180016f39 f   libcovrt:libcovrt.dll
 0001:00015f40       __raise_securityfailure    0000000180016f40 f   MSVCRT:gs_report.obj
 0001:00015f74       __report_gsfailure         0000000180016f74 f   MSVCRT:gs_report.obj
 0001:00016048       __report_rangecheckfailure 0000000180017048 f   MSVCRT:gs_report.obj
 0001:0001605c       __report_securityfailure   000000018001705c f   MSVCRT:gs_report.obj
 0001:000160f8       __report_securityfailureEx 00000001800170f8 f   MSVCRT:gs_report.obj
 0001:000162ec       __GSHandlerCheck           00000001800172ec f   MSVCRT:gshandler.obj
 0001:0001630c       __GSHandlerCheckCommon     000000018001730c f   MSVCRT:gshandler.obj
 0001:00016380       __security_check_cookie    0000000180017380 f   MSVCRT:amdsecgs.obj
 0001:000163b0       __chkstk                   00000001800173b0 f   MSVCRT:chkstk.obj
 0001:000163b0       _alloca_probe              00000001800173b0 f   MSVCRT:chkstk.obj
 0001:0001673c       _CRT_INIT                  000000018001773c f   MSVCRT:dll_dllmain.obj
 0001:00016744       _DllMainCRTStartup         0000000180017744 f   MSVCRT:dll_dllmain.obj
 0001:000167f0       __security_init_cookie     00000001800177f0 f   MSVCRT:gs_support.obj
 0001:0001689c       DllMain                    000000018001789c f   MSVCRT:dll_dllmain_stub.obj
 0001:000168c0       ?__scrt_initialize_type_info@@YAXXZ 00000001800178c0 f   MSVCRT:tncleanup.obj
 0001:000168d0       ?__scrt_uninitialize_type_info@@YAXXZ 00000001800178d0 f   MSVCRT:tncleanup.obj
 0001:000168dc       __local_stdio_scanf_options 00000001800178dc f i MSVCRT:default_local_stdio_options.obj
 0001:000168e4       __scrt_initialize_default_local_stdio_options 00000001800178e4 f   MSVCRT:default_local_stdio_options.obj
 0001:00016900       ?configure_argv@__scrt_narrow_argv_policy@@SAHXZ 0000000180017900 f i MSVCRT:utility.obj
 0001:00016960       ?initialize_environment@__scrt_narrow_environment_policy@@SAHXZ 0000000180017960 f i MSVCRT:utility.obj
 0001:00016998       NtCurrentTeb               0000000180017998 f i MSVCRT:utility.obj
 0001:000169a4       __scrt_acquire_startup_lock 00000001800179a4 f   MSVCRT:utility.obj
 0001:000169e0       __scrt_dllmain_after_initialize_c 00000001800179e0 f   MSVCRT:utility.obj
 0001:00016a14       __scrt_dllmain_before_initialize_c 0000000180017a14 f   MSVCRT:utility.obj
 0001:00016a2c       __scrt_dllmain_crt_thread_attach 0000000180017a2c f   MSVCRT:utility.obj
 0001:00016a54       __scrt_dllmain_crt_thread_detach 0000000180017a54 f   MSVCRT:utility.obj
 0001:00016a6c       __scrt_dllmain_exception_filter 0000000180017a6c f   MSVCRT:utility.obj
 0001:00016acc       __scrt_dllmain_uninitialize_c 0000000180017acc f   MSVCRT:utility.obj
 0001:00016afc       __scrt_dllmain_uninitialize_critical 0000000180017afc f   MSVCRT:utility.obj
 0001:00016b10       __scrt_initialize_crt      0000000180017b10 f   MSVCRT:utility.obj
 0001:00016b5c       __scrt_initialize_onexit_tables 0000000180017b5c f   MSVCRT:utility.obj
 0001:00016be8       __scrt_is_nonwritable_in_current_image 0000000180017be8 f   MSVCRT:utility.obj
 0001:00016c80       __scrt_release_startup_lock 0000000180017c80 f   MSVCRT:utility.obj
 0001:00016ca4       __scrt_uninitialize_crt    0000000180017ca4 f   MSVCRT:utility.obj
 0001:00016cd0       _onexit                    0000000180017cd0 f   MSVCRT:utility.obj
 0001:00016d0c       at_quick_exit              0000000180017d0c f   MSVCRT:utility.obj
 0001:00016d2c       atexit                     0000000180017d2c f   MSVCRT:utility.obj
 0001:00016d44       __scrt_get_dyn_tls_init_callback 0000000180017d44 f   MSVCRT:dyn_tls_init.obj
 0001:00016d4c       __crt_debugger_hook        0000000180017d4c f   MSVCRT:utility_desktop.obj
 0001:00016d54       __scrt_fastfail            0000000180017d54 f   MSVCRT:utility_desktop.obj
 0001:00016ea0       __scrt_get_show_window_mode 0000000180017ea0 f   MSVCRT:utility_desktop.obj
 0001:00016edc       __scrt_initialize_mta      0000000180017edc f   MSVCRT:utility_desktop.obj
 0001:00016ee4       __scrt_initialize_winrt    0000000180017ee4 f   MSVCRT:utility_desktop.obj
 0001:00016ee8       __scrt_is_managed_app      0000000180017ee8 f   MSVCRT:utility_desktop.obj
 0001:00016f3c       __scrt_set_unhandled_exception_filter 0000000180017f3c f   MSVCRT:utility_desktop.obj
 0001:00016f4c       __scrt_exe_initialize_mta  0000000180017f4c f   MSVCRT:utility_desktop.obj
 0001:00016f4c       __scrt_stub_for_initialize_mta 0000000180017f4c f   MSVCRT:utility_desktop.obj
 0001:00016f50       __scrt_unhandled_exception_filter 0000000180017f50 f   MSVCRT:utility_desktop.obj
 0001:00016fac       _RTC_Initialize            0000000180017fac f   MSVCRT:initsect.obj
 0001:00016fe8       _RTC_Terminate             0000000180017fe8 f   MSVCRT:initsect.obj
 0001:00017024       _guard_check_icall_nop     0000000180018024 f i MSVCRT:guard_support.obj
 0001:00017028       ReadNoFence64              0000000180018028 f i MSVCRT:guard_support.obj
 0001:0001702c       ReadPointerNoFence         000000018001802c f i MSVCRT:guard_support.obj
 0001:00017030       __castguard_check_failure_debugbreak 0000000180018030 f i MSVCRT:guard_support.obj
 0001:0001704c       __castguard_check_failure_fastfail 000000018001804c f i MSVCRT:guard_support.obj
 0001:00017070       __castguard_check_failure_nop 0000000180018070 f i MSVCRT:guard_support.obj
 0001:00017074       __castguard_check_failure_os_handled 0000000180018074 f i MSVCRT:guard_support.obj
 0001:000170f0       __castguard_slow_path_check_debugbreak 00000001800180f0 f i MSVCRT:guard_support.obj
 0001:00017124       __castguard_slow_path_check_fastfail 0000000180018124 f i MSVCRT:guard_support.obj
 0001:00017160       __castguard_slow_path_check_nop 0000000180018160 f i MSVCRT:guard_support.obj
 0001:00017164       __castguard_slow_path_check_os_handled 0000000180018164 f i MSVCRT:guard_support.obj
 0001:000171d4       _guard_icall_checks_enforced 00000001800181d4 f i MSVCRT:guard_support.obj
 0001:000171ec       _guard_rf_checks_enforced  00000001800181ec f i MSVCRT:guard_support.obj
 0001:000171f0       __isa_available_init       00000001800181f0 f   MSVCRT:cpu_disp.obj
 0001:0001739c       _get_startup_argv_mode     000000018001839c f   MSVCRT:argv_mode.obj
 0001:000173a4       __scrt_is_ucrt_dll_in_use  00000001800183a4 f   MSVCRT:ucrt_detection.obj
 0001:000173b0       RtlCaptureContext          00000001800183b0 f   kernel32:KERNEL32.dll
 0001:000173b6       RtlLookupFunctionEntry     00000001800183b6 f   kernel32:KERNEL32.dll
 0001:000173bc       RtlVirtualUnwind           00000001800183bc f   kernel32:KERNEL32.dll
 0001:000173c2       UnhandledExceptionFilter   00000001800183c2 f   kernel32:KERNEL32.dll
 0001:000173c8       SetUnhandledExceptionFilter 00000001800183c8 f   kernel32:KERNEL32.dll
 0001:000173ce       GetCurrentProcess          00000001800183ce f   kernel32:KERNEL32.dll
 0001:000173d4       TerminateProcess           00000001800183d4 f   kernel32:KERNEL32.dll
 0001:000173da       IsProcessorFeaturePresent  00000001800183da f   kernel32:KERNEL32.dll
 0001:000173e0       QueryPerformanceCounter    00000001800183e0 f   kernel32:KERNEL32.dll
 0001:000173e6       GetCurrentProcessId        00000001800183e6 f   kernel32:KERNEL32.dll
 0001:000173ec       GetCurrentThreadId         00000001800183ec f   kernel32:KERNEL32.dll
 0001:000173f2       GetSystemTimeAsFileTime    00000001800183f2 f   kernel32:KERNEL32.dll
 0001:000173f8       DisableThreadLibraryCalls  00000001800183f8 f   kernel32:KERNEL32.dll
 0001:000173fe       InitializeSListHead        00000001800183fe f   kernel32:KERNEL32.dll
 0001:00017404       IsDebuggerPresent          0000000180018404 f   kernel32:KERNEL32.dll
 0001:0001740a       GetStartupInfoW            000000018001840a f   kernel32:KERNEL32.dll
 0001:00017410       GetModuleHandleW           0000000180018410 f   kernel32:KERNEL32.dll
 0001:00017416       memset                     0000000180018416 f   vcruntime:VCRUNTIME140.dll
 0001:0001741c       memcpy                     000000018001841c f   vcruntime:VCRUNTIME140.dll
 0001:00017422       __C_specific_handler       0000000180018422 f   vcruntime:VCRUNTIME140.dll
 0001:00017428       __std_type_info_destroy_list 0000000180018428 f   vcruntime:VCRUNTIME140.dll
 0001:0001742e       __current_exception        000000018001842e f   vcruntime:VCRUNTIME140.dll
 0001:00017434       __current_exception_context 0000000180018434 f   vcruntime:VCRUNTIME140.dll
 0001:0001743a       strcmp                     000000018001843a f   ucrt:api-ms-win-crt-string-l1-1-0.dll
 0001:00017440       strcat                     0000000180018440 f   ucrt:api-ms-win-crt-string-l1-1-0.dll
 0001:00017446       __stdio_common_vsprintf    0000000180018446 f   ucrt:api-ms-win-crt-stdio-l1-1-0.dll
 0001:0001744c       free                       000000018001844c f   ucrt:api-ms-win-crt-heap-l1-1-0.dll
 0001:00017452       malloc                     0000000180018452 f   ucrt:api-ms-win-crt-heap-l1-1-0.dll
 0001:00017458       strlen                     0000000180018458 f   ucrt:api-ms-win-crt-string-l1-1-0.dll
 0001:0001745e       _initterm                  000000018001845e f   ucrt:api-ms-win-crt-runtime-l1-1-0.dll
 0001:00017464       _initterm_e                0000000180018464 f   ucrt:api-ms-win-crt-runtime-l1-1-0.dll
 0001:0001746a       _seh_filter_dll            000000018001846a f   ucrt:api-ms-win-crt-runtime-l1-1-0.dll
 0001:00017470       _configure_narrow_argv     0000000180018470 f   ucrt:api-ms-win-crt-runtime-l1-1-0.dll
 0001:00017476       _initialize_narrow_environment 0000000180018476 f   ucrt:api-ms-win-crt-runtime-l1-1-0.dll
 0001:0001747c       _initialize_onexit_table   000000018001847c f   ucrt:api-ms-win-crt-runtime-l1-1-0.dll
 0001:00017482       _register_onexit_function  0000000180018482 f   ucrt:api-ms-win-crt-runtime-l1-1-0.dll
 0001:00017488       _execute_onexit_table      0000000180018488 f   ucrt:api-ms-win-crt-runtime-l1-1-0.dll
 0001:0001748e       _crt_atexit                000000018001848e f   ucrt:api-ms-win-crt-runtime-l1-1-0.dll
 0001:00017494       _crt_at_quick_exit         0000000180018494 f   ucrt:api-ms-win-crt-runtime-l1-1-0.dll
 0001:0001749a       _cexit                     000000018001849a f   ucrt:api-ms-win-crt-runtime-l1-1-0.dll
 0001:000174a0       terminate                  00000001800184a0 f   ucrt:api-ms-win-crt-runtime-l1-1-0.dll
 0001:000174a8       __acrt_initialize          00000001800184a8 f   MSVCRT:ucrt_stubs.obj
 0001:000174a8       __scrt_stub_for_acrt_initialize 00000001800184a8 f   MSVCRT:ucrt_stubs.obj
 0001:000174a8       __vcrt_initialize          00000001800184a8 f   MSVCRT:ucrt_stubs.obj
 0001:000174ac       __acrt_thread_attach       00000001800184ac f   MSVCRT:ucrt_stubs.obj
 0001:000174ac       __scrt_stub_for_acrt_thread_attach 00000001800184ac f   MSVCRT:ucrt_stubs.obj
 0001:000174ac       __vcrt_thread_attach       00000001800184ac f   MSVCRT:ucrt_stubs.obj
 0001:000174b0       __acrt_thread_detach       00000001800184b0 f   MSVCRT:ucrt_stubs.obj
 0001:000174b0       __scrt_stub_for_acrt_thread_detach 00000001800184b0 f   MSVCRT:ucrt_stubs.obj
 0001:000174b0       __vcrt_thread_detach       00000001800184b0 f   MSVCRT:ucrt_stubs.obj
 0001:000174b4       __acrt_uninitialize        00000001800184b4 f   MSVCRT:ucrt_stubs.obj
 0001:000174b4       __scrt_stub_for_acrt_uninitialize 00000001800184b4 f   MSVCRT:ucrt_stubs.obj
 0001:000174b4       __vcrt_uninitialize        00000001800184b4 f   MSVCRT:ucrt_stubs.obj
 0001:000174b8       __acrt_uninitialize_critical 00000001800184b8 f   MSVCRT:ucrt_stubs.obj
 0001:000174b8       __scrt_stub_for_acrt_uninitialize_critical 00000001800184b8 f   MSVCRT:ucrt_stubs.obj
 0001:000174b8       __vcrt_uninitialize_critical 00000001800184b8 f   MSVCRT:ucrt_stubs.obj
 0001:000174bc       __scrt_stub_for_is_c_termination_complete 00000001800184bc f   MSVCRT:ucrt_stubs.obj
 0001:000174bc       _is_c_termination_complete 00000001800184bc f   MSVCRT:ucrt_stubs.obj
 0001:000174d0       _guard_dispatch_icall_nop  00000001800184d0 f   MSVCRT:guard_dispatch.obj
 0001:000174f0       _guard_xfg_dispatch_icall_nop 00000001800184f0 f   MSVCRT:guard_xfg_dispatch.obj
 0002:00000000       __imp_GetSystemTimeAsFileTime 0000000180019000     kernel32:KERNEL32.dll
 0002:00000008       __imp_IsProcessorFeaturePresent 0000000180019008     kernel32:KERNEL32.dll
 0002:00000010       __imp_RtlCaptureContext    0000000180019010     kernel32:KERNEL32.dll
 0002:00000018       __imp_RtlLookupFunctionEntry 0000000180019018     kernel32:KERNEL32.dll
 0002:00000020       __imp_QueryPerformanceCounter 0000000180019020     kernel32:KERNEL32.dll
 0002:00000028       __imp_GetCurrentProcessId  0000000180019028     kernel32:KERNEL32.dll
 0002:00000030       __imp_GetCurrentThreadId   0000000180019030     kernel32:KERNEL32.dll
 0002:00000038       __imp_DisableThreadLibraryCalls 0000000180019038     kernel32:KERNEL32.dll
 0002:00000040       __imp_InitializeSListHead  0000000180019040     kernel32:KERNEL32.dll
 0002:00000048       __imp_IsDebuggerPresent    0000000180019048     kernel32:KERNEL32.dll
 0002:00000050       __imp_GetStartupInfoW      0000000180019050     kernel32:KERNEL32.dll
 0002:00000058       __imp_GetModuleHandleW     0000000180019058     kernel32:KERNEL32.dll
 0002:00000060       __imp_GetCurrentProcess    0000000180019060     kernel32:KERNEL32.dll
 0002:00000068       __imp_SetUnhandledExceptionFilter 0000000180019068     kernel32:KERNEL32.dll
 0002:00000070       __imp_UnhandledExceptionFilter 0000000180019070     kernel32:KERNEL32.dll
 0002:00000078       __imp_RtlVirtualUnwind     0000000180019078     kernel32:KERNEL32.dll
 0002:00000080       __imp_TerminateProcess     0000000180019080     kernel32:KERNEL32.dll
 0002:00000088       \177KERNEL32_NULL_THUNK_DATA 0000000180019088     kernel32:KERNEL32.dll
 0002:00000090       __imp_memset               0000000180019090     vcruntime:VCRUNTIME140.dll
 0002:00000098       __imp_memcpy               0000000180019098     vcruntime:VCRUNTIME140.dll
 0002:000000a0       __imp___C_specific_handler 00000001800190a0     vcruntime:VCRUNTIME140.dll
 0002:000000a8       __imp___std_type_info_destroy_list 00000001800190a8     vcruntime:VCRUNTIME140.dll
 0002:000000b0       __imp___current_exception  00000001800190b0     vcruntime:VCRUNTIME140.dll
 0002:000000b8       __imp___current_exception_context 00000001800190b8     vcruntime:VCRUNTIME140.dll
 0002:000000c0       \177VCRUNTIME140_NULL_THUNK_DATA 00000001800190c0     vcruntime:VCRUNTIME140.dll
 0002:000000c8       __imp_malloc               00000001800190c8     ucrt:api-ms-win-crt-heap-l1-1-0.dll
 0002:000000d0       __imp_free                 00000001800190d0     ucrt:api-ms-win-crt-heap-l1-1-0.dll
 0002:000000d8       \177api-ms-win-crt-heap-l1-1-0_NULL_THUNK_DATA 00000001800190d8     ucrt:api-ms-win-crt-heap-l1-1-0.dll
 0002:000000e0       __imp__seh_filter_dll      00000001800190e0     ucrt:api-ms-win-crt-runtime-l1-1-0.dll
 0002:000000e8       __imp__configure_narrow_argv 00000001800190e8     ucrt:api-ms-win-crt-runtime-l1-1-0.dll
 0002:000000f0       __imp__initialize_onexit_table 00000001800190f0     ucrt:api-ms-win-crt-runtime-l1-1-0.dll
 0002:000000f8       __imp__register_onexit_function 00000001800190f8     ucrt:api-ms-win-crt-runtime-l1-1-0.dll
 0002:00000100       __imp__execute_onexit_table 0000000180019100     ucrt:api-ms-win-crt-runtime-l1-1-0.dll
 0002:00000108       __imp__crt_atexit          0000000180019108     ucrt:api-ms-win-crt-runtime-l1-1-0.dll
 0002:00000110       __imp__initialize_narrow_environment 0000000180019110     ucrt:api-ms-win-crt-runtime-l1-1-0.dll
 0002:00000118       __imp__initterm_e          0000000180019118     ucrt:api-ms-win-crt-runtime-l1-1-0.dll
 0002:00000120       __imp__crt_at_quick_exit   0000000180019120     ucrt:api-ms-win-crt-runtime-l1-1-0.dll
 0002:00000128       __imp__cexit               0000000180019128     ucrt:api-ms-win-crt-runtime-l1-1-0.dll
 0002:00000130       __imp_terminate            0000000180019130     ucrt:api-ms-win-crt-runtime-l1-1-0.dll
 0002:00000138       __imp__initterm            0000000180019138     ucrt:api-ms-win-crt-runtime-l1-1-0.dll
 0002:00000140       \177api-ms-win-crt-runtime-l1-1-0_NULL_THUNK_DATA 0000000180019140     ucrt:api-ms-win-crt-runtime-l1-1-0.dll
 0002:00000148       __imp___stdio_common_vsprintf 0000000180019148     ucrt:api-ms-win-crt-stdio-l1-1-0.dll
 0002:00000150       \177api-ms-win-crt-stdio-l1-1-0_NULL_THUNK_DATA 0000000180019150     ucrt:api-ms-win-crt-stdio-l1-1-0.dll
 0002:00000158       __imp_strlen               0000000180019158     ucrt:api-ms-win-crt-string-l1-1-0.dll
 0002:00000160       __imp_strcat               0000000180019160     ucrt:api-ms-win-crt-string-l1-1-0.dll
 0002:00000168       __imp_strcmp               0000000180019168     ucrt:api-ms-win-crt-string-l1-1-0.dll
 0002:00000170       \177api-ms-win-crt-string-l1-1-0_NULL_THUNK_DATA 0000000180019170     ucrt:api-ms-win-crt-string-l1-1-0.dll
 0002:00000178       __imp_covrtCreateStateflowInstanceData 0000000180019178     libcovrt:libcovrt.dll
 0002:00000180       __imp_covrtEmlSaturationInitFcn 0000000180019180     libcovrt:libcovrt.dll
 0002:00000188       __imp_covrtSaturationUpdateFcn 0000000180019188     libcovrt:libcovrt.dll
 0002:00000190       __imp_covrtEmlFcnEval      0000000180019190     libcovrt:libcovrt.dll
 0002:00000198       __imp_covrtEmlFcnInitFcn   0000000180019198     libcovrt:libcovrt.dll
 0002:000001a0       __imp_covrtEmlInitFcn      00000001800191a0     libcovrt:libcovrt.dll
 0002:000001a8       __imp_covrtSigUpdateFcn    00000001800191a8     libcovrt:libcovrt.dll
 0002:000001b0       __imp_covrtChartInitFcn    00000001800191b0     libcovrt:libcovrt.dll
 0002:000001b8       __imp_covrtStateInitFcn    00000001800191b8     libcovrt:libcovrt.dll
 0002:000001c0       __imp_covrtTransInitFcn    00000001800191c0     libcovrt:libcovrt.dll
 0002:000001c8       __imp_covrtDeleteStateflowInstanceData 00000001800191c8     libcovrt:libcovrt.dll
 0002:000001d0       \177libcovrt_NULL_THUNK_DATA 00000001800191d0     libcovrt:libcovrt.dll
 0002:000001d8       __imp_emlrtIntegerCheckR2012b 00000001800191d8     libemlrt:libemlrt.dll
 0002:000001e0       __imp_emlrtDynamicBoundsCheckR2012b 00000001800191e0     libemlrt:libemlrt.dll
 0002:000001e8       __imp_emlrtLicenseCheckR2022a 00000001800191e8     libemlrt:libemlrt.dll
 0002:000001f0       \177libemlrt_NULL_THUNK_DATA 00000001800191f0     libemlrt:libemlrt.dll
 0002:000001f8       __imp_mexUnlock_800        00000001800191f8     libmex:libmex.dll
 0002:00000200       __imp_mexMakeArrayPersistent_800 0000000180019200     libmex:libmex.dll
 0002:00000208       __imp_mexErrMsgTxt_800     0000000180019208     libmex:libmex.dll
 0002:00000210       __imp_mexWarnMsgTxt_800    0000000180019210     libmex:libmex.dll
 0002:00000218       __imp_mexCallMATLAB_800    0000000180019218     libmex:libmex.dll
 0002:00000220       __imp_mexLock_800          0000000180019220     libmex:libmex.dll
 0002:00000228       __imp_mexIsLocked_800      0000000180019228     libmex:libmex.dll
 0002:00000230       \177libmex_NULL_THUNK_DATA 0000000180019230     libmex:libmex.dll
 0002:00000238       __imp_getnumcores          0000000180019238     libmwgetnumcores:libmwgetnumcores.dll
 0002:00000240       \177libmwgetnumcores_NULL_THUNK_DATA 0000000180019240     libmwgetnumcores:libmwgetnumcores.dll
 0002:00000248       __imp_grayto8_real64       0000000180019248     libmwgrayto8:libmwgrayto8.dll
 0002:00000250       \177libmwgrayto8_NULL_THUNK_DATA 0000000180019250     libmwgrayto8:libmwgrayto8.dll
 0002:00000258       __imp_muDoubleScalarIsNaN  0000000180019258     libmwmathutil:libmwmathutil.dll
 0002:00000260       __imp_muDoubleScalarIsInf  0000000180019260     libmwmathutil:libmwmathutil.dll
 0002:00000268       __imp_muDoubleScalarRound  0000000180019268     libmwmathutil:libmwmathutil.dll
 0002:00000270       __imp_muDoubleScalarFloor  0000000180019270     libmwmathutil:libmwmathutil.dll
 0002:00000278       \177libmwmathutil_NULL_THUNK_DATA 0000000180019278     libmwmathutil:libmwmathutil.dll
 0002:00000280       __imp_rgb2gray_tbb_uint8   0000000180019280     libmwrgb2gray_tbb:libmwrgb2gray_tbb.dll
 0002:00000288       \177libmwrgb2gray_tbb_NULL_THUNK_DATA 0000000180019288     libmwrgb2gray_tbb:libmwrgb2gray_tbb.dll
 0002:00000290       __imp_mxIsComplex_800      0000000180019290     libmx:libmx.dll
 0002:00000298       __imp_mxIsNumeric_800      0000000180019298     libmx:libmx.dll
 0002:000002a0       __imp_mxGetClassID_800     00000001800192a0     libmx:libmx.dll
 0002:000002a8       __imp_mxGetM_800           00000001800192a8     libmx:libmx.dll
 0002:000002b0       __imp_mxGetN_800           00000001800192b0     libmx:libmx.dll
 0002:000002b8       __imp_mxCreateDoubleScalar_800 00000001800192b8     libmx:libmx.dll
 0002:000002c0       __imp_mxCreateStructMatrix_800 00000001800192c0     libmx:libmx.dll
 0002:000002c8       __imp_mxCreateCellMatrix_800 00000001800192c8     libmx:libmx.dll
 0002:000002d0       __imp_mxCreateString_800   00000001800192d0     libmx:libmx.dll
 0002:000002d8       __imp_mxSetField_800       00000001800192d8     libmx:libmx.dll
 0002:000002e0       __imp_mxSetCell_800        00000001800192e0     libmx:libmx.dll
 0002:000002e8       __imp_mxDuplicateArray_800 00000001800192e8     libmx:libmx.dll
 0002:000002f0       __imp_mxGetString_800      00000001800192f0     libmx:libmx.dll
 0002:000002f8       __imp_mxCreateDoubleMatrix_800 00000001800192f8     libmx:libmx.dll
 0002:00000300       __imp_mxDestroyArray_800   0000000180019300     libmx:libmx.dll
 0002:00000308       __imp_mxGetPr_800          0000000180019308     libmx:libmx.dll
 0002:00000310       __imp_mxGetScalar_800      0000000180019310     libmx:libmx.dll
 0002:00000318       __imp_mxIsChar_800         0000000180019318     libmx:libmx.dll
 0002:00000320       __imp_mxGetInf_800         0000000180019320     libmx:libmx.dll
 0002:00000328       __imp_mxCalloc_800         0000000180019328     libmx:libmx.dll
 0002:00000330       \177libmx_NULL_THUNK_DATA  0000000180019330     libmx:libmx.dll
 0002:00000338       __imp_utMalloc             0000000180019338     libut:libut.dll
 0002:00000340       __imp_utFree               0000000180019340     libut:libut.dll
 0002:00000348       \177libut_NULL_THUNK_DATA  0000000180019348     libut:libut.dll
 0002:00000350       __imp_sf_get_hasSeparateUpdateOutputs 0000000180019350     sf_runtime:sf_runtime.dll
 0002:00000358       __imp_sf_mex_error_direct_call 0000000180019358     sf_runtime:sf_runtime.dll
 0002:00000360       __imp_sf_data_saturate_error 0000000180019360     sf_runtime:sf_runtime.dll
 0002:00000368       __imp_sf_data_overflow_error 0000000180019368     sf_runtime:sf_runtime.dll
 0002:00000370       __imp_ssGetOutputPortSignal_wrapper 0000000180019370     sf_runtime:sf_runtime.dll
 0002:00000378       __imp_ssGetInputPortSignal_wrapper 0000000180019378     sf_runtime:sf_runtime.dll
 0002:00000380       __imp_sf_mex_import        0000000180019380     sf_runtime:sf_runtime.dll
 0002:00000388       __imp_sf_mex_destroy       0000000180019388     sf_runtime:sf_runtime.dll
 0002:00000390       __imp_sf_mex_dup           0000000180019390     sf_runtime:sf_runtime.dll
 0002:00000398       __imp_sf_mex_assign        0000000180019398     sf_runtime:sf_runtime.dll
 0002:000003a0       __imp_sf_mex_getcell       00000001800193a0     sf_runtime:sf_runtime.dll
 0002:000003a8       __imp_sf_mex_setcell       00000001800193a8     sf_runtime:sf_runtime.dll
 0002:000003b0       __imp_sf_mex_createcellmatrix 00000001800193b0     sf_runtime:sf_runtime.dll
 0002:000003b8       __imp_sf_mex_create        00000001800193b8     sf_runtime:sf_runtime.dll
 0002:000003c0       __imp_sf_mex_error_message 00000001800193c0     sf_runtime:sf_runtime.dll
 0002:000003c8       __imp_callMdlMethodAndReportError 00000001800193c8     sf_runtime:sf_runtime.dll
 0002:000003d0       __imp_mdlProcessParamsCommon 00000001800193d0     sf_runtime:sf_runtime.dll
 0002:000003d8       __imp_sf_set_work_widths   00000001800193d8     sf_runtime:sf_runtime.dll
 0002:000003e0       __imp_sf_get_time          00000001800193e0     sf_runtime:sf_runtime.dll
 0002:000003e8       __imp_sf_clear_rtw_identifier 00000001800193e8     sf_runtime:sf_runtime.dll
 0002:000003f0       __imp_sim_mode_is_external 00000001800193f0     sf_runtime:sf_runtime.dll
 0002:000003f8       __imp_sim_mode_is_rtw_gen  00000001800193f8     sf_runtime:sf_runtime.dll
 0002:00000400       __imp_sfSetAnimationVectors 0000000180019400     sf_runtime:sf_runtime.dll
 0002:00000408       __imp_sf_get_chart_instance_ptr 0000000180019408     sf_runtime:sf_runtime.dll
 0002:00000410       __imp_sfrtGetCovrtInstance 0000000180019410     sf_runtime:sf_runtime.dll
 0002:00000418       __imp_sfrtGetEmlrtCtx      0000000180019418     sf_runtime:sf_runtime.dll
 0002:00000420       __imp_sf_reset_warnings_ChartRunTimeInfo 0000000180019420     sf_runtime:sf_runtime.dll
 0002:00000428       __imp_sf_free_ChartRunTimeInfo 0000000180019428     sf_runtime:sf_runtime.dll
 0002:00000430       __imp_sf_init_ChartRunTimeInfo 0000000180019430     sf_runtime:sf_runtime.dll
 0002:00000438       __imp_sf_mex_decode        0000000180019438     sf_runtime:sf_runtime.dll
 0002:00000440       __imp_sf_load_rtw_optimization_info 0000000180019440     sf_runtime:sf_runtime.dll
 0002:00000448       __imp_sf_clear_error_manager_info 0000000180019448     sf_runtime:sf_runtime.dll
 0002:00000450       __imp_call_sf_machine_global_method_dispatcher 0000000180019450     sf_runtime:sf_runtime.dll
 0002:00000458       __imp_sf_mex_call          0000000180019458     sf_runtime:sf_runtime.dll
 0002:00000460       __imp_getRuntimeInstanceInfoAsVoid 0000000180019460     sf_runtime:sf_runtime.dll
 0002:00000468       __imp_sf_get_ChartInfoStruct_CodeGen 0000000180019468     sf_runtime:sf_runtime.dll
 0002:00000470       \177sf_runtime_NULL_THUNK_DATA 0000000180019470     sf_runtime:sf_runtime.dll
 0002:00000478       __guard_check_icall_fptr   0000000180019478     MSVCRT:guard_support.obj
 0002:00000480       __guard_xfg_check_icall_fptr 0000000180019480     MSVCRT:guard_support.obj
 0002:00000488       __guard_dispatch_icall_fptr 0000000180019488     MSVCRT:guard_support.obj
 0002:00000490       __guard_xfg_dispatch_icall_fptr 0000000180019490     MSVCRT:guard_support.obj
 0002:00000498       __guard_xfg_table_dispatch_icall_fptr 0000000180019498     MSVCRT:guard_support.obj
 0002:000004a0       __castguard_check_failure_os_handled_fptr 00000001800194a0     MSVCRT:guard_support.obj
 0002:000004a8       __guard_memcpy_fptr        00000001800194a8     vcruntime:softmemtag.obj
 0002:000004b0       __xc_a                     00000001800194b0     MSVCRT:initializers.obj
 0002:000004b8       __xc_z                     00000001800194b8     MSVCRT:initializers.obj
 0002:000004c0       __xi_a                     00000001800194c0     MSVCRT:initializers.obj
 0002:000004c8       __xi_z                     00000001800194c8     MSVCRT:initializers.obj
 0002:000004d0       __xp_a                     00000001800194d0     MSVCRT:initializers.obj
 0002:000004d8       __xp_z                     00000001800194d8     MSVCRT:initializers.obj
 0002:000004e0       __xt_a                     00000001800194e0     MSVCRT:initializers.obj
 0002:000004e8       __xt_z                     00000001800194e8     MSVCRT:initializers.obj
 0002:000004f0       __real@4174ffbd70000000    00000001800194f0     flightControlSystem_sfun.obj
 0002:000004f8       __real@418f503920000000    00000001800194f8     flightControlSystem_sfun.obj
 0002:00000500       __real@41b92f8712000000    0000000180019500     flightControlSystem_sfun.obj
 0002:00000508       __real@41bad2f744000000    0000000180019508     flightControlSystem_sfun.obj
 0002:00000510       __real@41cb1a5378800000    0000000180019510     flightControlSystem_sfun.obj
 0002:00000518       __real@41dd4ff610400000    0000000180019518     flightControlSystem_sfun.obj
 0002:00000520       __real@41e3f2a9e2200000    0000000180019520     flightControlSystem_sfun.obj
 0002:00000528       __real@41e3fa3198000000    0000000180019528     flightControlSystem_sfun.obj
 0002:00000530       __real@41e4f97bc3200000    0000000180019530     flightControlSystem_sfun.obj
 0002:00000538       __real@41e5ea5a70200000    0000000180019538     flightControlSystem_sfun.obj
 0002:00000540       __real@41eb30c5b0800000    0000000180019540     flightControlSystem_sfun.obj
 0002:00000548       __real@41ed0b63b6c00000    0000000180019548     flightControlSystem_sfun.obj
 0002:00000558       __real@3ff0000000000000    0000000180019558     c4_flightControlSystem.obj
 0002:00000560       __real@4000000000000000    0000000180019560     c4_flightControlSystem.obj
 0002:00000568       __real@406fe00000000000    0000000180019568     c4_flightControlSystem.obj
 0002:00000570       __real@40d2c00000000000    0000000180019570     c4_flightControlSystem.obj
 0002:00000578       __real@41c337976a000000    0000000180019578     c4_flightControlSystem.obj
 0002:00000580       __real@41c83b42b6800000    0000000180019580     c4_flightControlSystem.obj
 0002:00000588       __real@41eabbd0d5400000    0000000180019588     c4_flightControlSystem.obj
 0002:00000590       __real@41ec99671be00000    0000000180019590     c4_flightControlSystem.obj
 0002:000005a0       __xmm@80000000000000008000000000000000 00000001800195a0     c4_flightControlSystem.obj
 0002:000005b8       __real@0000000000000000    00000001800195b8     c11_flightControlSystem.obj
 0002:000005c0       __real@4070000000000000    00000001800195c0     c11_flightControlSystem.obj
 0002:000005c8       __real@40cc200000000000    00000001800195c8     c11_flightControlSystem.obj
 0002:000005d0       __real@41c5db452f000000    00000001800195d0     c11_flightControlSystem.obj
 0002:000005d8       __real@41d07c4313c00000    00000001800195d8     c11_flightControlSystem.obj
 0002:000005e0       __real@41d51ec150000000    00000001800195e0     c11_flightControlSystem.obj
 0002:000005e8       __real@41d9ccd1a2c00000    00000001800195e8     c11_flightControlSystem.obj
 0002:000005f8       __real@41a7bfc604000000    00000001800195f8     c14_flightControlSystem.obj
 0002:00000600       __real@41ce0a37cb000000    0000000180019600     c14_flightControlSystem.obj
 0002:00000608       __real@41e5f9b200600000    0000000180019608     c14_flightControlSystem.obj
 0002:00000610       __real@41ebc0f677400000    0000000180019610     c14_flightControlSystem.obj
 0002:00000618       DYNAMIC_DIMENSION_DEF      0000000180019618     flightControlSystem_sfun_registry.obj
 0002:00000630       __real@4010000000000000    0000000180019630     flightControlSystem_sfun_registry.obj
 0002:00000638       __real@41602cbca0000000    0000000180019638     flightControlSystem_sfun_registry.obj
 0002:00000640       __real@bff0000000000000    0000000180019640     flightControlSystem_sfun_registry.obj
 0002:00000658       _pDefaultRawDllMain        0000000180019658     MSVCRT:dll_dllmain.obj
 0002:00000658       _pRawDllMain               0000000180019658     MSVCRT:dll_dllmain.obj
 0002:00000660       __xmm@ffffffffffffffffffffffffffffffff 0000000180019660     MSVCRT:utility.obj
 0002:00000670       _load_config_used          0000000180019670     MSVCRT:loadcfg.obj
 0002:00000800       __CastGuardVftablesStart   0000000180019800     MSVCRT:guard_support.obj
 0002:00000880       __CastGuardVftablesEnd     0000000180019880     MSVCRT:guard_support.obj
 0002:00000900       __volatile_metadata        0000000180019900     <linker-defined>
 0002:00000d40       __rtc_iaa                  0000000180019d40     MSVCRT:initsect.obj
 0002:00000d48       __rtc_izz                  0000000180019d48     MSVCRT:initsect.obj
 0002:00000d50       __rtc_taa                  0000000180019d50     MSVCRT:initsect.obj
 0002:00000d58       __rtc_tzz                  0000000180019d58     MSVCRT:initsect.obj
 0002:00001a14       __IMPORT_DESCRIPTOR_libmwgrayto8 000000018001aa14     libmwgrayto8:libmwgrayto8.dll
 0002:00001a28       __IMPORT_DESCRIPTOR_libmwrgb2gray_tbb 000000018001aa28     libmwrgb2gray_tbb:libmwrgb2gray_tbb.dll
 0002:00001a3c       __IMPORT_DESCRIPTOR_libmwgetnumcores 000000018001aa3c     libmwgetnumcores:libmwgetnumcores.dll
 0002:00001a50       __IMPORT_DESCRIPTOR_sf_runtime 000000018001aa50     sf_runtime:sf_runtime.dll
 0002:00001a64       __IMPORT_DESCRIPTOR_libmx  000000018001aa64     libmx:libmx.dll
 0002:00001a78       __IMPORT_DESCRIPTOR_libmex 000000018001aa78     libmex:libmex.dll
 0002:00001a8c       __IMPORT_DESCRIPTOR_libut  000000018001aa8c     libut:libut.dll
 0002:00001aa0       __IMPORT_DESCRIPTOR_libmwmathutil 000000018001aaa0     libmwmathutil:libmwmathutil.dll
 0002:00001ab4       __IMPORT_DESCRIPTOR_libemlrt 000000018001aab4     libemlrt:libemlrt.dll
 0002:00001ac8       __IMPORT_DESCRIPTOR_libcovrt 000000018001aac8     libcovrt:libcovrt.dll
 0002:00001adc       __IMPORT_DESCRIPTOR_KERNEL32 000000018001aadc     kernel32:KERNEL32.dll
 0002:00001af0       __IMPORT_DESCRIPTOR_VCRUNTIME140 000000018001aaf0     vcruntime:VCRUNTIME140.dll
 0002:00001b04       __IMPORT_DESCRIPTOR_api-ms-win-crt-string-l1-1-0 000000018001ab04     ucrt:api-ms-win-crt-string-l1-1-0.dll
 0002:00001b18       __IMPORT_DESCRIPTOR_api-ms-win-crt-stdio-l1-1-0 000000018001ab18     ucrt:api-ms-win-crt-stdio-l1-1-0.dll
 0002:00001b2c       __IMPORT_DESCRIPTOR_api-ms-win-crt-heap-l1-1-0 000000018001ab2c     ucrt:api-ms-win-crt-heap-l1-1-0.dll
 0002:00001b40       __IMPORT_DESCRIPTOR_api-ms-win-crt-runtime-l1-1-0 000000018001ab40     ucrt:api-ms-win-crt-runtime-l1-1-0.dll
 0002:00001b54       __NULL_IMPORT_DESCRIPTOR   000000018001ab54     libmwgrayto8:libmwgrayto8.dll
 0003:00006ab0       DYNAMIC_DIMENSION          0000000180022ab0     flightControlSystem_sfun_registry.obj
 0003:000090c0       __security_cookie_complement 00000001800250c0     MSVCRT:gs_cookie.obj
 0003:000090c8       __security_cookie          00000001800250c8     MSVCRT:gs_cookie.obj
 0003:000090d0       _fltused                   00000001800250d0     MSVCRT:fltused.obj
 0003:000090e0       __scrt_native_dllmain_reason 00000001800250e0     MSVCRT:utility.obj
 0003:000090e8       __isa_available            00000001800250e8     MSVCRT:cpu_disp.obj
 0003:000090ec       __isa_enabled              00000001800250ec     MSVCRT:cpu_disp.obj
 0003:000090f0       __memset_fast_string_threshold 00000001800250f0     MSVCRT:cpu_disp.obj
 0003:000090f8       __memset_nt_threshold      00000001800250f8     MSVCRT:cpu_disp.obj
 0003:00009100       __scrt_ucrt_dll_is_in_use  0000000180025100     MSVCRT:ucrt_stubs.obj
 0003:0000a840       ?__type_info_root_node@@3U__type_info_node@@A 0000000180026840     MSVCRT:tncleanup.obj
 0003:0000a850       ?_OptionsStorage@?1??__local_stdio_printf_options@@9@4_KA 0000000180026850     MSVCRT:default_local_stdio_options.obj
 0003:0000a858       ?_OptionsStorage@?1??__local_stdio_scanf_options@@9@4_KA 0000000180026858     MSVCRT:default_local_stdio_options.obj
 0003:0000a860       __scrt_current_native_startup_state 0000000180026860     MSVCRT:utility.obj
 0003:0000a868       __scrt_native_startup_lock 0000000180026868     MSVCRT:utility.obj
 0003:0000a8a8       __scrt_debugger_hook_flag  00000001800268a8     MSVCRT:utility_desktop.obj
 0003:0000a8ac       __favor                    00000001800268ac     MSVCRT:cpu_disp.obj
 0003:0000a8b0       ?_OptionsStorage@?1??__local_stdio_printf_options@@9@9 00000001800268b0     <common>
 0003:0000a8b8       __dyn_tls_init_callback    00000001800268b8     <common>

 entry point at        0001:00016744

 Static symbols

 0000:00000000       _volmd                     0000000180000000     c11_flightControlSystem.obj
 0000:00000000       _volmd                     0000000180000000     c14_flightControlSystem.obj
 0000:00000000       _volmd                     0000000180000000     c4_flightControlSystem.obj
 0000:00000000       .debug$S                   0000000180000000     flightControlSystem_sfun.exp
 0000:00000000       _volmd                     0000000180000000     flightControlSystem_sfun.obj
 0000:00000000       _volmd                     0000000180000000     flightControlSystem_sfun_registry.obj
 0000:00000000       .debug$S                   0000000180000000     ucrt:api-ms-win-crt-heap-l1-1-0.dll
 0000:00000000       .debug$S                   0000000180000000     ucrt:api-ms-win-crt-heap-l1-1-0.dll
 0000:00000000       .debug$S                   0000000180000000     ucrt:api-ms-win-crt-runtime-l1-1-0.dll
 0000:00000000       .debug$S                   0000000180000000     ucrt:api-ms-win-crt-runtime-l1-1-0.dll
 0000:00000000       .debug$S                   0000000180000000     ucrt:api-ms-win-crt-runtime-l1-1-0.dll
 0000:00000000       .debug$S                   0000000180000000     ucrt:api-ms-win-crt-runtime-l1-1-0.dll
 0000:00000000       .debug$S                   0000000180000000     ucrt:api-ms-win-crt-runtime-l1-1-0.dll
 0000:00000000       .debug$S                   0000000180000000     ucrt:api-ms-win-crt-runtime-l1-1-0.dll
 0000:00000000       .debug$S                   0000000180000000     ucrt:api-ms-win-crt-runtime-l1-1-0.dll
 0000:00000000       .debug$S                   0000000180000000     ucrt:api-ms-win-crt-runtime-l1-1-0.dll
 0000:00000000       .debug$S                   0000000180000000     ucrt:api-ms-win-crt-runtime-l1-1-0.dll
 0000:00000000       .debug$S                   0000000180000000     ucrt:api-ms-win-crt-runtime-l1-1-0.dll
 0000:00000000       .debug$S                   0000000180000000     ucrt:api-ms-win-crt-runtime-l1-1-0.dll
 0000:00000000       .debug$S                   0000000180000000     ucrt:api-ms-win-crt-runtime-l1-1-0.dll
 0000:00000000       .debug$S                   0000000180000000     ucrt:api-ms-win-crt-stdio-l1-1-0.dll
 0000:00000000       .debug$S                   0000000180000000     ucrt:api-ms-win-crt-string-l1-1-0.dll
 0000:00000000       .debug$S                   0000000180000000     ucrt:api-ms-win-crt-string-l1-1-0.dll
 0000:00000000       .debug$S                   0000000180000000     ucrt:api-ms-win-crt-string-l1-1-0.dll
 0000:00000000       .debug$S                   0000000180000000     kernel32:KERNEL32.dll
 0000:00000000       .debug$S                   0000000180000000     kernel32:KERNEL32.dll
 0000:00000000       .debug$S                   0000000180000000     kernel32:KERNEL32.dll
 0000:00000000       .debug$S                   0000000180000000     kernel32:KERNEL32.dll
 0000:00000000       .debug$S                   0000000180000000     kernel32:KERNEL32.dll
 0000:00000000       .debug$S                   0000000180000000     kernel32:KERNEL32.dll
 0000:00000000       .debug$S                   0000000180000000     kernel32:KERNEL32.dll
 0000:00000000       .debug$S                   0000000180000000     kernel32:KERNEL32.dll
 0000:00000000       .debug$S                   0000000180000000     kernel32:KERNEL32.dll
 0000:00000000       .debug$S                   0000000180000000     kernel32:KERNEL32.dll
 0000:00000000       .debug$S                   0000000180000000     kernel32:KERNEL32.dll
 0000:00000000       .debug$S                   0000000180000000     kernel32:KERNEL32.dll
 0000:00000000       .debug$S                   0000000180000000     kernel32:KERNEL32.dll
 0000:00000000       .debug$S                   0000000180000000     kernel32:KERNEL32.dll
 0000:00000000       .debug$S                   0000000180000000     kernel32:KERNEL32.dll
 0000:00000000       .debug$S                   0000000180000000     kernel32:KERNEL32.dll
 0000:00000000       .debug$S                   0000000180000000     kernel32:KERNEL32.dll
 0000:00000000       .debug$S                   0000000180000000     libcovrt:libcovrt.dll
 0000:00000000       .debug$S                   0000000180000000     libcovrt:libcovrt.dll
 0000:00000000       .debug$S                   0000000180000000     libcovrt:libcovrt.dll
 0000:00000000       .debug$S                   0000000180000000     libcovrt:libcovrt.dll
 0000:00000000       .debug$S                   0000000180000000     libcovrt:libcovrt.dll
 0000:00000000       .debug$S                   0000000180000000     libcovrt:libcovrt.dll
 0000:00000000       .debug$S                   0000000180000000     libcovrt:libcovrt.dll
 0000:00000000       .debug$S                   0000000180000000     libcovrt:libcovrt.dll
 0000:00000000       .debug$S                   0000000180000000     libcovrt:libcovrt.dll
 0000:00000000       .debug$S                   0000000180000000     libcovrt:libcovrt.dll
 0000:00000000       .debug$S                   0000000180000000     libcovrt:libcovrt.dll
 0000:00000000       .debug$S                   0000000180000000     libemlrt:libemlrt.dll
 0000:00000000       .debug$S                   0000000180000000     libemlrt:libemlrt.dll
 0000:00000000       .debug$S                   0000000180000000     libemlrt:libemlrt.dll
 0000:00000000       .debug$S                   0000000180000000     libmex:libmex.dll
 0000:00000000       .debug$S                   0000000180000000     libmex:libmex.dll
 0000:00000000       .debug$S                   0000000180000000     libmex:libmex.dll
 0000:00000000       .debug$S                   0000000180000000     libmex:libmex.dll
 0000:00000000       .debug$S                   0000000180000000     libmex:libmex.dll
 0000:00000000       .debug$S                   0000000180000000     libmex:libmex.dll
 0000:00000000       .debug$S                   0000000180000000     libmex:libmex.dll
 0000:00000000       .debug$S                   0000000180000000     libmwgetnumcores:libmwgetnumcores.dll
 0000:00000000       .debug$S                   0000000180000000     libmwgrayto8:libmwgrayto8.dll
 0000:00000000       .debug$S                   0000000180000000     libmwmathutil:libmwmathutil.dll
 0000:00000000       .debug$S                   0000000180000000     libmwmathutil:libmwmathutil.dll
 0000:00000000       .debug$S                   0000000180000000     libmwmathutil:libmwmathutil.dll
 0000:00000000       .debug$S                   0000000180000000     libmwmathutil:libmwmathutil.dll
 0000:00000000       .debug$S                   0000000180000000     libmwrgb2gray_tbb:libmwrgb2gray_tbb.dll
 0000:00000000       .debug$S                   0000000180000000     libmx:libmx.dll
 0000:00000000       .debug$S                   0000000180000000     libmx:libmx.dll
 0000:00000000       .debug$S                   0000000180000000     libmx:libmx.dll
 0000:00000000       .debug$S                   0000000180000000     libmx:libmx.dll
 0000:00000000       .debug$S                   0000000180000000     libmx:libmx.dll
 0000:00000000       .debug$S                   0000000180000000     libmx:libmx.dll
 0000:00000000       .debug$S                   0000000180000000     libmx:libmx.dll
 0000:00000000       .debug$S                   0000000180000000     libmx:libmx.dll
 0000:00000000       .debug$S                   0000000180000000     libmx:libmx.dll
 0000:00000000       .debug$S                   0000000180000000     libmx:libmx.dll
 0000:00000000       .debug$S                   0000000180000000     libmx:libmx.dll
 0000:00000000       .debug$S                   0000000180000000     libmx:libmx.dll
 0000:00000000       .debug$S                   0000000180000000     libmx:libmx.dll
 0000:00000000       .debug$S                   0000000180000000     libmx:libmx.dll
 0000:00000000       .debug$S                   0000000180000000     libmx:libmx.dll
 0000:00000000       .debug$S                   0000000180000000     libmx:libmx.dll
 0000:00000000       .debug$S                   0000000180000000     libmx:libmx.dll
 0000:00000000       .debug$S                   0000000180000000     libmx:libmx.dll
 0000:00000000       .debug$S                   0000000180000000     libmx:libmx.dll
 0000:00000000       .debug$S                   0000000180000000     libmx:libmx.dll
 0000:00000000       .debug$S                   0000000180000000     libut:libut.dll
 0000:00000000       .debug$S                   0000000180000000     libut:libut.dll
 0000:00000000       .debug$S                   0000000180000000     sf_runtime:sf_runtime.dll
 0000:00000000       .debug$S                   0000000180000000     sf_runtime:sf_runtime.dll
 0000:00000000       .debug$S                   0000000180000000     sf_runtime:sf_runtime.dll
 0000:00000000       .debug$S                   0000000180000000     sf_runtime:sf_runtime.dll
 0000:00000000       .debug$S                   0000000180000000     sf_runtime:sf_runtime.dll
 0000:00000000       .debug$S                   0000000180000000     sf_runtime:sf_runtime.dll
 0000:00000000       .debug$S                   0000000180000000     sf_runtime:sf_runtime.dll
 0000:00000000       .debug$S                   0000000180000000     sf_runtime:sf_runtime.dll
 0000:00000000       .debug$S                   0000000180000000     sf_runtime:sf_runtime.dll
 0000:00000000       .debug$S                   0000000180000000     sf_runtime:sf_runtime.dll
 0000:00000000       .debug$S                   0000000180000000     sf_runtime:sf_runtime.dll
 0000:00000000       .debug$S                   0000000180000000     sf_runtime:sf_runtime.dll
 0000:00000000       .debug$S                   0000000180000000     sf_runtime:sf_runtime.dll
 0000:00000000       .debug$S                   0000000180000000     sf_runtime:sf_runtime.dll
 0000:00000000       .debug$S                   0000000180000000     sf_runtime:sf_runtime.dll
 0000:00000000       .debug$S                   0000000180000000     sf_runtime:sf_runtime.dll
 0000:00000000       .debug$S                   0000000180000000     sf_runtime:sf_runtime.dll
 0000:00000000       .debug$S                   0000000180000000     sf_runtime:sf_runtime.dll
 0000:00000000       .debug$S                   0000000180000000     sf_runtime:sf_runtime.dll
 0000:00000000       .debug$S                   0000000180000000     sf_runtime:sf_runtime.dll
 0000:00000000       .debug$S                   0000000180000000     sf_runtime:sf_runtime.dll
 0000:00000000       .debug$S                   0000000180000000     sf_runtime:sf_runtime.dll
 0000:00000000       .debug$S                   0000000180000000     sf_runtime:sf_runtime.dll
 0000:00000000       .debug$S                   0000000180000000     sf_runtime:sf_runtime.dll
 0000:00000000       .debug$S                   0000000180000000     sf_runtime:sf_runtime.dll
 0000:00000000       .debug$S                   0000000180000000     sf_runtime:sf_runtime.dll
 0000:00000000       .debug$S                   0000000180000000     sf_runtime:sf_runtime.dll
 0000:00000000       .debug$S                   0000000180000000     sf_runtime:sf_runtime.dll
 0000:00000000       .debug$S                   0000000180000000     sf_runtime:sf_runtime.dll
 0000:00000000       .debug$S                   0000000180000000     sf_runtime:sf_runtime.dll
 0000:00000000       .debug$S                   0000000180000000     sf_runtime:sf_runtime.dll
 0000:00000000       .debug$S                   0000000180000000     sf_runtime:sf_runtime.dll
 0000:00000000       .debug$S                   0000000180000000     sf_runtime:sf_runtime.dll
 0000:00000000       .debug$S                   0000000180000000     sf_runtime:sf_runtime.dll
 0000:00000000       .debug$S                   0000000180000000     sf_runtime:sf_runtime.dll
 0000:00000000       .debug$S                   0000000180000000     sf_runtime:sf_runtime.dll
 0000:00000000       _volmd                     0000000180000000     MSVCRT:cpu_disp.obj
 0002:fffe7000       __guard_ehcont_?dllmain_dispatch@@YAHQEAUHINSTANCE__@@KQEAX@Z 0000000180000000     MSVCRT:dll_dllmain.obj
 0002:fffe7000       __guard_fids_?dllmain_dispatch@@YAHQEAUHINSTANCE__@@KQEAX@Z 0000000180000000     MSVCRT:dll_dllmain.obj
 0000:00000000       _volmd                     0000000180000000     MSVCRT:gs_report.obj
 0000:00000000       _volmd                     0000000180000000     MSVCRT:gs_report.obj
 0000:00000000       _volmd                     0000000180000000     MSVCRT:gs_report.obj
 0002:fffe7000       __guard_fids__             0000000180000000     MSVCRT:guard_support.obj
 0002:fffe7000       __guard_fids__             0000000180000000     MSVCRT:guard_support.obj
 0002:fffe7000       __guard_fids__guard_icall_checks_enforced 0000000180000000     MSVCRT:guard_support.obj
 0000:00000000       _volmd                     0000000180000000     MSVCRT:guard_support.obj
 0000:00000000       _volmd                     0000000180000000     MSVCRT:guard_support.obj
 0000:00000000       _volmd                     0000000180000000     MSVCRT:guard_support.obj
 0000:00000000       _volmd                     0000000180000000     MSVCRT:guard_support.obj
 0000:00000000       _volmd                     0000000180000000     MSVCRT:guard_support.obj
 0000:00000000       _volmd                     0000000180000000     MSVCRT:guard_support.obj
 0002:fffe7000       __guard_ehcont___scrt_is_nonwritable_in_current_image 0000000180000000     MSVCRT:utility.obj
 0000:00000000       _volmd                     0000000180000000     MSVCRT:utility.obj
 0000:00000000       _volmd                     0000000180000000     MSVCRT:utility.obj
 0000:00000000       _volmd                     0000000180000000     MSVCRT:utility.obj
 0002:fffe7000       __guard_fids___scrt_set_unhandled_exception_filter 0000000180000000     MSVCRT:utility_desktop.obj
 0000:00000000       _volmd                     0000000180000000     MSVCRT:utility_desktop.obj
 0002:fffe7000       __guard_fids__             0000000180000000     vcruntime:softmemtag.obj
 0000:00000000       .debug$S                   0000000180000000     vcruntime:VCRUNTIME140.dll
 0000:00000000       .debug$S                   0000000180000000     vcruntime:VCRUNTIME140.dll
 0000:00000000       .debug$S                   0000000180000000     vcruntime:VCRUNTIME140.dll
 0000:00000000       .debug$S                   0000000180000000     vcruntime:VCRUNTIME140.dll
 0000:00000000       .debug$S                   0000000180000000     vcruntime:VCRUNTIME140.dll
 0000:00000000       .debug$S                   0000000180000000     vcruntime:VCRUNTIME140.dll
[...]
 0003:000075e4       $SG28612                   00000001800235e4     flightControlSystem_sfun_registry.obj
 0003:000075f0       $SG28614                   00000001800235f0     flightControlSystem_sfun_registry.obj
 0003:00007600       $SG28619                   0000000180023600     flightControlSystem_sfun_registry.obj
 0003:000076e8       $SG28737                   00000001800236e8     flightControlSystem_sfun_registry.obj
 0003:00007718       $SG28738                   0000000180023718     flightControlSystem_sfun_registry.obj
 0003:00007728       $SG28739                   0000000180023728     flightControlSystem_sfun_registry.obj
 0003:00007730       $SG28741                   0000000180023730     flightControlSystem_sfun_registry.obj
 0003:00007768       $SG28742                   0000000180023768     flightControlSystem_sfun_registry.obj
 0003:00007778       $SG28743                   0000000180023778     flightControlSystem_sfun_registry.obj
 0003:00007780       $SG28746                   0000000180023780     flightControlSystem_sfun_registry.obj
 0003:000077b8       $SG28747                   00000001800237b8     flightControlSystem_sfun_registry.obj
 0003:000077c8       $SG28748                   00000001800237c8     flightControlSystem_sfun_registry.obj
 0003:000077d0       $SG28750                   00000001800237d0     flightControlSystem_sfun_registry.obj
 0003:00007808       $SG28751                   0000000180023808     flightControlSystem_sfun_registry.obj
 0003:00007818       $SG28752                   0000000180023818     flightControlSystem_sfun_registry.obj
 0003:00007820       $SG28754                   0000000180023820     flightControlSystem_sfun_registry.obj
 0003:00007858       $SG28755                   0000000180023858     flightControlSystem_sfun_registry.obj
 0003:00007868       $SG28756                   0000000180023868     flightControlSystem_sfun_registry.obj
 0003:00007870       $SG28759                   0000000180023870     flightControlSystem_sfun_registry.obj
 0003:00007878       $SG28761                   0000000180023878     flightControlSystem_sfun_registry.obj
 0003:00007890       $SG28762                   0000000180023890     flightControlSystem_sfun_registry.obj
 0003:000078c8       $SG28763                   00000001800238c8     flightControlSystem_sfun_registry.obj
 0003:000078d8       $SG28764                   00000001800238d8     flightControlSystem_sfun_registry.obj
 0003:000078e0       $SG28934                   00000001800238e0     flightControlSystem_sfun_registry.obj
 0003:00007900       $SG28935                   0000000180023900     flightControlSystem_sfun_registry.obj
 0003:00007990       $SG28941                   0000000180023990     flightControlSystem_sfun_registry.obj
 0003:000079a8       $SG28948                   00000001800239a8     flightControlSystem_sfun_registry.obj
 0003:000079c0       $SG28942                   00000001800239c0     flightControlSystem_sfun_registry.obj
 0003:00007a50       $SG28949                   0000000180023a50     flightControlSystem_sfun_registry.obj
 0003:00007ae0       $SG28955                   0000000180023ae0     flightControlSystem_sfun_registry.obj
 0003:00007b00       $SG28956                   0000000180023b00     flightControlSystem_sfun_registry.obj
 0003:00007b90       $SG28962                   0000000180023b90     flightControlSystem_sfun_registry.obj
 0003:00007bb0       $SG28963                   0000000180023bb0     flightControlSystem_sfun_registry.obj
 0003:00007c40       $SG28967                   0000000180023c40     flightControlSystem_sfun_registry.obj
 0003:00007c60       $SG28968                   0000000180023c60     flightControlSystem_sfun_registry.obj
 0003:00007cf0       $SG28972                   0000000180023cf0     flightControlSystem_sfun_registry.obj
 0003:00007d18       $SG28977                   0000000180023d18     flightControlSystem_sfun_registry.obj
 0003:00007d40       $SG28973                   0000000180023d40     flightControlSystem_sfun_registry.obj
 0003:00007dd0       $SG28978                   0000000180023dd0     flightControlSystem_sfun_registry.obj
 0003:00007e60       $SG28982                   0000000180023e60     flightControlSystem_sfun_registry.obj
 0003:00007e80       $SG28983                   0000000180023e80     flightControlSystem_sfun_registry.obj
 0003:00007f10       $SG28987                   0000000180023f10     flightControlSystem_sfun_registry.obj
 0003:00007f30       $SG28988                   0000000180023f30     flightControlSystem_sfun_registry.obj
 0003:00007fc0       $SG28992                   0000000180023fc0     flightControlSystem_sfun_registry.obj
 0003:00007fd8       $SG29028                   0000000180023fd8     flightControlSystem_sfun_registry.obj
 0003:00007ff0       $SG28993                   0000000180023ff0     flightControlSystem_sfun_registry.obj
 0003:00008080       $SG28997                   0000000180024080     flightControlSystem_sfun_registry.obj
 0003:000080a0       $SG28998                   00000001800240a0     flightControlSystem_sfun_registry.obj
 0003:00008130       $SG29002                   0000000180024130     flightControlSystem_sfun_registry.obj
 0003:00008150       $SG29003                   0000000180024150     flightControlSystem_sfun_registry.obj
 0003:000081e0       $SG29007                   00000001800241e0     flightControlSystem_sfun_registry.obj
 0003:00008200       $SG29008                   0000000180024200     flightControlSystem_sfun_registry.obj
 0003:00008290       $SG29012                   0000000180024290     flightControlSystem_sfun_registry.obj
 0003:000082b0       $SG29013                   00000001800242b0     flightControlSystem_sfun_registry.obj
 0003:00008340       $SG29017                   0000000180024340     flightControlSystem_sfun_registry.obj
 0003:00008360       $SG29018                   0000000180024360     flightControlSystem_sfun_registry.obj
 0003:000083f0       $SG29022                   00000001800243f0     flightControlSystem_sfun_registry.obj
 0003:00008410       $SG29023                   0000000180024410     flightControlSystem_sfun_registry.obj
 0003:000084a0       $SG29029                   00000001800244a0     flightControlSystem_sfun_registry.obj
 0003:00008530       $SG29034                   0000000180024530     flightControlSystem_sfun_registry.obj
 0003:00008538       $SG29039                   0000000180024538     flightControlSystem_sfun_registry.obj
 0003:00008550       $SG29035                   0000000180024550     flightControlSystem_sfun_registry.obj
 0003:000085e0       $SG29040                   00000001800245e0     flightControlSystem_sfun_registry.obj
 0003:00008670       $SG29044                   0000000180024670     flightControlSystem_sfun_registry.obj
 0003:00008680       $SG29045                   0000000180024680     flightControlSystem_sfun_registry.obj
 0003:00008710       $SG29049                   0000000180024710     flightControlSystem_sfun_registry.obj
 0003:00008730       $SG29050                   0000000180024730     flightControlSystem_sfun_registry.obj
 0003:000087c0       $SG29054                   00000001800247c0     flightControlSystem_sfun_registry.obj
 0003:000087e0       $SG29055                   00000001800247e0     flightControlSystem_sfun_registry.obj
 0003:00008870       $SG29059                   0000000180024870     flightControlSystem_sfun_registry.obj
 0003:00008880       $SG29060                   0000000180024880     flightControlSystem_sfun_registry.obj
 0003:00008910       $SG29064                   0000000180024910     flightControlSystem_sfun_registry.obj
 0003:00008920       $SG29065                   0000000180024920     flightControlSystem_sfun_registry.obj
 0003:000089b0       $SG29069                   00000001800249b0     flightControlSystem_sfun_registry.obj
 0003:000089c8       $SG29074                   00000001800249c8     flightControlSystem_sfun_registry.obj
 0003:000089e0       $SG29070                   00000001800249e0     flightControlSystem_sfun_registry.obj
 0003:00008a70       $SG29075                   0000000180024a70     flightControlSystem_sfun_registry.obj
 0003:00008b00       $SG29079                   0000000180024b00     flightControlSystem_sfun_registry.obj
 0003:00008b10       $SG29080                   0000000180024b10     flightControlSystem_sfun_registry.obj
 0003:00008ba0       $SG29088                   0000000180024ba0     flightControlSystem_sfun_registry.obj
 0003:00008bb0       $SG29089                   0000000180024bb0     flightControlSystem_sfun_registry.obj
 0003:00008c40       $SG29095                   0000000180024c40     flightControlSystem_sfun_registry.obj
 0003:00008c50       $SG29096                   0000000180024c50     flightControlSystem_sfun_registry.obj
 0003:00008ce0       $SG29100                   0000000180024ce0     flightControlSystem_sfun_registry.obj
 0003:00008cf0       $SG29101                   0000000180024cf0     flightControlSystem_sfun_registry.obj
 0003:00008d80       $SG29106                   0000000180024d80     flightControlSystem_sfun_registry.obj
 0003:00008d90       $SG29107                   0000000180024d90     flightControlSystem_sfun_registry.obj
 0003:00008e20       $SG29111                   0000000180024e20     flightControlSystem_sfun_registry.obj
 0003:00008e98       $SG29154                   0000000180024e98     flightControlSystem_sfun_registry.obj
 0003:00008ea8       $SG29235                   0000000180024ea8     flightControlSystem_sfun_registry.obj
 0003:00008eb0       $SG29141                   0000000180024eb0     flightControlSystem_sfun_registry.obj
 0003:00008fc8       $SG29165                   0000000180024fc8     flightControlSystem_sfun_registry.obj
 0003:00008fd8       $SG29178                   0000000180024fd8     flightControlSystem_sfun_registry.obj
 0003:00008fe8       $SG29189                   0000000180024fe8     flightControlSystem_sfun_registry.obj
 0003:00008ff8       $SG29202                   0000000180024ff8     flightControlSystem_sfun_registry.obj
 0003:00009008       $SG29213                   0000000180025008     flightControlSystem_sfun_registry.obj
 0003:00009018       $SG29223                   0000000180025018     flightControlSystem_sfun_registry.obj
 0003:00009038       $SG29234                   0000000180025038     flightControlSystem_sfun_registry.obj
 0003:00009068       $SG29236                   0000000180025068     flightControlSystem_sfun_registry.obj
 0003:00009070       $SG29247                   0000000180025070     flightControlSystem_sfun_registry.obj
 0003:000090a8       $SG29248                   00000001800250a8     flightControlSystem_sfun_registry.obj
 0003:000090b0       $SG29249                   00000001800250b0     flightControlSystem_sfun_registry.obj
 0003:00009110       sRtwOptimizationInfoStruct 0000000180025110     flightControlSystem_sfun.obj
 0003:00009118       sOptimizationInfoFlags     0000000180025118     flightControlSystem_sfun.obj
 0003:00009120       $SG26480                   0000000180025120     c4_flightControlSystem.obj
 0003:00009121       $SG26487                   0000000180025121     c4_flightControlSystem.obj
 0003:00009122       $SG26494                   0000000180025122     c4_flightControlSystem.obj
 0003:00009123       $SG26501                   0000000180025123     c4_flightControlSystem.obj
 0003:00009124       $SG26508                   0000000180025124     c4_flightControlSystem.obj
 0003:00009125       $SG26515                   0000000180025125     c4_flightControlSystem.obj
 0003:00009126       $SG26522                   0000000180025126     c4_flightControlSystem.obj
 0003:00009127       $SG26529                   0000000180025127     c4_flightControlSystem.obj
 0003:00009128       $SG26536                   0000000180025128     c4_flightControlSystem.obj
 0003:00009129       $SG26543                   0000000180025129     c4_flightControlSystem.obj
 0003:0000912a       $SG26550                   000000018002512a     c4_flightControlSystem.obj
 0003:0000912b       $SG26557                   000000018002512b     c4_flightControlSystem.obj
 0003:0000912c       $SG26564                   000000018002512c     c4_flightControlSystem.obj
 0003:0000912d       $SG26571                   000000018002512d     c4_flightControlSystem.obj
 0003:0000912e       $SG26578                   000000018002512e     c4_flightControlSystem.obj
 0003:0000912f       $SG26585                   000000018002512f     c4_flightControlSystem.obj
 0003:00009130       $SG26592                   0000000180025130     c4_flightControlSystem.obj
 0003:00009131       $SG26599                   0000000180025131     c4_flightControlSystem.obj
 0003:00009132       $SG26606                   0000000180025132     c4_flightControlSystem.obj
 0003:00009133       $SG26613                   0000000180025133     c4_flightControlSystem.obj
 0003:00009134       $SG26620                   0000000180025134     c4_flightControlSystem.obj
 0003:00009135       $SG26627                   0000000180025135     c4_flightControlSystem.obj
 0003:00009136       $SG26634                   0000000180025136     c4_flightControlSystem.obj
 0003:00009137       $SG26641                   0000000180025137     c4_flightControlSystem.obj
 0003:00009138       $SG26648                   0000000180025138     c4_flightControlSystem.obj
 0003:00009139       $SG26655                   0000000180025139     c4_flightControlSystem.obj
 0003:0000913a       $SG26662                   000000018002513a     c4_flightControlSystem.obj
 0003:0000913b       $SG26669                   000000018002513b     c4_flightControlSystem.obj
 0003:0000913c       $SG26676                   000000018002513c     c4_flightControlSystem.obj
 0003:0000913d       $SG26683                   000000018002513d     c4_flightControlSystem.obj
 0003:0000913e       $SG26787                   000000018002513e     c4_flightControlSystem.obj
 0003:0000913f       $SG27367                   000000018002513f     c4_flightControlSystem.obj
 0003:00009140       _sfTime_                   0000000180025140     c4_flightControlSystem.obj
 0003:00009148       $SG27368                   0000000180025148     c4_flightControlSystem.obj
 0003:00009149       $SG27507                   0000000180025149     c4_flightControlSystem.obj
 0003:00009150       ?newstr@?1??sf_c4_flightControlSystem_get_post_codegen_info@@9@9 0000000180025150     c4_flightControlSystem.obj
 0003:000096f0       _sfTime_                   00000001800256f0     c11_flightControlSystem.obj
 0003:000096f8       $SG26499                   00000001800256f8     c11_flightControlSystem.obj
 0003:000096f9       $SG26901                   00000001800256f9     c11_flightControlSystem.obj
 0003:000096fa       $SG26902                   00000001800256fa     c11_flightControlSystem.obj
 0003:000096fb       $SG27045                   00000001800256fb     c11_flightControlSystem.obj
 0003:00009700       ?newstr@?1??sf_c11_flightControlSystem_get_post_codegen_info@@9@9 0000000180025700     c11_flightControlSystem.obj
 0003:00009cf0       $SG26470                   0000000180025cf0     c14_flightControlSystem.obj
 0003:00009cf1       $SG26477                   0000000180025cf1     c14_flightControlSystem.obj
 0003:00009cf2       $SG26484                   0000000180025cf2     c14_flightControlSystem.obj
 0003:00009cf3       $SG26491                   0000000180025cf3     c14_flightControlSystem.obj
 0003:00009cf4       $SG26498                   0000000180025cf4     c14_flightControlSystem.obj
 0003:00009cf5       $SG26505                   0000000180025cf5     c14_flightControlSystem.obj
 0003:00009cf6       $SG26512                   0000000180025cf6     c14_flightControlSystem.obj
 0003:00009cf7       $SG26519                   0000000180025cf7     c14_flightControlSystem.obj
 0003:00009cf8       $SG26526                   0000000180025cf8     c14_flightControlSystem.obj
 0003:00009cf9       $SG26533                   0000000180025cf9     c14_flightControlSystem.obj
 0003:00009cfa       $SG26540                   0000000180025cfa     c14_flightControlSystem.obj
 0003:00009cfb       $SG26547                   0000000180025cfb     c14_flightControlSystem.obj
 0003:00009cfc       $SG26554                   0000000180025cfc     c14_flightControlSystem.obj
 0003:00009cfd       $SG26561                   0000000180025cfd     c14_flightControlSystem.obj
 0003:00009cfe       $SG26568                   0000000180025cfe     c14_flightControlSystem.obj
 0003:00009cff       $SG26575                   0000000180025cff     c14_flightControlSystem.obj
 0003:00009d00       $SG26582                   0000000180025d00     c14_flightControlSystem.obj
 0003:00009d01       $SG26589                   0000000180025d01     c14_flightControlSystem.obj
 0003:00009d02       $SG26596                   0000000180025d02     c14_flightControlSystem.obj
 0003:00009d03       $SG26603                   0000000180025d03     c14_flightControlSystem.obj
 0003:00009d04       $SG26610                   0000000180025d04     c14_flightControlSystem.obj
 0003:00009d05       $SG26617                   0000000180025d05     c14_flightControlSystem.obj
 0003:00009d06       $SG26624                   0000000180025d06     c14_flightControlSystem.obj
 0003:00009d07       $SG26631                   0000000180025d07     c14_flightControlSystem.obj
 0003:00009d08       $SG26638                   0000000180025d08     c14_flightControlSystem.obj
 0003:00009d09       $SG26645                   0000000180025d09     c14_flightControlSystem.obj
 0003:00009d0a       $SG26652                   0000000180025d0a     c14_flightControlSystem.obj
 0003:00009d0b       $SG26659                   0000000180025d0b     c14_flightControlSystem.obj
 0003:00009d0c       $SG26666                   0000000180025d0c     c14_flightControlSystem.obj
 0003:00009d0d       $SG26673                   0000000180025d0d     c14_flightControlSystem.obj
 0003:00009d0e       $SG26777                   0000000180025d0e     c14_flightControlSystem.obj
 0003:00009d0f       $SG27362                   0000000180025d0f     c14_flightControlSystem.obj
 0003:00009d10       _sfTime_                   0000000180025d10     c14_flightControlSystem.obj
 0003:00009d18       $SG27363                   0000000180025d18     c14_flightControlSystem.obj
 0003:00009d19       $SG27502                   0000000180025d19     c14_flightControlSystem.obj
 0003:00009d20       ?newstr@?1??sf_c14_flightControlSystem_get_post_codegen_info@@9@9 0000000180025d20     c14_flightControlSystem.obj
 0003:0000a2b0       sfGlobalMdlStartCallCounts 00000001800262b0     flightControlSystem_sfun_registry.obj
 0003:0000a2b4       $SG28586                   00000001800262b4     flightControlSystem_sfun_registry.obj
 0003:0000a2b6       ?warningGuard@?1??ssGetRootSS@@9@9 00000001800262b6     flightControlSystem_sfun_registry.obj
 0003:0000a2b7       ?warningGuard@?1??ssGetParentSS@@9@9 00000001800262b7     flightControlSystem_sfun_registry.obj
 0003:0000a2c0       GS_ExceptionRecord         00000001800262c0     MSVCRT:gs_report.obj
 0003:0000a360       GS_ContextRecord           0000000180026360     MSVCRT:gs_report.obj
 0003:0000a830       ?__proc_attached@@3HA      0000000180026830     MSVCRT:dll_dllmain.obj
 0003:0000a870       ?is_initialized_as_dll@@3_NA 0000000180026870     MSVCRT:utility.obj
 0003:0000a871       ?module_local_atexit_table_initialized@@3_NA 0000000180026871     MSVCRT:utility.obj
 0003:0000a878       ?module_local_atexit_table@@3U_onexit_table_t@@A 0000000180026878     MSVCRT:utility.obj
 0003:0000a890       ?module_local_at_quick_exit_table@@3U_onexit_table_t@@A 0000000180026890     MSVCRT:utility.obj
