 flightControlSystem_sfun

 Timestamp is 67cc83c8 (Sat Mar  8 12:52:08 2025)

 Preferred load address is 0000000180000000

 Start         Length     Name                   Class
 0001:00000000 000187b0H .text$mn                CODE
 0001:000187b0 00000036H .text$mn$00             CODE
 0001:000187e6 00000092H .text$x                 CODE
 0002:00000000 00000498H .idata$5                DATA
 0002:00000498 00000038H .00cfg                  DATA
 0002:000004d0 00000008H .CRT$XCA                DATA
 0002:000004d8 00000008H .CRT$XCZ                DATA
 0002:000004e0 00000008H .CRT$XIA                DATA
 0002:000004e8 00000008H .CRT$XIZ                DATA
 0002:000004f0 00000008H .CRT$XPA                DATA
 0002:000004f8 00000008H .CRT$XPZ                DATA
 0002:00000500 00000008H .CRT$XTA                DATA
 0002:00000508 00000008H .CRT$XTZ                DATA
 0002:00000510 00000000H .gehcont$y              DATA
 0002:00000510 00000000H .gfids$y                DATA
 0002:00000510 00000370H .rdata                  DATA
 0002:00000880 00000080H .rdata$CastGuardVftablesA DATA
 0002:00000900 00000080H .rdata$CastGuardVftablesC DATA
 0002:00000980 000001ccH .rdata$voltmd           DATA
 0002:00000b4c 0000027cH .rdata$zzzdbg           DATA
 0002:00000dc8 00000008H .rtc$IAA                DATA
 0002:00000dd0 00000008H .rtc$IZZ                DATA
 0002:00000dd8 00000008H .rtc$TAA                DATA
 0002:00000de0 00000008H .rtc$TZZ                DATA
 0002:00000de8 00000c58H .xdata                  DATA
 0002:00001a40 00000084H .edata                  DATA
 0002:00001ac4 00000140H .idata$2                DATA
 0002:00001c04 00000014H .idata$3                DATA
 0002:00001c18 00000498H .idata$4                DATA
 0002:000020b0 00000c84H .idata$6                DATA
 0003:00000000 00009be0H .data                   DATA
 0003:00009be0 000017e0H .bss                    DATA
 0004:00000000 00000f24H .pdata                  DATA

  Address         Publics by Value              Rva+Base               Lib:Object

 0000:00000000       __AbsoluteZero             0000000000000000     <absolute>
 0000:00000000       ___safe_se_handler_count   0000000000000000     <absolute>
 0000:00000000       ___safe_se_handler_table   0000000000000000     <absolute>
 0000:00000000       __arm64x_extra_rfe_table   0000000000000000     <absolute>
 0000:00000000       __arm64x_extra_rfe_table_size 0000000000000000     <absolute>
 0000:00000000       __arm64x_native_entrypoint 0000000000000000     <absolute>
 0000:00000000       __arm64x_redirection_metadata 0000000000000000     <absolute>
 0000:00000000       __arm64x_redirection_metadata_count 0000000000000000     <absolute>
 0000:00000000       __dynamic_value_reloc_table 0000000000000000     <absolute>
 0000:00000000       __enclave_config           0000000000000000     <absolute>
 0000:00000000       __guard_check_icall_a64n_fptr 0000000000000000     <absolute>
 0000:00000000       __guard_eh_cont_count      0000000000000000     <absolute>
 0000:00000000       __guard_eh_cont_table      0000000000000000     <absolute>
 0000:00000000       __guard_fids_count         0000000000000000     <absolute>
 0000:00000000       __guard_fids_table         0000000000000000     <absolute>
 0000:00000000       __guard_iat_count          0000000000000000     <absolute>
 0000:00000000       __guard_iat_table          0000000000000000     <absolute>
 0000:00000000       __guard_longjmp_count      0000000000000000     <absolute>
 0000:00000000       __guard_longjmp_table      0000000000000000     <absolute>
 0000:00000000       __hybrid_auxiliary_iat     0000000000000000     <absolute>
 0000:00000000       __hybrid_auxiliary_iat_copy 0000000000000000     <absolute>
 0000:00000000       __hybrid_code_map          0000000000000000     <absolute>
 0000:00000000       __hybrid_code_map_count    0000000000000000     <absolute>
 0000:00000000       __x64_code_ranges_to_entry_points 0000000000000000     <absolute>
 0000:00000000       __x64_code_ranges_to_entry_points_count 0000000000000000     <absolute>
 0000:00000100       __guard_flags              0000000000000100     <absolute>
 0000:00000000       __ImageBase                0000000180000000     <linker-defined>
 0001:00000000       flightControlSystem_initializer 0000000180001000 f   flightControlSystem_sfun.obj
 0001:00000010       flightControlSystem_terminator 0000000180001010 f   flightControlSystem_sfun.obj
 0001:00000020       load_flightControlSystem_optimization_info 0000000180001020 f   flightControlSystem_sfun.obj
 0001:000000d0       unload_flightControlSystem_optimization_info 00000001800010d0 f   flightControlSystem_sfun.obj
 0001:00000100       sf_flightControlSystem_method_dispatcher 0000000180001100 f   flightControlSystem_sfun.obj
 0001:00000190       sf_flightControlSystem_process_check_sum_call 0000000180001190 f   flightControlSystem_sfun.obj
 0001:000006b0       sf_flightControlSystem_get_eml_resolved_functions_info 00000001800016b0 f   flightControlSystem_sfun.obj
 0001:00000940       sf_flightControlSystem_third_party_uses_info 0000000180001940 f   flightControlSystem_sfun.obj
 0001:00000b80       sf_flightControlSystem_jit_fallback_info 0000000180001b80 f   flightControlSystem_sfun.obj
 0001:00000dc0       sf_flightControlSystem_get_post_codegen_info 0000000180001dc0 f   flightControlSystem_sfun.obj
 0001:00001030       sf_flightControlSystem_updateBuildInfo_args_info 0000000180002030 f   flightControlSystem_sfun.obj
 0001:00001270       sf_c4_flightControlSystem_get_eml_resolved_functions_info 0000000180002270 f   c4_flightControlSystem.obj
 0001:000012f0       sf_c4_flightControlSystem_get_check_sum 00000001800022f0 f   c4_flightControlSystem.obj
 0001:000013c0       c4_flightControlSystem_method_dispatcher 00000001800023c0 f   c4_flightControlSystem.obj
 0001:00004250       sf_c4_flightControlSystem_third_party_uses_info 0000000180005250 f   c4_flightControlSystem.obj
 0001:000042c0       sf_c4_flightControlSystem_jit_fallback_info 00000001800052c0 f   c4_flightControlSystem.obj
 0001:00004450       sf_c4_flightControlSystem_updateBuildInfo_args_info 0000000180005450 f   c4_flightControlSystem.obj
 0001:00004770       sf_c4_flightControlSystem_get_post_codegen_info 0000000180005770 f   c4_flightControlSystem.obj
 0001:00004c50       sf_c8_flightControlSystem_get_eml_resolved_functions_info 0000000180005c50 f   c8_flightControlSystem.obj
 0001:00004cd0       sf_c8_flightControlSystem_get_check_sum 0000000180005cd0 f   c8_flightControlSystem.obj
 0001:00004da0       c8_flightControlSystem_method_dispatcher 0000000180005da0 f   c8_flightControlSystem.obj
 0001:00007420       sf_c8_flightControlSystem_third_party_uses_info 0000000180008420 f   c8_flightControlSystem.obj
 0001:00007470       sf_c8_flightControlSystem_jit_fallback_info 0000000180008470 f   c8_flightControlSystem.obj
 0001:00007600       sf_c8_flightControlSystem_updateBuildInfo_args_info 0000000180008600 f   c8_flightControlSystem.obj
 0001:00007920       sf_c8_flightControlSystem_get_post_codegen_info 0000000180008920 f   c8_flightControlSystem.obj
 0001:00007e10       sf_c11_flightControlSystem_get_eml_resolved_functions_info 0000000180008e10 f   c11_flightControlSystem.obj
 0001:00007e90       sf_c11_flightControlSystem_get_check_sum 0000000180008e90 f   c11_flightControlSystem.obj
 0001:00007f60       c11_flightControlSystem_method_dispatcher 0000000180008f60 f   c11_flightControlSystem.obj
 0001:0000b820       sf_c11_flightControlSystem_third_party_uses_info 000000018000c820 f   c11_flightControlSystem.obj
 0001:0000b870       sf_c11_flightControlSystem_jit_fallback_info 000000018000c870 f   c11_flightControlSystem.obj
 0001:0000ba00       sf_c11_flightControlSystem_updateBuildInfo_args_info 000000018000ca00 f   c11_flightControlSystem.obj
 0001:0000bd20       sf_c11_flightControlSystem_get_post_codegen_info 000000018000cd20 f   c11_flightControlSystem.obj
 0001:0000c210       mexFunction                000000018000d210 f   flightControlSystem_sfun_registry.obj
 0001:0000eae0       _ssSetInputPortDirectFeedThroughFcn 000000018000fae0 f   flightControlSystem_sfun_registry.obj
 0001:0000ec50       _ssSetRWorkValueFcn        000000018000fc50 f   flightControlSystem_sfun_registry.obj
 0001:0000ecd0       _ssGetRWorkValueFcn        000000018000fcd0 f   flightControlSystem_sfun_registry.obj
 0001:0000ed40       _ssSetIWorkValueFcn        000000018000fd40 f   flightControlSystem_sfun_registry.obj
 0001:0000edc0       _ssGetIWorkValueFcn        000000018000fdc0 f   flightControlSystem_sfun_registry.obj
 0001:0000ee30       _ssSetPWorkValueFcn        000000018000fe30 f   flightControlSystem_sfun_registry.obj
 0001:0000eeb0       _ssGetPWorkValueFcn        000000018000feb0 f   flightControlSystem_sfun_registry.obj
 0001:0000ef20       _ssGetInputPortSignalFcn   000000018000ff20 f   flightControlSystem_sfun_registry.obj
 0001:0000f2b0       _ssGetInputPortBufferDstPortFcn 00000001800102b0 f   flightControlSystem_sfun_registry.obj
 0001:0000f330       _ssGetInputPortSignalPtrsFcn 0000000180010330 f   flightControlSystem_sfun_registry.obj
 0001:0000f6c0       ssGetParameterTuningCompliance 00000001800106c0 f   flightControlSystem_sfun_registry.obj
 0001:0000f730       _ssReadInputStringFcn      0000000180010730 f   flightControlSystem_sfun_registry.obj
 0001:0000f7a0       ssGetDTypeIdFromMxArray    00000001800107a0 f   flightControlSystem_sfun_registry.obj
 0001:0000f8c0       ssWriteRTWMx2dMatParam     00000001800108c0 f   flightControlSystem_sfun_registry.obj
 0001:0000f950       ssWriteRTWMxVectParam      0000000180010950 f   flightControlSystem_sfun_registry.obj
 0001:0000f9d0       ssWriteRTWParameters       00000001800109d0 f   flightControlSystem_sfun_registry.obj
 0001:0000ff90       ssWriteRTWParamSettings    0000000180010f90 f   flightControlSystem_sfun_registry.obj
 0001:00010680       ssWriteRTWStr              0000000180011680 f   flightControlSystem_sfun_registry.obj
 0001:000106e0       ssWriteRTWWorkVect         00000001800116e0 f   flightControlSystem_sfun_registry.obj
 0001:00010c40       ssWarning                  0000000180011c40 f   flightControlSystem_sfun_registry.obj
 0001:00010d30       ssGetRootSS                0000000180011d30 f   flightControlSystem_sfun_registry.obj
 0001:00010df0       ssGetParentSS              0000000180011df0 f   flightControlSystem_sfun_registry.obj
 0001:00010eb0       ssWriteRTWNameValuePair    0000000180011eb0 f   flightControlSystem_sfun_registry.obj
 0001:000113b0       _ssSetInputPortMatrixDimensions 00000001800123b0 f   flightControlSystem_sfun_registry.obj
 0001:00011500       _ssSetOutputPortMatrixDimensions 0000000180012500 f   flightControlSystem_sfun_registry.obj
 0001:00011650       _ssSetInputPortVectorDimension 0000000180012650 f   flightControlSystem_sfun_registry.obj
 0001:00011700       _ssSetOutputPortVectorDimension 0000000180012700 f   flightControlSystem_sfun_registry.obj
 0001:000117b0       ssIsRunTimeParamTunable    00000001800127b0 f   flightControlSystem_sfun_registry.obj
 0001:00011820       ssGetSFuncBlockHandle      0000000180012820 f   flightControlSystem_sfun_registry.obj
 0001:00011890       _ssGetCallSystemNumFcnCallDestinations 0000000180012890 f   flightControlSystem_sfun_registry.obj
 0001:00011900       _ssGetCurrentInputPortWidth 0000000180012900 f   flightControlSystem_sfun_registry.obj
 0001:00011a40       _ssGetCurrentOutputPortWidth 0000000180012a40 f   flightControlSystem_sfun_registry.obj
 0001:00011b80       ssGetIsZeroCrossControlDisabled 0000000180012b80 f   flightControlSystem_sfun_registry.obj
 0001:00011bf0       ssSetIsInputPortUsedForContZcSignal 0000000180012bf0 f   flightControlSystem_sfun_registry.obj
 0001:00011c60       ssSetZcSignalIsZcElementDisc 0000000180012c60 f   flightControlSystem_sfun_registry.obj
 0001:00011d10       ssSetZcSignalName          0000000180012d10 f   flightControlSystem_sfun_registry.obj
 0001:00011d80       ssSetZcSignalWidth         0000000180012d80 f   flightControlSystem_sfun_registry.obj
 0001:00011df0       ssSetZcSignalZcEventType   0000000180012df0 f   flightControlSystem_sfun_registry.obj
 0001:00011e60       ssSetZcSignalType          0000000180012e60 f   flightControlSystem_sfun_registry.obj
 0001:00011ed0       ssSetZcSignalZcTol         0000000180012ed0 f   flightControlSystem_sfun_registry.obj
 0001:00011f40       ssSetZcSignalNeedsEventNotification 0000000180012f40 f   flightControlSystem_sfun_registry.obj
 0001:00011fb0       ssCreateAndAddZcSignalInfo 0000000180012fb0 f   flightControlSystem_sfun_registry.obj
 0001:00012020       ssCloneAndAddZcSignalInfo  0000000180013020 f   flightControlSystem_sfun_registry.obj
 0001:00012090       ssGetNumZcSignals          0000000180013090 f   flightControlSystem_sfun_registry.obj
 0001:00012100       ssGetZcSignalVector        0000000180013100 f   flightControlSystem_sfun_registry.obj
 0001:00012170       ssGetZcSignalName          0000000180013170 f   flightControlSystem_sfun_registry.obj
 0001:000121e0       ssGetZcSignalWidth         00000001800131e0 f   flightControlSystem_sfun_registry.obj
 0001:00012250       ssGetZcSignalZcEventType   0000000180013250 f   flightControlSystem_sfun_registry.obj
 0001:000122c0       ssGetZcSignalZcEvents      00000001800132c0 f   flightControlSystem_sfun_registry.obj
 0001:00012330       ssGetZcSignalType          0000000180013330 f   flightControlSystem_sfun_registry.obj
 0001:000123a0       ssGetZcSignalZcTol         00000001800133a0 f   flightControlSystem_sfun_registry.obj
 0001:00012420       ssGetZcSignalNeedsEventNotification 0000000180013420 f   flightControlSystem_sfun_registry.obj
 0001:00012490       ssGetZcSignalIsZcElementDisc 0000000180013490 f   flightControlSystem_sfun_registry.obj
 0001:00012530       ssGetIsInputPortElementContinuous 0000000180013530 f   flightControlSystem_sfun_registry.obj
 0001:000125d0       _ssGetAbsTol               00000001800135d0 f   flightControlSystem_sfun_registry.obj
 0001:00012640       _ssSetStateAbsTol          0000000180013640 f   flightControlSystem_sfun_registry.obj
 0001:00012720       _ssSetInputPortReusableFcn 0000000180013720 f   flightControlSystem_sfun_registry.obj
 0001:00012820       _ssSetOutputPortReusableFcn 0000000180013820 f   flightControlSystem_sfun_registry.obj
 0001:00012920       _ssSetSymbolicDimsSupport  0000000180013920 f   flightControlSystem_sfun_registry.obj
 0001:00012990       _ssRegisterSymbolicDimsExpr 0000000180013990 f   flightControlSystem_sfun_registry.obj
 0001:00012a10       _ssRegisterSymbolicDimsMATLABExpr 0000000180013a10 f   flightControlSystem_sfun_registry.obj
 0001:00012aa0       _ssRegisterSymbolicDims    0000000180013aa0 f   flightControlSystem_sfun_registry.obj
 0001:00012b40       _ssRegisterSymbolicDimsString 0000000180013b40 f   flightControlSystem_sfun_registry.obj
 0001:00012bc0       _ssRegisterSymbolicDimsIntValue 0000000180013bc0 f   flightControlSystem_sfun_registry.obj
 0001:00012c30       _ssRegisterSymbolicEqualRelation 0000000180013c30 f   flightControlSystem_sfun_registry.obj
 0001:00012ca0       _ssRegisterSymbolicEqualValue 0000000180013ca0 f   flightControlSystem_sfun_registry.obj
 0001:00012d10       _ssAmendLeadingSymbolicDims 0000000180013d10 f   flightControlSystem_sfun_registry.obj
 0001:00012d90       _ssAmendTrailingSymbolicDims 0000000180013d90 f   flightControlSystem_sfun_registry.obj
 0001:00012e10       _ssRegisterSymbolicDimsPlus 0000000180013e10 f   flightControlSystem_sfun_registry.obj
 0001:00012e90       _ssRegisterSymbolicDimsMinus 0000000180013e90 f   flightControlSystem_sfun_registry.obj
 0001:00012f10       _ssRegisterSymbolicDimsMultiply 0000000180013f10 f   flightControlSystem_sfun_registry.obj
 0001:00012f90       _ssRegisterSymbolicDimsDivide 0000000180013f90 f   flightControlSystem_sfun_registry.obj
 0001:00013010       _ssGetNumSymbolicDims      0000000180014010 f   flightControlSystem_sfun_registry.obj
 0001:00013080       _ssGetSymbolicDim          0000000180014080 f   flightControlSystem_sfun_registry.obj
 0001:00013100       _ssSetInputPortSymbolicDimsId 0000000180014100 f   flightControlSystem_sfun_registry.obj
 0001:00013170       _ssGetCompInputPortSymbolicDimsId 0000000180014170 f   flightControlSystem_sfun_registry.obj
 0001:000131e0       _ssSetCompInputPortSymbolicDimsId 00000001800141e0 f   flightControlSystem_sfun_registry.obj
 0001:00013250       _ssSetOutputPortSymbolicDimsId 0000000180014250 f   flightControlSystem_sfun_registry.obj
 0001:000132c0       _ssGetCompOutputPortSymbolicDimsId 00000001800142c0 f   flightControlSystem_sfun_registry.obj
 0001:00013330       _ssSetCompOutputPortSymbolicDimsId 0000000180014330 f   flightControlSystem_sfun_registry.obj
 0001:000133a0       _ssGetDWorkSymbolicDimsId  00000001800143a0 f   flightControlSystem_sfun_registry.obj
 0001:00013410       _ssSetDWorkSymbolicDimsId  0000000180014410 f   flightControlSystem_sfun_registry.obj
 0001:00013480       _ssGetCompDWorkSymbolicDimsId 0000000180014480 f   flightControlSystem_sfun_registry.obj
 0001:000134f0       _ssSetCompDWorkSymbolicDimsId 00000001800144f0 f   flightControlSystem_sfun_registry.obj
 0001:00013560       _ssCreateSLCGStringBuffer  0000000180014560 f   flightControlSystem_sfun_registry.obj
 0001:000135d0       _ssAddToSLCGStringBuffer   00000001800145d0 f   flightControlSystem_sfun_registry.obj
 0001:00013640       _ssGetPointerContainedData 0000000180014640 f   flightControlSystem_sfun_registry.obj
 0001:000136d0       _ssGetPointerContainedDataWidth 00000001800146d0 f   flightControlSystem_sfun_registry.obj
 0001:00013760       _ssRegisterDynamicArrayDataTypeFcn 0000000180014760 f   flightControlSystem_sfun_registry.obj
 0001:00013800       _ssGetDynamicArrayContainedDataCurrentWidthFcn 0000000180014800 f   flightControlSystem_sfun_registry.obj
 0001:000138d0       _ssGetDynamicArrayContainedDataFcn 00000001800148d0 f   flightControlSystem_sfun_registry.obj
 0001:000139a0       _ssGetInputPortDynamicArrayDataFcn 00000001800149a0 f   flightControlSystem_sfun_registry.obj
 0001:00013a60       _ssGetOutputPortDynamicArrayDataFcn 0000000180014a60 f   flightControlSystem_sfun_registry.obj
 0001:00013b20       _ssGetInputPortDynamicArrayContainedDataFcn 0000000180014b20 f   flightControlSystem_sfun_registry.obj
 0001:00013be0       _ssGetOutputPortDynamicArrayContainedDataFcn 0000000180014be0 f   flightControlSystem_sfun_registry.obj
 0001:00013ca0       _ssGetDynamicArrayDWorkContainedDataFcn 0000000180014ca0 f   flightControlSystem_sfun_registry.obj
 0001:00013d60       sf_process_check_sum_call  0000000180014d60 f   flightControlSystem_sfun_registry.obj
 0001:00013db0       sf_process_get_third_party_uses_info_call 0000000180014db0 f   flightControlSystem_sfun_registry.obj
 0001:00013fe0       sf_process_get_jit_fallback_info_call 0000000180014fe0 f   flightControlSystem_sfun_registry.obj
 0001:00014210       sf_process_get_post_codegen_info_call 0000000180015210 f   flightControlSystem_sfun_registry.obj
 0001:00014440       sf_process_get_updateBuildInfo_args_info_call 0000000180015440 f   flightControlSystem_sfun_registry.obj
 0001:00014670       sf_process_get_eml_resolved_functions_info_call 0000000180015670 f   flightControlSystem_sfun_registry.obj
 0001:000148a0       sf_mex_unlock_call         00000001800158a0 f   flightControlSystem_sfun_registry.obj
 0001:00014ac0       sf_machine_global_initializer_called 0000000180015ac0 f   flightControlSystem_sfun_registry.obj
 0001:00014af0       sf_machine_global_method_dispatcher 0000000180015af0 f   flightControlSystem_sfun_registry.obj
 0001:00014b50       sf_machine_global_terminator 0000000180015b50 f   flightControlSystem_sfun_registry.obj
 0001:00014b80       callCustomFcn              0000000180015b80 f   flightControlSystem_sfun_registry.obj
 0001:00014b90       sf_machine_global_initializer 0000000180015b90 f   flightControlSystem_sfun_registry.obj
 0001:00014bc0       mdlGetSimState             0000000180015bc0 f   flightControlSystem_sfun_registry.obj
 0001:00014c00       mdlSetSimState             0000000180015c00 f   flightControlSystem_sfun_registry.obj
 0001:00015590       ProcessMexSfunctionEveryCall 0000000180016590 f   flightControlSystem_sfun_registry.obj
 0001:00016710       __local_stdio_printf_options 0000000180017710 f i flightControlSystem_sfun_registry.obj
 0001:00016720       _vsnprintf_l               0000000180017720 f i flightControlSystem_sfun_registry.obj
 0001:000167a0       _vsprintf_l                00000001800177a0 f i flightControlSystem_sfun_registry.obj
 0001:000167f0       sprintf                    00000001800177f0 f i flightControlSystem_sfun_registry.obj
 0001:00016840       mexfilerequiredapiversion  0000000180017840 f   c_mexapi_version.obj
 0001:00016870       getBitfieldFromFloat       0000000180017870 f   half_type.obj
 0001:000168a0       getFloatFromBitfield       00000001800178a0 f   half_type.obj
 0001:000168d0       getBitfieldFromHalf        00000001800178d0 f   half_type.obj
 0001:000168f0       getHalfFromBitfield        00000001800178f0 f   half_type.obj
 0001:00016920       halfToFloat                0000000180017920 f   half_type.obj
 0001:00016aa0       halfToDouble               0000000180017aa0 f   half_type.obj
 0001:00016ad0       floatToHalf                0000000180017ad0 f   half_type.obj
 0001:00016d30       doubleToHalf               0000000180017d30 f   half_type.obj
 0001:0001701b       grayto8_real64             000000018001801b f   libmwgrayto8:libmwgrayto8.dll
 0001:00017021       rgb2gray_tbb_uint8         0000000180018021 f   libmwrgb2gray_tbb:libmwrgb2gray_tbb.dll
 0001:00017027       getnumcores                0000000180018027 f   libmwgetnumcores:libmwgetnumcores.dll
 0001:0001702d       sf_load_rtw_optimization_info 000000018001802d f   sf_runtime:sf_runtime.dll
 0001:00017033       sf_mex_decode              0000000180018033 f   sf_runtime:sf_runtime.dll
 0001:00017039       sf_init_ChartRunTimeInfo   0000000180018039 f   sf_runtime:sf_runtime.dll
 0001:0001703f       sf_free_ChartRunTimeInfo   000000018001803f f   sf_runtime:sf_runtime.dll
 0001:00017045       sf_reset_warnings_ChartRunTimeInfo 0000000180018045 f   sf_runtime:sf_runtime.dll
 0001:0001704b       sfrtGetEmlrtCtx            000000018001804b f   sf_runtime:sf_runtime.dll
 0001:00017051       sfrtGetCovrtInstance       0000000180018051 f   sf_runtime:sf_runtime.dll
 0001:00017057       sf_get_chart_instance_ptr  0000000180018057 f   sf_runtime:sf_runtime.dll
 0001:0001705d       sfSetAnimationVectors      000000018001805d f   sf_runtime:sf_runtime.dll
 0001:00017063       sim_mode_is_rtw_gen        0000000180018063 f   sf_runtime:sf_runtime.dll
 0001:00017069       sim_mode_is_external       0000000180018069 f   sf_runtime:sf_runtime.dll
 0001:0001706f       sf_clear_rtw_identifier    000000018001806f f   sf_runtime:sf_runtime.dll
 0001:00017075       sf_get_time                0000000180018075 f   sf_runtime:sf_runtime.dll
 0001:0001707b       sf_set_work_widths         000000018001807b f   sf_runtime:sf_runtime.dll
 0001:00017081       mdlProcessParamsCommon     0000000180018081 f   sf_runtime:sf_runtime.dll
 0001:00017087       sf_mex_call                0000000180018087 f   sf_runtime:sf_runtime.dll
 0001:0001708d       sf_mex_error_message       000000018001808d f   sf_runtime:sf_runtime.dll
 0001:00017093       sf_mex_create              0000000180018093 f   sf_runtime:sf_runtime.dll
 0001:00017099       sf_mex_createcellmatrix    0000000180018099 f   sf_runtime:sf_runtime.dll
 0001:0001709f       sf_mex_setcell             000000018001809f f   sf_runtime:sf_runtime.dll
 0001:000170a5       sf_mex_getcell             00000001800180a5 f   sf_runtime:sf_runtime.dll
 0001:000170ab       sf_mex_assign              00000001800180ab f   sf_runtime:sf_runtime.dll
 0001:000170b1       sf_mex_dup                 00000001800180b1 f   sf_runtime:sf_runtime.dll
 0001:000170b7       sf_mex_destroy             00000001800180b7 f   sf_runtime:sf_runtime.dll
 0001:000170bd       sf_mex_import              00000001800180bd f   sf_runtime:sf_runtime.dll
 0001:000170c3       ssGetInputPortSignal_wrapper 00000001800180c3 f   sf_runtime:sf_runtime.dll
 0001:000170c9       ssGetOutputPortSignal_wrapper 00000001800180c9 f   sf_runtime:sf_runtime.dll
 0001:000170cf       sf_mex_listen_for_ctrl_c   00000001800180cf f   sf_runtime:sf_runtime.dll
 0001:000170d5       sf_data_overflow_error     00000001800180d5 f   sf_runtime:sf_runtime.dll
 0001:000170db       sf_data_saturate_error     00000001800180db f   sf_runtime:sf_runtime.dll
 0001:000170e1       sf_get_ChartInfoStruct_CodeGen 00000001800180e1 f   sf_runtime:sf_runtime.dll
 0001:000170e7       sf_get_hasSeparateUpdateOutputs 00000001800180e7 f   sf_runtime:sf_runtime.dll
 0001:000170ed       callMdlMethodAndReportError 00000001800180ed f   sf_runtime:sf_runtime.dll
 0001:000170f3       call_sf_machine_global_method_dispatcher 00000001800180f3 f   sf_runtime:sf_runtime.dll
 0001:000170f9       getRuntimeInstanceInfoAsVoid 00000001800180f9 f   sf_runtime:sf_runtime.dll
 0001:000170ff       sf_mex_error_direct_call   00000001800180ff f   sf_runtime:sf_runtime.dll
 0001:00017105       sf_clear_error_manager_info 0000000180018105 f   sf_runtime:sf_runtime.dll
 0001:0001710b       mxIsChar_800               000000018001810b f   libmx:libmx.dll
 0001:00017111       mxGetScalar_800            0000000180018111 f   libmx:libmx.dll
 0001:00017117       mxGetPr_800                0000000180018117 f   libmx:libmx.dll
 0001:0001711d       mxDestroyArray_800         000000018001811d f   libmx:libmx.dll
 0001:00017123       mxCreateDoubleMatrix_800   0000000180018123 f   libmx:libmx.dll
 0001:00017129       mxGetString_800            0000000180018129 f   libmx:libmx.dll
 0001:0001712f       mxDuplicateArray_800       000000018001812f f   libmx:libmx.dll
 0001:00017135       mxSetCell_800              0000000180018135 f   libmx:libmx.dll
 0001:0001713b       mxSetField_800             000000018001813b f   libmx:libmx.dll
 0001:00017141       mxCreateString_800         0000000180018141 f   libmx:libmx.dll
 0001:00017147       mxCreateCellMatrix_800     0000000180018147 f   libmx:libmx.dll
 0001:0001714d       mxCreateStructMatrix_800   000000018001814d f   libmx:libmx.dll
 0001:00017153       mxGetInf_800               0000000180018153 f   libmx:libmx.dll
 0001:00017159       mxCalloc_800               0000000180018159 f   libmx:libmx.dll
 0001:0001715f       mxGetM_800                 000000018001815f f   libmx:libmx.dll
 0001:00017165       mxGetClassID_800           0000000180018165 f   libmx:libmx.dll
 0001:0001716b       mxIsNumeric_800            000000018001816b f   libmx:libmx.dll
 0001:00017171       mxIsComplex_800            0000000180018171 f   libmx:libmx.dll
 0001:00017177       mxGetN_800                 0000000180018177 f   libmx:libmx.dll
 0001:0001717d       mxCreateDoubleScalar_800   000000018001817d f   libmx:libmx.dll
 0001:00017183       mexMakeArrayPersistent_800 0000000180018183 f   libmex:libmex.dll
 0001:00017189       mexErrMsgTxt_800           0000000180018189 f   libmex:libmex.dll
 0001:0001718f       mexWarnMsgTxt_800          000000018001818f f   libmex:libmex.dll
 0001:00017195       mexCallMATLAB_800          0000000180018195 f   libmex:libmex.dll
 0001:0001719b       mexLock_800                000000018001819b f   libmex:libmex.dll
 0001:000171a1       mexUnlock_800              00000001800181a1 f   libmex:libmex.dll
 0001:000171a7       mexIsLocked_800            00000001800181a7 f   libmex:libmex.dll
 0001:000171ad       utMalloc                   00000001800181ad f   libut:libut.dll
 0001:000171b3       utFree                     00000001800181b3 f   libut:libut.dll
 0001:000171b9       muDoubleScalarFloor        00000001800181b9 f   libmwmathutil:libmwmathutil.dll
 0001:000171bf       muDoubleScalarIsNaN        00000001800181bf f   libmwmathutil:libmwmathutil.dll
 0001:000171c5       muDoubleScalarIsInf        00000001800181c5 f   libmwmathutil:libmwmathutil.dll
 0001:000171cb       muDoubleScalarRound        00000001800181cb f   libmwmathutil:libmwmathutil.dll
 0001:000171d1       emlrtLicenseCheckR2022a    00000001800181d1 f   libemlrt:libemlrt.dll
 0001:000171d7       emlrtDynamicBoundsCheckR2012b 00000001800181d7 f   libemlrt:libemlrt.dll
 0001:000171dd       emlrtIntegerCheckR2012b    00000001800181dd f   libemlrt:libemlrt.dll
 0001:000171e3       emlrtForLoopVectorCheckR2021a 00000001800181e3 f   libemlrt:libemlrt.dll
 0001:000171e9       covrtCreateStateflowInstanceData 00000001800181e9 f   libcovrt:libcovrt.dll
 0001:000171ef       covrtDeleteStateflowInstanceData 00000001800181ef f   libcovrt:libcovrt.dll
 0001:000171f5       covrtTransInitFcn          00000001800181f5 f   libcovrt:libcovrt.dll
 0001:000171fb       covrtStateInitFcn          00000001800181fb f   libcovrt:libcovrt.dll
 0001:00017201       covrtChartInitFcn          0000000180018201 f   libcovrt:libcovrt.dll
 0001:00017207       covrtSigUpdateFcn          0000000180018207 f   libcovrt:libcovrt.dll
 0001:0001720d       covrtEmlInitFcn            000000018001820d f   libcovrt:libcovrt.dll
 0001:00017213       covrtEmlFcnInitFcn         0000000180018213 f   libcovrt:libcovrt.dll
 0001:00017219       covrtEmlFcnEval            0000000180018219 f   libcovrt:libcovrt.dll
 0001:0001721f       covrtSaturationUpdateFcn   000000018001821f f   libcovrt:libcovrt.dll
 0001:00017225       covrtEmlSaturationInitFcn  0000000180018225 f   libcovrt:libcovrt.dll
 0001:0001722b       covrtEmlForInitFcn         000000018001822b f   libcovrt:libcovrt.dll
 0001:00017231       covrtEmlForEval            0000000180018231 f   libcovrt:libcovrt.dll
 0001:00017238       __raise_securityfailure    0000000180018238 f   MSVCRT:gs_report.obj
 0001:0001726c       __report_gsfailure         000000018001826c f   MSVCRT:gs_report.obj
 0001:00017340       __report_rangecheckfailure 0000000180018340 f   MSVCRT:gs_report.obj
 0001:00017354       __report_securityfailure   0000000180018354 f   MSVCRT:gs_report.obj
 0001:000173f0       __report_securityfailureEx 00000001800183f0 f   MSVCRT:gs_report.obj
 0001:000175e4       __GSHandlerCheck           00000001800185e4 f   MSVCRT:gshandler.obj
 0001:00017604       __GSHandlerCheckCommon     0000000180018604 f   MSVCRT:gshandler.obj
 0001:00017670       __security_check_cookie    0000000180018670 f   MSVCRT:amdsecgs.obj
 0001:000176a0       __chkstk                   00000001800186a0 f   MSVCRT:chkstk.obj
 0001:000176a0       _alloca_probe              00000001800186a0 f   MSVCRT:chkstk.obj
 0001:00017a2c       _CRT_INIT                  0000000180018a2c f   MSVCRT:dll_dllmain.obj
 0001:00017a34       _DllMainCRTStartup         0000000180018a34 f   MSVCRT:dll_dllmain.obj
 0001:00017ae0       __security_init_cookie     0000000180018ae0 f   MSVCRT:gs_support.obj
 0001:00017b8c       DllMain                    0000000180018b8c f   MSVCRT:dll_dllmain_stub.obj
 0001:00017bb0       ?__scrt_initialize_type_info@@YAXXZ 0000000180018bb0 f   MSVCRT:tncleanup.obj
 0001:00017bc0       ?__scrt_uninitialize_type_info@@YAXXZ 0000000180018bc0 f   MSVCRT:tncleanup.obj
 0001:00017bcc       __local_stdio_scanf_options 0000000180018bcc f i MSVCRT:default_local_stdio_options.obj
 0001:00017bd4       __scrt_initialize_default_local_stdio_options 0000000180018bd4 f   MSVCRT:default_local_stdio_options.obj
 0001:00017bf0       ?configure_argv@__scrt_narrow_argv_policy@@SAHXZ 0000000180018bf0 f i MSVCRT:utility.obj
 0001:00017c50       ?initialize_environment@__scrt_narrow_environment_policy@@SAHXZ 0000000180018c50 f i MSVCRT:utility.obj
 0001:00017c88       NtCurrentTeb               0000000180018c88 f i MSVCRT:utility.obj
 0001:00017c94       __scrt_acquire_startup_lock 0000000180018c94 f   MSVCRT:utility.obj
 0001:00017cd0       __scrt_dllmain_after_initialize_c 0000000180018cd0 f   MSVCRT:utility.obj
 0001:00017d04       __scrt_dllmain_before_initialize_c 0000000180018d04 f   MSVCRT:utility.obj
 0001:00017d1c       __scrt_dllmain_crt_thread_attach 0000000180018d1c f   MSVCRT:utility.obj
 0001:00017d44       __scrt_dllmain_crt_thread_detach 0000000180018d44 f   MSVCRT:utility.obj
 0001:00017d5c       __scrt_dllmain_exception_filter 0000000180018d5c f   MSVCRT:utility.obj
 0001:00017dbc       __scrt_dllmain_uninitialize_c 0000000180018dbc f   MSVCRT:utility.obj
 0001:00017dec       __scrt_dllmain_uninitialize_critical 0000000180018dec f   MSVCRT:utility.obj
 0001:00017e00       __scrt_initialize_crt      0000000180018e00 f   MSVCRT:utility.obj
 0001:00017e4c       __scrt_initialize_onexit_tables 0000000180018e4c f   MSVCRT:utility.obj
 0001:00017ed8       __scrt_is_nonwritable_in_current_image 0000000180018ed8 f   MSVCRT:utility.obj
 0001:00017f70       __scrt_release_startup_lock 0000000180018f70 f   MSVCRT:utility.obj
 0001:00017f94       __scrt_uninitialize_crt    0000000180018f94 f   MSVCRT:utility.obj
 0001:00017fc0       _onexit                    0000000180018fc0 f   MSVCRT:utility.obj
 0001:00017ffc       at_quick_exit              0000000180018ffc f   MSVCRT:utility.obj
 0001:0001801c       atexit                     000000018001901c f   MSVCRT:utility.obj
 0001:00018034       __scrt_get_dyn_tls_init_callback 0000000180019034 f   MSVCRT:dyn_tls_init.obj
 0001:0001803c       __crt_debugger_hook        000000018001903c f   MSVCRT:utility_desktop.obj
 0001:00018044       __scrt_fastfail            0000000180019044 f   MSVCRT:utility_desktop.obj
 0001:00018190       __scrt_get_show_window_mode 0000000180019190 f   MSVCRT:utility_desktop.obj
 0001:000181cc       __scrt_initialize_mta      00000001800191cc f   MSVCRT:utility_desktop.obj
 0001:000181d4       __scrt_initialize_winrt    00000001800191d4 f   MSVCRT:utility_desktop.obj
 0001:000181d8       __scrt_is_managed_app      00000001800191d8 f   MSVCRT:utility_desktop.obj
 0001:0001822c       __scrt_set_unhandled_exception_filter 000000018001922c f   MSVCRT:utility_desktop.obj
 0001:0001823c       __scrt_exe_initialize_mta  000000018001923c f   MSVCRT:utility_desktop.obj
 0001:0001823c       __scrt_stub_for_initialize_mta 000000018001923c f   MSVCRT:utility_desktop.obj
 0001:00018240       __scrt_unhandled_exception_filter 0000000180019240 f   MSVCRT:utility_desktop.obj
 0001:0001829c       _RTC_Initialize            000000018001929c f   MSVCRT:initsect.obj
 0001:000182d8       _RTC_Terminate             00000001800192d8 f   MSVCRT:initsect.obj
 0001:00018314       _guard_check_icall_nop     0000000180019314 f i MSVCRT:guard_support.obj
 0001:00018318       ReadNoFence64              0000000180019318 f i MSVCRT:guard_support.obj
 0001:0001831c       ReadPointerNoFence         000000018001931c f i MSVCRT:guard_support.obj
 0001:00018320       __castguard_check_failure_debugbreak 0000000180019320 f i MSVCRT:guard_support.obj
 0001:0001833c       __castguard_check_failure_fastfail 000000018001933c f i MSVCRT:guard_support.obj
 0001:00018360       __castguard_check_failure_nop 0000000180019360 f i MSVCRT:guard_support.obj
 0001:00018364       __castguard_check_failure_os_handled 0000000180019364 f i MSVCRT:guard_support.obj
 0001:000183e0       __castguard_slow_path_check_debugbreak 00000001800193e0 f i MSVCRT:guard_support.obj
 0001:00018414       __castguard_slow_path_check_fastfail 0000000180019414 f i MSVCRT:guard_support.obj
 0001:00018450       __castguard_slow_path_check_nop 0000000180019450 f i MSVCRT:guard_support.obj
 0001:00018454       __castguard_slow_path_check_os_handled 0000000180019454 f i MSVCRT:guard_support.obj
 0001:000184c4       _guard_icall_checks_enforced 00000001800194c4 f i MSVCRT:guard_support.obj
 0001:000184dc       _guard_rf_checks_enforced  00000001800194dc f i MSVCRT:guard_support.obj
 0001:000184e0       __isa_available_init       00000001800194e0 f   MSVCRT:cpu_disp.obj
 0001:0001868c       _get_startup_argv_mode     000000018001968c f   MSVCRT:argv_mode.obj
 0001:00018694       __scrt_is_ucrt_dll_in_use  0000000180019694 f   MSVCRT:ucrt_detection.obj
 0001:000186a0       RtlCaptureContext          00000001800196a0 f   kernel32:KERNEL32.dll
 0001:000186a6       RtlLookupFunctionEntry     00000001800196a6 f   kernel32:KERNEL32.dll
 0001:000186ac       RtlVirtualUnwind           00000001800196ac f   kernel32:KERNEL32.dll
 0001:000186b2       UnhandledExceptionFilter   00000001800196b2 f   kernel32:KERNEL32.dll
 0001:000186b8       SetUnhandledExceptionFilter 00000001800196b8 f   kernel32:KERNEL32.dll
 0001:000186be       GetCurrentProcess          00000001800196be f   kernel32:KERNEL32.dll
 0001:000186c4       TerminateProcess           00000001800196c4 f   kernel32:KERNEL32.dll
 0001:000186ca       IsProcessorFeaturePresent  00000001800196ca f   kernel32:KERNEL32.dll
 0001:000186d0       QueryPerformanceCounter    00000001800196d0 f   kernel32:KERNEL32.dll
 0001:000186d6       GetCurrentProcessId        00000001800196d6 f   kernel32:KERNEL32.dll
 0001:000186dc       GetCurrentThreadId         00000001800196dc f   kernel32:KERNEL32.dll
 0001:000186e2       GetSystemTimeAsFileTime    00000001800196e2 f   kernel32:KERNEL32.dll
 0001:000186e8       DisableThreadLibraryCalls  00000001800196e8 f   kernel32:KERNEL32.dll
 0001:000186ee       InitializeSListHead        00000001800196ee f   kernel32:KERNEL32.dll
 0001:000186f4       IsDebuggerPresent          00000001800196f4 f   kernel32:KERNEL32.dll
 0001:000186fa       GetStartupInfoW            00000001800196fa f   kernel32:KERNEL32.dll
 0001:00018700       GetModuleHandleW           0000000180019700 f   kernel32:KERNEL32.dll
 0001:00018706       memset                     0000000180019706 f   vcruntime:VCRUNTIME140.dll
 0001:0001870c       memcpy                     000000018001970c f   vcruntime:VCRUNTIME140.dll
 0001:00018712       __C_specific_handler       0000000180019712 f   vcruntime:VCRUNTIME140.dll
 0001:00018718       __std_type_info_destroy_list 0000000180019718 f   vcruntime:VCRUNTIME140.dll
 0001:0001871e       __current_exception        000000018001971e f   vcruntime:VCRUNTIME140.dll
 0001:00018724       __current_exception_context 0000000180019724 f   vcruntime:VCRUNTIME140.dll
 0001:0001872a       strcmp                     000000018001972a f   ucrt:api-ms-win-crt-string-l1-1-0.dll
 0001:00018730       strcat                     0000000180019730 f   ucrt:api-ms-win-crt-string-l1-1-0.dll
 0001:00018736       __stdio_common_vsprintf    0000000180019736 f   ucrt:api-ms-win-crt-stdio-l1-1-0.dll
 0001:0001873c       free                       000000018001973c f   ucrt:api-ms-win-crt-heap-l1-1-0.dll
 0001:00018742       malloc                     0000000180019742 f   ucrt:api-ms-win-crt-heap-l1-1-0.dll
 0001:00018748       strlen                     0000000180019748 f   ucrt:api-ms-win-crt-string-l1-1-0.dll
 0001:0001874e       _initterm                  000000018001974e f   ucrt:api-ms-win-crt-runtime-l1-1-0.dll
 0001:00018754       _initterm_e                0000000180019754 f   ucrt:api-ms-win-crt-runtime-l1-1-0.dll
 0001:0001875a       _seh_filter_dll            000000018001975a f   ucrt:api-ms-win-crt-runtime-l1-1-0.dll
 0001:00018760       _configure_narrow_argv     0000000180019760 f   ucrt:api-ms-win-crt-runtime-l1-1-0.dll
 0001:00018766       _initialize_narrow_environment 0000000180019766 f   ucrt:api-ms-win-crt-runtime-l1-1-0.dll
 0001:0001876c       _initialize_onexit_table   000000018001976c f   ucrt:api-ms-win-crt-runtime-l1-1-0.dll
 0001:00018772       _register_onexit_function  0000000180019772 f   ucrt:api-ms-win-crt-runtime-l1-1-0.dll
 0001:00018778       _execute_onexit_table      0000000180019778 f   ucrt:api-ms-win-crt-runtime-l1-1-0.dll
 0001:0001877e       _crt_atexit                000000018001977e f   ucrt:api-ms-win-crt-runtime-l1-1-0.dll
 0001:00018784       _crt_at_quick_exit         0000000180019784 f   ucrt:api-ms-win-crt-runtime-l1-1-0.dll
 0001:0001878a       _cexit                     000000018001978a f   ucrt:api-ms-win-crt-runtime-l1-1-0.dll
 0001:00018790       terminate                  0000000180019790 f   ucrt:api-ms-win-crt-runtime-l1-1-0.dll
 0001:00018798       __acrt_initialize          0000000180019798 f   MSVCRT:ucrt_stubs.obj
 0001:00018798       __scrt_stub_for_acrt_initialize 0000000180019798 f   MSVCRT:ucrt_stubs.obj
 0001:00018798       __vcrt_initialize          0000000180019798 f   MSVCRT:ucrt_stubs.obj
 0001:0001879c       __acrt_thread_attach       000000018001979c f   MSVCRT:ucrt_stubs.obj
 0001:0001879c       __scrt_stub_for_acrt_thread_attach 000000018001979c f   MSVCRT:ucrt_stubs.obj
 0001:0001879c       __vcrt_thread_attach       000000018001979c f   MSVCRT:ucrt_stubs.obj
 0001:000187a0       __acrt_thread_detach       00000001800197a0 f   MSVCRT:ucrt_stubs.obj
 0001:000187a0       __scrt_stub_for_acrt_thread_detach 00000001800197a0 f   MSVCRT:ucrt_stubs.obj
 0001:000187a0       __vcrt_thread_detach       00000001800197a0 f   MSVCRT:ucrt_stubs.obj
 0001:000187a4       __acrt_uninitialize        00000001800197a4 f   MSVCRT:ucrt_stubs.obj
 0001:000187a4       __scrt_stub_for_acrt_uninitialize 00000001800197a4 f   MSVCRT:ucrt_stubs.obj
 0001:000187a4       __vcrt_uninitialize        00000001800197a4 f   MSVCRT:ucrt_stubs.obj
 0001:000187a8       __acrt_uninitialize_critical 00000001800197a8 f   MSVCRT:ucrt_stubs.obj
 0001:000187a8       __scrt_stub_for_acrt_uninitialize_critical 00000001800197a8 f   MSVCRT:ucrt_stubs.obj
 0001:000187a8       __vcrt_uninitialize_critical 00000001800197a8 f   MSVCRT:ucrt_stubs.obj
 0001:000187ac       __scrt_stub_for_is_c_termination_complete 00000001800197ac f   MSVCRT:ucrt_stubs.obj
 0001:000187ac       _is_c_termination_complete 00000001800197ac f   MSVCRT:ucrt_stubs.obj
 0001:000187c0       _guard_dispatch_icall_nop  00000001800197c0 f   MSVCRT:guard_dispatch.obj
 0001:000187e0       _guard_xfg_dispatch_icall_nop 00000001800197e0 f   MSVCRT:guard_xfg_dispatch.obj
 0002:00000000       __imp_GetCurrentThreadId   000000018001a000     kernel32:KERNEL32.dll
 0002:00000008       __imp_GetCurrentProcessId  000000018001a008     kernel32:KERNEL32.dll
 0002:00000010       __imp_RtlCaptureContext    000000018001a010     kernel32:KERNEL32.dll
 0002:00000018       __imp_RtlLookupFunctionEntry 000000018001a018     kernel32:KERNEL32.dll
 0002:00000020       __imp_RtlVirtualUnwind     000000018001a020     kernel32:KERNEL32.dll
 0002:00000028       __imp_UnhandledExceptionFilter 000000018001a028     kernel32:KERNEL32.dll
 0002:00000030       __imp_GetSystemTimeAsFileTime 000000018001a030     kernel32:KERNEL32.dll
 0002:00000038       __imp_DisableThreadLibraryCalls 000000018001a038     kernel32:KERNEL32.dll
 0002:00000040       __imp_InitializeSListHead  000000018001a040     kernel32:KERNEL32.dll
 0002:00000048       __imp_IsDebuggerPresent    000000018001a048     kernel32:KERNEL32.dll
 0002:00000050       __imp_GetStartupInfoW      000000018001a050     kernel32:KERNEL32.dll
 0002:00000058       __imp_GetModuleHandleW     000000018001a058     kernel32:KERNEL32.dll
 0002:00000060       __imp_IsProcessorFeaturePresent 000000018001a060     kernel32:KERNEL32.dll
 0002:00000068       __imp_TerminateProcess     000000018001a068     kernel32:KERNEL32.dll
 0002:00000070       __imp_GetCurrentProcess    000000018001a070     kernel32:KERNEL32.dll
 0002:00000078       __imp_QueryPerformanceCounter 000000018001a078     kernel32:KERNEL32.dll
 0002:00000080       __imp_SetUnhandledExceptionFilter 000000018001a080     kernel32:KERNEL32.dll
 0002:00000088       \177KERNEL32_NULL_THUNK_DATA 000000018001a088     kernel32:KERNEL32.dll
 0002:00000090       __imp_memcpy               000000018001a090     vcruntime:VCRUNTIME140.dll
 0002:00000098       __imp___current_exception_context 000000018001a098     vcruntime:VCRUNTIME140.dll
 0002:000000a0       __imp_memset               000000018001a0a0     vcruntime:VCRUNTIME140.dll
 0002:000000a8       __imp___std_type_info_destroy_list 000000018001a0a8     vcruntime:VCRUNTIME140.dll
 0002:000000b0       __imp___C_specific_handler 000000018001a0b0     vcruntime:VCRUNTIME140.dll
 0002:000000b8       __imp___current_exception  000000018001a0b8     vcruntime:VCRUNTIME140.dll
 0002:000000c0       \177VCRUNTIME140_NULL_THUNK_DATA 000000018001a0c0     vcruntime:VCRUNTIME140.dll
 0002:000000c8       __imp_malloc               000000018001a0c8     ucrt:api-ms-win-crt-heap-l1-1-0.dll
 0002:000000d0       __imp_free                 000000018001a0d0     ucrt:api-ms-win-crt-heap-l1-1-0.dll
 0002:000000d8       \177api-ms-win-crt-heap-l1-1-0_NULL_THUNK_DATA 000000018001a0d8     ucrt:api-ms-win-crt-heap-l1-1-0.dll
 0002:000000e0       __imp__initialize_narrow_environment 000000018001a0e0     ucrt:api-ms-win-crt-runtime-l1-1-0.dll
 0002:000000e8       __imp__configure_narrow_argv 000000018001a0e8     ucrt:api-ms-win-crt-runtime-l1-1-0.dll
 0002:000000f0       __imp__seh_filter_dll      000000018001a0f0     ucrt:api-ms-win-crt-runtime-l1-1-0.dll
 0002:000000f8       __imp__initterm_e          000000018001a0f8     ucrt:api-ms-win-crt-runtime-l1-1-0.dll
 0002:00000100       __imp__register_onexit_function 000000018001a100     ucrt:api-ms-win-crt-runtime-l1-1-0.dll
 0002:00000108       __imp__execute_onexit_table 000000018001a108     ucrt:api-ms-win-crt-runtime-l1-1-0.dll
 0002:00000110       __imp__crt_atexit          000000018001a110     ucrt:api-ms-win-crt-runtime-l1-1-0.dll
 0002:00000118       __imp__crt_at_quick_exit   000000018001a118     ucrt:api-ms-win-crt-runtime-l1-1-0.dll
 0002:00000120       __imp__cexit               000000018001a120     ucrt:api-ms-win-crt-runtime-l1-1-0.dll
 0002:00000128       __imp_terminate            000000018001a128     ucrt:api-ms-win-crt-runtime-l1-1-0.dll
 0002:00000130       __imp__initialize_onexit_table 000000018001a130     ucrt:api-ms-win-crt-runtime-l1-1-0.dll
 0002:00000138       __imp__initterm            000000018001a138     ucrt:api-ms-win-crt-runtime-l1-1-0.dll
 0002:00000140       \177api-ms-win-crt-runtime-l1-1-0_NULL_THUNK_DATA 000000018001a140     ucrt:api-ms-win-crt-runtime-l1-1-0.dll
 0002:00000148       __imp___stdio_common_vsprintf 000000018001a148     ucrt:api-ms-win-crt-stdio-l1-1-0.dll
 0002:00000150       \177api-ms-win-crt-stdio-l1-1-0_NULL_THUNK_DATA 000000018001a150     ucrt:api-ms-win-crt-stdio-l1-1-0.dll
 0002:00000158       __imp_strlen               000000018001a158     ucrt:api-ms-win-crt-string-l1-1-0.dll
 0002:00000160       __imp_strcat               000000018001a160     ucrt:api-ms-win-crt-string-l1-1-0.dll
 0002:00000168       __imp_strcmp               000000018001a168     ucrt:api-ms-win-crt-string-l1-1-0.dll
 0002:00000170       \177api-ms-win-crt-string-l1-1-0_NULL_THUNK_DATA 000000018001a170     ucrt:api-ms-win-crt-string-l1-1-0.dll
 0002:00000178       __imp_covrtDeleteStateflowInstanceData 000000018001a178     libcovrt:libcovrt.dll
 0002:00000180       __imp_covrtCreateStateflowInstanceData 000000018001a180     libcovrt:libcovrt.dll
 0002:00000188       __imp_covrtTransInitFcn    000000018001a188     libcovrt:libcovrt.dll
 0002:00000190       __imp_covrtEmlForEval      000000018001a190     libcovrt:libcovrt.dll
 0002:00000198       __imp_covrtEmlForInitFcn   000000018001a198     libcovrt:libcovrt.dll
 0002:000001a0       __imp_covrtEmlSaturationInitFcn 000000018001a1a0     libcovrt:libcovrt.dll
 0002:000001a8       __imp_covrtSaturationUpdateFcn 000000018001a1a8     libcovrt:libcovrt.dll
 0002:000001b0       __imp_covrtEmlFcnEval      000000018001a1b0     libcovrt:libcovrt.dll
 0002:000001b8       __imp_covrtEmlFcnInitFcn   000000018001a1b8     libcovrt:libcovrt.dll
 0002:000001c0       __imp_covrtEmlInitFcn      000000018001a1c0     libcovrt:libcovrt.dll
 0002:000001c8       __imp_covrtSigUpdateFcn    000000018001a1c8     libcovrt:libcovrt.dll
 0002:000001d0       __imp_covrtChartInitFcn    000000018001a1d0     libcovrt:libcovrt.dll
 0002:000001d8       __imp_covrtStateInitFcn    000000018001a1d8     libcovrt:libcovrt.dll
 0002:000001e0       \177libcovrt_NULL_THUNK_DATA 000000018001a1e0     libcovrt:libcovrt.dll
 0002:000001e8       __imp_emlrtDynamicBoundsCheckR2012b 000000018001a1e8     libemlrt:libemlrt.dll
 0002:000001f0       __imp_emlrtIntegerCheckR2012b 000000018001a1f0     libemlrt:libemlrt.dll
 0002:000001f8       __imp_emlrtLicenseCheckR2022a 000000018001a1f8     libemlrt:libemlrt.dll
 0002:00000200       __imp_emlrtForLoopVectorCheckR2021a 000000018001a200     libemlrt:libemlrt.dll
 0002:00000208       \177libemlrt_NULL_THUNK_DATA 000000018001a208     libemlrt:libemlrt.dll
 0002:00000210       __imp_mexWarnMsgTxt_800    000000018001a210     libmex:libmex.dll
 0002:00000218       __imp_mexErrMsgTxt_800     000000018001a218     libmex:libmex.dll
 0002:00000220       __imp_mexMakeArrayPersistent_800 000000018001a220     libmex:libmex.dll
 0002:00000228       __imp_mexLock_800          000000018001a228     libmex:libmex.dll
 0002:00000230       __imp_mexUnlock_800        000000018001a230     libmex:libmex.dll
 0002:00000238       __imp_mexIsLocked_800      000000018001a238     libmex:libmex.dll
 0002:00000240       __imp_mexCallMATLAB_800    000000018001a240     libmex:libmex.dll
 0002:00000248       \177libmex_NULL_THUNK_DATA 000000018001a248     libmex:libmex.dll
 0002:00000250       __imp_getnumcores          000000018001a250     libmwgetnumcores:libmwgetnumcores.dll
 0002:00000258       \177libmwgetnumcores_NULL_THUNK_DATA 000000018001a258     libmwgetnumcores:libmwgetnumcores.dll
 0002:00000260       __imp_grayto8_real64       000000018001a260     libmwgrayto8:libmwgrayto8.dll
 0002:00000268       \177libmwgrayto8_NULL_THUNK_DATA 000000018001a268     libmwgrayto8:libmwgrayto8.dll
 0002:00000270       __imp_muDoubleScalarRound  000000018001a270     libmwmathutil:libmwmathutil.dll
 0002:00000278       __imp_muDoubleScalarIsInf  000000018001a278     libmwmathutil:libmwmathutil.dll
 0002:00000280       __imp_muDoubleScalarFloor  000000018001a280     libmwmathutil:libmwmathutil.dll
 0002:00000288       __imp_muDoubleScalarIsNaN  000000018001a288     libmwmathutil:libmwmathutil.dll
 0002:00000290       \177libmwmathutil_NULL_THUNK_DATA 000000018001a290     libmwmathutil:libmwmathutil.dll
 0002:00000298       __imp_rgb2gray_tbb_uint8   000000018001a298     libmwrgb2gray_tbb:libmwrgb2gray_tbb.dll
 0002:000002a0       \177libmwrgb2gray_tbb_NULL_THUNK_DATA 000000018001a2a0     libmwrgb2gray_tbb:libmwrgb2gray_tbb.dll
 0002:000002a8       __imp_mxCreateDoubleScalar_800 000000018001a2a8     libmx:libmx.dll
 0002:000002b0       __imp_mxGetN_800           000000018001a2b0     libmx:libmx.dll
 0002:000002b8       __imp_mxIsComplex_800      000000018001a2b8     libmx:libmx.dll
 0002:000002c0       __imp_mxIsNumeric_800      000000018001a2c0     libmx:libmx.dll
 0002:000002c8       __imp_mxGetClassID_800     000000018001a2c8     libmx:libmx.dll
 0002:000002d0       __imp_mxGetM_800           000000018001a2d0     libmx:libmx.dll
 0002:000002d8       __imp_mxCalloc_800         000000018001a2d8     libmx:libmx.dll
 0002:000002e0       __imp_mxIsChar_800         000000018001a2e0     libmx:libmx.dll
 0002:000002e8       __imp_mxCreateStructMatrix_800 000000018001a2e8     libmx:libmx.dll
 0002:000002f0       __imp_mxCreateCellMatrix_800 000000018001a2f0     libmx:libmx.dll
 0002:000002f8       __imp_mxCreateString_800   000000018001a2f8     libmx:libmx.dll
 0002:00000300       __imp_mxSetField_800       000000018001a300     libmx:libmx.dll
 0002:00000308       __imp_mxSetCell_800        000000018001a308     libmx:libmx.dll
 0002:00000310       __imp_mxDuplicateArray_800 000000018001a310     libmx:libmx.dll
 0002:00000318       __imp_mxGetString_800      000000018001a318     libmx:libmx.dll
 0002:00000320       __imp_mxCreateDoubleMatrix_800 000000018001a320     libmx:libmx.dll
 0002:00000328       __imp_mxDestroyArray_800   000000018001a328     libmx:libmx.dll
 0002:00000330       __imp_mxGetPr_800          000000018001a330     libmx:libmx.dll
 0002:00000338       __imp_mxGetScalar_800      000000018001a338     libmx:libmx.dll
 0002:00000340       __imp_mxGetInf_800         000000018001a340     libmx:libmx.dll
 0002:00000348       \177libmx_NULL_THUNK_DATA  000000018001a348     libmx:libmx.dll
 0002:00000350       __imp_utFree               000000018001a350     libut:libut.dll
 0002:00000358       __imp_utMalloc             000000018001a358     libut:libut.dll
 0002:00000360       \177libut_NULL_THUNK_DATA  000000018001a360     libut:libut.dll
 0002:00000368       __imp_call_sf_machine_global_method_dispatcher 000000018001a368     sf_runtime:sf_runtime.dll
 0002:00000370       __imp_callMdlMethodAndReportError 000000018001a370     sf_runtime:sf_runtime.dll
 0002:00000378       __imp_sf_get_hasSeparateUpdateOutputs 000000018001a378     sf_runtime:sf_runtime.dll
 0002:00000380       __imp_sf_mex_error_direct_call 000000018001a380     sf_runtime:sf_runtime.dll
 0002:00000388       __imp_sf_data_saturate_error 000000018001a388     sf_runtime:sf_runtime.dll
 0002:00000390       __imp_sf_data_overflow_error 000000018001a390     sf_runtime:sf_runtime.dll
 0002:00000398       __imp_sf_mex_listen_for_ctrl_c 000000018001a398     sf_runtime:sf_runtime.dll
 0002:000003a0       __imp_ssGetOutputPortSignal_wrapper 000000018001a3a0     sf_runtime:sf_runtime.dll
 0002:000003a8       __imp_ssGetInputPortSignal_wrapper 000000018001a3a8     sf_runtime:sf_runtime.dll
 0002:000003b0       __imp_sf_mex_import        000000018001a3b0     sf_runtime:sf_runtime.dll
 0002:000003b8       __imp_sf_mex_destroy       000000018001a3b8     sf_runtime:sf_runtime.dll
 0002:000003c0       __imp_sf_mex_dup           000000018001a3c0     sf_runtime:sf_runtime.dll
 0002:000003c8       __imp_sf_mex_assign        000000018001a3c8     sf_runtime:sf_runtime.dll
 0002:000003d0       __imp_sf_mex_getcell       000000018001a3d0     sf_runtime:sf_runtime.dll
 0002:000003d8       __imp_sf_mex_setcell       000000018001a3d8     sf_runtime:sf_runtime.dll
 0002:000003e0       __imp_sf_mex_createcellmatrix 000000018001a3e0     sf_runtime:sf_runtime.dll
 0002:000003e8       __imp_sf_mex_create        000000018001a3e8     sf_runtime:sf_runtime.dll
 0002:000003f0       __imp_sf_mex_error_message 000000018001a3f0     sf_runtime:sf_runtime.dll
 0002:000003f8       __imp_sf_mex_call          000000018001a3f8     sf_runtime:sf_runtime.dll
 0002:00000400       __imp_mdlProcessParamsCommon 000000018001a400     sf_runtime:sf_runtime.dll
 0002:00000408       __imp_sf_set_work_widths   000000018001a408     sf_runtime:sf_runtime.dll
 0002:00000410       __imp_sf_get_time          000000018001a410     sf_runtime:sf_runtime.dll
 0002:00000418       __imp_sf_clear_rtw_identifier 000000018001a418     sf_runtime:sf_runtime.dll
 0002:00000420       __imp_sim_mode_is_external 000000018001a420     sf_runtime:sf_runtime.dll
 0002:00000428       __imp_sim_mode_is_rtw_gen  000000018001a428     sf_runtime:sf_runtime.dll
 0002:00000430       __imp_sfSetAnimationVectors 000000018001a430     sf_runtime:sf_runtime.dll
 0002:00000438       __imp_sf_get_chart_instance_ptr 000000018001a438     sf_runtime:sf_runtime.dll
 0002:00000440       __imp_sfrtGetCovrtInstance 000000018001a440     sf_runtime:sf_runtime.dll
 0002:00000448       __imp_sfrtGetEmlrtCtx      000000018001a448     sf_runtime:sf_runtime.dll
 0002:00000450       __imp_sf_reset_warnings_ChartRunTimeInfo 000000018001a450     sf_runtime:sf_runtime.dll
 0002:00000458       __imp_sf_free_ChartRunTimeInfo 000000018001a458     sf_runtime:sf_runtime.dll
 0002:00000460       __imp_sf_init_ChartRunTimeInfo 000000018001a460     sf_runtime:sf_runtime.dll
 0002:00000468       __imp_sf_mex_decode        000000018001a468     sf_runtime:sf_runtime.dll
 0002:00000470       __imp_sf_load_rtw_optimization_info 000000018001a470     sf_runtime:sf_runtime.dll
 0002:00000478       __imp_sf_clear_error_manager_info 000000018001a478     sf_runtime:sf_runtime.dll
 0002:00000480       __imp_getRuntimeInstanceInfoAsVoid 000000018001a480     sf_runtime:sf_runtime.dll
 0002:00000488       __imp_sf_get_ChartInfoStruct_CodeGen 000000018001a488     sf_runtime:sf_runtime.dll
 0002:00000490       \177sf_runtime_NULL_THUNK_DATA 000000018001a490     sf_runtime:sf_runtime.dll
 0002:00000498       __guard_check_icall_fptr   000000018001a498     MSVCRT:guard_support.obj
 0002:000004a0       __guard_xfg_check_icall_fptr 000000018001a4a0     MSVCRT:guard_support.obj
 0002:000004a8       __guard_dispatch_icall_fptr 000000018001a4a8     MSVCRT:guard_support.obj
 0002:000004b0       __guard_xfg_dispatch_icall_fptr 000000018001a4b0     MSVCRT:guard_support.obj
 0002:000004b8       __guard_xfg_table_dispatch_icall_fptr 000000018001a4b8     MSVCRT:guard_support.obj
 0002:000004c0       __castguard_check_failure_os_handled_fptr 000000018001a4c0     MSVCRT:guard_support.obj
 0002:000004c8       __guard_memcpy_fptr        000000018001a4c8     vcruntime:softmemtag.obj
 0002:000004d0       __xc_a                     000000018001a4d0     MSVCRT:initializers.obj
 0002:000004d8       __xc_z                     000000018001a4d8     MSVCRT:initializers.obj
 0002:000004e0       __xi_a                     000000018001a4e0     MSVCRT:initializers.obj
 0002:000004e8       __xi_z                     000000018001a4e8     MSVCRT:initializers.obj
 0002:000004f0       __xp_a                     000000018001a4f0     MSVCRT:initializers.obj
 0002:000004f8       __xp_z                     000000018001a4f8     MSVCRT:initializers.obj
 0002:00000500       __xt_a                     000000018001a500     MSVCRT:initializers.obj
 0002:00000508       __xt_z                     000000018001a508     MSVCRT:initializers.obj
 0002:00000510       __real@4174ffbd70000000    000000018001a510     flightControlSystem_sfun.obj
 0002:00000518       __real@418f503920000000    000000018001a518     flightControlSystem_sfun.obj
 0002:00000520       __real@41b92f8712000000    000000018001a520     flightControlSystem_sfun.obj
 0002:00000528       __real@41bad2f744000000    000000018001a528     flightControlSystem_sfun.obj
 0002:00000530       __real@41cb1a5378800000    000000018001a530     flightControlSystem_sfun.obj
 0002:00000538       __real@41dd4ff610400000    000000018001a538     flightControlSystem_sfun.obj
 0002:00000540       __real@41e3f2a9e2200000    000000018001a540     flightControlSystem_sfun.obj
 0002:00000548       __real@41e3fa3198000000    000000018001a548     flightControlSystem_sfun.obj
 0002:00000550       __real@41e4f97bc3200000    000000018001a550     flightControlSystem_sfun.obj
 0002:00000558       __real@41e5ea5a70200000    000000018001a558     flightControlSystem_sfun.obj
 0002:00000560       __real@41eb30c5b0800000    000000018001a560     flightControlSystem_sfun.obj
 0002:00000568       __real@41ed0b63b6c00000    000000018001a568     flightControlSystem_sfun.obj
 0002:00000578       __real@3ff0000000000000    000000018001a578     c4_flightControlSystem.obj
 0002:00000580       __real@4000000000000000    000000018001a580     c4_flightControlSystem.obj
 0002:00000588       __real@406fe00000000000    000000018001a588     c4_flightControlSystem.obj
 0002:00000590       __real@40d2c00000000000    000000018001a590     c4_flightControlSystem.obj
 0002:00000598       __real@41decac454c00000    000000018001a598     c4_flightControlSystem.obj
 0002:000005a0       __real@41e418d34a000000    000000018001a5a0     c4_flightControlSystem.obj
 0002:000005a8       __real@41edb72289e00000    000000018001a5a8     c4_flightControlSystem.obj
 0002:000005b0       __real@41edf91331e00000    000000018001a5b0     c4_flightControlSystem.obj
 0002:000005c0       __xmm@80000000000000008000000000000000 000000018001a5c0     c4_flightControlSystem.obj
 0002:000005d8       __real@0000000000000000    000000018001a5d8     c8_flightControlSystem.obj
 0002:000005e0       __real@404e000000000000    000000018001a5e0     c8_flightControlSystem.obj
 0002:000005e8       __real@404e800000000000    000000018001a5e8     c8_flightControlSystem.obj
 0002:000005f0       __real@405e400000000000    000000018001a5f0     c8_flightControlSystem.obj
 0002:000005f8       __real@4070000000000000    000000018001a5f8     c8_flightControlSystem.obj
 0002:00000600       __real@40cc200000000000    000000018001a600     c8_flightControlSystem.obj
 0002:00000608       __real@41c217fed2800000    000000018001a608     c8_flightControlSystem.obj
 0002:00000610       __real@41ceebe342000000    000000018001a610     c8_flightControlSystem.obj
 0002:00000618       __real@41cf27b9ef800000    000000018001a618     c8_flightControlSystem.obj
 0002:00000620       __real@41e3d9a335800000    000000018001a620     c8_flightControlSystem.obj
 0002:00000630       __real@41c1d0c9a8000000    000000018001a630     c11_flightControlSystem.obj
 0002:00000638       __real@41c977152e800000    000000018001a638     c11_flightControlSystem.obj
 0002:00000640       __real@41e6b2198da00000    000000018001a640     c11_flightControlSystem.obj
 0002:00000648       __real@41ee6eb7bf000000    000000018001a648     c11_flightControlSystem.obj
 0002:00000650       DYNAMIC_DIMENSION_DEF      000000018001a650     flightControlSystem_sfun_registry.obj
 0002:00000668       __real@4010000000000000    000000018001a668     flightControlSystem_sfun_registry.obj
 0002:00000670       __real@41602cbca0000000    000000018001a670     flightControlSystem_sfun_registry.obj
 0002:00000678       __real@bff0000000000000    000000018001a678     flightControlSystem_sfun_registry.obj
 0002:00000690       _pDefaultRawDllMain        000000018001a690     MSVCRT:dll_dllmain.obj
 0002:00000690       _pRawDllMain               000000018001a690     MSVCRT:dll_dllmain.obj
 0002:000006a0       __xmm@ffffffffffffffffffffffffffffffff 000000018001a6a0     MSVCRT:utility.obj
 0002:000006b0       _load_config_used          000000018001a6b0     MSVCRT:loadcfg.obj
 0002:00000880       __CastGuardVftablesStart   000000018001a880     MSVCRT:guard_support.obj
 0002:00000900       __CastGuardVftablesEnd     000000018001a900     MSVCRT:guard_support.obj
 0002:00000980       __volatile_metadata        000000018001a980     <linker-defined>
 0002:00000dc8       __rtc_iaa                  000000018001adc8     MSVCRT:initsect.obj
 0002:00000dd0       __rtc_izz                  000000018001add0     MSVCRT:initsect.obj
 0002:00000dd8       __rtc_taa                  000000018001add8     MSVCRT:initsect.obj
 0002:00000de0       __rtc_tzz                  000000018001ade0     MSVCRT:initsect.obj
 0002:00001ac4       __IMPORT_DESCRIPTOR_libmwgrayto8 000000018001bac4     libmwgrayto8:libmwgrayto8.dll
 0002:00001ad8       __IMPORT_DESCRIPTOR_libmwrgb2gray_tbb 000000018001bad8     libmwrgb2gray_tbb:libmwrgb2gray_tbb.dll
 0002:00001aec       __IMPORT_DESCRIPTOR_libmwgetnumcores 000000018001baec     libmwgetnumcores:libmwgetnumcores.dll
 0002:00001b00       __IMPORT_DESCRIPTOR_sf_runtime 000000018001bb00     sf_runtime:sf_runtime.dll
 0002:00001b14       __IMPORT_DESCRIPTOR_libmx  000000018001bb14     libmx:libmx.dll
 0002:00001b28       __IMPORT_DESCRIPTOR_libmex 000000018001bb28     libmex:libmex.dll
 0002:00001b3c       __IMPORT_DESCRIPTOR_libut  000000018001bb3c     libut:libut.dll
 0002:00001b50       __IMPORT_DESCRIPTOR_libmwmathutil 000000018001bb50     libmwmathutil:libmwmathutil.dll
 0002:00001b64       __IMPORT_DESCRIPTOR_libemlrt 000000018001bb64     libemlrt:libemlrt.dll
 0002:00001b78       __IMPORT_DESCRIPTOR_libcovrt 000000018001bb78     libcovrt:libcovrt.dll
 0002:00001b8c       __IMPORT_DESCRIPTOR_KERNEL32 000000018001bb8c     kernel32:KERNEL32.dll
 0002:00001ba0       __IMPORT_DESCRIPTOR_VCRUNTIME140 000000018001bba0     vcruntime:VCRUNTIME140.dll
 0002:00001bb4       __IMPORT_DESCRIPTOR_api-ms-win-crt-string-l1-1-0 000000018001bbb4     ucrt:api-ms-win-crt-string-l1-1-0.dll
 0002:00001bc8       __IMPORT_DESCRIPTOR_api-ms-win-crt-stdio-l1-1-0 000000018001bbc8     ucrt:api-ms-win-crt-stdio-l1-1-0.dll
 0002:00001bdc       __IMPORT_DESCRIPTOR_api-ms-win-crt-heap-l1-1-0 000000018001bbdc     ucrt:api-ms-win-crt-heap-l1-1-0.dll
 0002:00001bf0       __IMPORT_DESCRIPTOR_api-ms-win-crt-runtime-l1-1-0 000000018001bbf0     ucrt:api-ms-win-crt-runtime-l1-1-0.dll
 0002:00001c04       __NULL_IMPORT_DESCRIPTOR   000000018001bc04     libmwgrayto8:libmwgrayto8.dll
 0003:00007580       DYNAMIC_DIMENSION          0000000180024580     flightControlSystem_sfun_registry.obj
 0003:00009b90       __security_cookie_complement 0000000180026b90     MSVCRT:gs_cookie.obj
 0003:00009b98       __security_cookie          0000000180026b98     MSVCRT:gs_cookie.obj
 0003:00009ba0       _fltused                   0000000180026ba0     MSVCRT:fltused.obj
 0003:00009bb0       __scrt_native_dllmain_reason 0000000180026bb0     MSVCRT:utility.obj
 0003:00009bb8       __isa_available            0000000180026bb8     MSVCRT:cpu_disp.obj
 0003:00009bbc       __isa_enabled              0000000180026bbc     MSVCRT:cpu_disp.obj
 0003:00009bc0       __memset_fast_string_threshold 0000000180026bc0     MSVCRT:cpu_disp.obj
 0003:00009bc8       __memset_nt_threshold      0000000180026bc8     MSVCRT:cpu_disp.obj
 0003:00009bd0       __scrt_ucrt_dll_is_in_use  0000000180026bd0     MSVCRT:ucrt_stubs.obj
 0003:0000b340       ?__type_info_root_node@@3U__type_info_node@@A 0000000180028340     MSVCRT:tncleanup.obj
 0003:0000b350       ?_OptionsStorage@?1??__local_stdio_printf_options@@9@4_KA 0000000180028350     MSVCRT:default_local_stdio_options.obj
 0003:0000b358       ?_OptionsStorage@?1??__local_stdio_scanf_options@@9@4_KA 0000000180028358     MSVCRT:default_local_stdio_options.obj
 0003:0000b360       __scrt_current_native_startup_state 0000000180028360     MSVCRT:utility.obj
 0003:0000b368       __scrt_native_startup_lock 0000000180028368     MSVCRT:utility.obj
 0003:0000b3a8       __scrt_debugger_hook_flag  00000001800283a8     MSVCRT:utility_desktop.obj
 0003:0000b3ac       __favor                    00000001800283ac     MSVCRT:cpu_disp.obj
 0003:0000b3b0       ?_OptionsStorage@?1??__local_stdio_printf_options@@9@9 00000001800283b0     <common>
 0003:0000b3b8       __dyn_tls_init_callback    00000001800283b8     <common>

 entry point at        0001:00017a34

 Static symbols

 0000:00000000       _volmd                     0000000180000000     c11_flightControlSystem.obj
 0000:00000000       _volmd                     0000000180000000     c4_flightControlSystem.obj
 0000:00000000       _volmd                     0000000180000000     c8_flightControlSystem.obj
 0000:00000000       .debug$S                   0000000180000000     flightControlSystem_sfun.exp
 0000:00000000       _volmd                     0000000180000000     flightControlSystem_sfun.obj
 0000:00000000       _volmd                     0000000180000000     flightControlSystem_sfun_registry.obj
 0000:00000000       .debug$S                   0000000180000000     ucrt:api-ms-win-crt-heap-l1-1-0.dll
 0000:00000000       .debug$S                   0000000180000000     ucrt:api-ms-win-crt-heap-l1-1-0.dll
 0000:00000000       .debug$S                   0000000180000000     ucrt:api-ms-win-crt-runtime-l1-1-0.dll
 0000:00000000       .debug$S                   0000000180000000     ucrt:api-ms-win-crt-runtime-l1-1-0.dll
 0000:00000000       .debug$S                   0000000180000000     ucrt:api-ms-win-crt-runtime-l1-1-0.dll
 0000:00000000       .debug$S                   0000000180000000     ucrt:api-ms-win-crt-runtime-l1-1-0.dll
 0000:00000000       .debug$S                   0000000180000000     ucrt:api-ms-win-crt-runtime-l1-1-0.dll
 0000:00000000       .debug$S                   0000000180000000     ucrt:api-ms-win-crt-runtime-l1-1-0.dll
 0000:00000000       .debug$S                   0000000180000000     ucrt:api-ms-win-crt-runtime-l1-1-0.dll
 0000:00000000       .debug$S                   0000000180000000     ucrt:api-ms-win-crt-runtime-l1-1-0.dll
 0000:00000000       .debug$S                   0000000180000000     ucrt:api-ms-win-crt-runtime-l1-1-0.dll
 0000:00000000       .debug$S                   0000000180000000     ucrt:api-ms-win-crt-runtime-l1-1-0.dll
 0000:00000000       .debug$S                   0000000180000000     ucrt:api-ms-win-crt-runtime-l1-1-0.dll
 0000:00000000       .debug$S                   0000000180000000     ucrt:api-ms-win-crt-runtime-l1-1-0.dll
 0000:00000000       .debug$S                   0000000180000000     ucrt:api-ms-win-crt-stdio-l1-1-0.dll
 0000:00000000       .debug$S                   0000000180000000     ucrt:api-ms-win-crt-string-l1-1-0.dll
 0000:00000000       .debug$S                   0000000180000000     ucrt:api-ms-win-crt-string-l1-1-0.dll
 0000:00000000       .debug$S                   0000000180000000     ucrt:api-ms-win-crt-string-l1-1-0.dll
 0000:00000000       .debug$S                   0000000180000000     kernel32:KERNEL32.dll
 0000:00000000       .debug$S                   0000000180000000     kernel32:KERNEL32.dll
 0000:00000000       .debug$S                   0000000180000000     kernel32:KERNEL32.dll
 0000:00000000       .debug$S                   0000000180000000     kernel32:KERNEL32.dll
 0000:00000000       .debug$S                   0000000180000000     kernel32:KERNEL32.dll
 0000:00000000       .debug$S                   0000000180000000     kernel32:KERNEL32.dll
 0000:00000000       .debug$S                   0000000180000000     kernel32:KERNEL32.dll
 0000:00000000       .debug$S                   0000000180000000     kernel32:KERNEL32.dll
 0000:00000000       .debug$S                   0000000180000000     kernel32:KERNEL32.dll
 0000:00000000       .debug$S                   0000000180000000     kernel32:KERNEL32.dll
 0000:00000000       .debug$S                   0000000180000000     kernel32:KERNEL32.dll
 0000:00000000       .debug$S                   0000000180000000     kernel32:KERNEL32.dll
 0000:00000000       .debug$S                   0000000180000000     kernel32:KERNEL32.dll
 0000:00000000       .debug$S                   0000000180000000     kernel32:KERNEL32.dll
 0000:00000000       .debug$S                   0000000180000000     kernel32:KERNEL32.dll
 0000:00000000       .debug$S                   0000000180000000     kernel32:KERNEL32.dll
 0000:00000000       .debug$S                   0000000180000000     kernel32:KERNEL32.dll
 0000:00000000       .debug$S                   0000000180000000     libcovrt:libcovrt.dll
 0000:00000000       .debug$S                   0000000180000000     libcovrt:libcovrt.dll
 0000:00000000       .debug$S                   0000000180000000     libcovrt:libcovrt.dll
 0000:00000000       .debug$S                   0000000180000000     libcovrt:libcovrt.dll
 0000:00000000       .debug$S                   0000000180000000     libcovrt:libcovrt.dll
 0000:00000000       .debug$S                   0000000180000000     libcovrt:libcovrt.dll
 0000:00000000       .debug$S                   0000000180000000     libcovrt:libcovrt.dll
 0000:00000000       .debug$S                   0000000180000000     libcovrt:libcovrt.dll
 0000:00000000       .debug$S                   0000000180000000     libcovrt:libcovrt.dll
 0000:00000000       .debug$S                   0000000180000000     libcovrt:libcovrt.dll
 0000:00000000       .debug$S                   0000000180000000     libcovrt:libcovrt.dll
 0000:00000000       .debug$S                   0000000180000000     libcovrt:libcovrt.dll
 0000:00000000       .debug$S                   0000000180000000     libcovrt:libcovrt.dll
 0000:00000000       .debug$S                   0000000180000000     libemlrt:libemlrt.dll
 0000:00000000       .debug$S                   0000000180000000     libemlrt:libemlrt.dll
 0000:00000000       .debug$S                   0000000180000000     libemlrt:libemlrt.dll
 0000:00000000       .debug$S                   0000000180000000     libemlrt:libemlrt.dll
 0000:00000000       .debug$S                   0000000180000000     libmex:libmex.dll
 0000:00000000       .debug$S                   0000000180000000     libmex:libmex.dll
 0000:00000000       .debug$S                   0000000180000000     libmex:libmex.dll
 0000:00000000       .debug$S                   0000000180000000     libmex:libmex.dll
 0000:00000000       .debug$S                   0000000180000000     libmex:libmex.dll
 0000:00000000       .debug$S                   0000000180000000     libmex:libmex.dll
 0000:00000000       .debug$S                   0000000180000000     libmex:libmex.dll
 0000:00000000       .debug$S                   0000000180000000     libmwgetnumcores:libmwgetnumcores.dll
 0000:00000000       .debug$S                   0000000180000000     libmwgrayto8:libmwgrayto8.dll
 0000:00000000       .debug$S                   0000000180000000     libmwmathutil:libmwmathutil.dll
 0000:00000000       .debug$S                   0000000180000000     libmwmathutil:libmwmathutil.dll
 0000:00000000       .debug$S                   0000000180000000     libmwmathutil:libmwmathutil.dll
 0000:00000000       .debug$S                   0000000180000000     libmwmathutil:libmwmathutil.dll
 0000:00000000       .debug$S                   0000000180000000     libmwrgb2gray_tbb:libmwrgb2gray_tbb.dll
 0000:00000000       .debug$S                   0000000180000000     libmx:libmx.dll
 0000:00000000       .debug$S                   0000000180000000     libmx:libmx.dll
 0000:00000000       .debug$S                   0000000180000000     libmx:libmx.dll
 0000:00000000       .debug$S                   0000000180000000     libmx:libmx.dll
 0000:00000000       .debug$S                   0000000180000000     libmx:libmx.dll
 0000:00000000       .debug$S                   0000000180000000     libmx:libmx.dll
 0000:00000000       .debug$S                   0000000180000000     libmx:libmx.dll
 0000:00000000       .debug$S                   0000000180000000     libmx:libmx.dll
 0000:00000000       .debug$S                   0000000180000000     libmx:libmx.dll
 0000:00000000       .debug$S                   0000000180000000     libmx:libmx.dll
 0000:00000000       .debug$S                   0000000180000000     libmx:libmx.dll
 0000:00000000       .debug$S                   0000000180000000     libmx:libmx.dll
 0000:00000000       .debug$S                   0000000180000000     libmx:libmx.dll
 0000:00000000       .debug$S                   0000000180000000     libmx:libmx.dll
 0000:00000000       .debug$S                   0000000180000000     libmx:libmx.dll
 0000:00000000       .debug$S                   0000000180000000     libmx:libmx.dll
 0000:00000000       .debug$S                   0000000180000000     libmx:libmx.dll
 0000:00000000       .debug$S                   0000000180000000     libmx:libmx.dll
 0000:00000000       .debug$S                   0000000180000000     libmx:libmx.dll
 0000:00000000       .debug$S                   0000000180000000     libmx:libmx.dll
 0000:00000000       .debug$S                   0000000180000000     libut:libut.dll
 0000:00000000       .debug$S                   0000000180000000     libut:libut.dll
 0000:00000000       .debug$S                   0000000180000000     sf_runtime:sf_runtime.dll
 0000:00000000       .debug$S                   0000000180000000     sf_runtime:sf_runtime.dll
 0000:00000000       .debug$S                   0000000180000000     sf_runtime:sf_runtime.dll
 0000:00000000       .debug$S                   0000000180000000     sf_runtime:sf_runtime.dll
 0000:00000000       .debug$S                   0000000180000000     sf_runtime:sf_runtime.dll
 0000:00000000       .debug$S                   0000000180000000     sf_runtime:sf_runtime.dll
 0000:00000000       .debug$S                   0000000180000000     sf_runtime:sf_runtime.dll
 0000:00000000       .debug$S                   0000000180000000     sf_runtime:sf_runtime.dll
 0000:00000000       .debug$S                   0000000180000000     sf_runtime:sf_runtime.dll
 0000:00000000       .debug$S                   0000000180000000     sf_runtime:sf_runtime.dll
 0000:00000000       .debug$S                   0000000180000000     sf_runtime:sf_runtime.dll
 0000:00000000       .debug$S                   0000000180000000     sf_runtime:sf_runtime.dll
 0000:00000000       .debug$S                   0000000180000000     sf_runtime:sf_runtime.dll
 0000:00000000       .debug$S                   0000000180000000     sf_runtime:sf_runtime.dll
 0000:00000000       .debug$S                   0000000180000000     sf_runtime:sf_runtime.dll
 0000:00000000       .debug$S                   0000000180000000     sf_runtime:sf_runtime.dll
 0000:00000000       .debug$S                   0000000180000000     sf_runtime:sf_runtime.dll
 0000:00000000       .debug$S                   0000000180000000     sf_runtime:sf_runtime.dll
 0000:00000000       .debug$S                   0000000180000000     sf_runtime:sf_runtime.dll
 0000:00000000       .debug$S                   0000000180000000     sf_runtime:sf_runtime.dll
 0000:00000000       .debug$S                   0000000180000000     sf_runtime:sf_runtime.dll
 0000:00000000       .debug$S                   0000000180000000     sf_runtime:sf_runtime.dll
 0000:00000000       .debug$S                   0000000180000000     sf_runtime:sf_runtime.dll
 0000:00000000       .debug$S                   0000000180000000     sf_runtime:sf_runtime.dll
 0000:00000000       .debug$S                   0000000180000000     sf_runtime:sf_runtime.dll
 0000:00000000       .debug$S                   0000000180000000     sf_runtime:sf_runtime.dll
 0000:00000000       .debug$S                   0000000180000000     sf_runtime:sf_runtime.dll
 0000:00000000       .debug$S                   0000000180000000     sf_runtime:sf_runtime.dll
 0000:00000000       .debug$S                   0000000180000000     sf_runtime:sf_runtime.dll
 0000:00000000       .debug$S                   0000000180000000     sf_runtime:sf_runtime.dll
 0000:00000000       .debug$S                   0000000180000000     sf_runtime:sf_runtime.dll
 0000:00000000       .debug$S                   0000000180000000     sf_runtime:sf_runtime.dll
 0000:00000000       .debug$S                   0000000180000000     sf_runtime:sf_runtime.dll
 0000:00000000       .debug$S                   0000000180000000     sf_runtime:sf_runtime.dll
 0000:00000000       .debug$S                   0000000180000000     sf_runtime:sf_runtime.dll
 0000:00000000       .debug$S                   0000000180000000     sf_runtime:sf_runtime.dll
 0000:00000000       .debug$S                   0000000180000000     sf_runtime:sf_runtime.dll
 0000:00000000       _volmd                     0000000180000000     MSVCRT:cpu_disp.obj
 0002:fffe6000       __guard_ehcont_?dllmain_dispatch@@YAHQEAUHINSTANCE__@@KQEAX@Z 0000000180000000     MSVCRT:dll_dllmain.obj
 0002:fffe6000       __guard_fids_?dllmain_dispatch@@YAHQEAUHINSTANCE__@@KQEAX@Z 0000000180000000     MSVCRT:dll_dllmain.obj
 0000:00000000       _volmd                     0000000180000000     MSVCRT:gs_report.obj
 0000:00000000       _volmd                     0000000180000000     MSVCRT:gs_report.obj
 0000:00000000       _volmd                     0000000180000000     MSVCRT:gs_report.obj
 0002:fffe6000       __guard_fids__             0000000180000000     MSVCRT:guard_support.obj
 0002:fffe6000       __guard_fids__             0000000180000000     MSVCRT:guard_support.obj
 0002:fffe6000       __guard_fids__guard_icall_checks_enforced 0000000180000000     MSVCRT:guard_support.obj
 0000:00000000       _volmd                     0000000180000000     MSVCRT:guard_support.obj
 0000:00000000       _volmd                     0000000180000000     MSVCRT:guard_support.obj
 0000:00000000       _volmd                     0000000180000000     MSVCRT:guard_support.obj
 0000:00000000       _volmd                     0000000180000000     MSVCRT:guard_support.obj
[...]
 0003:00007a50       $SG27514                   0000000180024a50     flightControlSystem_sfun_registry.obj
 0003:00007aa0       $SG27515                   0000000180024aa0     flightControlSystem_sfun_registry.obj
 0003:00007ab0       $SG27528                   0000000180024ab0     flightControlSystem_sfun_registry.obj
 0003:00007b10       $SG27529                   0000000180024b10     flightControlSystem_sfun_registry.obj
 0003:00007b18       $SG27530                   0000000180024b18     flightControlSystem_sfun_registry.obj
 0003:00007b20       $SG27542                   0000000180024b20     flightControlSystem_sfun_registry.obj
 0003:00007b80       $SG27543                   0000000180024b80     flightControlSystem_sfun_registry.obj
 0003:00007b88       $SG27544                   0000000180024b88     flightControlSystem_sfun_registry.obj
 0003:00007b90       $SG27897                   0000000180024b90     flightControlSystem_sfun_registry.obj
 0003:00007c08       $SG28519                   0000000180024c08     flightControlSystem_sfun_registry.obj
 0003:00007c20       $SG27900                   0000000180024c20     flightControlSystem_sfun_registry.obj
 0003:00007c94       $SG28590                   0000000180024c94     flightControlSystem_sfun_registry.obj
 0003:00007ca0       $SG27905                   0000000180024ca0     flightControlSystem_sfun_registry.obj
 0003:00007d18       $SG28591                   0000000180024d18     flightControlSystem_sfun_registry.obj
 0003:00007d20       $SG27913                   0000000180024d20     flightControlSystem_sfun_registry.obj
 0003:00007d90       $SG28188                   0000000180024d90     flightControlSystem_sfun_registry.obj
 0003:00007e08       $SG28592                   0000000180024e08     flightControlSystem_sfun_registry.obj
 0003:00007e10       $SG28193                   0000000180024e10     flightControlSystem_sfun_registry.obj
 0003:00007e88       $SG28598                   0000000180024e88     flightControlSystem_sfun_registry.obj
 0003:00007e90       $SG28532                   0000000180024e90     flightControlSystem_sfun_registry.obj
 0003:00007f08       $SG28601                   0000000180024f08     flightControlSystem_sfun_registry.obj
 0003:00007f10       $SG28593                   0000000180024f10     flightControlSystem_sfun_registry.obj
 0003:00007f88       $SG28604                   0000000180024f88     flightControlSystem_sfun_registry.obj
 0003:00007f90       $SG28595                   0000000180024f90     flightControlSystem_sfun_registry.obj
 0003:00008010       $SG28605                   0000000180025010     flightControlSystem_sfun_registry.obj
 0003:00008090       $SG28606                   0000000180025090     flightControlSystem_sfun_registry.obj
 0003:000080a0       $SG28608                   00000001800250a0     flightControlSystem_sfun_registry.obj
 0003:000080ac       $SG28610                   00000001800250ac     flightControlSystem_sfun_registry.obj
 0003:000080b4       $SG28612                   00000001800250b4     flightControlSystem_sfun_registry.obj
 0003:000080c0       $SG28614                   00000001800250c0     flightControlSystem_sfun_registry.obj
 0003:000080d0       $SG28619                   00000001800250d0     flightControlSystem_sfun_registry.obj
 0003:000081b8       $SG28737                   00000001800251b8     flightControlSystem_sfun_registry.obj
 0003:000081e8       $SG28738                   00000001800251e8     flightControlSystem_sfun_registry.obj
 0003:000081f8       $SG28739                   00000001800251f8     flightControlSystem_sfun_registry.obj
 0003:00008200       $SG28741                   0000000180025200     flightControlSystem_sfun_registry.obj
 0003:00008238       $SG28742                   0000000180025238     flightControlSystem_sfun_registry.obj
 0003:00008248       $SG28743                   0000000180025248     flightControlSystem_sfun_registry.obj
 0003:00008250       $SG28746                   0000000180025250     flightControlSystem_sfun_registry.obj
 0003:00008288       $SG28747                   0000000180025288     flightControlSystem_sfun_registry.obj
 0003:00008298       $SG28748                   0000000180025298     flightControlSystem_sfun_registry.obj
 0003:000082a0       $SG28750                   00000001800252a0     flightControlSystem_sfun_registry.obj
 0003:000082d8       $SG28751                   00000001800252d8     flightControlSystem_sfun_registry.obj
 0003:000082e8       $SG28752                   00000001800252e8     flightControlSystem_sfun_registry.obj
 0003:000082f0       $SG28754                   00000001800252f0     flightControlSystem_sfun_registry.obj
 0003:00008328       $SG28755                   0000000180025328     flightControlSystem_sfun_registry.obj
 0003:00008338       $SG28756                   0000000180025338     flightControlSystem_sfun_registry.obj
 0003:00008340       $SG28759                   0000000180025340     flightControlSystem_sfun_registry.obj
 0003:00008348       $SG28761                   0000000180025348     flightControlSystem_sfun_registry.obj
 0003:00008360       $SG28762                   0000000180025360     flightControlSystem_sfun_registry.obj
 0003:00008398       $SG28763                   0000000180025398     flightControlSystem_sfun_registry.obj
 0003:000083a8       $SG28764                   00000001800253a8     flightControlSystem_sfun_registry.obj
 0003:000083b0       $SG28934                   00000001800253b0     flightControlSystem_sfun_registry.obj
 0003:000083d0       $SG28935                   00000001800253d0     flightControlSystem_sfun_registry.obj
 0003:00008460       $SG28941                   0000000180025460     flightControlSystem_sfun_registry.obj
 0003:00008478       $SG28948                   0000000180025478     flightControlSystem_sfun_registry.obj
 0003:00008490       $SG28942                   0000000180025490     flightControlSystem_sfun_registry.obj
 0003:00008520       $SG28949                   0000000180025520     flightControlSystem_sfun_registry.obj
 0003:000085b0       $SG28955                   00000001800255b0     flightControlSystem_sfun_registry.obj
 0003:000085d0       $SG28956                   00000001800255d0     flightControlSystem_sfun_registry.obj
 0003:00008660       $SG28962                   0000000180025660     flightControlSystem_sfun_registry.obj
 0003:00008680       $SG28963                   0000000180025680     flightControlSystem_sfun_registry.obj
 0003:00008710       $SG28967                   0000000180025710     flightControlSystem_sfun_registry.obj
 0003:00008730       $SG28968                   0000000180025730     flightControlSystem_sfun_registry.obj
 0003:000087c0       $SG28972                   00000001800257c0     flightControlSystem_sfun_registry.obj
 0003:000087e8       $SG28977                   00000001800257e8     flightControlSystem_sfun_registry.obj
 0003:00008810       $SG28973                   0000000180025810     flightControlSystem_sfun_registry.obj
 0003:000088a0       $SG28978                   00000001800258a0     flightControlSystem_sfun_registry.obj
 0003:00008930       $SG28982                   0000000180025930     flightControlSystem_sfun_registry.obj
 0003:00008950       $SG28983                   0000000180025950     flightControlSystem_sfun_registry.obj
 0003:000089e0       $SG28987                   00000001800259e0     flightControlSystem_sfun_registry.obj
 0003:00008a00       $SG28988                   0000000180025a00     flightControlSystem_sfun_registry.obj
 0003:00008a90       $SG28992                   0000000180025a90     flightControlSystem_sfun_registry.obj
 0003:00008aa8       $SG29028                   0000000180025aa8     flightControlSystem_sfun_registry.obj
 0003:00008ac0       $SG28993                   0000000180025ac0     flightControlSystem_sfun_registry.obj
 0003:00008b50       $SG28997                   0000000180025b50     flightControlSystem_sfun_registry.obj
 0003:00008b70       $SG28998                   0000000180025b70     flightControlSystem_sfun_registry.obj
 0003:00008c00       $SG29002                   0000000180025c00     flightControlSystem_sfun_registry.obj
 0003:00008c20       $SG29003                   0000000180025c20     flightControlSystem_sfun_registry.obj
 0003:00008cb0       $SG29007                   0000000180025cb0     flightControlSystem_sfun_registry.obj
 0003:00008cd0       $SG29008                   0000000180025cd0     flightControlSystem_sfun_registry.obj
 0003:00008d60       $SG29012                   0000000180025d60     flightControlSystem_sfun_registry.obj
 0003:00008d80       $SG29013                   0000000180025d80     flightControlSystem_sfun_registry.obj
 0003:00008e10       $SG29017                   0000000180025e10     flightControlSystem_sfun_registry.obj
 0003:00008e30       $SG29018                   0000000180025e30     flightControlSystem_sfun_registry.obj
 0003:00008ec0       $SG29022                   0000000180025ec0     flightControlSystem_sfun_registry.obj
 0003:00008ee0       $SG29023                   0000000180025ee0     flightControlSystem_sfun_registry.obj
 0003:00008f70       $SG29029                   0000000180025f70     flightControlSystem_sfun_registry.obj
 0003:00009000       $SG29034                   0000000180026000     flightControlSystem_sfun_registry.obj
 0003:00009008       $SG29039                   0000000180026008     flightControlSystem_sfun_registry.obj
 0003:00009020       $SG29035                   0000000180026020     flightControlSystem_sfun_registry.obj
 0003:000090b0       $SG29040                   00000001800260b0     flightControlSystem_sfun_registry.obj
 0003:00009140       $SG29044                   0000000180026140     flightControlSystem_sfun_registry.obj
 0003:00009150       $SG29045                   0000000180026150     flightControlSystem_sfun_registry.obj
 0003:000091e0       $SG29049                   00000001800261e0     flightControlSystem_sfun_registry.obj
 0003:00009200       $SG29050                   0000000180026200     flightControlSystem_sfun_registry.obj
 0003:00009290       $SG29054                   0000000180026290     flightControlSystem_sfun_registry.obj
 0003:000092b0       $SG29055                   00000001800262b0     flightControlSystem_sfun_registry.obj
 0003:00009340       $SG29059                   0000000180026340     flightControlSystem_sfun_registry.obj
 0003:00009350       $SG29060                   0000000180026350     flightControlSystem_sfun_registry.obj
 0003:000093e0       $SG29064                   00000001800263e0     flightControlSystem_sfun_registry.obj
 0003:000093f0       $SG29065                   00000001800263f0     flightControlSystem_sfun_registry.obj
 0003:00009480       $SG29069                   0000000180026480     flightControlSystem_sfun_registry.obj
 0003:00009498       $SG29074                   0000000180026498     flightControlSystem_sfun_registry.obj
 0003:000094b0       $SG29070                   00000001800264b0     flightControlSystem_sfun_registry.obj
 0003:00009540       $SG29075                   0000000180026540     flightControlSystem_sfun_registry.obj
 0003:000095d0       $SG29079                   00000001800265d0     flightControlSystem_sfun_registry.obj
 0003:000095e0       $SG29080                   00000001800265e0     flightControlSystem_sfun_registry.obj
 0003:00009670       $SG29088                   0000000180026670     flightControlSystem_sfun_registry.obj
 0003:00009680       $SG29089                   0000000180026680     flightControlSystem_sfun_registry.obj
 0003:00009710       $SG29095                   0000000180026710     flightControlSystem_sfun_registry.obj
 0003:00009720       $SG29096                   0000000180026720     flightControlSystem_sfun_registry.obj
 0003:000097b0       $SG29100                   00000001800267b0     flightControlSystem_sfun_registry.obj
 0003:000097c0       $SG29101                   00000001800267c0     flightControlSystem_sfun_registry.obj
 0003:00009850       $SG29106                   0000000180026850     flightControlSystem_sfun_registry.obj
 0003:00009860       $SG29107                   0000000180026860     flightControlSystem_sfun_registry.obj
 0003:000098f0       $SG29111                   00000001800268f0     flightControlSystem_sfun_registry.obj
 0003:00009968       $SG29154                   0000000180026968     flightControlSystem_sfun_registry.obj
 0003:00009978       $SG29235                   0000000180026978     flightControlSystem_sfun_registry.obj
 0003:00009980       $SG29141                   0000000180026980     flightControlSystem_sfun_registry.obj
 0003:00009a98       $SG29165                   0000000180026a98     flightControlSystem_sfun_registry.obj
 0003:00009aa8       $SG29178                   0000000180026aa8     flightControlSystem_sfun_registry.obj
 0003:00009ab8       $SG29189                   0000000180026ab8     flightControlSystem_sfun_registry.obj
 0003:00009ac8       $SG29202                   0000000180026ac8     flightControlSystem_sfun_registry.obj
 0003:00009ad8       $SG29213                   0000000180026ad8     flightControlSystem_sfun_registry.obj
 0003:00009ae8       $SG29223                   0000000180026ae8     flightControlSystem_sfun_registry.obj
 0003:00009b08       $SG29234                   0000000180026b08     flightControlSystem_sfun_registry.obj
 0003:00009b38       $SG29236                   0000000180026b38     flightControlSystem_sfun_registry.obj
 0003:00009b40       $SG29247                   0000000180026b40     flightControlSystem_sfun_registry.obj
 0003:00009b78       $SG29248                   0000000180026b78     flightControlSystem_sfun_registry.obj
 0003:00009b80       $SG29249                   0000000180026b80     flightControlSystem_sfun_registry.obj
 0003:00009be0       sRtwOptimizationInfoStruct 0000000180026be0     flightControlSystem_sfun.obj
 0003:00009be8       sOptimizationInfoFlags     0000000180026be8     flightControlSystem_sfun.obj
 0003:00009bf0       $SG26480                   0000000180026bf0     c4_flightControlSystem.obj
 0003:00009bf1       $SG26487                   0000000180026bf1     c4_flightControlSystem.obj
 0003:00009bf2       $SG26494                   0000000180026bf2     c4_flightControlSystem.obj
 0003:00009bf3       $SG26501                   0000000180026bf3     c4_flightControlSystem.obj
 0003:00009bf4       $SG26508                   0000000180026bf4     c4_flightControlSystem.obj
 0003:00009bf5       $SG26515                   0000000180026bf5     c4_flightControlSystem.obj
 0003:00009bf6       $SG26522                   0000000180026bf6     c4_flightControlSystem.obj
 0003:00009bf7       $SG26529                   0000000180026bf7     c4_flightControlSystem.obj
 0003:00009bf8       $SG26536                   0000000180026bf8     c4_flightControlSystem.obj
 0003:00009bf9       $SG26543                   0000000180026bf9     c4_flightControlSystem.obj
 0003:00009bfa       $SG26550                   0000000180026bfa     c4_flightControlSystem.obj
 0003:00009bfb       $SG26557                   0000000180026bfb     c4_flightControlSystem.obj
 0003:00009bfc       $SG26564                   0000000180026bfc     c4_flightControlSystem.obj
 0003:00009bfd       $SG26571                   0000000180026bfd     c4_flightControlSystem.obj
 0003:00009bfe       $SG26578                   0000000180026bfe     c4_flightControlSystem.obj
 0003:00009bff       $SG26585                   0000000180026bff     c4_flightControlSystem.obj
 0003:00009c00       $SG26592                   0000000180026c00     c4_flightControlSystem.obj
 0003:00009c01       $SG26599                   0000000180026c01     c4_flightControlSystem.obj
 0003:00009c02       $SG26606                   0000000180026c02     c4_flightControlSystem.obj
 0003:00009c03       $SG26613                   0000000180026c03     c4_flightControlSystem.obj
 0003:00009c04       $SG26620                   0000000180026c04     c4_flightControlSystem.obj
 0003:00009c05       $SG26627                   0000000180026c05     c4_flightControlSystem.obj
 0003:00009c06       $SG26634                   0000000180026c06     c4_flightControlSystem.obj
 0003:00009c07       $SG26641                   0000000180026c07     c4_flightControlSystem.obj
 0003:00009c08       $SG26648                   0000000180026c08     c4_flightControlSystem.obj
 0003:00009c09       $SG26655                   0000000180026c09     c4_flightControlSystem.obj
 0003:00009c0a       $SG26662                   0000000180026c0a     c4_flightControlSystem.obj
 0003:00009c0b       $SG26669                   0000000180026c0b     c4_flightControlSystem.obj
 0003:00009c0c       $SG26676                   0000000180026c0c     c4_flightControlSystem.obj
 0003:00009c0d       $SG26683                   0000000180026c0d     c4_flightControlSystem.obj
 0003:00009c0e       $SG26787                   0000000180026c0e     c4_flightControlSystem.obj
 0003:00009c0f       $SG27367                   0000000180026c0f     c4_flightControlSystem.obj
 0003:00009c10       _sfTime_                   0000000180026c10     c4_flightControlSystem.obj
 0003:00009c18       $SG27368                   0000000180026c18     c4_flightControlSystem.obj
 0003:00009c19       $SG27509                   0000000180026c19     c4_flightControlSystem.obj
 0003:00009c20       ?newstr@?1??sf_c4_flightControlSystem_get_post_codegen_info@@9@9 0000000180026c20     c4_flightControlSystem.obj
 0003:0000a1c0       _sfTime_                   00000001800271c0     c8_flightControlSystem.obj
 0003:0000a1c8       $SG26601                   00000001800271c8     c8_flightControlSystem.obj
 0003:0000a1c9       $SG27112                   00000001800271c9     c8_flightControlSystem.obj
 0003:0000a1ca       $SG27113                   00000001800271ca     c8_flightControlSystem.obj
 0003:0000a1cb       $SG27256                   00000001800271cb     c8_flightControlSystem.obj
 0003:0000a1d0       ?newstr@?1??sf_c8_flightControlSystem_get_post_codegen_info@@9@9 00000001800271d0     c8_flightControlSystem.obj
 0003:0000a7c0       _sfTime_                   00000001800277c0     c11_flightControlSystem.obj
 0003:0000a7c8       $SG26701                   00000001800277c8     c11_flightControlSystem.obj
 0003:0000a7c9       $SG27401                   00000001800277c9     c11_flightControlSystem.obj
 0003:0000a7ca       $SG27402                   00000001800277ca     c11_flightControlSystem.obj
 0003:0000a7cb       $SG27545                   00000001800277cb     c11_flightControlSystem.obj
 0003:0000a7d0       ?newstr@?1??sf_c11_flightControlSystem_get_post_codegen_info@@9@9 00000001800277d0     c11_flightControlSystem.obj
 0003:0000adb4       sfGlobalMdlStartCallCounts 0000000180027db4     flightControlSystem_sfun_registry.obj
 0003:0000adb8       $SG28586                   0000000180027db8     flightControlSystem_sfun_registry.obj
 0003:0000adba       ?warningGuard@?1??ssGetRootSS@@9@9 0000000180027dba     flightControlSystem_sfun_registry.obj
 0003:0000adbb       ?warningGuard@?1??ssGetParentSS@@9@9 0000000180027dbb     flightControlSystem_sfun_registry.obj
 0003:0000adc0       GS_ExceptionRecord         0000000180027dc0     MSVCRT:gs_report.obj
 0003:0000ae60       GS_ContextRecord           0000000180027e60     MSVCRT:gs_report.obj
 0003:0000b330       ?__proc_attached@@3HA      0000000180028330     MSVCRT:dll_dllmain.obj
 0003:0000b370       ?is_initialized_as_dll@@3_NA 0000000180028370     MSVCRT:utility.obj
 0003:0000b371       ?module_local_atexit_table_initialized@@3_NA 0000000180028371     MSVCRT:utility.obj
 0003:0000b378       ?module_local_atexit_table@@3U_onexit_table_t@@A 0000000180028378     MSVCRT:utility.obj
 0003:0000b390       ?module_local_at_quick_exit_table@@3U_onexit_table_t@@A 0000000180028390     MSVCRT:utility.obj
