 flightControlSystem_sfun

 Timestamp is 67d4ec9d (Fri Mar 14 22:57:33 2025)

 Preferred load address is 0000000180000000

 Start         Length     Name                   Class
 0001:00000000 000174d0H .text$mn                CODE
 0001:000174d0 00000036H .text$mn$00             CODE
 0001:00017506 00000092H .text$x                 CODE
 0002:00000000 00000478H .idata$5                DATA
 0002:00000478 00000038H .00cfg                  DATA
 0002:000004b0 00000008H .CRT$XCA                DATA
 0002:000004b8 00000008H .CRT$XCZ                DATA
 0002:000004c0 00000008H .CRT$XIA                DATA
 0002:000004c8 00000008H .CRT$XIZ                DATA
 0002:000004d0 00000008H .CRT$XPA                DATA
 0002:000004d8 00000008H .CRT$XPZ                DATA
 0002:000004e0 00000008H .CRT$XTA                DATA
 0002:000004e8 00000008H .CRT$XTZ                DATA
 0002:000004f0 00000000H .gehcont$y              DATA
 0002:000004f0 00000000H .gfids$y                DATA
 0002:000004f0 00000310H .rdata                  DATA
 0002:00000800 00000080H .rdata$CastGuardVftablesA DATA
 0002:00000880 00000080H .rdata$CastGuardVftablesC DATA
 0002:00000900 000001c4H .rdata$voltmd           DATA
 0002:00000ac4 0000027cH .rdata$zzzdbg           DATA
 0002:00000d40 00000008H .rtc$IAA                DATA
 0002:00000d48 00000008H .rtc$IZZ                DATA
 0002:00000d50 00000008H .rtc$TAA                DATA
 0002:00000d58 00000008H .rtc$TZZ                DATA
 0002:00000d60 00000c30H .xdata                  DATA
 0002:00001990 00000084H .edata                  DATA
 0002:00001a14 00000140H .idata$2                DATA
 0002:00001b54 00000014H .idata$3                DATA
 0002:00001b68 00000478H .idata$4                DATA
 0002:00001fe0 00000c20H .idata$6                DATA
 0003:00000000 00009110H .data                   DATA
 0003:00009110 000017b0H .bss                    DATA
 0004:00000000 00000ef4H .pdata                  DATA

  Address         Publics by Value              Rva+Base               Lib:Object

 0000:00000000       __AbsoluteZero             0000000000000000     <absolute>
 0000:00000000       ___safe_se_handler_count   0000000000000000     <absolute>
 0000:00000000       ___safe_se_handler_table   0000000000000000     <absolute>
 0000:00000000       __arm64x_extra_rfe_table   0000000000000000     <absolute>
 0000:00000000       __arm64x_extra_rfe_table_size 0000000000000000     <absolute>
 0000:00000000       __arm64x_native_entrypoint 0000000000000000     <absolute>
 0000:00000000       __arm64x_redirection_metadata 0000000000000000     <absolute>
 0000:00000000       __arm64x_redirection_metadata_count 0000000000000000     <absolute>
 0000:00000000       __dynamic_value_reloc_table 0000000000000000     <absolute>
 0000:00000000       __enclave_config           0000000000000000     <absolute>
 0000:00000000       __guard_check_icall_a64n_fptr 0000000000000000     <absolute>
 0000:00000000       __guard_eh_cont_count      0000000000000000     <absolute>
 0000:00000000       __guard_eh_cont_table      0000000000000000     <absolute>
 0000:00000000       __guard_fids_count         0000000000000000     <absolute>
 0000:00000000       __guard_fids_table         0000000000000000     <absolute>
 0000:00000000       __guard_iat_count          0000000000000000     <absolute>
 0000:00000000       __guard_iat_table          0000000000000000     <absolute>
 0000:00000000       __guard_longjmp_count      0000000000000000     <absolute>
 0000:00000000       __guard_longjmp_table      0000000000000000     <absolute>
 0000:00000000       __hybrid_auxiliary_iat     0000000000000000     <absolute>
 0000:00000000       __hybrid_auxiliary_iat_copy 0000000000000000     <absolute>
 0000:00000000       __hybrid_code_map          0000000000000000     <absolute>
 0000:00000000       __hybrid_code_map_count    0000000000000000     <absolute>
 0000:00000000       __x64_code_ranges_to_entry_points 0000000000000000     <absolute>
 0000:00000000       __x64_code_ranges_to_entry_points_count 0000000000000000     <absolute>
 0000:00000100       __guard_flags              0000000000000100     <absolute>
 0000:00000000       __ImageBase                0000000180000000     <linker-defined>
 0001:00000000       flightControlSystem_initializer 0000000180001000 f   flightControlSystem_sfun.obj
 0001:00000010       flightControlSystem_terminator 0000000180001010 f   flightControlSystem_sfun.obj
 0001:00000020       load_flightControlSystem_optimization_info 0000000180001020 f   flightControlSystem_sfun.obj
 0001:000000d0       unload_flightControlSystem_optimization_info 00000001800010d0 f   flightControlSystem_sfun.obj
 0001:00000100       sf_flightControlSystem_method_dispatcher 0000000180001100 f   flightControlSystem_sfun.obj
 0001:00000190       sf_flightControlSystem_process_check_sum_call 0000000180001190 f   flightControlSystem_sfun.obj
 0001:000006b0       sf_flightControlSystem_get_eml_resolved_functions_info 00000001800016b0 f   flightControlSystem_sfun.obj
 0001:00000940       sf_flightControlSystem_third_party_uses_info 0000000180001940 f   flightControlSystem_sfun.obj
 0001:00000b80       sf_flightControlSystem_jit_fallback_info 0000000180001b80 f   flightControlSystem_sfun.obj
 0001:00000dc0       sf_flightControlSystem_get_post_codegen_info 0000000180001dc0 f   flightControlSystem_sfun.obj
 0001:00001030       sf_flightControlSystem_updateBuildInfo_args_info 0000000180002030 f   flightControlSystem_sfun.obj
 0001:00001270       sf_c4_flightControlSystem_get_eml_resolved_functions_info 0000000180002270 f   c4_flightControlSystem.obj
 0001:000012f0       sf_c4_flightControlSystem_get_check_sum 00000001800022f0 f   c4_flightControlSystem.obj
 0001:000013c0       c4_flightControlSystem_method_dispatcher 00000001800023c0 f   c4_flightControlSystem.obj
 0001:00004250       sf_c4_flightControlSystem_third_party_uses_info 0000000180005250 f   c4_flightControlSystem.obj
 0001:000042c0       sf_c4_flightControlSystem_jit_fallback_info 00000001800052c0 f   c4_flightControlSystem.obj
 0001:00004450       sf_c4_flightControlSystem_updateBuildInfo_args_info 0000000180005450 f   c4_flightControlSystem.obj
 0001:00004770       sf_c4_flightControlSystem_get_post_codegen_info 0000000180005770 f   c4_flightControlSystem.obj
 0001:00004c50       sf_c11_flightControlSystem_get_eml_resolved_functions_info 0000000180005c50 f   c11_flightControlSystem.obj
 0001:00004cd0       sf_c11_flightControlSystem_get_check_sum 0000000180005cd0 f   c11_flightControlSystem.obj
 0001:00004da0       c11_flightControlSystem_method_dispatcher 0000000180005da0 f   c11_flightControlSystem.obj
 0001:00006b80       sf_c11_flightControlSystem_third_party_uses_info 0000000180007b80 f   c11_flightControlSystem.obj
 0001:00006bd0       sf_c11_flightControlSystem_jit_fallback_info 0000000180007bd0 f   c11_flightControlSystem.obj
 0001:00006d60       sf_c11_flightControlSystem_updateBuildInfo_args_info 0000000180007d60 f   c11_flightControlSystem.obj
 0001:00007080       sf_c11_flightControlSystem_get_post_codegen_info 0000000180008080 f   c11_flightControlSystem.obj
 0001:00007570       sf_c14_flightControlSystem_get_eml_resolved_functions_info 0000000180008570 f   c14_flightControlSystem.obj
 0001:000075f0       sf_c14_flightControlSystem_get_check_sum 00000001800085f0 f   c14_flightControlSystem.obj
 0001:000076c0       c14_flightControlSystem_method_dispatcher 00000001800086c0 f   c14_flightControlSystem.obj
 0001:0000a570       sf_c14_flightControlSystem_third_party_uses_info 000000018000b570 f   c14_flightControlSystem.obj
 0001:0000a5c0       sf_c14_flightControlSystem_jit_fallback_info 000000018000b5c0 f   c14_flightControlSystem.obj
 0001:0000a750       sf_c14_flightControlSystem_updateBuildInfo_args_info 000000018000b750 f   c14_flightControlSystem.obj
 0001:0000aa70       sf_c14_flightControlSystem_get_post_codegen_info 000000018000ba70 f   c14_flightControlSystem.obj
 0001:0000af40       mexFunction                000000018000bf40 f   flightControlSystem_sfun_registry.obj
 0001:0000d810       _ssSetInputPortDirectFeedThroughFcn 000000018000e810 f   flightControlSystem_sfun_registry.obj
 0001:0000d980       _ssSetRWorkValueFcn        000000018000e980 f   flightControlSystem_sfun_registry.obj
 0001:0000da00       _ssGetRWorkValueFcn        000000018000ea00 f   flightControlSystem_sfun_registry.obj
 0001:0000da70       _ssSetIWorkValueFcn        000000018000ea70 f   flightControlSystem_sfun_registry.obj
 0001:0000daf0       _ssGetIWorkValueFcn        000000018000eaf0 f   flightControlSystem_sfun_registry.obj
 0001:0000db60       _ssSetPWorkValueFcn        000000018000eb60 f   flightControlSystem_sfun_registry.obj
 0001:0000dbe0       _ssGetPWorkValueFcn        000000018000ebe0 f   flightControlSystem_sfun_registry.obj
 0001:0000dc50       _ssGetInputPortSignalFcn   000000018000ec50 f   flightControlSystem_sfun_registry.obj
 0001:0000dfe0       _ssGetInputPortBufferDstPortFcn 000000018000efe0 f   flightControlSystem_sfun_registry.obj
 0001:0000e060       _ssGetInputPortSignalPtrsFcn 000000018000f060 f   flightControlSystem_sfun_registry.obj
 0001:0000e3f0       ssGetParameterTuningCompliance 000000018000f3f0 f   flightControlSystem_sfun_registry.obj
 0001:0000e460       _ssReadInputStringFcn      000000018000f460 f   flightControlSystem_sfun_registry.obj
 0001:0000e4d0       ssGetDTypeIdFromMxArray    000000018000f4d0 f   flightControlSystem_sfun_registry.obj
 0001:0000e5f0       ssWriteRTWMx2dMatParam     000000018000f5f0 f   flightControlSystem_sfun_registry.obj
 0001:0000e680       ssWriteRTWMxVectParam      000000018000f680 f   flightControlSystem_sfun_registry.obj
 0001:0000e700       ssWriteRTWParameters       000000018000f700 f   flightControlSystem_sfun_registry.obj
 0001:0000ecc0       ssWriteRTWParamSettings    000000018000fcc0 f   flightControlSystem_sfun_registry.obj
 0001:0000f3b0       ssWriteRTWStr              00000001800103b0 f   flightControlSystem_sfun_registry.obj
 0001:0000f410       ssWriteRTWWorkVect         0000000180010410 f   flightControlSystem_sfun_registry.obj
 0001:0000f970       ssWarning                  0000000180010970 f   flightControlSystem_sfun_registry.obj
 0001:0000fa60       ssGetRootSS                0000000180010a60 f   flightControlSystem_sfun_registry.obj
 0001:0000fb20       ssGetParentSS              0000000180010b20 f   flightControlSystem_sfun_registry.obj
 0001:0000fbe0       ssWriteRTWNameValuePair    0000000180010be0 f   flightControlSystem_sfun_registry.obj
 0001:000100e0       _ssSetInputPortMatrixDimensions 00000001800110e0 f   flightControlSystem_sfun_registry.obj
 0001:00010230       _ssSetOutputPortMatrixDimensions 0000000180011230 f   flightControlSystem_sfun_registry.obj
 0001:00010380       _ssSetInputPortVectorDimension 0000000180011380 f   flightControlSystem_sfun_registry.obj
 0001:00010430       _ssSetOutputPortVectorDimension 0000000180011430 f   flightControlSystem_sfun_registry.obj
 0001:000104e0       ssIsRunTimeParamTunable    00000001800114e0 f   flightControlSystem_sfun_registry.obj
 0001:00010550       ssGetSFuncBlockHandle      0000000180011550 f   flightControlSystem_sfun_registry.obj
 0001:000105c0       _ssGetCallSystemNumFcnCallDestinations 00000001800115c0 f   flightControlSystem_sfun_registry.obj
 0001:00010630       _ssGetCurrentInputPortWidth 0000000180011630 f   flightControlSystem_sfun_registry.obj
 0001:00010770       _ssGetCurrentOutputPortWidth 0000000180011770 f   flightControlSystem_sfun_registry.obj
 0001:000108b0       ssGetIsZeroCrossControlDisabled 00000001800118b0 f   flightControlSystem_sfun_registry.obj
 0001:00010920       ssSetIsInputPortUsedForContZcSignal 0000000180011920 f   flightControlSystem_sfun_registry.obj
 0001:00010990       ssSetZcSignalIsZcElementDisc 0000000180011990 f   flightControlSystem_sfun_registry.obj
 0001:00010a40       ssSetZcSignalName          0000000180011a40 f   flightControlSystem_sfun_registry.obj
 0001:00010ab0       ssSetZcSignalWidth         0000000180011ab0 f   flightControlSystem_sfun_registry.obj
 0001:00010b20       ssSetZcSignalZcEventType   0000000180011b20 f   flightControlSystem_sfun_registry.obj
 0001:00010b90       ssSetZcSignalType          0000000180011b90 f   flightControlSystem_sfun_registry.obj
 0001:00010c00       ssSetZcSignalZcTol         0000000180011c00 f   flightControlSystem_sfun_registry.obj
 0001:00010c70       ssSetZcSignalNeedsEventNotification 0000000180011c70 f   flightControlSystem_sfun_registry.obj
 0001:00010ce0       ssCreateAndAddZcSignalInfo 0000000180011ce0 f   flightControlSystem_sfun_registry.obj
 0001:00010d50       ssCloneAndAddZcSignalInfo  0000000180011d50 f   flightControlSystem_sfun_registry.obj
 0001:00010dc0       ssGetNumZcSignals          0000000180011dc0 f   flightControlSystem_sfun_registry.obj
 0001:00010e30       ssGetZcSignalVector        0000000180011e30 f   flightControlSystem_sfun_registry.obj
 0001:00010ea0       ssGetZcSignalName          0000000180011ea0 f   flightControlSystem_sfun_registry.obj
 0001:00010f10       ssGetZcSignalWidth         0000000180011f10 f   flightControlSystem_sfun_registry.obj
 0001:00010f80       ssGetZcSignalZcEventType   0000000180011f80 f   flightControlSystem_sfun_registry.obj
 0001:00010ff0       ssGetZcSignalZcEvents      0000000180011ff0 f   flightControlSystem_sfun_registry.obj
 0001:00011060       ssGetZcSignalType          0000000180012060 f   flightControlSystem_sfun_registry.obj
 0001:000110d0       ssGetZcSignalZcTol         00000001800120d0 f   flightControlSystem_sfun_registry.obj
 0001:00011150       ssGetZcSignalNeedsEventNotification 0000000180012150 f   flightControlSystem_sfun_registry.obj
 0001:000111c0       ssGetZcSignalIsZcElementDisc 00000001800121c0 f   flightControlSystem_sfun_registry.obj
 0001:00011260       ssGetIsInputPortElementContinuous 0000000180012260 f   flightControlSystem_sfun_registry.obj
 0001:00011300       _ssGetAbsTol               0000000180012300 f   flightControlSystem_sfun_registry.obj
 0001:00011370       _ssSetStateAbsTol          0000000180012370 f   flightControlSystem_sfun_registry.obj
 0001:00011450       _ssSetInputPortReusableFcn 0000000180012450 f   flightControlSystem_sfun_registry.obj
 0001:00011550       _ssSetOutputPortReusableFcn 0000000180012550 f   flightControlSystem_sfun_registry.obj
 0001:00011650       _ssSetSymbolicDimsSupport  0000000180012650 f   flightControlSystem_sfun_registry.obj
 0001:000116c0       _ssRegisterSymbolicDimsExpr 00000001800126c0 f   flightControlSystem_sfun_registry.obj
 0001:00011740       _ssRegisterSymbolicDimsMATLABExpr 0000000180012740 f   flightControlSystem_sfun_registry.obj
 0001:000117d0       _ssRegisterSymbolicDims    00000001800127d0 f   flightControlSystem_sfun_registry.obj
 0001:00011870       _ssRegisterSymbolicDimsString 0000000180012870 f   flightControlSystem_sfun_registry.obj
 0001:000118f0       _ssRegisterSymbolicDimsIntValue 00000001800128f0 f   flightControlSystem_sfun_registry.obj
 0001:00011960       _ssRegisterSymbolicEqualRelation 0000000180012960 f   flightControlSystem_sfun_registry.obj
 0001:000119d0       _ssRegisterSymbolicEqualValue 00000001800129d0 f   flightControlSystem_sfun_registry.obj
 0001:00011a40       _ssAmendLeadingSymbolicDims 0000000180012a40 f   flightControlSystem_sfun_registry.obj
 0001:00011ac0       _ssAmendTrailingSymbolicDims 0000000180012ac0 f   flightControlSystem_sfun_registry.obj
 0001:00011b40       _ssRegisterSymbolicDimsPlus 0000000180012b40 f   flightControlSystem_sfun_registry.obj
 0001:00011bc0       _ssRegisterSymbolicDimsMinus 0000000180012bc0 f   flightControlSystem_sfun_registry.obj
 0001:00011c40       _ssRegisterSymbolicDimsMultiply 0000000180012c40 f   flightControlSystem_sfun_registry.obj
 0001:00011cc0       _ssRegisterSymbolicDimsDivide 0000000180012cc0 f   flightControlSystem_sfun_registry.obj
 0001:00011d40       _ssGetNumSymbolicDims      0000000180012d40 f   flightControlSystem_sfun_registry.obj
 0001:00011db0       _ssGetSymbolicDim          0000000180012db0 f   flightControlSystem_sfun_registry.obj
 0001:00011e30       _ssSetInputPortSymbolicDimsId 0000000180012e30 f   flightControlSystem_sfun_registry.obj
 0001:00011ea0       _ssGetCompInputPortSymbolicDimsId 0000000180012ea0 f   flightControlSystem_sfun_registry.obj
 0001:00011f10       _ssSetCompInputPortSymbolicDimsId 0000000180012f10 f   flightControlSystem_sfun_registry.obj
 0001:00011f80       _ssSetOutputPortSymbolicDimsId 0000000180012f80 f   flightControlSystem_sfun_registry.obj
 0001:00011ff0       _ssGetCompOutputPortSymbolicDimsId 0000000180012ff0 f   flightControlSystem_sfun_registry.obj
 0001:00012060       _ssSetCompOutputPortSymbolicDimsId 0000000180013060 f   flightControlSystem_sfun_registry.obj
 0001:000120d0       _ssGetDWorkSymbolicDimsId  00000001800130d0 f   flightControlSystem_sfun_registry.obj
 0001:00012140       _ssSetDWorkSymbolicDimsId  0000000180013140 f   flightControlSystem_sfun_registry.obj
 0001:000121b0       _ssGetCompDWorkSymbolicDimsId 00000001800131b0 f   flightControlSystem_sfun_registry.obj
 0001:00012220       _ssSetCompDWorkSymbolicDimsId 0000000180013220 f   flightControlSystem_sfun_registry.obj
 0001:00012290       _ssCreateSLCGStringBuffer  0000000180013290 f   flightControlSystem_sfun_registry.obj
 0001:00012300       _ssAddToSLCGStringBuffer   0000000180013300 f   flightControlSystem_sfun_registry.obj
 0001:00012370       _ssGetPointerContainedData 0000000180013370 f   flightControlSystem_sfun_registry.obj
 0001:00012400       _ssGetPointerContainedDataWidth 0000000180013400 f   flightControlSystem_sfun_registry.obj
 0001:00012490       _ssRegisterDynamicArrayDataTypeFcn 0000000180013490 f   flightControlSystem_sfun_registry.obj
 0001:00012530       _ssGetDynamicArrayContainedDataCurrentWidthFcn 0000000180013530 f   flightControlSystem_sfun_registry.obj
 0001:00012600       _ssGetDynamicArrayContainedDataFcn 0000000180013600 f   flightControlSystem_sfun_registry.obj
 0001:000126d0       _ssGetInputPortDynamicArrayDataFcn 00000001800136d0 f   flightControlSystem_sfun_registry.obj
 0001:00012790       _ssGetOutputPortDynamicArrayDataFcn 0000000180013790 f   flightControlSystem_sfun_registry.obj
 0001:00012850       _ssGetInputPortDynamicArrayContainedDataFcn 0000000180013850 f   flightControlSystem_sfun_registry.obj
 0001:00012910       _ssGetOutputPortDynamicArrayContainedDataFcn 0000000180013910 f   flightControlSystem_sfun_registry.obj
 0001:000129d0       _ssGetDynamicArrayDWorkContainedDataFcn 00000001800139d0 f   flightControlSystem_sfun_registry.obj
 0001:00012a90       sf_process_check_sum_call  0000000180013a90 f   flightControlSystem_sfun_registry.obj
 0001:00012ae0       sf_process_get_third_party_uses_info_call 0000000180013ae0 f   flightControlSystem_sfun_registry.obj
 0001:00012d10       sf_process_get_jit_fallback_info_call 0000000180013d10 f   flightControlSystem_sfun_registry.obj
 0001:00012f40       sf_process_get_post_codegen_info_call 0000000180013f40 f   flightControlSystem_sfun_registry.obj
 0001:00013170       sf_process_get_updateBuildInfo_args_info_call 0000000180014170 f   flightControlSystem_sfun_registry.obj
 0001:000133a0       sf_process_get_eml_resolved_functions_info_call 00000001800143a0 f   flightControlSystem_sfun_registry.obj
 0001:000135d0       sf_mex_unlock_call         00000001800145d0 f   flightControlSystem_sfun_registry.obj
 0001:000137f0       sf_machine_global_initializer_called 00000001800147f0 f   flightControlSystem_sfun_registry.obj
 0001:00013820       sf_machine_global_method_dispatcher 0000000180014820 f   flightControlSystem_sfun_registry.obj
 0001:00013880       sf_machine_global_terminator 0000000180014880 f   flightControlSystem_sfun_registry.obj
 0001:000138b0       callCustomFcn              00000001800148b0 f   flightControlSystem_sfun_registry.obj
 0001:000138c0       sf_machine_global_initializer 00000001800148c0 f   flightControlSystem_sfun_registry.obj
 0001:000138f0       mdlGetSimState             00000001800148f0 f   flightControlSystem_sfun_registry.obj
 0001:00013930       mdlSetSimState             0000000180014930 f   flightControlSystem_sfun_registry.obj
 0001:000142c0       ProcessMexSfunctionEveryCall 00000001800152c0 f   flightControlSystem_sfun_registry.obj
 0001:00015440       __local_stdio_printf_options 0000000180016440 f i flightControlSystem_sfun_registry.obj
 0001:00015450       _vsnprintf_l               0000000180016450 f i flightControlSystem_sfun_registry.obj
 0001:000154d0       _vsprintf_l                00000001800164d0 f i flightControlSystem_sfun_registry.obj
 0001:00015520       sprintf                    0000000180016520 f i flightControlSystem_sfun_registry.obj
 0001:00015570       mexfilerequiredapiversion  0000000180016570 f   c_mexapi_version.obj
 0001:000155a0       getBitfieldFromFloat       00000001800165a0 f   half_type.obj
 0001:000155d0       getFloatFromBitfield       00000001800165d0 f   half_type.obj
 0001:00015600       getBitfieldFromHalf        0000000180016600 f   half_type.obj
 0001:00015620       getHalfFromBitfield        0000000180016620 f   half_type.obj
 0001:00015650       halfToFloat                0000000180016650 f   half_type.obj
 0001:000157d0       halfToDouble               00000001800167d0 f   half_type.obj
 0001:00015800       floatToHalf                0000000180016800 f   half_type.obj
 0001:00015a60       doubleToHalf               0000000180016a60 f   half_type.obj
 0001:00015d4b       grayto8_real64             0000000180016d4b f   libmwgrayto8:libmwgrayto8.dll
 0001:00015d51       rgb2gray_tbb_uint8         0000000180016d51 f   libmwrgb2gray_tbb:libmwrgb2gray_tbb.dll
 0001:00015d57       getnumcores                0000000180016d57 f   libmwgetnumcores:libmwgetnumcores.dll
 0001:00015d5d       sf_load_rtw_optimization_info 0000000180016d5d f   sf_runtime:sf_runtime.dll
 0001:00015d63       sf_mex_decode              0000000180016d63 f   sf_runtime:sf_runtime.dll
 0001:00015d69       sf_init_ChartRunTimeInfo   0000000180016d69 f   sf_runtime:sf_runtime.dll
 0001:00015d6f       sf_free_ChartRunTimeInfo   0000000180016d6f f   sf_runtime:sf_runtime.dll
 0001:00015d75       sf_reset_warnings_ChartRunTimeInfo 0000000180016d75 f   sf_runtime:sf_runtime.dll
 0001:00015d7b       sfrtGetEmlrtCtx            0000000180016d7b f   sf_runtime:sf_runtime.dll
 0001:00015d81       sfrtGetCovrtInstance       0000000180016d81 f   sf_runtime:sf_runtime.dll
 0001:00015d87       sf_get_chart_instance_ptr  0000000180016d87 f   sf_runtime:sf_runtime.dll
 0001:00015d8d       sfSetAnimationVectors      0000000180016d8d f   sf_runtime:sf_runtime.dll
 0001:00015d93       sim_mode_is_rtw_gen        0000000180016d93 f   sf_runtime:sf_runtime.dll
 0001:00015d99       sim_mode_is_external       0000000180016d99 f   sf_runtime:sf_runtime.dll
 0001:00015d9f       sf_clear_rtw_identifier    0000000180016d9f f   sf_runtime:sf_runtime.dll
 0001:00015da5       sf_get_time                0000000180016da5 f   sf_runtime:sf_runtime.dll
 0001:00015dab       sf_set_work_widths         0000000180016dab f   sf_runtime:sf_runtime.dll
 0001:00015db1       mdlProcessParamsCommon     0000000180016db1 f   sf_runtime:sf_runtime.dll
 0001:00015db7       sf_mex_call                0000000180016db7 f   sf_runtime:sf_runtime.dll
 0001:00015dbd       sf_mex_error_message       0000000180016dbd f   sf_runtime:sf_runtime.dll
 0001:00015dc3       sf_mex_create              0000000180016dc3 f   sf_runtime:sf_runtime.dll
 0001:00015dc9       sf_mex_createcellmatrix    0000000180016dc9 f   sf_runtime:sf_runtime.dll
 0001:00015dcf       sf_mex_setcell             0000000180016dcf f   sf_runtime:sf_runtime.dll
 0001:00015dd5       sf_mex_getcell             0000000180016dd5 f   sf_runtime:sf_runtime.dll
 0001:00015ddb       sf_mex_assign              0000000180016ddb f   sf_runtime:sf_runtime.dll
 0001:00015de1       sf_mex_dup                 0000000180016de1 f   sf_runtime:sf_runtime.dll
 0001:00015de7       sf_mex_destroy             0000000180016de7 f   sf_runtime:sf_runtime.dll
 0001:00015ded       sf_mex_import              0000000180016ded f   sf_runtime:sf_runtime.dll
 0001:00015df3       ssGetInputPortSignal_wrapper 0000000180016df3 f   sf_runtime:sf_runtime.dll
 0001:00015df9       ssGetOutputPortSignal_wrapper 0000000180016df9 f   sf_runtime:sf_runtime.dll
 0001:00015dff       sf_data_overflow_error     0000000180016dff f   sf_runtime:sf_runtime.dll
 0001:00015e05       sf_data_saturate_error     0000000180016e05 f   sf_runtime:sf_runtime.dll
 0001:00015e0b       sf_get_ChartInfoStruct_CodeGen 0000000180016e0b f   sf_runtime:sf_runtime.dll
 0001:00015e11       sf_get_hasSeparateUpdateOutputs 0000000180016e11 f   sf_runtime:sf_runtime.dll
 0001:00015e17       callMdlMethodAndReportError 0000000180016e17 f   sf_runtime:sf_runtime.dll
 0001:00015e1d       call_sf_machine_global_method_dispatcher 0000000180016e1d f   sf_runtime:sf_runtime.dll
 0001:00015e23       getRuntimeInstanceInfoAsVoid 0000000180016e23 f   sf_runtime:sf_runtime.dll
 0001:00015e29       sf_mex_error_direct_call   0000000180016e29 f   sf_runtime:sf_runtime.dll
 0001:00015e2f       sf_clear_error_manager_info 0000000180016e2f f   sf_runtime:sf_runtime.dll
 0001:00015e35       mxIsChar_800               0000000180016e35 f   libmx:libmx.dll
 0001:00015e3b       mxGetScalar_800            0000000180016e3b f   libmx:libmx.dll
 0001:00015e41       mxGetPr_800                0000000180016e41 f   libmx:libmx.dll
 0001:00015e47       mxDestroyArray_800         0000000180016e47 f   libmx:libmx.dll
 0001:00015e4d       mxCreateDoubleMatrix_800   0000000180016e4d f   libmx:libmx.dll
 0001:00015e53       mxGetString_800            0000000180016e53 f   libmx:libmx.dll
 0001:00015e59       mxDuplicateArray_800       0000000180016e59 f   libmx:libmx.dll
 0001:00015e5f       mxSetCell_800              0000000180016e5f f   libmx:libmx.dll
 0001:00015e65       mxSetField_800             0000000180016e65 f   libmx:libmx.dll
 0001:00015e6b       mxCreateString_800         0000000180016e6b f   libmx:libmx.dll
 0001:00015e71       mxCreateCellMatrix_800     0000000180016e71 f   libmx:libmx.dll
 0001:00015e77       mxCreateStructMatrix_800   0000000180016e77 f   libmx:libmx.dll
 0001:00015e7d       mxGetInf_800               0000000180016e7d f   libmx:libmx.dll
 0001:00015e83       mxCalloc_800               0000000180016e83 f   libmx:libmx.dll
 0001:00015e89       mxGetM_800                 0000000180016e89 f   libmx:libmx.dll
 0001:00015e8f       mxGetClassID_800           0000000180016e8f f   libmx:libmx.dll
 0001:00015e95       mxIsNumeric_800            0000000180016e95 f   libmx:libmx.dll
 0001:00015e9b       mxIsComplex_800            0000000180016e9b f   libmx:libmx.dll
 0001:00015ea1       mxGetN_800                 0000000180016ea1 f   libmx:libmx.dll
 0001:00015ea7       mxCreateDoubleScalar_800   0000000180016ea7 f   libmx:libmx.dll
 0001:00015ead       mexMakeArrayPersistent_800 0000000180016ead f   libmex:libmex.dll
 0001:00015eb3       mexErrMsgTxt_800           0000000180016eb3 f   libmex:libmex.dll
 0001:00015eb9       mexWarnMsgTxt_800          0000000180016eb9 f   libmex:libmex.dll
 0001:00015ebf       mexCallMATLAB_800          0000000180016ebf f   libmex:libmex.dll
 0001:00015ec5       mexLock_800                0000000180016ec5 f   libmex:libmex.dll
 0001:00015ecb       mexUnlock_800              0000000180016ecb f   libmex:libmex.dll
 0001:00015ed1       mexIsLocked_800            0000000180016ed1 f   libmex:libmex.dll
 0001:00015ed7       utMalloc                   0000000180016ed7 f   libut:libut.dll
 0001:00015edd       utFree                     0000000180016edd f   libut:libut.dll
 0001:00015ee3       muDoubleScalarFloor        0000000180016ee3 f   libmwmathutil:libmwmathutil.dll
 0001:00015ee9       muDoubleScalarIsNaN        0000000180016ee9 f   libmwmathutil:libmwmathutil.dll
 0001:00015eef       muDoubleScalarIsInf        0000000180016eef f   libmwmathutil:libmwmathutil.dll
 0001:00015ef5       muDoubleScalarRound        0000000180016ef5 f   libmwmathutil:libmwmathutil.dll
 0001:00015efb       emlrtLicenseCheckR2022a    0000000180016efb f   libemlrt:libemlrt.dll
 0001:00015f01       emlrtDynamicBoundsCheckR2012b 0000000180016f01 f   libemlrt:libemlrt.dll
 0001:00015f07       emlrtIntegerCheckR2012b    0000000180016f07 f   libemlrt:libemlrt.dll
 0001:00015f0d       covrtCreateStateflowInstanceData 0000000180016f0d f   libcovrt:libcovrt.dll
 0001:00015f13       covrtDeleteStateflowInstanceData 0000000180016f13 f   libcovrt:libcovrt.dll
 0001:00015f19       covrtTransInitFcn          0000000180016f19 f   libcovrt:libcovrt.dll
 0001:00015f1f       covrtStateInitFcn          0000000180016f1f f   libcovrt:libcovrt.dll
 0001:00015f25       covrtChartInitFcn          0000000180016f25 f   libcovrt:libcovrt.dll
 0001:00015f2b       covrtSigUpdateFcn          0000000180016f2b f   libcovrt:libcovrt.dll
 0001:00015f31       covrtEmlInitFcn            0000000180016f31 f   libcovrt:libcovrt.dll
 0001:00015f37       covrtEmlFcnInitFcn         0000000180016f37 f   libcovrt:libcovrt.dll
 0001:00015f3d       covrtEmlFcnEval            0000000180016f3d f   libcovrt:libcovrt.dll
 0001:00015f43       covrtSaturationUpdateFcn   0000000180016f43 f   libcovrt:libcovrt.dll
 0001:00015f49       covrtEmlSaturationInitFcn  0000000180016f49 f   libcovrt:libcovrt.dll
 0001:00015f50       __raise_securityfailure    0000000180016f50 f   MSVCRT:gs_report.obj
 0001:00015f84       __report_gsfailure         0000000180016f84 f   MSVCRT:gs_report.obj
 0001:00016058       __report_rangecheckfailure 0000000180017058 f   MSVCRT:gs_report.obj
 0001:0001606c       __report_securityfailure   000000018001706c f   MSVCRT:gs_report.obj
 0001:00016108       __report_securityfailureEx 0000000180017108 f   MSVCRT:gs_report.obj
 0001:000162fc       __GSHandlerCheck           00000001800172fc f   MSVCRT:gshandler.obj
 0001:0001631c       __GSHandlerCheckCommon     000000018001731c f   MSVCRT:gshandler.obj
 0001:00016390       __security_check_cookie    0000000180017390 f   MSVCRT:amdsecgs.obj
 0001:000163c0       __chkstk                   00000001800173c0 f   MSVCRT:chkstk.obj
 0001:000163c0       _alloca_probe              00000001800173c0 f   MSVCRT:chkstk.obj
 0001:0001674c       _CRT_INIT                  000000018001774c f   MSVCRT:dll_dllmain.obj
 0001:00016754       _DllMainCRTStartup         0000000180017754 f   MSVCRT:dll_dllmain.obj
 0001:00016800       __security_init_cookie     0000000180017800 f   MSVCRT:gs_support.obj
 0001:000168ac       DllMain                    00000001800178ac f   MSVCRT:dll_dllmain_stub.obj
 0001:000168d0       ?__scrt_initialize_type_info@@YAXXZ 00000001800178d0 f   MSVCRT:tncleanup.obj
 0001:000168e0       ?__scrt_uninitialize_type_info@@YAXXZ 00000001800178e0 f   MSVCRT:tncleanup.obj
 0001:000168ec       __local_stdio_scanf_options 00000001800178ec f i MSVCRT:default_local_stdio_options.obj
 0001:000168f4       __scrt_initialize_default_local_stdio_options 00000001800178f4 f   MSVCRT:default_local_stdio_options.obj
 0001:00016910       ?configure_argv@__scrt_narrow_argv_policy@@SAHXZ 0000000180017910 f i MSVCRT:utility.obj
 0001:00016970       ?initialize_environment@__scrt_narrow_environment_policy@@SAHXZ 0000000180017970 f i MSVCRT:utility.obj
 0001:000169a8       NtCurrentTeb               00000001800179a8 f i MSVCRT:utility.obj
 0001:000169b4       __scrt_acquire_startup_lock 00000001800179b4 f   MSVCRT:utility.obj
 0001:000169f0       __scrt_dllmain_after_initialize_c 00000001800179f0 f   MSVCRT:utility.obj
 0001:00016a24       __scrt_dllmain_before_initialize_c 0000000180017a24 f   MSVCRT:utility.obj
 0001:00016a3c       __scrt_dllmain_crt_thread_attach 0000000180017a3c f   MSVCRT:utility.obj
 0001:00016a64       __scrt_dllmain_crt_thread_detach 0000000180017a64 f   MSVCRT:utility.obj
 0001:00016a7c       __scrt_dllmain_exception_filter 0000000180017a7c f   MSVCRT:utility.obj
 0001:00016adc       __scrt_dllmain_uninitialize_c 0000000180017adc f   MSVCRT:utility.obj
 0001:00016b0c       __scrt_dllmain_uninitialize_critical 0000000180017b0c f   MSVCRT:utility.obj
 0001:00016b20       __scrt_initialize_crt      0000000180017b20 f   MSVCRT:utility.obj
 0001:00016b6c       __scrt_initialize_onexit_tables 0000000180017b6c f   MSVCRT:utility.obj
 0001:00016bf8       __scrt_is_nonwritable_in_current_image 0000000180017bf8 f   MSVCRT:utility.obj
 0001:00016c90       __scrt_release_startup_lock 0000000180017c90 f   MSVCRT:utility.obj
 0001:00016cb4       __scrt_uninitialize_crt    0000000180017cb4 f   MSVCRT:utility.obj
 0001:00016ce0       _onexit                    0000000180017ce0 f   MSVCRT:utility.obj
 0001:00016d1c       at_quick_exit              0000000180017d1c f   MSVCRT:utility.obj
 0001:00016d3c       atexit                     0000000180017d3c f   MSVCRT:utility.obj
 0001:00016d54       __scrt_get_dyn_tls_init_callback 0000000180017d54 f   MSVCRT:dyn_tls_init.obj
 0001:00016d5c       __crt_debugger_hook        0000000180017d5c f   MSVCRT:utility_desktop.obj
 0001:00016d64       __scrt_fastfail            0000000180017d64 f   MSVCRT:utility_desktop.obj
 0001:00016eb0       __scrt_get_show_window_mode 0000000180017eb0 f   MSVCRT:utility_desktop.obj
 0001:00016eec       __scrt_initialize_mta      0000000180017eec f   MSVCRT:utility_desktop.obj
 0001:00016ef4       __scrt_initialize_winrt    0000000180017ef4 f   MSVCRT:utility_desktop.obj
 0001:00016ef8       __scrt_is_managed_app      0000000180017ef8 f   MSVCRT:utility_desktop.obj
 0001:00016f4c       __scrt_set_unhandled_exception_filter 0000000180017f4c f   MSVCRT:utility_desktop.obj
 0001:00016f5c       __scrt_exe_initialize_mta  0000000180017f5c f   MSVCRT:utility_desktop.obj
 0001:00016f5c       __scrt_stub_for_initialize_mta 0000000180017f5c f   MSVCRT:utility_desktop.obj
 0001:00016f60       __scrt_unhandled_exception_filter 0000000180017f60 f   MSVCRT:utility_desktop.obj
 0001:00016fbc       _RTC_Initialize            0000000180017fbc f   MSVCRT:initsect.obj
 0001:00016ff8       _RTC_Terminate             0000000180017ff8 f   MSVCRT:initsect.obj
 0001:00017034       _guard_check_icall_nop     0000000180018034 f i MSVCRT:guard_support.obj
 0001:00017038       ReadNoFence64              0000000180018038 f i MSVCRT:guard_support.obj
 0001:0001703c       ReadPointerNoFence         000000018001803c f i MSVCRT:guard_support.obj
 0001:00017040       __castguard_check_failure_debugbreak 0000000180018040 f i MSVCRT:guard_support.obj
 0001:0001705c       __castguard_check_failure_fastfail 000000018001805c f i MSVCRT:guard_support.obj
 0001:00017080       __castguard_check_failure_nop 0000000180018080 f i MSVCRT:guard_support.obj
 0001:00017084       __castguard_check_failure_os_handled 0000000180018084 f i MSVCRT:guard_support.obj
 0001:00017100       __castguard_slow_path_check_debugbreak 0000000180018100 f i MSVCRT:guard_support.obj
 0001:00017134       __castguard_slow_path_check_fastfail 0000000180018134 f i MSVCRT:guard_support.obj
 0001:00017170       __castguard_slow_path_check_nop 0000000180018170 f i MSVCRT:guard_support.obj
 0001:00017174       __castguard_slow_path_check_os_handled 0000000180018174 f i MSVCRT:guard_support.obj
 0001:000171e4       _guard_icall_checks_enforced 00000001800181e4 f i MSVCRT:guard_support.obj
 0001:000171fc       _guard_rf_checks_enforced  00000001800181fc f i MSVCRT:guard_support.obj
 0001:00017200       __isa_available_init       0000000180018200 f   MSVCRT:cpu_disp.obj
 0001:000173ac       _get_startup_argv_mode     00000001800183ac f   MSVCRT:argv_mode.obj
 0001:000173b4       __scrt_is_ucrt_dll_in_use  00000001800183b4 f   MSVCRT:ucrt_detection.obj
 0001:000173c0       RtlCaptureContext          00000001800183c0 f   kernel32:KERNEL32.dll
 0001:000173c6       RtlLookupFunctionEntry     00000001800183c6 f   kernel32:KERNEL32.dll
 0001:000173cc       RtlVirtualUnwind           00000001800183cc f   kernel32:KERNEL32.dll
 0001:000173d2       UnhandledExceptionFilter   00000001800183d2 f   kernel32:KERNEL32.dll
 0001:000173d8       SetUnhandledExceptionFilter 00000001800183d8 f   kernel32:KERNEL32.dll
 0001:000173de       GetCurrentProcess          00000001800183de f   kernel32:KERNEL32.dll
 0001:000173e4       TerminateProcess           00000001800183e4 f   kernel32:KERNEL32.dll
 0001:000173ea       IsProcessorFeaturePresent  00000001800183ea f   kernel32:KERNEL32.dll
 0001:000173f0       QueryPerformanceCounter    00000001800183f0 f   kernel32:KERNEL32.dll
 0001:000173f6       GetCurrentProcessId        00000001800183f6 f   kernel32:KERNEL32.dll
 0001:000173fc       GetCurrentThreadId         00000001800183fc f   kernel32:KERNEL32.dll
 0001:00017402       GetSystemTimeAsFileTime    0000000180018402 f   kernel32:KERNEL32.dll
 0001:00017408       DisableThreadLibraryCalls  0000000180018408 f   kernel32:KERNEL32.dll
 0001:0001740e       InitializeSListHead        000000018001840e f   kernel32:KERNEL32.dll
 0001:00017414       IsDebuggerPresent          0000000180018414 f   kernel32:KERNEL32.dll
 0001:0001741a       GetStartupInfoW            000000018001841a f   kernel32:KERNEL32.dll
 0001:00017420       GetModuleHandleW           0000000180018420 f   kernel32:KERNEL32.dll
 0001:00017426       memset                     0000000180018426 f   vcruntime:VCRUNTIME140.dll
 0001:0001742c       memcpy                     000000018001842c f   vcruntime:VCRUNTIME140.dll
 0001:00017432       __C_specific_handler       0000000180018432 f   vcruntime:VCRUNTIME140.dll
 0001:00017438       __std_type_info_destroy_list 0000000180018438 f   vcruntime:VCRUNTIME140.dll
 0001:0001743e       __current_exception        000000018001843e f   vcruntime:VCRUNTIME140.dll
 0001:00017444       __current_exception_context 0000000180018444 f   vcruntime:VCRUNTIME140.dll
 0001:0001744a       strcmp                     000000018001844a f   ucrt:api-ms-win-crt-string-l1-1-0.dll
 0001:00017450       strcat                     0000000180018450 f   ucrt:api-ms-win-crt-string-l1-1-0.dll
 0001:00017456       __stdio_common_vsprintf    0000000180018456 f   ucrt:api-ms-win-crt-stdio-l1-1-0.dll
 0001:0001745c       free                       000000018001845c f   ucrt:api-ms-win-crt-heap-l1-1-0.dll
 0001:00017462       malloc                     0000000180018462 f   ucrt:api-ms-win-crt-heap-l1-1-0.dll
 0001:00017468       strlen                     0000000180018468 f   ucrt:api-ms-win-crt-string-l1-1-0.dll
 0001:0001746e       _initterm                  000000018001846e f   ucrt:api-ms-win-crt-runtime-l1-1-0.dll
 0001:00017474       _initterm_e                0000000180018474 f   ucrt:api-ms-win-crt-runtime-l1-1-0.dll
 0001:0001747a       _seh_filter_dll            000000018001847a f   ucrt:api-ms-win-crt-runtime-l1-1-0.dll
 0001:00017480       _configure_narrow_argv     0000000180018480 f   ucrt:api-ms-win-crt-runtime-l1-1-0.dll
 0001:00017486       _initialize_narrow_environment 0000000180018486 f   ucrt:api-ms-win-crt-runtime-l1-1-0.dll
 0001:0001748c       _initialize_onexit_table   000000018001848c f   ucrt:api-ms-win-crt-runtime-l1-1-0.dll
 0001:00017492       _register_onexit_function  0000000180018492 f   ucrt:api-ms-win-crt-runtime-l1-1-0.dll
 0001:00017498       _execute_onexit_table      0000000180018498 f   ucrt:api-ms-win-crt-runtime-l1-1-0.dll
 0001:0001749e       _crt_atexit                000000018001849e f   ucrt:api-ms-win-crt-runtime-l1-1-0.dll
 0001:000174a4       _crt_at_quick_exit         00000001800184a4 f   ucrt:api-ms-win-crt-runtime-l1-1-0.dll
 0001:000174aa       _cexit                     00000001800184aa f   ucrt:api-ms-win-crt-runtime-l1-1-0.dll
 0001:000174b0       terminate                  00000001800184b0 f   ucrt:api-ms-win-crt-runtime-l1-1-0.dll
 0001:000174b8       __acrt_initialize          00000001800184b8 f   MSVCRT:ucrt_stubs.obj
 0001:000174b8       __scrt_stub_for_acrt_initialize 00000001800184b8 f   MSVCRT:ucrt_stubs.obj
 0001:000174b8       __vcrt_initialize          00000001800184b8 f   MSVCRT:ucrt_stubs.obj
 0001:000174bc       __acrt_thread_attach       00000001800184bc f   MSVCRT:ucrt_stubs.obj
 0001:000174bc       __scrt_stub_for_acrt_thread_attach 00000001800184bc f   MSVCRT:ucrt_stubs.obj
 0001:000174bc       __vcrt_thread_attach       00000001800184bc f   MSVCRT:ucrt_stubs.obj
 0001:000174c0       __acrt_thread_detach       00000001800184c0 f   MSVCRT:ucrt_stubs.obj
 0001:000174c0       __scrt_stub_for_acrt_thread_detach 00000001800184c0 f   MSVCRT:ucrt_stubs.obj
 0001:000174c0       __vcrt_thread_detach       00000001800184c0 f   MSVCRT:ucrt_stubs.obj
 0001:000174c4       __acrt_uninitialize        00000001800184c4 f   MSVCRT:ucrt_stubs.obj
 0001:000174c4       __scrt_stub_for_acrt_uninitialize 00000001800184c4 f   MSVCRT:ucrt_stubs.obj
 0001:000174c4       __vcrt_uninitialize        00000001800184c4 f   MSVCRT:ucrt_stubs.obj
 0001:000174c8       __acrt_uninitialize_critical 00000001800184c8 f   MSVCRT:ucrt_stubs.obj
 0001:000174c8       __scrt_stub_for_acrt_uninitialize_critical 00000001800184c8 f   MSVCRT:ucrt_stubs.obj
 0001:000174c8       __vcrt_uninitialize_critical 00000001800184c8 f   MSVCRT:ucrt_stubs.obj
 0001:000174cc       __scrt_stub_for_is_c_termination_complete 00000001800184cc f   MSVCRT:ucrt_stubs.obj
 0001:000174cc       _is_c_termination_complete 00000001800184cc f   MSVCRT:ucrt_stubs.obj
 0001:000174e0       _guard_dispatch_icall_nop  00000001800184e0 f   MSVCRT:guard_dispatch.obj
 0001:00017500       _guard_xfg_dispatch_icall_nop 0000000180018500 f   MSVCRT:guard_xfg_dispatch.obj
 0002:00000000       __imp_GetSystemTimeAsFileTime 0000000180019000     kernel32:KERNEL32.dll
 0002:00000008       __imp_IsProcessorFeaturePresent 0000000180019008     kernel32:KERNEL32.dll
 0002:00000010       __imp_RtlCaptureContext    0000000180019010     kernel32:KERNEL32.dll
 0002:00000018       __imp_RtlLookupFunctionEntry 0000000180019018     kernel32:KERNEL32.dll
 0002:00000020       __imp_QueryPerformanceCounter 0000000180019020     kernel32:KERNEL32.dll
 0002:00000028       __imp_GetCurrentProcessId  0000000180019028     kernel32:KERNEL32.dll
 0002:00000030       __imp_GetCurrentThreadId   0000000180019030     kernel32:KERNEL32.dll
 0002:00000038       __imp_DisableThreadLibraryCalls 0000000180019038     kernel32:KERNEL32.dll
 0002:00000040       __imp_InitializeSListHead  0000000180019040     kernel32:KERNEL32.dll
 0002:00000048       __imp_IsDebuggerPresent    0000000180019048     kernel32:KERNEL32.dll
 0002:00000050       __imp_GetStartupInfoW      0000000180019050     kernel32:KERNEL32.dll
 0002:00000058       __imp_GetModuleHandleW     0000000180019058     kernel32:KERNEL32.dll
 0002:00000060       __imp_GetCurrentProcess    0000000180019060     kernel32:KERNEL32.dll
 0002:00000068       __imp_SetUnhandledExceptionFilter 0000000180019068     kernel32:KERNEL32.dll
 0002:00000070       __imp_UnhandledExceptionFilter 0000000180019070     kernel32:KERNEL32.dll
 0002:00000078       __imp_RtlVirtualUnwind     0000000180019078     kernel32:KERNEL32.dll
 0002:00000080       __imp_TerminateProcess     0000000180019080     kernel32:KERNEL32.dll
 0002:00000088       \177KERNEL32_NULL_THUNK_DATA 0000000180019088     kernel32:KERNEL32.dll
 0002:00000090       __imp_memset               0000000180019090     vcruntime:VCRUNTIME140.dll
 0002:00000098       __imp_memcpy               0000000180019098     vcruntime:VCRUNTIME140.dll
 0002:000000a0       __imp___C_specific_handler 00000001800190a0     vcruntime:VCRUNTIME140.dll
 0002:000000a8       __imp___std_type_info_destroy_list 00000001800190a8     vcruntime:VCRUNTIME140.dll
 0002:000000b0       __imp___current_exception  00000001800190b0     vcruntime:VCRUNTIME140.dll
 0002:000000b8       __imp___current_exception_context 00000001800190b8     vcruntime:VCRUNTIME140.dll
 0002:000000c0       \177VCRUNTIME140_NULL_THUNK_DATA 00000001800190c0     vcruntime:VCRUNTIME140.dll
 0002:000000c8       __imp_malloc               00000001800190c8     ucrt:api-ms-win-crt-heap-l1-1-0.dll
 0002:000000d0       __imp_free                 00000001800190d0     ucrt:api-ms-win-crt-heap-l1-1-0.dll
 0002:000000d8       \177api-ms-win-crt-heap-l1-1-0_NULL_THUNK_DATA 00000001800190d8     ucrt:api-ms-win-crt-heap-l1-1-0.dll
 0002:000000e0       __imp__seh_filter_dll      00000001800190e0     ucrt:api-ms-win-crt-runtime-l1-1-0.dll
 0002:000000e8       __imp__configure_narrow_argv 00000001800190e8     ucrt:api-ms-win-crt-runtime-l1-1-0.dll
 0002:000000f0       __imp__initialize_onexit_table 00000001800190f0     ucrt:api-ms-win-crt-runtime-l1-1-0.dll
 0002:000000f8       __imp__register_onexit_function 00000001800190f8     ucrt:api-ms-win-crt-runtime-l1-1-0.dll
 0002:00000100       __imp__execute_onexit_table 0000000180019100     ucrt:api-ms-win-crt-runtime-l1-1-0.dll
 0002:00000108       __imp__crt_atexit          0000000180019108     ucrt:api-ms-win-crt-runtime-l1-1-0.dll
 0002:00000110       __imp__initialize_narrow_environment 0000000180019110     ucrt:api-ms-win-crt-runtime-l1-1-0.dll
 0002:00000118       __imp__initterm_e          0000000180019118     ucrt:api-ms-win-crt-runtime-l1-1-0.dll
 0002:00000120       __imp__crt_at_quick_exit   0000000180019120     ucrt:api-ms-win-crt-runtime-l1-1-0.dll
 0002:00000128       __imp__cexit               0000000180019128     ucrt:api-ms-win-crt-runtime-l1-1-0.dll
 0002:00000130       __imp_terminate            0000000180019130     ucrt:api-ms-win-crt-runtime-l1-1-0.dll
 0002:00000138       __imp__initterm            0000000180019138     ucrt:api-ms-win-crt-runtime-l1-1-0.dll
 0002:00000140       \177api-ms-win-crt-runtime-l1-1-0_NULL_THUNK_DATA 0000000180019140     ucrt:api-ms-win-crt-runtime-l1-1-0.dll
 0002:00000148       __imp___stdio_common_vsprintf 0000000180019148     ucrt:api-ms-win-crt-stdio-l1-1-0.dll
 0002:00000150       \177api-ms-win-crt-stdio-l1-1-0_NULL_THUNK_DATA 0000000180019150     ucrt:api-ms-win-crt-stdio-l1-1-0.dll
 0002:00000158       __imp_strlen               0000000180019158     ucrt:api-ms-win-crt-string-l1-1-0.dll
 0002:00000160       __imp_strcat               0000000180019160     ucrt:api-ms-win-crt-string-l1-1-0.dll
 0002:00000168       __imp_strcmp               0000000180019168     ucrt:api-ms-win-crt-string-l1-1-0.dll
 0002:00000170       \177api-ms-win-crt-string-l1-1-0_NULL_THUNK_DATA 0000000180019170     ucrt:api-ms-win-crt-string-l1-1-0.dll
 0002:00000178       __imp_covrtCreateStateflowInstanceData 0000000180019178     libcovrt:libcovrt.dll
 0002:00000180       __imp_covrtEmlSaturationInitFcn 0000000180019180     libcovrt:libcovrt.dll
 0002:00000188       __imp_covrtSaturationUpdateFcn 0000000180019188     libcovrt:libcovrt.dll
 0002:00000190       __imp_covrtEmlFcnEval      0000000180019190     libcovrt:libcovrt.dll
 0002:00000198       __imp_covrtEmlFcnInitFcn   0000000180019198     libcovrt:libcovrt.dll
 0002:000001a0       __imp_covrtEmlInitFcn      00000001800191a0     libcovrt:libcovrt.dll
 0002:000001a8       __imp_covrtSigUpdateFcn    00000001800191a8     libcovrt:libcovrt.dll
 0002:000001b0       __imp_covrtChartInitFcn    00000001800191b0     libcovrt:libcovrt.dll
 0002:000001b8       __imp_covrtStateInitFcn    00000001800191b8     libcovrt:libcovrt.dll
 0002:000001c0       __imp_covrtTransInitFcn    00000001800191c0     libcovrt:libcovrt.dll
 0002:000001c8       __imp_covrtDeleteStateflowInstanceData 00000001800191c8     libcovrt:libcovrt.dll
 0002:000001d0       \177libcovrt_NULL_THUNK_DATA 00000001800191d0     libcovrt:libcovrt.dll
 0002:000001d8       __imp_emlrtIntegerCheckR2012b 00000001800191d8     libemlrt:libemlrt.dll
 0002:000001e0       __imp_emlrtDynamicBoundsCheckR2012b 00000001800191e0     libemlrt:libemlrt.dll
 0002:000001e8       __imp_emlrtLicenseCheckR2022a 00000001800191e8     libemlrt:libemlrt.dll
 0002:000001f0       \177libemlrt_NULL_THUNK_DATA 00000001800191f0     libemlrt:libemlrt.dll
 0002:000001f8       __imp_mexUnlock_800        00000001800191f8     libmex:libmex.dll
 0002:00000200       __imp_mexMakeArrayPersistent_800 0000000180019200     libmex:libmex.dll
 0002:00000208       __imp_mexErrMsgTxt_800     0000000180019208     libmex:libmex.dll
 0002:00000210       __imp_mexWarnMsgTxt_800    0000000180019210     libmex:libmex.dll
 0002:00000218       __imp_mexCallMATLAB_800    0000000180019218     libmex:libmex.dll
 0002:00000220       __imp_mexLock_800          0000000180019220     libmex:libmex.dll
 0002:00000228       __imp_mexIsLocked_800      0000000180019228     libmex:libmex.dll
 0002:00000230       \177libmex_NULL_THUNK_DATA 0000000180019230     libmex:libmex.dll
 0002:00000238       __imp_getnumcores          0000000180019238     libmwgetnumcores:libmwgetnumcores.dll
 0002:00000240       \177libmwgetnumcores_NULL_THUNK_DATA 0000000180019240     libmwgetnumcores:libmwgetnumcores.dll
 0002:00000248       __imp_grayto8_real64       0000000180019248     libmwgrayto8:libmwgrayto8.dll
 0002:00000250       \177libmwgrayto8_NULL_THUNK_DATA 0000000180019250     libmwgrayto8:libmwgrayto8.dll
 0002:00000258       __imp_muDoubleScalarIsNaN  0000000180019258     libmwmathutil:libmwmathutil.dll
 0002:00000260       __imp_muDoubleScalarIsInf  0000000180019260     libmwmathutil:libmwmathutil.dll
 0002:00000268       __imp_muDoubleScalarRound  0000000180019268     libmwmathutil:libmwmathutil.dll
 0002:00000270       __imp_muDoubleScalarFloor  0000000180019270     libmwmathutil:libmwmathutil.dll
 0002:00000278       \177libmwmathutil_NULL_THUNK_DATA 0000000180019278     libmwmathutil:libmwmathutil.dll
 0002:00000280       __imp_rgb2gray_tbb_uint8   0000000180019280     libmwrgb2gray_tbb:libmwrgb2gray_tbb.dll
 0002:00000288       \177libmwrgb2gray_tbb_NULL_THUNK_DATA 0000000180019288     libmwrgb2gray_tbb:libmwrgb2gray_tbb.dll
 0002:00000290       __imp_mxIsComplex_800      0000000180019290     libmx:libmx.dll
 0002:00000298       __imp_mxIsNumeric_800      0000000180019298     libmx:libmx.dll
 0002:000002a0       __imp_mxGetClassID_800     00000001800192a0     libmx:libmx.dll
 0002:000002a8       __imp_mxGetM_800           00000001800192a8     libmx:libmx.dll
 0002:000002b0       __imp_mxGetN_800           00000001800192b0     libmx:libmx.dll
 0002:000002b8       __imp_mxCreateDoubleScalar_800 00000001800192b8     libmx:libmx.dll
 0002:000002c0       __imp_mxCreateStructMatrix_800 00000001800192c0     libmx:libmx.dll
 0002:000002c8       __imp_mxCreateCellMatrix_800 00000001800192c8     libmx:libmx.dll
 0002:000002d0       __imp_mxCreateString_800   00000001800192d0     libmx:libmx.dll
 0002:000002d8       __imp_mxSetField_800       00000001800192d8     libmx:libmx.dll
 0002:000002e0       __imp_mxSetCell_800        00000001800192e0     libmx:libmx.dll
 0002:000002e8       __imp_mxDuplicateArray_800 00000001800192e8     libmx:libmx.dll
 0002:000002f0       __imp_mxGetString_800      00000001800192f0     libmx:libmx.dll
 0002:000002f8       __imp_mxCreateDoubleMatrix_800 00000001800192f8     libmx:libmx.dll
 0002:00000300       __imp_mxDestroyArray_800   0000000180019300     libmx:libmx.dll
 0002:00000308       __imp_mxGetPr_800          0000000180019308     libmx:libmx.dll
 0002:00000310       __imp_mxGetScalar_800      0000000180019310     libmx:libmx.dll
 0002:00000318       __imp_mxIsChar_800         0000000180019318     libmx:libmx.dll
 0002:00000320       __imp_mxGetInf_800         0000000180019320     libmx:libmx.dll
 0002:00000328       __imp_mxCalloc_800         0000000180019328     libmx:libmx.dll
 0002:00000330       \177libmx_NULL_THUNK_DATA  0000000180019330     libmx:libmx.dll
 0002:00000338       __imp_utMalloc             0000000180019338     libut:libut.dll
 0002:00000340       __imp_utFree               0000000180019340     libut:libut.dll
 0002:00000348       \177libut_NULL_THUNK_DATA  0000000180019348     libut:libut.dll
 0002:00000350       __imp_sf_get_hasSeparateUpdateOutputs 0000000180019350     sf_runtime:sf_runtime.dll
 0002:00000358       __imp_sf_mex_error_direct_call 0000000180019358     sf_runtime:sf_runtime.dll
 0002:00000360       __imp_sf_data_saturate_error 0000000180019360     sf_runtime:sf_runtime.dll
 0002:00000368       __imp_sf_data_overflow_error 0000000180019368     sf_runtime:sf_runtime.dll
 0002:00000370       __imp_ssGetOutputPortSignal_wrapper 0000000180019370     sf_runtime:sf_runtime.dll
 0002:00000378       __imp_ssGetInputPortSignal_wrapper 0000000180019378     sf_runtime:sf_runtime.dll
 0002:00000380       __imp_sf_mex_import        0000000180019380     sf_runtime:sf_runtime.dll
 0002:00000388       __imp_sf_mex_destroy       0000000180019388     sf_runtime:sf_runtime.dll
 0002:00000390       __imp_sf_mex_dup           0000000180019390     sf_runtime:sf_runtime.dll
 0002:00000398       __imp_sf_mex_assign        0000000180019398     sf_runtime:sf_runtime.dll
 0002:000003a0       __imp_sf_mex_getcell       00000001800193a0     sf_runtime:sf_runtime.dll
 0002:000003a8       __imp_sf_mex_setcell       00000001800193a8     sf_runtime:sf_runtime.dll
 0002:000003b0       __imp_sf_mex_createcellmatrix 00000001800193b0     sf_runtime:sf_runtime.dll
 0002:000003b8       __imp_sf_mex_create        00000001800193b8     sf_runtime:sf_runtime.dll
 0002:000003c0       __imp_sf_mex_error_message 00000001800193c0     sf_runtime:sf_runtime.dll
 0002:000003c8       __imp_callMdlMethodAndReportError 00000001800193c8     sf_runtime:sf_runtime.dll
 0002:000003d0       __imp_mdlProcessParamsCommon 00000001800193d0     sf_runtime:sf_runtime.dll
 0002:000003d8       __imp_sf_set_work_widths   00000001800193d8     sf_runtime:sf_runtime.dll
 0002:000003e0       __imp_sf_get_time          00000001800193e0     sf_runtime:sf_runtime.dll
 0002:000003e8       __imp_sf_clear_rtw_identifier 00000001800193e8     sf_runtime:sf_runtime.dll
 0002:000003f0       __imp_sim_mode_is_external 00000001800193f0     sf_runtime:sf_runtime.dll
 0002:000003f8       __imp_sim_mode_is_rtw_gen  00000001800193f8     sf_runtime:sf_runtime.dll
 0002:00000400       __imp_sfSetAnimationVectors 0000000180019400     sf_runtime:sf_runtime.dll
 0002:00000408       __imp_sf_get_chart_instance_ptr 0000000180019408     sf_runtime:sf_runtime.dll
 0002:00000410       __imp_sfrtGetCovrtInstance 0000000180019410     sf_runtime:sf_runtime.dll
 0002:00000418       __imp_sfrtGetEmlrtCtx      0000000180019418     sf_runtime:sf_runtime.dll
 0002:00000420       __imp_sf_reset_warnings_ChartRunTimeInfo 0000000180019420     sf_runtime:sf_runtime.dll
 0002:00000428       __imp_sf_free_ChartRunTimeInfo 0000000180019428     sf_runtime:sf_runtime.dll
 0002:00000430       __imp_sf_init_ChartRunTimeInfo 0000000180019430     sf_runtime:sf_runtime.dll
 0002:00000438       __imp_sf_mex_decode        0000000180019438     sf_runtime:sf_runtime.dll
 0002:00000440       __imp_sf_load_rtw_optimization_info 0000000180019440     sf_runtime:sf_runtime.dll
 0002:00000448       __imp_sf_clear_error_manager_info 0000000180019448     sf_runtime:sf_runtime.dll
 0002:00000450       __imp_call_sf_machine_global_method_dispatcher 0000000180019450     sf_runtime:sf_runtime.dll
 0002:00000458       __imp_sf_mex_call          0000000180019458     sf_runtime:sf_runtime.dll
 0002:00000460       __imp_getRuntimeInstanceInfoAsVoid 0000000180019460     sf_runtime:sf_runtime.dll
 0002:00000468       __imp_sf_get_ChartInfoStruct_CodeGen 0000000180019468     sf_runtime:sf_runtime.dll
 0002:00000470       \177sf_runtime_NULL_THUNK_DATA 0000000180019470     sf_runtime:sf_runtime.dll
 0002:00000478       __guard_check_icall_fptr   0000000180019478     MSVCRT:guard_support.obj
 0002:00000480       __guard_xfg_check_icall_fptr 0000000180019480     MSVCRT:guard_support.obj
 0002:00000488       __guard_dispatch_icall_fptr 0000000180019488     MSVCRT:guard_support.obj
 0002:00000490       __guard_xfg_dispatch_icall_fptr 0000000180019490     MSVCRT:guard_support.obj
 0002:00000498       __guard_xfg_table_dispatch_icall_fptr 0000000180019498     MSVCRT:guard_support.obj
 0002:000004a0       __castguard_check_failure_os_handled_fptr 00000001800194a0     MSVCRT:guard_support.obj
 0002:000004a8       __guard_memcpy_fptr        00000001800194a8     vcruntime:softmemtag.obj
 0002:000004b0       __xc_a                     00000001800194b0     MSVCRT:initializers.obj
 0002:000004b8       __xc_z                     00000001800194b8     MSVCRT:initializers.obj
 0002:000004c0       __xi_a                     00000001800194c0     MSVCRT:initializers.obj
 0002:000004c8       __xi_z                     00000001800194c8     MSVCRT:initializers.obj
 0002:000004d0       __xp_a                     00000001800194d0     MSVCRT:initializers.obj
 0002:000004d8       __xp_z                     00000001800194d8     MSVCRT:initializers.obj
 0002:000004e0       __xt_a                     00000001800194e0     MSVCRT:initializers.obj
 0002:000004e8       __xt_z                     00000001800194e8     MSVCRT:initializers.obj
 0002:000004f0       __real@4174ffbd70000000    00000001800194f0     flightControlSystem_sfun.obj
 0002:000004f8       __real@418f503920000000    00000001800194f8     flightControlSystem_sfun.obj
 0002:00000500       __real@41b92f8712000000    0000000180019500     flightControlSystem_sfun.obj
 0002:00000508       __real@41bad2f744000000    0000000180019508     flightControlSystem_sfun.obj
 0002:00000510       __real@41cb1a5378800000    0000000180019510     flightControlSystem_sfun.obj
 0002:00000518       __real@41dd4ff610400000    0000000180019518     flightControlSystem_sfun.obj
 0002:00000520       __real@41e3f2a9e2200000    0000000180019520     flightControlSystem_sfun.obj
 0002:00000528       __real@41e3fa3198000000    0000000180019528     flightControlSystem_sfun.obj
 0002:00000530       __real@41e4f97bc3200000    0000000180019530     flightControlSystem_sfun.obj
 0002:00000538       __real@41e5ea5a70200000    0000000180019538     flightControlSystem_sfun.obj
 0002:00000540       __real@41eb30c5b0800000    0000000180019540     flightControlSystem_sfun.obj
 0002:00000548       __real@41ed0b63b6c00000    0000000180019548     flightControlSystem_sfun.obj
 0002:00000558       __real@3ff0000000000000    0000000180019558     c4_flightControlSystem.obj
 0002:00000560       __real@4000000000000000    0000000180019560     c4_flightControlSystem.obj
 0002:00000568       __real@406fe00000000000    0000000180019568     c4_flightControlSystem.obj
 0002:00000570       __real@40d2c00000000000    0000000180019570     c4_flightControlSystem.obj
 0002:00000578       __real@41decac454c00000    0000000180019578     c4_flightControlSystem.obj
 0002:00000580       __real@41e418d34a000000    0000000180019580     c4_flightControlSystem.obj
 0002:00000588       __real@41edb72289e00000    0000000180019588     c4_flightControlSystem.obj
 0002:00000590       __real@41edf91331e00000    0000000180019590     c4_flightControlSystem.obj
 0002:000005a0       __xmm@80000000000000008000000000000000 00000001800195a0     c4_flightControlSystem.obj
 0002:000005b8       __real@0000000000000000    00000001800195b8     c11_flightControlSystem.obj
 0002:000005c0       __real@4070000000000000    00000001800195c0     c11_flightControlSystem.obj
 0002:000005c8       __real@40cc200000000000    00000001800195c8     c11_flightControlSystem.obj
 0002:000005d0       __real@41aa240764000000    00000001800195d0     c11_flightControlSystem.obj
 0002:000005d8       __real@41dcba2956800000    00000001800195d8     c11_flightControlSystem.obj
 0002:000005e0       __real@41ea4f9e3ae00000    00000001800195e0     c11_flightControlSystem.obj
 0002:000005e8       __real@41eeb43d56200000    00000001800195e8     c11_flightControlSystem.obj
 0002:000005f8       __real@41abee0492000000    00000001800195f8     c14_flightControlSystem.obj
 0002:00000600       __real@41cba352c3000000    0000000180019600     c14_flightControlSystem.obj
 0002:00000608       __real@41e68cd26ca00000    0000000180019608     c14_flightControlSystem.obj
 0002:00000610       __real@41e9d15791a00000    0000000180019610     c14_flightControlSystem.obj
 0002:00000618       DYNAMIC_DIMENSION_DEF      0000000180019618     flightControlSystem_sfun_registry.obj
 0002:00000630       __real@4010000000000000    0000000180019630     flightControlSystem_sfun_registry.obj
 0002:00000638       __real@41602cbca0000000    0000000180019638     flightControlSystem_sfun_registry.obj
 0002:00000640       __real@bff0000000000000    0000000180019640     flightControlSystem_sfun_registry.obj
 0002:00000658       _pDefaultRawDllMain        0000000180019658     MSVCRT:dll_dllmain.obj
 0002:00000658       _pRawDllMain               0000000180019658     MSVCRT:dll_dllmain.obj
 0002:00000660       __xmm@ffffffffffffffffffffffffffffffff 0000000180019660     MSVCRT:utility.obj
 0002:00000670       _load_config_used          0000000180019670     MSVCRT:loadcfg.obj
 0002:00000800       __CastGuardVftablesStart   0000000180019800     MSVCRT:guard_support.obj
 0002:00000880       __CastGuardVftablesEnd     0000000180019880     MSVCRT:guard_support.obj
 0002:00000900       __volatile_metadata        0000000180019900     <linker-defined>
 0002:00000d40       __rtc_iaa                  0000000180019d40     MSVCRT:initsect.obj
 0002:00000d48       __rtc_izz                  0000000180019d48     MSVCRT:initsect.obj
 0002:00000d50       __rtc_taa                  0000000180019d50     MSVCRT:initsect.obj
 0002:00000d58       __rtc_tzz                  0000000180019d58     MSVCRT:initsect.obj
 0002:00001a14       __IMPORT_DESCRIPTOR_libmwgrayto8 000000018001aa14     libmwgrayto8:libmwgrayto8.dll
 0002:00001a28       __IMPORT_DESCRIPTOR_libmwrgb2gray_tbb 000000018001aa28     libmwrgb2gray_tbb:libmwrgb2gray_tbb.dll
 0002:00001a3c       __IMPORT_DESCRIPTOR_libmwgetnumcores 000000018001aa3c     libmwgetnumcores:libmwgetnumcores.dll
 0002:00001a50       __IMPORT_DESCRIPTOR_sf_runtime 000000018001aa50     sf_runtime:sf_runtime.dll
 0002:00001a64       __IMPORT_DESCRIPTOR_libmx  000000018001aa64     libmx:libmx.dll
 0002:00001a78       __IMPORT_DESCRIPTOR_libmex 000000018001aa78     libmex:libmex.dll
 0002:00001a8c       __IMPORT_DESCRIPTOR_libut  000000018001aa8c     libut:libut.dll
 0002:00001aa0       __IMPORT_DESCRIPTOR_libmwmathutil 000000018001aaa0     libmwmathutil:libmwmathutil.dll
 0002:00001ab4       __IMPORT_DESCRIPTOR_libemlrt 000000018001aab4     libemlrt:libemlrt.dll
 0002:00001ac8       __IMPORT_DESCRIPTOR_libcovrt 000000018001aac8     libcovrt:libcovrt.dll
 0002:00001adc       __IMPORT_DESCRIPTOR_KERNEL32 000000018001aadc     kernel32:KERNEL32.dll
 0002:00001af0       __IMPORT_DESCRIPTOR_VCRUNTIME140 000000018001aaf0     vcruntime:VCRUNTIME140.dll
 0002:00001b04       __IMPORT_DESCRIPTOR_api-ms-win-crt-string-l1-1-0 000000018001ab04     ucrt:api-ms-win-crt-string-l1-1-0.dll
 0002:00001b18       __IMPORT_DESCRIPTOR_api-ms-win-crt-stdio-l1-1-0 000000018001ab18     ucrt:api-ms-win-crt-stdio-l1-1-0.dll
 0002:00001b2c       __IMPORT_DESCRIPTOR_api-ms-win-crt-heap-l1-1-0 000000018001ab2c     ucrt:api-ms-win-crt-heap-l1-1-0.dll
 0002:00001b40       __IMPORT_DESCRIPTOR_api-ms-win-crt-runtime-l1-1-0 000000018001ab40     ucrt:api-ms-win-crt-runtime-l1-1-0.dll
 0002:00001b54       __NULL_IMPORT_DESCRIPTOR   000000018001ab54     libmwgrayto8:libmwgrayto8.dll
 0003:00006ab0       DYNAMIC_DIMENSION          0000000180022ab0     flightControlSystem_sfun_registry.obj
 0003:000090c0       __security_cookie_complement 00000001800250c0     MSVCRT:gs_cookie.obj
 0003:000090c8       __security_cookie          00000001800250c8     MSVCRT:gs_cookie.obj
 0003:000090d0       _fltused                   00000001800250d0     MSVCRT:fltused.obj
 0003:000090e0       __scrt_native_dllmain_reason 00000001800250e0     MSVCRT:utility.obj
 0003:000090e8       __isa_available            00000001800250e8     MSVCRT:cpu_disp.obj
 0003:000090ec       __isa_enabled              00000001800250ec     MSVCRT:cpu_disp.obj
 0003:000090f0       __memset_fast_string_threshold 00000001800250f0     MSVCRT:cpu_disp.obj
 0003:000090f8       __memset_nt_threshold      00000001800250f8     MSVCRT:cpu_disp.obj
 0003:00009100       __scrt_ucrt_dll_is_in_use  0000000180025100     MSVCRT:ucrt_stubs.obj
 0003:0000a840       ?__type_info_root_node@@3U__type_info_node@@A 0000000180026840     MSVCRT:tncleanup.obj
 0003:0000a850       ?_OptionsStorage@?1??__local_stdio_printf_options@@9@4_KA 0000000180026850     MSVCRT:default_local_stdio_options.obj
 0003:0000a858       ?_OptionsStorage@?1??__local_stdio_scanf_options@@9@4_KA 0000000180026858     MSVCRT:default_local_stdio_options.obj
 0003:0000a860       __scrt_current_native_startup_state 0000000180026860     MSVCRT:utility.obj
 0003:0000a868       __scrt_native_startup_lock 0000000180026868     MSVCRT:utility.obj
 0003:0000a8a8       __scrt_debugger_hook_flag  00000001800268a8     MSVCRT:utility_desktop.obj
 0003:0000a8ac       __favor                    00000001800268ac     MSVCRT:cpu_disp.obj
 0003:0000a8b0       ?_OptionsStorage@?1??__local_stdio_printf_options@@9@9 00000001800268b0     <common>
 0003:0000a8b8       __dyn_tls_init_callback    00000001800268b8     <common>

 entry point at        0001:00016754

 Static symbols

 0000:00000000       _volmd                     0000000180000000     c11_flightControlSystem.obj
 0000:00000000       _volmd                     0000000180000000     c14_flightControlSystem.obj
 0000:00000000       _volmd                     0000000180000000     c4_flightControlSystem.obj
 0000:00000000       .debug$S                   0000000180000000     flightControlSystem_sfun.exp
 0000:00000000       _volmd                     0000000180000000     flightControlSystem_sfun.obj
 0000:00000000       _volmd                     0000000180000000     flightControlSystem_sfun_registry.obj
 0000:00000000       .debug$S                   0000000180000000     ucrt:api-ms-win-crt-heap-l1-1-0.dll
 0000:00000000       .debug$S                   0000000180000000     ucrt:api-ms-win-crt-heap-l1-1-0.dll
 0000:00000000       .debug$S                   0000000180000000     ucrt:api-ms-win-crt-runtime-l1-1-0.dll
 0000:00000000       .debug$S                   0000000180000000     ucrt:api-ms-win-crt-runtime-l1-1-0.dll
 0000:00000000       .debug$S                   0000000180000000     ucrt:api-ms-win-crt-runtime-l1-1-0.dll
 0000:00000000       .debug$S                   0000000180000000     ucrt:api-ms-win-crt-runtime-l1-1-0.dll
 0000:00000000       .debug$S                   0000000180000000     ucrt:api-ms-win-crt-runtime-l1-1-0.dll
 0000:00000000       .debug$S                   0000000180000000     ucrt:api-ms-win-crt-runtime-l1-1-0.dll
 0000:00000000       .debug$S                   0000000180000000     ucrt:api-ms-win-crt-runtime-l1-1-0.dll
 0000:00000000       .debug$S                   0000000180000000     ucrt:api-ms-win-crt-runtime-l1-1-0.dll
 0000:00000000       .debug$S                   0000000180000000     ucrt:api-ms-win-crt-runtime-l1-1-0.dll
 0000:00000000       .debug$S                   0000000180000000     ucrt:api-ms-win-crt-runtime-l1-1-0.dll
 0000:00000000       .debug$S                   0000000180000000     ucrt:api-ms-win-crt-runtime-l1-1-0.dll
 0000:00000000       .debug$S                   0000000180000000     ucrt:api-ms-win-crt-runtime-l1-1-0.dll
 0000:00000000       .debug$S                   0000000180000000     ucrt:api-ms-win-crt-stdio-l1-1-0.dll
 0000:00000000       .debug$S                   0000000180000000     ucrt:api-ms-win-crt-string-l1-1-0.dll
 0000:00000000       .debug$S                   0000000180000000     ucrt:api-ms-win-crt-string-l1-1-0.dll
 0000:00000000       .debug$S                   0000000180000000     ucrt:api-ms-win-crt-string-l1-1-0.dll
 0000:00000000       .debug$S                   0000000180000000     kernel32:KERNEL32.dll
 0000:00000000       .debug$S                   0000000180000000     kernel32:KERNEL32.dll
 0000:00000000       .debug$S                   0000000180000000     kernel32:KERNEL32.dll
 0000:00000000       .debug$S                   0000000180000000     kernel32:KERNEL32.dll
 0000:00000000       .debug$S                   0000000180000000     kernel32:KERNEL32.dll
 0000:00000000       .debug$S                   0000000180000000     kernel32:KERNEL32.dll
 0000:00000000       .debug$S                   0000000180000000     kernel32:KERNEL32.dll
 0000:00000000       .debug$S                   0000000180000000     kernel32:KERNEL32.dll
 0000:00000000       .debug$S                   0000000180000000     kernel32:KERNEL32.dll
 0000:00000000       .debug$S                   0000000180000000     kernel32:KERNEL32.dll
 0000:00000000       .debug$S                   0000000180000000     kernel32:KERNEL32.dll
 0000:00000000       .debug$S                   0000000180000000     kernel32:KERNEL32.dll
 0000:00000000       .debug$S                   0000000180000000     kernel32:KERNEL32.dll
 0000:00000000       .debug$S                   0000000180000000     kernel32:KERNEL32.dll
 0000:00000000       .debug$S                   0000000180000000     kernel32:KERNEL32.dll
 0000:00000000       .debug$S                   0000000180000000     kernel32:KERNEL32.dll
 0000:00000000       .debug$S                   0000000180000000     kernel32:KERNEL32.dll
 0000:00000000       .debug$S                   0000000180000000     libcovrt:libcovrt.dll
 0000:00000000       .debug$S                   0000000180000000     libcovrt:libcovrt.dll
 0000:00000000       .debug$S                   0000000180000000     libcovrt:libcovrt.dll
 0000:00000000       .debug$S                   0000000180000000     libcovrt:libcovrt.dll
 0000:00000000       .debug$S                   0000000180000000     libcovrt:libcovrt.dll
 0000:00000000       .debug$S                   0000000180000000     libcovrt:libcovrt.dll
 0000:00000000       .debug$S                   0000000180000000     libcovrt:libcovrt.dll
 0000:00000000       .debug$S                   0000000180000000     libcovrt:libcovrt.dll
 0000:00000000       .debug$S                   0000000180000000     libcovrt:libcovrt.dll
 0000:00000000       .debug$S                   0000000180000000     libcovrt:libcovrt.dll
 0000:00000000       .debug$S                   0000000180000000     libcovrt:libcovrt.dll
 0000:00000000       .debug$S                   0000000180000000     libemlrt:libemlrt.dll
 0000:00000000       .debug$S                   0000000180000000     libemlrt:libemlrt.dll
 0000:00000000       .debug$S                   0000000180000000     libemlrt:libemlrt.dll
 0000:00000000       .debug$S                   0000000180000000     libmex:libmex.dll
 0000:00000000       .debug$S                   0000000180000000     libmex:libmex.dll
 0000:00000000       .debug$S                   0000000180000000     libmex:libmex.dll
 0000:00000000       .debug$S                   0000000180000000     libmex:libmex.dll
 0000:00000000       .debug$S                   0000000180000000     libmex:libmex.dll
 0000:00000000       .debug$S                   0000000180000000     libmex:libmex.dll
 0000:00000000       .debug$S                   0000000180000000     libmex:libmex.dll
 0000:00000000       .debug$S                   0000000180000000     libmwgetnumcores:libmwgetnumcores.dll
 0000:00000000       .debug$S                   0000000180000000     libmwgrayto8:libmwgrayto8.dll
 0000:00000000       .debug$S                   0000000180000000     libmwmathutil:libmwmathutil.dll
 0000:00000000       .debug$S                   0000000180000000     libmwmathutil:libmwmathutil.dll
 0000:00000000       .debug$S                   0000000180000000     libmwmathutil:libmwmathutil.dll
 0000:00000000       .debug$S                   0000000180000000     libmwmathutil:libmwmathutil.dll
 0000:00000000       .debug$S                   0000000180000000     libmwrgb2gray_tbb:libmwrgb2gray_tbb.dll
 0000:00000000       .debug$S                   0000000180000000     libmx:libmx.dll
 0000:00000000       .debug$S                   0000000180000000     libmx:libmx.dll
 0000:00000000       .debug$S                   0000000180000000     libmx:libmx.dll
 0000:00000000       .debug$S                   0000000180000000     libmx:libmx.dll
 0000:00000000       .debug$S                   0000000180000000     libmx:libmx.dll
 0000:00000000       .debug$S                   0000000180000000     libmx:libmx.dll
 0000:00000000       .debug$S                   0000000180000000     libmx:libmx.dll
 0000:00000000       .debug$S                   0000000180000000     libmx:libmx.dll
 0000:00000000       .debug$S                   0000000180000000     libmx:libmx.dll
 0000:00000000       .debug$S                   0000000180000000     libmx:libmx.dll
 0000:00000000       .debug$S                   0000000180000000     libmx:libmx.dll
 0000:00000000       .debug$S                   0000000180000000     libmx:libmx.dll
 0000:00000000       .debug$S                   0000000180000000     libmx:libmx.dll
 0000:00000000       .debug$S                   0000000180000000     libmx:libmx.dll
 0000:00000000       .debug$S                   0000000180000000     libmx:libmx.dll
 0000:00000000       .debug$S                   0000000180000000     libmx:libmx.dll
 0000:00000000       .debug$S                   0000000180000000     libmx:libmx.dll
 0000:00000000       .debug$S                   0000000180000000     libmx:libmx.dll
 0000:00000000       .debug$S                   0000000180000000     libmx:libmx.dll
 0000:00000000       .debug$S                   0000000180000000     libmx:libmx.dll
 0000:00000000       .debug$S                   0000000180000000     libut:libut.dll
 0000:00000000       .debug$S                   0000000180000000     libut:libut.dll
 0000:00000000       .debug$S                   0000000180000000     sf_runtime:sf_runtime.dll
 0000:00000000       .debug$S                   0000000180000000     sf_runtime:sf_runtime.dll
 0000:00000000       .debug$S                   0000000180000000     sf_runtime:sf_runtime.dll
 0000:00000000       .debug$S                   0000000180000000     sf_runtime:sf_runtime.dll
 0000:00000000       .debug$S                   0000000180000000     sf_runtime:sf_runtime.dll
 0000:00000000       .debug$S                   0000000180000000     sf_runtime:sf_runtime.dll
 0000:00000000       .debug$S                   0000000180000000     sf_runtime:sf_runtime.dll
 0000:00000000       .debug$S                   0000000180000000     sf_runtime:sf_runtime.dll
 0000:00000000       .debug$S                   0000000180000000     sf_runtime:sf_runtime.dll
 0000:00000000       .debug$S                   0000000180000000     sf_runtime:sf_runtime.dll
 0000:00000000       .debug$S                   0000000180000000     sf_runtime:sf_runtime.dll
 0000:00000000       .debug$S                   0000000180000000     sf_runtime:sf_runtime.dll
 0000:00000000       .debug$S                   0000000180000000     sf_runtime:sf_runtime.dll
 0000:00000000       .debug$S                   0000000180000000     sf_runtime:sf_runtime.dll
 0000:00000000       .debug$S                   0000000180000000     sf_runtime:sf_runtime.dll
 0000:00000000       .debug$S                   0000000180000000     sf_runtime:sf_runtime.dll
 0000:00000000       .debug$S                   0000000180000000     sf_runtime:sf_runtime.dll
 0000:00000000       .debug$S                   0000000180000000     sf_runtime:sf_runtime.dll
 0000:00000000       .debug$S                   0000000180000000     sf_runtime:sf_runtime.dll
 0000:00000000       .debug$S                   0000000180000000     sf_runtime:sf_runtime.dll
 0000:00000000       .debug$S                   0000000180000000     sf_runtime:sf_runtime.dll
 0000:00000000       .debug$S                   0000000180000000     sf_runtime:sf_runtime.dll
 0000:00000000       .debug$S                   0000000180000000     sf_runtime:sf_runtime.dll
 0000:00000000       .debug$S                   0000000180000000     sf_runtime:sf_runtime.dll
 0000:00000000       .debug$S                   0000000180000000     sf_runtime:sf_runtime.dll
 0000:00000000       .debug$S                   0000000180000000     sf_runtime:sf_runtime.dll
 0000:00000000       .debug$S                   0000000180000000     sf_runtime:sf_runtime.dll
 0000:00000000       .debug$S                   0000000180000000     sf_runtime:sf_runtime.dll
 0000:00000000       .debug$S                   0000000180000000     sf_runtime:sf_runtime.dll
 0000:00000000       .debug$S                   0000000180000000     sf_runtime:sf_runtime.dll
 0000:00000000       .debug$S                   0000000180000000     sf_runtime:sf_runtime.dll
 0000:00000000       .debug$S                   0000000180000000     sf_runtime:sf_runtime.dll
 0000:00000000       .debug$S                   0000000180000000     sf_runtime:sf_runtime.dll
 0000:00000000       .debug$S                   0000000180000000     sf_runtime:sf_runtime.dll
 0000:00000000       .debug$S                   0000000180000000     sf_runtime:sf_runtime.dll
 0000:00000000       .debug$S                   0000000180000000     sf_runtime:sf_runtime.dll
 0000:00000000       _volmd                     0000000180000000     MSVCRT:cpu_disp.obj
 0002:fffe7000       __guard_ehcont_?dllmain_dispatch@@YAHQEAUHINSTANCE__@@KQEAX@Z 0000000180000000     MSVCRT:dll_dllmain.obj
 0002:fffe7000       __guard_fids_?dllmain_dispatch@@YAHQEAUHINSTANCE__@@KQEAX@Z 0000000180000000     MSVCRT:dll_dllmain.obj
 0000:00000000       _volmd                     0000000180000000     MSVCRT:gs_report.obj
 0000:00000000       _volmd                     0000000180000000     MSVCRT:gs_report.obj
 0000:00000000       _volmd                     0000000180000000     MSVCRT:gs_report.obj
 0002:fffe7000       __guard_fids__             0000000180000000     MSVCRT:guard_support.obj
 0002:fffe7000       __guard_fids__             0000000180000000     MSVCRT:guard_support.obj
 0002:fffe7000       __guard_fids__guard_icall_checks_enforced 0000000180000000     MSVCRT:guard_support.obj
 0000:00000000       _volmd                     0000000180000000     MSVCRT:guard_support.obj
 0000:00000000       _volmd                     0000000180000000     MSVCRT:guard_support.obj
 0000:00000000       _volmd                     0000000180000000     MSVCRT:guard_support.obj
 0000:00000000       _volmd                     0000000180000000     MSVCRT:guard_support.obj
 0000:00000000       _volmd                     0000000180000000     MSVCRT:guard_support.obj
 0000:00000000       _volmd                     0000000180000000     MSVCRT:guard_support.obj
 0002:fffe7000       __guard_ehcont___scrt_is_nonwritable_in_current_image 0000000180000000     MSVCRT:utility.obj
 0000:00000000       _volmd                     0000000180000000     MSVCRT:utility.obj
 0000:00000000       _volmd                     0000000180000000     MSVCRT:utility.obj
 0000:00000000       _volmd                     0000000180000000     MSVCRT:utility.obj
 0002:fffe7000       __guard_fids___scrt_set_unhandled_exception_filter 0000000180000000     MSVCRT:utility_desktop.obj
 0000:00000000       _volmd                     0000000180000000     MSVCRT:utility_desktop.obj
 0002:fffe7000       __guard_fids__             0000000180000000     vcruntime:softmemtag.obj
 0000:00000000       .debug$S                   0000000180000000     vcruntime:VCRUNTIME140.dll
 0000:00000000       .debug$S                   0000000180000000     vcruntime:VCRUNTIME140.dll
 0000:00000000       .debug$S                   0000000180000000     vcruntime:VCRUNTIME140.dll
 0000:00000000       .debug$S                   0000000180000000     vcruntime:VCRUNTIME140.dll
 0000:00000000       .debug$S                   0000000180000000     vcruntime:VCRUNTIME140.dll
 0000:00000000       .debug$S                   0000000180000000     vcruntime:VCRUNTIME140.dll
[...]
 0003:000075e4       $SG28612                   00000001800235e4     flightControlSystem_sfun_registry.obj
 0003:000075f0       $SG28614                   00000001800235f0     flightControlSystem_sfun_registry.obj
 0003:00007600       $SG28619                   0000000180023600     flightControlSystem_sfun_registry.obj
 0003:000076e8       $SG28737                   00000001800236e8     flightControlSystem_sfun_registry.obj
 0003:00007718       $SG28738                   0000000180023718     flightControlSystem_sfun_registry.obj
 0003:00007728       $SG28739                   0000000180023728     flightControlSystem_sfun_registry.obj
 0003:00007730       $SG28741                   0000000180023730     flightControlSystem_sfun_registry.obj
 0003:00007768       $SG28742                   0000000180023768     flightControlSystem_sfun_registry.obj
 0003:00007778       $SG28743                   0000000180023778     flightControlSystem_sfun_registry.obj
 0003:00007780       $SG28746                   0000000180023780     flightControlSystem_sfun_registry.obj
 0003:000077b8       $SG28747                   00000001800237b8     flightControlSystem_sfun_registry.obj
 0003:000077c8       $SG28748                   00000001800237c8     flightControlSystem_sfun_registry.obj
 0003:000077d0       $SG28750                   00000001800237d0     flightControlSystem_sfun_registry.obj
 0003:00007808       $SG28751                   0000000180023808     flightControlSystem_sfun_registry.obj
 0003:00007818       $SG28752                   0000000180023818     flightControlSystem_sfun_registry.obj
 0003:00007820       $SG28754                   0000000180023820     flightControlSystem_sfun_registry.obj
 0003:00007858       $SG28755                   0000000180023858     flightControlSystem_sfun_registry.obj
 0003:00007868       $SG28756                   0000000180023868     flightControlSystem_sfun_registry.obj
 0003:00007870       $SG28759                   0000000180023870     flightControlSystem_sfun_registry.obj
 0003:00007878       $SG28761                   0000000180023878     flightControlSystem_sfun_registry.obj
 0003:00007890       $SG28762                   0000000180023890     flightControlSystem_sfun_registry.obj
 0003:000078c8       $SG28763                   00000001800238c8     flightControlSystem_sfun_registry.obj
 0003:000078d8       $SG28764                   00000001800238d8     flightControlSystem_sfun_registry.obj
 0003:000078e0       $SG28934                   00000001800238e0     flightControlSystem_sfun_registry.obj
 0003:00007900       $SG28935                   0000000180023900     flightControlSystem_sfun_registry.obj
 0003:00007990       $SG28941                   0000000180023990     flightControlSystem_sfun_registry.obj
 0003:000079a8       $SG28948                   00000001800239a8     flightControlSystem_sfun_registry.obj
 0003:000079c0       $SG28942                   00000001800239c0     flightControlSystem_sfun_registry.obj
 0003:00007a50       $SG28949                   0000000180023a50     flightControlSystem_sfun_registry.obj
 0003:00007ae0       $SG28955                   0000000180023ae0     flightControlSystem_sfun_registry.obj
 0003:00007b00       $SG28956                   0000000180023b00     flightControlSystem_sfun_registry.obj
 0003:00007b90       $SG28962                   0000000180023b90     flightControlSystem_sfun_registry.obj
 0003:00007bb0       $SG28963                   0000000180023bb0     flightControlSystem_sfun_registry.obj
 0003:00007c40       $SG28967                   0000000180023c40     flightControlSystem_sfun_registry.obj
 0003:00007c60       $SG28968                   0000000180023c60     flightControlSystem_sfun_registry.obj
 0003:00007cf0       $SG28972                   0000000180023cf0     flightControlSystem_sfun_registry.obj
 0003:00007d18       $SG28977                   0000000180023d18     flightControlSystem_sfun_registry.obj
 0003:00007d40       $SG28973                   0000000180023d40     flightControlSystem_sfun_registry.obj
 0003:00007dd0       $SG28978                   0000000180023dd0     flightControlSystem_sfun_registry.obj
 0003:00007e60       $SG28982                   0000000180023e60     flightControlSystem_sfun_registry.obj
 0003:00007e80       $SG28983                   0000000180023e80     flightControlSystem_sfun_registry.obj
 0003:00007f10       $SG28987                   0000000180023f10     flightControlSystem_sfun_registry.obj
 0003:00007f30       $SG28988                   0000000180023f30     flightControlSystem_sfun_registry.obj
 0003:00007fc0       $SG28992                   0000000180023fc0     flightControlSystem_sfun_registry.obj
 0003:00007fd8       $SG29028                   0000000180023fd8     flightControlSystem_sfun_registry.obj
 0003:00007ff0       $SG28993                   0000000180023ff0     flightControlSystem_sfun_registry.obj
 0003:00008080       $SG28997                   0000000180024080     flightControlSystem_sfun_registry.obj
 0003:000080a0       $SG28998                   00000001800240a0     flightControlSystem_sfun_registry.obj
 0003:00008130       $SG29002                   0000000180024130     flightControlSystem_sfun_registry.obj
 0003:00008150       $SG29003                   0000000180024150     flightControlSystem_sfun_registry.obj
 0003:000081e0       $SG29007                   00000001800241e0     flightControlSystem_sfun_registry.obj
 0003:00008200       $SG29008                   0000000180024200     flightControlSystem_sfun_registry.obj
 0003:00008290       $SG29012                   0000000180024290     flightControlSystem_sfun_registry.obj
 0003:000082b0       $SG29013                   00000001800242b0     flightControlSystem_sfun_registry.obj
 0003:00008340       $SG29017                   0000000180024340     flightControlSystem_sfun_registry.obj
 0003:00008360       $SG29018                   0000000180024360     flightControlSystem_sfun_registry.obj
 0003:000083f0       $SG29022                   00000001800243f0     flightControlSystem_sfun_registry.obj
 0003:00008410       $SG29023                   0000000180024410     flightControlSystem_sfun_registry.obj
 0003:000084a0       $SG29029                   00000001800244a0     flightControlSystem_sfun_registry.obj
 0003:00008530       $SG29034                   0000000180024530     flightControlSystem_sfun_registry.obj
 0003:00008538       $SG29039                   0000000180024538     flightControlSystem_sfun_registry.obj
 0003:00008550       $SG29035                   0000000180024550     flightControlSystem_sfun_registry.obj
 0003:000085e0       $SG29040                   00000001800245e0     flightControlSystem_sfun_registry.obj
 0003:00008670       $SG29044                   0000000180024670     flightControlSystem_sfun_registry.obj
 0003:00008680       $SG29045                   0000000180024680     flightControlSystem_sfun_registry.obj
 0003:00008710       $SG29049                   0000000180024710     flightControlSystem_sfun_registry.obj
 0003:00008730       $SG29050                   0000000180024730     flightControlSystem_sfun_registry.obj
 0003:000087c0       $SG29054                   00000001800247c0     flightControlSystem_sfun_registry.obj
 0003:000087e0       $SG29055                   00000001800247e0     flightControlSystem_sfun_registry.obj
 0003:00008870       $SG29059                   0000000180024870     flightControlSystem_sfun_registry.obj
 0003:00008880       $SG29060                   0000000180024880     flightControlSystem_sfun_registry.obj
 0003:00008910       $SG29064                   0000000180024910     flightControlSystem_sfun_registry.obj
 0003:00008920       $SG29065                   0000000180024920     flightControlSystem_sfun_registry.obj
 0003:000089b0       $SG29069                   00000001800249b0     flightControlSystem_sfun_registry.obj
 0003:000089c8       $SG29074                   00000001800249c8     flightControlSystem_sfun_registry.obj
 0003:000089e0       $SG29070                   00000001800249e0     flightControlSystem_sfun_registry.obj
 0003:00008a70       $SG29075                   0000000180024a70     flightControlSystem_sfun_registry.obj
 0003:00008b00       $SG29079                   0000000180024b00     flightControlSystem_sfun_registry.obj
 0003:00008b10       $SG29080                   0000000180024b10     flightControlSystem_sfun_registry.obj
 0003:00008ba0       $SG29088                   0000000180024ba0     flightControlSystem_sfun_registry.obj
 0003:00008bb0       $SG29089                   0000000180024bb0     flightControlSystem_sfun_registry.obj
 0003:00008c40       $SG29095                   0000000180024c40     flightControlSystem_sfun_registry.obj
 0003:00008c50       $SG29096                   0000000180024c50     flightControlSystem_sfun_registry.obj
 0003:00008ce0       $SG29100                   0000000180024ce0     flightControlSystem_sfun_registry.obj
 0003:00008cf0       $SG29101                   0000000180024cf0     flightControlSystem_sfun_registry.obj
 0003:00008d80       $SG29106                   0000000180024d80     flightControlSystem_sfun_registry.obj
 0003:00008d90       $SG29107                   0000000180024d90     flightControlSystem_sfun_registry.obj
 0003:00008e20       $SG29111                   0000000180024e20     flightControlSystem_sfun_registry.obj
 0003:00008e98       $SG29154                   0000000180024e98     flightControlSystem_sfun_registry.obj
 0003:00008ea8       $SG29235                   0000000180024ea8     flightControlSystem_sfun_registry.obj
 0003:00008eb0       $SG29141                   0000000180024eb0     flightControlSystem_sfun_registry.obj
 0003:00008fc8       $SG29165                   0000000180024fc8     flightControlSystem_sfun_registry.obj
 0003:00008fd8       $SG29178                   0000000180024fd8     flightControlSystem_sfun_registry.obj
 0003:00008fe8       $SG29189                   0000000180024fe8     flightControlSystem_sfun_registry.obj
 0003:00008ff8       $SG29202                   0000000180024ff8     flightControlSystem_sfun_registry.obj
 0003:00009008       $SG29213                   0000000180025008     flightControlSystem_sfun_registry.obj
 0003:00009018       $SG29223                   0000000180025018     flightControlSystem_sfun_registry.obj
 0003:00009038       $SG29234                   0000000180025038     flightControlSystem_sfun_registry.obj
 0003:00009068       $SG29236                   0000000180025068     flightControlSystem_sfun_registry.obj
 0003:00009070       $SG29247                   0000000180025070     flightControlSystem_sfun_registry.obj
 0003:000090a8       $SG29248                   00000001800250a8     flightControlSystem_sfun_registry.obj
 0003:000090b0       $SG29249                   00000001800250b0     flightControlSystem_sfun_registry.obj
 0003:00009110       sRtwOptimizationInfoStruct 0000000180025110     flightControlSystem_sfun.obj
 0003:00009118       sOptimizationInfoFlags     0000000180025118     flightControlSystem_sfun.obj
 0003:00009120       $SG26480                   0000000180025120     c4_flightControlSystem.obj
 0003:00009121       $SG26487                   0000000180025121     c4_flightControlSystem.obj
 0003:00009122       $SG26494                   0000000180025122     c4_flightControlSystem.obj
 0003:00009123       $SG26501                   0000000180025123     c4_flightControlSystem.obj
 0003:00009124       $SG26508                   0000000180025124     c4_flightControlSystem.obj
 0003:00009125       $SG26515                   0000000180025125     c4_flightControlSystem.obj
 0003:00009126       $SG26522                   0000000180025126     c4_flightControlSystem.obj
 0003:00009127       $SG26529                   0000000180025127     c4_flightControlSystem.obj
 0003:00009128       $SG26536                   0000000180025128     c4_flightControlSystem.obj
 0003:00009129       $SG26543                   0000000180025129     c4_flightControlSystem.obj
 0003:0000912a       $SG26550                   000000018002512a     c4_flightControlSystem.obj
 0003:0000912b       $SG26557                   000000018002512b     c4_flightControlSystem.obj
 0003:0000912c       $SG26564                   000000018002512c     c4_flightControlSystem.obj
 0003:0000912d       $SG26571                   000000018002512d     c4_flightControlSystem.obj
 0003:0000912e       $SG26578                   000000018002512e     c4_flightControlSystem.obj
 0003:0000912f       $SG26585                   000000018002512f     c4_flightControlSystem.obj
 0003:00009130       $SG26592                   0000000180025130     c4_flightControlSystem.obj
 0003:00009131       $SG26599                   0000000180025131     c4_flightControlSystem.obj
 0003:00009132       $SG26606                   0000000180025132     c4_flightControlSystem.obj
 0003:00009133       $SG26613                   0000000180025133     c4_flightControlSystem.obj
 0003:00009134       $SG26620                   0000000180025134     c4_flightControlSystem.obj
 0003:00009135       $SG26627                   0000000180025135     c4_flightControlSystem.obj
 0003:00009136       $SG26634                   0000000180025136     c4_flightControlSystem.obj
 0003:00009137       $SG26641                   0000000180025137     c4_flightControlSystem.obj
 0003:00009138       $SG26648                   0000000180025138     c4_flightControlSystem.obj
 0003:00009139       $SG26655                   0000000180025139     c4_flightControlSystem.obj
 0003:0000913a       $SG26662                   000000018002513a     c4_flightControlSystem.obj
 0003:0000913b       $SG26669                   000000018002513b     c4_flightControlSystem.obj
 0003:0000913c       $SG26676                   000000018002513c     c4_flightControlSystem.obj
 0003:0000913d       $SG26683                   000000018002513d     c4_flightControlSystem.obj
 0003:0000913e       $SG26787                   000000018002513e     c4_flightControlSystem.obj
 0003:0000913f       $SG27367                   000000018002513f     c4_flightControlSystem.obj
 0003:00009140       _sfTime_                   0000000180025140     c4_flightControlSystem.obj
 0003:00009148       $SG27368                   0000000180025148     c4_flightControlSystem.obj
 0003:00009149       $SG27509                   0000000180025149     c4_flightControlSystem.obj
 0003:00009150       ?newstr@?1??sf_c4_flightControlSystem_get_post_codegen_info@@9@9 0000000180025150     c4_flightControlSystem.obj
 0003:000096f0       _sfTime_                   00000001800256f0     c11_flightControlSystem.obj
 0003:000096f8       $SG26499                   00000001800256f8     c11_flightControlSystem.obj
 0003:000096f9       $SG26901                   00000001800256f9     c11_flightControlSystem.obj
 0003:000096fa       $SG26902                   00000001800256fa     c11_flightControlSystem.obj
 0003:000096fb       $SG27045                   00000001800256fb     c11_flightControlSystem.obj
 0003:00009700       ?newstr@?1??sf_c11_flightControlSystem_get_post_codegen_info@@9@9 0000000180025700     c11_flightControlSystem.obj
 0003:00009cf0       $SG26470                   0000000180025cf0     c14_flightControlSystem.obj
 0003:00009cf1       $SG26477                   0000000180025cf1     c14_flightControlSystem.obj
 0003:00009cf2       $SG26484                   0000000180025cf2     c14_flightControlSystem.obj
 0003:00009cf3       $SG26491                   0000000180025cf3     c14_flightControlSystem.obj
 0003:00009cf4       $SG26498                   0000000180025cf4     c14_flightControlSystem.obj
 0003:00009cf5       $SG26505                   0000000180025cf5     c14_flightControlSystem.obj
 0003:00009cf6       $SG26512                   0000000180025cf6     c14_flightControlSystem.obj
 0003:00009cf7       $SG26519                   0000000180025cf7     c14_flightControlSystem.obj
 0003:00009cf8       $SG26526                   0000000180025cf8     c14_flightControlSystem.obj
 0003:00009cf9       $SG26533                   0000000180025cf9     c14_flightControlSystem.obj
 0003:00009cfa       $SG26540                   0000000180025cfa     c14_flightControlSystem.obj
 0003:00009cfb       $SG26547                   0000000180025cfb     c14_flightControlSystem.obj
 0003:00009cfc       $SG26554                   0000000180025cfc     c14_flightControlSystem.obj
 0003:00009cfd       $SG26561                   0000000180025cfd     c14_flightControlSystem.obj
 0003:00009cfe       $SG26568                   0000000180025cfe     c14_flightControlSystem.obj
 0003:00009cff       $SG26575                   0000000180025cff     c14_flightControlSystem.obj
 0003:00009d00       $SG26582                   0000000180025d00     c14_flightControlSystem.obj
 0003:00009d01       $SG26589                   0000000180025d01     c14_flightControlSystem.obj
 0003:00009d02       $SG26596                   0000000180025d02     c14_flightControlSystem.obj
 0003:00009d03       $SG26603                   0000000180025d03     c14_flightControlSystem.obj
 0003:00009d04       $SG26610                   0000000180025d04     c14_flightControlSystem.obj
 0003:00009d05       $SG26617                   0000000180025d05     c14_flightControlSystem.obj
 0003:00009d06       $SG26624                   0000000180025d06     c14_flightControlSystem.obj
 0003:00009d07       $SG26631                   0000000180025d07     c14_flightControlSystem.obj
 0003:00009d08       $SG26638                   0000000180025d08     c14_flightControlSystem.obj
 0003:00009d09       $SG26645                   0000000180025d09     c14_flightControlSystem.obj
 0003:00009d0a       $SG26652                   0000000180025d0a     c14_flightControlSystem.obj
 0003:00009d0b       $SG26659                   0000000180025d0b     c14_flightControlSystem.obj
 0003:00009d0c       $SG26666                   0000000180025d0c     c14_flightControlSystem.obj
 0003:00009d0d       $SG26673                   0000000180025d0d     c14_flightControlSystem.obj
 0003:00009d0e       $SG26777                   0000000180025d0e     c14_flightControlSystem.obj
 0003:00009d0f       $SG27362                   0000000180025d0f     c14_flightControlSystem.obj
 0003:00009d10       _sfTime_                   0000000180025d10     c14_flightControlSystem.obj
 0003:00009d18       $SG27363                   0000000180025d18     c14_flightControlSystem.obj
 0003:00009d19       $SG27502                   0000000180025d19     c14_flightControlSystem.obj
 0003:00009d20       ?newstr@?1??sf_c14_flightControlSystem_get_post_codegen_info@@9@9 0000000180025d20     c14_flightControlSystem.obj
 0003:0000a2b4       sfGlobalMdlStartCallCounts 00000001800262b4     flightControlSystem_sfun_registry.obj
 0003:0000a2b8       $SG28586                   00000001800262b8     flightControlSystem_sfun_registry.obj
 0003:0000a2ba       ?warningGuard@?1??ssGetRootSS@@9@9 00000001800262ba     flightControlSystem_sfun_registry.obj
 0003:0000a2bb       ?warningGuard@?1??ssGetParentSS@@9@9 00000001800262bb     flightControlSystem_sfun_registry.obj
 0003:0000a2c0       GS_ExceptionRecord         00000001800262c0     MSVCRT:gs_report.obj
 0003:0000a360       GS_ContextRecord           0000000180026360     MSVCRT:gs_report.obj
 0003:0000a830       ?__proc_attached@@3HA      0000000180026830     MSVCRT:dll_dllmain.obj
 0003:0000a870       ?is_initialized_as_dll@@3_NA 0000000180026870     MSVCRT:utility.obj
 0003:0000a871       ?module_local_atexit_table_initialized@@3_NA 0000000180026871     MSVCRT:utility.obj
 0003:0000a878       ?module_local_atexit_table@@3U_onexit_table_t@@A 0000000180026878     MSVCRT:utility.obj
 0003:0000a890       ?module_local_at_quick_exit_table@@3U_onexit_table_t@@A 0000000180026890     MSVCRT:utility.obj
