 flightControlSystem_sfun

 Timestamp is 67d4d43c (Fri Mar 14 21:13:32 2025)

 Preferred load address is 0000000180000000

 Start         Length     Name                   Class
 0001:00000000 00013970H .text$mn                CODE
 0001:00013970 00000036H .text$mn$00             CODE
 0001:000139a6 00000092H .text$x                 CODE
 0002:00000000 00000478H .idata$5                DATA
 0002:00000478 00000038H .00cfg                  DATA
 0002:000004b0 00000008H .CRT$XCA                DATA
 0002:000004b8 00000008H .CRT$XCZ                DATA
 0002:000004c0 00000008H .CRT$XIA                DATA
 0002:000004c8 00000008H .CRT$XIZ                DATA
 0002:000004d0 00000008H .CRT$XPA                DATA
 0002:000004d8 00000008H .CRT$XPZ                DATA
 0002:000004e0 00000008H .CRT$XTA                DATA
 0002:000004e8 00000008H .CRT$XTZ                DATA
 0002:000004f0 00000000H .gehcont$y              DATA
 0002:000004f0 00000000H .gfids$y                DATA
 0002:000004f0 00000310H .rdata                  DATA
 0002:00000800 00000080H .rdata$CastGuardVftablesA DATA
 0002:00000880 00000080H .rdata$CastGuardVftablesC DATA
 0002:00000900 0000019cH .rdata$voltmd           DATA
 0002:00000a9c 0000027cH .rdata$zzzdbg           DATA
 0002:00000d18 00000008H .rtc$IAA                DATA
 0002:00000d20 00000008H .rtc$IZZ                DATA
 0002:00000d28 00000008H .rtc$TAA                DATA
 0002:00000d30 00000008H .rtc$TZZ                DATA
 0002:00000d38 00000b08H .xdata                  DATA
 0002:00001840 00000084H .edata                  DATA
 0002:000018c4 00000140H .idata$2                DATA
 0002:00001a04 00000014H .idata$3                DATA
 0002:00001a18 00000478H .idata$4                DATA
 0002:00001e90 00000c20H .idata$6                DATA
 0003:00000000 000062a0H .data                   DATA
 0003:000062a0 000011e0H .bss                    DATA
 0004:00000000 00000d68H .pdata                  DATA

  Address         Publics by Value              Rva+Base               Lib:Object

 0000:00000000       __AbsoluteZero             0000000000000000     <absolute>
 0000:00000000       ___safe_se_handler_count   0000000000000000     <absolute>
 0000:00000000       ___safe_se_handler_table   0000000000000000     <absolute>
 0000:00000000       __arm64x_extra_rfe_table   0000000000000000     <absolute>
 0000:00000000       __arm64x_extra_rfe_table_size 0000000000000000     <absolute>
 0000:00000000       __arm64x_native_entrypoint 0000000000000000     <absolute>
 0000:00000000       __arm64x_redirection_metadata 0000000000000000     <absolute>
 0000:00000000       __arm64x_redirection_metadata_count 0000000000000000     <absolute>
 0000:00000000       __dynamic_value_reloc_table 0000000000000000     <absolute>
 0000:00000000       __enclave_config           0000000000000000     <absolute>
 0000:00000000       __guard_check_icall_a64n_fptr 0000000000000000     <absolute>
 0000:00000000       __guard_eh_cont_count      0000000000000000     <absolute>
 0000:00000000       __guard_eh_cont_table      0000000000000000     <absolute>
 0000:00000000       __guard_fids_count         0000000000000000     <absolute>
 0000:00000000       __guard_fids_table         0000000000000000     <absolute>
 0000:00000000       __guard_iat_count          0000000000000000     <absolute>
 0000:00000000       __guard_iat_table          0000000000000000     <absolute>
 0000:00000000       __guard_longjmp_count      0000000000000000     <absolute>
 0000:00000000       __guard_longjmp_table      0000000000000000     <absolute>
 0000:00000000       __hybrid_auxiliary_iat     0000000000000000     <absolute>
 0000:00000000       __hybrid_auxiliary_iat_copy 0000000000000000     <absolute>
 0000:00000000       __hybrid_code_map          0000000000000000     <absolute>
 0000:00000000       __hybrid_code_map_count    0000000000000000     <absolute>
 0000:00000000       __x64_code_ranges_to_entry_points 0000000000000000     <absolute>
 0000:00000000       __x64_code_ranges_to_entry_points_count 0000000000000000     <absolute>
 0000:00000100       __guard_flags              0000000000000100     <absolute>
 0000:00000000       __ImageBase                0000000180000000     <linker-defined>
 0001:00000000       flightControlSystem_initializer 0000000180001000 f   flightControlSystem_sfun.obj
 0001:00000010       flightControlSystem_terminator 0000000180001010 f   flightControlSystem_sfun.obj
 0001:00000020       load_flightControlSystem_optimization_info 0000000180001020 f   flightControlSystem_sfun.obj
 0001:000000d0       unload_flightControlSystem_optimization_info 00000001800010d0 f   flightControlSystem_sfun.obj
 0001:00000100       sf_flightControlSystem_method_dispatcher 0000000180001100 f   flightControlSystem_sfun.obj
 0001:00000170       sf_flightControlSystem_process_check_sum_call 0000000180001170 f   flightControlSystem_sfun.obj
 0001:00000680       sf_flightControlSystem_get_eml_resolved_functions_info 0000000180001680 f   flightControlSystem_sfun.obj
 0001:000008c0       sf_flightControlSystem_third_party_uses_info 00000001800018c0 f   flightControlSystem_sfun.obj
 0001:00000ac0       sf_flightControlSystem_jit_fallback_info 0000000180001ac0 f   flightControlSystem_sfun.obj
 0001:00000cc0       sf_flightControlSystem_get_post_codegen_info 0000000180001cc0 f   flightControlSystem_sfun.obj
 0001:00000ee0       sf_flightControlSystem_updateBuildInfo_args_info 0000000180001ee0 f   flightControlSystem_sfun.obj
 0001:000010e0       sf_c4_flightControlSystem_get_eml_resolved_functions_info 00000001800020e0 f   c4_flightControlSystem.obj
 0001:00001160       sf_c4_flightControlSystem_get_check_sum 0000000180002160 f   c4_flightControlSystem.obj
 0001:00001230       c4_flightControlSystem_method_dispatcher 0000000180002230 f   c4_flightControlSystem.obj
 0001:000040c0       sf_c4_flightControlSystem_third_party_uses_info 00000001800050c0 f   c4_flightControlSystem.obj
 0001:00004130       sf_c4_flightControlSystem_jit_fallback_info 0000000180005130 f   c4_flightControlSystem.obj
 0001:000042c0       sf_c4_flightControlSystem_updateBuildInfo_args_info 00000001800052c0 f   c4_flightControlSystem.obj
 0001:000045e0       sf_c4_flightControlSystem_get_post_codegen_info 00000001800055e0 f   c4_flightControlSystem.obj
 0001:00004ac0       sf_c11_flightControlSystem_get_eml_resolved_functions_info 0000000180005ac0 f   c11_flightControlSystem.obj
 0001:00004b40       sf_c11_flightControlSystem_get_check_sum 0000000180005b40 f   c11_flightControlSystem.obj
 0001:00004c10       c11_flightControlSystem_method_dispatcher 0000000180005c10 f   c11_flightControlSystem.obj
 0001:000069f0       sf_c11_flightControlSystem_third_party_uses_info 00000001800079f0 f   c11_flightControlSystem.obj
 0001:00006a40       sf_c11_flightControlSystem_jit_fallback_info 0000000180007a40 f   c11_flightControlSystem.obj
 0001:00006bd0       sf_c11_flightControlSystem_updateBuildInfo_args_info 0000000180007bd0 f   c11_flightControlSystem.obj
 0001:00006ef0       sf_c11_flightControlSystem_get_post_codegen_info 0000000180007ef0 f   c11_flightControlSystem.obj
 0001:000073e0       mexFunction                00000001800083e0 f   flightControlSystem_sfun_registry.obj
 0001:00009cb0       _ssSetInputPortDirectFeedThroughFcn 000000018000acb0 f   flightControlSystem_sfun_registry.obj
 0001:00009e20       _ssSetRWorkValueFcn        000000018000ae20 f   flightControlSystem_sfun_registry.obj
 0001:00009ea0       _ssGetRWorkValueFcn        000000018000aea0 f   flightControlSystem_sfun_registry.obj
 0001:00009f10       _ssSetIWorkValueFcn        000000018000af10 f   flightControlSystem_sfun_registry.obj
 0001:00009f90       _ssGetIWorkValueFcn        000000018000af90 f   flightControlSystem_sfun_registry.obj
 0001:0000a000       _ssSetPWorkValueFcn        000000018000b000 f   flightControlSystem_sfun_registry.obj
 0001:0000a080       _ssGetPWorkValueFcn        000000018000b080 f   flightControlSystem_sfun_registry.obj
 0001:0000a0f0       _ssGetInputPortSignalFcn   000000018000b0f0 f   flightControlSystem_sfun_registry.obj
 0001:0000a480       _ssGetInputPortBufferDstPortFcn 000000018000b480 f   flightControlSystem_sfun_registry.obj
 0001:0000a500       _ssGetInputPortSignalPtrsFcn 000000018000b500 f   flightControlSystem_sfun_registry.obj
 0001:0000a890       ssGetParameterTuningCompliance 000000018000b890 f   flightControlSystem_sfun_registry.obj
 0001:0000a900       _ssReadInputStringFcn      000000018000b900 f   flightControlSystem_sfun_registry.obj
 0001:0000a970       ssGetDTypeIdFromMxArray    000000018000b970 f   flightControlSystem_sfun_registry.obj
 0001:0000aa90       ssWriteRTWMx2dMatParam     000000018000ba90 f   flightControlSystem_sfun_registry.obj
 0001:0000ab20       ssWriteRTWMxVectParam      000000018000bb20 f   flightControlSystem_sfun_registry.obj
 0001:0000aba0       ssWriteRTWParameters       000000018000bba0 f   flightControlSystem_sfun_registry.obj
 0001:0000b160       ssWriteRTWParamSettings    000000018000c160 f   flightControlSystem_sfun_registry.obj
 0001:0000b850       ssWriteRTWStr              000000018000c850 f   flightControlSystem_sfun_registry.obj
 0001:0000b8b0       ssWriteRTWWorkVect         000000018000c8b0 f   flightControlSystem_sfun_registry.obj
 0001:0000be10       ssWarning                  000000018000ce10 f   flightControlSystem_sfun_registry.obj
 0001:0000bf00       ssGetRootSS                000000018000cf00 f   flightControlSystem_sfun_registry.obj
 0001:0000bfc0       ssGetParentSS              000000018000cfc0 f   flightControlSystem_sfun_registry.obj
 0001:0000c080       ssWriteRTWNameValuePair    000000018000d080 f   flightControlSystem_sfun_registry.obj
 0001:0000c580       _ssSetInputPortMatrixDimensions 000000018000d580 f   flightControlSystem_sfun_registry.obj
 0001:0000c6d0       _ssSetOutputPortMatrixDimensions 000000018000d6d0 f   flightControlSystem_sfun_registry.obj
 0001:0000c820       _ssSetInputPortVectorDimension 000000018000d820 f   flightControlSystem_sfun_registry.obj
 0001:0000c8d0       _ssSetOutputPortVectorDimension 000000018000d8d0 f   flightControlSystem_sfun_registry.obj
 0001:0000c980       ssIsRunTimeParamTunable    000000018000d980 f   flightControlSystem_sfun_registry.obj
 0001:0000c9f0       ssGetSFuncBlockHandle      000000018000d9f0 f   flightControlSystem_sfun_registry.obj
 0001:0000ca60       _ssGetCallSystemNumFcnCallDestinations 000000018000da60 f   flightControlSystem_sfun_registry.obj
 0001:0000cad0       _ssGetCurrentInputPortWidth 000000018000dad0 f   flightControlSystem_sfun_registry.obj
 0001:0000cc10       _ssGetCurrentOutputPortWidth 000000018000dc10 f   flightControlSystem_sfun_registry.obj
 0001:0000cd50       ssGetIsZeroCrossControlDisabled 000000018000dd50 f   flightControlSystem_sfun_registry.obj
 0001:0000cdc0       ssSetIsInputPortUsedForContZcSignal 000000018000ddc0 f   flightControlSystem_sfun_registry.obj
 0001:0000ce30       ssSetZcSignalIsZcElementDisc 000000018000de30 f   flightControlSystem_sfun_registry.obj
 0001:0000cee0       ssSetZcSignalName          000000018000dee0 f   flightControlSystem_sfun_registry.obj
 0001:0000cf50       ssSetZcSignalWidth         000000018000df50 f   flightControlSystem_sfun_registry.obj
 0001:0000cfc0       ssSetZcSignalZcEventType   000000018000dfc0 f   flightControlSystem_sfun_registry.obj
 0001:0000d030       ssSetZcSignalType          000000018000e030 f   flightControlSystem_sfun_registry.obj
 0001:0000d0a0       ssSetZcSignalZcTol         000000018000e0a0 f   flightControlSystem_sfun_registry.obj
 0001:0000d110       ssSetZcSignalNeedsEventNotification 000000018000e110 f   flightControlSystem_sfun_registry.obj
 0001:0000d180       ssCreateAndAddZcSignalInfo 000000018000e180 f   flightControlSystem_sfun_registry.obj
 0001:0000d1f0       ssCloneAndAddZcSignalInfo  000000018000e1f0 f   flightControlSystem_sfun_registry.obj
 0001:0000d260       ssGetNumZcSignals          000000018000e260 f   flightControlSystem_sfun_registry.obj
 0001:0000d2d0       ssGetZcSignalVector        000000018000e2d0 f   flightControlSystem_sfun_registry.obj
 0001:0000d340       ssGetZcSignalName          000000018000e340 f   flightControlSystem_sfun_registry.obj
 0001:0000d3b0       ssGetZcSignalWidth         000000018000e3b0 f   flightControlSystem_sfun_registry.obj
 0001:0000d420       ssGetZcSignalZcEventType   000000018000e420 f   flightControlSystem_sfun_registry.obj
 0001:0000d490       ssGetZcSignalZcEvents      000000018000e490 f   flightControlSystem_sfun_registry.obj
 0001:0000d500       ssGetZcSignalType          000000018000e500 f   flightControlSystem_sfun_registry.obj
 0001:0000d570       ssGetZcSignalZcTol         000000018000e570 f   flightControlSystem_sfun_registry.obj
 0001:0000d5f0       ssGetZcSignalNeedsEventNotification 000000018000e5f0 f   flightControlSystem_sfun_registry.obj
 0001:0000d660       ssGetZcSignalIsZcElementDisc 000000018000e660 f   flightControlSystem_sfun_registry.obj
 0001:0000d700       ssGetIsInputPortElementContinuous 000000018000e700 f   flightControlSystem_sfun_registry.obj
 0001:0000d7a0       _ssGetAbsTol               000000018000e7a0 f   flightControlSystem_sfun_registry.obj
 0001:0000d810       _ssSetStateAbsTol          000000018000e810 f   flightControlSystem_sfun_registry.obj
 0001:0000d8f0       _ssSetInputPortReusableFcn 000000018000e8f0 f   flightControlSystem_sfun_registry.obj
 0001:0000d9f0       _ssSetOutputPortReusableFcn 000000018000e9f0 f   flightControlSystem_sfun_registry.obj
 0001:0000daf0       _ssSetSymbolicDimsSupport  000000018000eaf0 f   flightControlSystem_sfun_registry.obj
 0001:0000db60       _ssRegisterSymbolicDimsExpr 000000018000eb60 f   flightControlSystem_sfun_registry.obj
 0001:0000dbe0       _ssRegisterSymbolicDimsMATLABExpr 000000018000ebe0 f   flightControlSystem_sfun_registry.obj
 0001:0000dc70       _ssRegisterSymbolicDims    000000018000ec70 f   flightControlSystem_sfun_registry.obj
 0001:0000dd10       _ssRegisterSymbolicDimsString 000000018000ed10 f   flightControlSystem_sfun_registry.obj
 0001:0000dd90       _ssRegisterSymbolicDimsIntValue 000000018000ed90 f   flightControlSystem_sfun_registry.obj
 0001:0000de00       _ssRegisterSymbolicEqualRelation 000000018000ee00 f   flightControlSystem_sfun_registry.obj
 0001:0000de70       _ssRegisterSymbolicEqualValue 000000018000ee70 f   flightControlSystem_sfun_registry.obj
 0001:0000dee0       _ssAmendLeadingSymbolicDims 000000018000eee0 f   flightControlSystem_sfun_registry.obj
 0001:0000df60       _ssAmendTrailingSymbolicDims 000000018000ef60 f   flightControlSystem_sfun_registry.obj
 0001:0000dfe0       _ssRegisterSymbolicDimsPlus 000000018000efe0 f   flightControlSystem_sfun_registry.obj
 0001:0000e060       _ssRegisterSymbolicDimsMinus 000000018000f060 f   flightControlSystem_sfun_registry.obj
 0001:0000e0e0       _ssRegisterSymbolicDimsMultiply 000000018000f0e0 f   flightControlSystem_sfun_registry.obj
 0001:0000e160       _ssRegisterSymbolicDimsDivide 000000018000f160 f   flightControlSystem_sfun_registry.obj
 0001:0000e1e0       _ssGetNumSymbolicDims      000000018000f1e0 f   flightControlSystem_sfun_registry.obj
 0001:0000e250       _ssGetSymbolicDim          000000018000f250 f   flightControlSystem_sfun_registry.obj
 0001:0000e2d0       _ssSetInputPortSymbolicDimsId 000000018000f2d0 f   flightControlSystem_sfun_registry.obj
 0001:0000e340       _ssGetCompInputPortSymbolicDimsId 000000018000f340 f   flightControlSystem_sfun_registry.obj
 0001:0000e3b0       _ssSetCompInputPortSymbolicDimsId 000000018000f3b0 f   flightControlSystem_sfun_registry.obj
 0001:0000e420       _ssSetOutputPortSymbolicDimsId 000000018000f420 f   flightControlSystem_sfun_registry.obj
 0001:0000e490       _ssGetCompOutputPortSymbolicDimsId 000000018000f490 f   flightControlSystem_sfun_registry.obj
 0001:0000e500       _ssSetCompOutputPortSymbolicDimsId 000000018000f500 f   flightControlSystem_sfun_registry.obj
 0001:0000e570       _ssGetDWorkSymbolicDimsId  000000018000f570 f   flightControlSystem_sfun_registry.obj
 0001:0000e5e0       _ssSetDWorkSymbolicDimsId  000000018000f5e0 f   flightControlSystem_sfun_registry.obj
 0001:0000e650       _ssGetCompDWorkSymbolicDimsId 000000018000f650 f   flightControlSystem_sfun_registry.obj
 0001:0000e6c0       _ssSetCompDWorkSymbolicDimsId 000000018000f6c0 f   flightControlSystem_sfun_registry.obj
 0001:0000e730       _ssCreateSLCGStringBuffer  000000018000f730 f   flightControlSystem_sfun_registry.obj
 0001:0000e7a0       _ssAddToSLCGStringBuffer   000000018000f7a0 f   flightControlSystem_sfun_registry.obj
 0001:0000e810       _ssGetPointerContainedData 000000018000f810 f   flightControlSystem_sfun_registry.obj
 0001:0000e8a0       _ssGetPointerContainedDataWidth 000000018000f8a0 f   flightControlSystem_sfun_registry.obj
 0001:0000e930       _ssRegisterDynamicArrayDataTypeFcn 000000018000f930 f   flightControlSystem_sfun_registry.obj
 0001:0000e9d0       _ssGetDynamicArrayContainedDataCurrentWidthFcn 000000018000f9d0 f   flightControlSystem_sfun_registry.obj
 0001:0000eaa0       _ssGetDynamicArrayContainedDataFcn 000000018000faa0 f   flightControlSystem_sfun_registry.obj
 0001:0000eb70       _ssGetInputPortDynamicArrayDataFcn 000000018000fb70 f   flightControlSystem_sfun_registry.obj
 0001:0000ec30       _ssGetOutputPortDynamicArrayDataFcn 000000018000fc30 f   flightControlSystem_sfun_registry.obj
 0001:0000ecf0       _ssGetInputPortDynamicArrayContainedDataFcn 000000018000fcf0 f   flightControlSystem_sfun_registry.obj
 0001:0000edb0       _ssGetOutputPortDynamicArrayContainedDataFcn 000000018000fdb0 f   flightControlSystem_sfun_registry.obj
 0001:0000ee70       _ssGetDynamicArrayDWorkContainedDataFcn 000000018000fe70 f   flightControlSystem_sfun_registry.obj
 0001:0000ef30       sf_process_check_sum_call  000000018000ff30 f   flightControlSystem_sfun_registry.obj
 0001:0000ef80       sf_process_get_third_party_uses_info_call 000000018000ff80 f   flightControlSystem_sfun_registry.obj
 0001:0000f1b0       sf_process_get_jit_fallback_info_call 00000001800101b0 f   flightControlSystem_sfun_registry.obj
 0001:0000f3e0       sf_process_get_post_codegen_info_call 00000001800103e0 f   flightControlSystem_sfun_registry.obj
 0001:0000f610       sf_process_get_updateBuildInfo_args_info_call 0000000180010610 f   flightControlSystem_sfun_registry.obj
 0001:0000f840       sf_process_get_eml_resolved_functions_info_call 0000000180010840 f   flightControlSystem_sfun_registry.obj
 0001:0000fa70       sf_mex_unlock_call         0000000180010a70 f   flightControlSystem_sfun_registry.obj
 0001:0000fc90       sf_machine_global_initializer_called 0000000180010c90 f   flightControlSystem_sfun_registry.obj
 0001:0000fcc0       sf_machine_global_method_dispatcher 0000000180010cc0 f   flightControlSystem_sfun_registry.obj
 0001:0000fd20       sf_machine_global_terminator 0000000180010d20 f   flightControlSystem_sfun_registry.obj
 0001:0000fd50       callCustomFcn              0000000180010d50 f   flightControlSystem_sfun_registry.obj
 0001:0000fd60       sf_machine_global_initializer 0000000180010d60 f   flightControlSystem_sfun_registry.obj
 0001:0000fd90       mdlGetSimState             0000000180010d90 f   flightControlSystem_sfun_registry.obj
 0001:0000fdd0       mdlSetSimState             0000000180010dd0 f   flightControlSystem_sfun_registry.obj
 0001:00010760       ProcessMexSfunctionEveryCall 0000000180011760 f   flightControlSystem_sfun_registry.obj
 0001:000118e0       __local_stdio_printf_options 00000001800128e0 f i flightControlSystem_sfun_registry.obj
 0001:000118f0       _vsnprintf_l               00000001800128f0 f i flightControlSystem_sfun_registry.obj
 0001:00011970       _vsprintf_l                0000000180012970 f i flightControlSystem_sfun_registry.obj
 0001:000119c0       sprintf                    00000001800129c0 f i flightControlSystem_sfun_registry.obj
 0001:00011a10       mexfilerequiredapiversion  0000000180012a10 f   c_mexapi_version.obj
 0001:00011a40       getBitfieldFromFloat       0000000180012a40 f   half_type.obj
 0001:00011a70       getFloatFromBitfield       0000000180012a70 f   half_type.obj
 0001:00011aa0       getBitfieldFromHalf        0000000180012aa0 f   half_type.obj
 0001:00011ac0       getHalfFromBitfield        0000000180012ac0 f   half_type.obj
 0001:00011af0       halfToFloat                0000000180012af0 f   half_type.obj
 0001:00011c70       halfToDouble               0000000180012c70 f   half_type.obj
 0001:00011ca0       floatToHalf                0000000180012ca0 f   half_type.obj
 0001:00011f00       doubleToHalf               0000000180012f00 f   half_type.obj
 0001:000121eb       grayto8_real64             00000001800131eb f   libmwgrayto8:libmwgrayto8.dll
 0001:000121f1       rgb2gray_tbb_uint8         00000001800131f1 f   libmwrgb2gray_tbb:libmwrgb2gray_tbb.dll
 0001:000121f7       getnumcores                00000001800131f7 f   libmwgetnumcores:libmwgetnumcores.dll
 0001:000121fd       sf_load_rtw_optimization_info 00000001800131fd f   sf_runtime:sf_runtime.dll
 0001:00012203       sf_mex_decode              0000000180013203 f   sf_runtime:sf_runtime.dll
 0001:00012209       sf_init_ChartRunTimeInfo   0000000180013209 f   sf_runtime:sf_runtime.dll
 0001:0001220f       sf_free_ChartRunTimeInfo   000000018001320f f   sf_runtime:sf_runtime.dll
 0001:00012215       sf_reset_warnings_ChartRunTimeInfo 0000000180013215 f   sf_runtime:sf_runtime.dll
 0001:0001221b       sfrtGetEmlrtCtx            000000018001321b f   sf_runtime:sf_runtime.dll
 0001:00012221       sfrtGetCovrtInstance       0000000180013221 f   sf_runtime:sf_runtime.dll
 0001:00012227       sf_get_chart_instance_ptr  0000000180013227 f   sf_runtime:sf_runtime.dll
 0001:0001222d       sfSetAnimationVectors      000000018001322d f   sf_runtime:sf_runtime.dll
 0001:00012233       sim_mode_is_rtw_gen        0000000180013233 f   sf_runtime:sf_runtime.dll
 0001:00012239       sim_mode_is_external       0000000180013239 f   sf_runtime:sf_runtime.dll
 0001:0001223f       sf_clear_rtw_identifier    000000018001323f f   sf_runtime:sf_runtime.dll
 0001:00012245       sf_get_time                0000000180013245 f   sf_runtime:sf_runtime.dll
 0001:0001224b       sf_set_work_widths         000000018001324b f   sf_runtime:sf_runtime.dll
 0001:00012251       mdlProcessParamsCommon     0000000180013251 f   sf_runtime:sf_runtime.dll
 0001:00012257       sf_mex_call                0000000180013257 f   sf_runtime:sf_runtime.dll
 0001:0001225d       sf_mex_error_message       000000018001325d f   sf_runtime:sf_runtime.dll
 0001:00012263       sf_mex_create              0000000180013263 f   sf_runtime:sf_runtime.dll
 0001:00012269       sf_mex_createcellmatrix    0000000180013269 f   sf_runtime:sf_runtime.dll
 0001:0001226f       sf_mex_setcell             000000018001326f f   sf_runtime:sf_runtime.dll
 0001:00012275       sf_mex_getcell             0000000180013275 f   sf_runtime:sf_runtime.dll
 0001:0001227b       sf_mex_assign              000000018001327b f   sf_runtime:sf_runtime.dll
 0001:00012281       sf_mex_dup                 0000000180013281 f   sf_runtime:sf_runtime.dll
 0001:00012287       sf_mex_destroy             0000000180013287 f   sf_runtime:sf_runtime.dll
 0001:0001228d       sf_mex_import              000000018001328d f   sf_runtime:sf_runtime.dll
 0001:00012293       ssGetInputPortSignal_wrapper 0000000180013293 f   sf_runtime:sf_runtime.dll
 0001:00012299       ssGetOutputPortSignal_wrapper 0000000180013299 f   sf_runtime:sf_runtime.dll
 0001:0001229f       sf_data_overflow_error     000000018001329f f   sf_runtime:sf_runtime.dll
 0001:000122a5       sf_data_saturate_error     00000001800132a5 f   sf_runtime:sf_runtime.dll
 0001:000122ab       sf_get_ChartInfoStruct_CodeGen 00000001800132ab f   sf_runtime:sf_runtime.dll
 0001:000122b1       sf_get_hasSeparateUpdateOutputs 00000001800132b1 f   sf_runtime:sf_runtime.dll
 0001:000122b7       callMdlMethodAndReportError 00000001800132b7 f   sf_runtime:sf_runtime.dll
 0001:000122bd       call_sf_machine_global_method_dispatcher 00000001800132bd f   sf_runtime:sf_runtime.dll
 0001:000122c3       getRuntimeInstanceInfoAsVoid 00000001800132c3 f   sf_runtime:sf_runtime.dll
 0001:000122c9       sf_mex_error_direct_call   00000001800132c9 f   sf_runtime:sf_runtime.dll
 0001:000122cf       sf_clear_error_manager_info 00000001800132cf f   sf_runtime:sf_runtime.dll
 0001:000122d5       mxIsChar_800               00000001800132d5 f   libmx:libmx.dll
 0001:000122db       mxGetScalar_800            00000001800132db f   libmx:libmx.dll
 0001:000122e1       mxGetPr_800                00000001800132e1 f   libmx:libmx.dll
 0001:000122e7       mxDestroyArray_800         00000001800132e7 f   libmx:libmx.dll
 0001:000122ed       mxCreateDoubleMatrix_800   00000001800132ed f   libmx:libmx.dll
 0001:000122f3       mxGetString_800            00000001800132f3 f   libmx:libmx.dll
 0001:000122f9       mxDuplicateArray_800       00000001800132f9 f   libmx:libmx.dll
 0001:000122ff       mxSetCell_800              00000001800132ff f   libmx:libmx.dll
 0001:00012305       mxSetField_800             0000000180013305 f   libmx:libmx.dll
 0001:0001230b       mxCreateString_800         000000018001330b f   libmx:libmx.dll
 0001:00012311       mxCreateCellMatrix_800     0000000180013311 f   libmx:libmx.dll
 0001:00012317       mxCreateStructMatrix_800   0000000180013317 f   libmx:libmx.dll
 0001:0001231d       mxGetInf_800               000000018001331d f   libmx:libmx.dll
 0001:00012323       mxCalloc_800               0000000180013323 f   libmx:libmx.dll
 0001:00012329       mxGetM_800                 0000000180013329 f   libmx:libmx.dll
 0001:0001232f       mxGetClassID_800           000000018001332f f   libmx:libmx.dll
 0001:00012335       mxIsNumeric_800            0000000180013335 f   libmx:libmx.dll
 0001:0001233b       mxIsComplex_800            000000018001333b f   libmx:libmx.dll
 0001:00012341       mxGetN_800                 0000000180013341 f   libmx:libmx.dll
 0001:00012347       mxCreateDoubleScalar_800   0000000180013347 f   libmx:libmx.dll
 0001:0001234d       mexMakeArrayPersistent_800 000000018001334d f   libmex:libmex.dll
 0001:00012353       mexErrMsgTxt_800           0000000180013353 f   libmex:libmex.dll
 0001:00012359       mexWarnMsgTxt_800          0000000180013359 f   libmex:libmex.dll
 0001:0001235f       mexCallMATLAB_800          000000018001335f f   libmex:libmex.dll
 0001:00012365       mexLock_800                0000000180013365 f   libmex:libmex.dll
 0001:0001236b       mexUnlock_800              000000018001336b f   libmex:libmex.dll
 0001:00012371       mexIsLocked_800            0000000180013371 f   libmex:libmex.dll
 0001:00012377       utMalloc                   0000000180013377 f   libut:libut.dll
 0001:0001237d       utFree                     000000018001337d f   libut:libut.dll
 0001:00012383       muDoubleScalarFloor        0000000180013383 f   libmwmathutil:libmwmathutil.dll
 0001:00012389       muDoubleScalarIsNaN        0000000180013389 f   libmwmathutil:libmwmathutil.dll
 0001:0001238f       muDoubleScalarIsInf        000000018001338f f   libmwmathutil:libmwmathutil.dll
 0001:00012395       muDoubleScalarRound        0000000180013395 f   libmwmathutil:libmwmathutil.dll
 0001:0001239b       emlrtLicenseCheckR2022a    000000018001339b f   libemlrt:libemlrt.dll
 0001:000123a1       emlrtDynamicBoundsCheckR2012b 00000001800133a1 f   libemlrt:libemlrt.dll
 0001:000123a7       emlrtIntegerCheckR2012b    00000001800133a7 f   libemlrt:libemlrt.dll
 0001:000123ad       covrtCreateStateflowInstanceData 00000001800133ad f   libcovrt:libcovrt.dll
 0001:000123b3       covrtDeleteStateflowInstanceData 00000001800133b3 f   libcovrt:libcovrt.dll
 0001:000123b9       covrtTransInitFcn          00000001800133b9 f   libcovrt:libcovrt.dll
 0001:000123bf       covrtStateInitFcn          00000001800133bf f   libcovrt:libcovrt.dll
 0001:000123c5       covrtChartInitFcn          00000001800133c5 f   libcovrt:libcovrt.dll
 0001:000123cb       covrtSigUpdateFcn          00000001800133cb f   libcovrt:libcovrt.dll
 0001:000123d1       covrtEmlInitFcn            00000001800133d1 f   libcovrt:libcovrt.dll
 0001:000123d7       covrtEmlFcnInitFcn         00000001800133d7 f   libcovrt:libcovrt.dll
 0001:000123dd       covrtEmlFcnEval            00000001800133dd f   libcovrt:libcovrt.dll
 0001:000123e3       covrtSaturationUpdateFcn   00000001800133e3 f   libcovrt:libcovrt.dll
 0001:000123e9       covrtEmlSaturationInitFcn  00000001800133e9 f   libcovrt:libcovrt.dll
 0001:000123f0       __raise_securityfailure    00000001800133f0 f   MSVCRT:gs_report.obj
 0001:00012424       __report_gsfailure         0000000180013424 f   MSVCRT:gs_report.obj
 0001:000124f8       __report_rangecheckfailure 00000001800134f8 f   MSVCRT:gs_report.obj
 0001:0001250c       __report_securityfailure   000000018001350c f   MSVCRT:gs_report.obj
 0001:000125a8       __report_securityfailureEx 00000001800135a8 f   MSVCRT:gs_report.obj
 0001:0001279c       __GSHandlerCheck           000000018001379c f   MSVCRT:gshandler.obj
 0001:000127bc       __GSHandlerCheckCommon     00000001800137bc f   MSVCRT:gshandler.obj
 0001:00012830       __security_check_cookie    0000000180013830 f   MSVCRT:amdsecgs.obj
 0001:00012860       __chkstk                   0000000180013860 f   MSVCRT:chkstk.obj
 0001:00012860       _alloca_probe              0000000180013860 f   MSVCRT:chkstk.obj
 0001:00012bec       _CRT_INIT                  0000000180013bec f   MSVCRT:dll_dllmain.obj
 0001:00012bf4       _DllMainCRTStartup         0000000180013bf4 f   MSVCRT:dll_dllmain.obj
 0001:00012ca0       __security_init_cookie     0000000180013ca0 f   MSVCRT:gs_support.obj
 0001:00012d4c       DllMain                    0000000180013d4c f   MSVCRT:dll_dllmain_stub.obj
 0001:00012d70       ?__scrt_initialize_type_info@@YAXXZ 0000000180013d70 f   MSVCRT:tncleanup.obj
 0001:00012d80       ?__scrt_uninitialize_type_info@@YAXXZ 0000000180013d80 f   MSVCRT:tncleanup.obj
 0001:00012d8c       __local_stdio_scanf_options 0000000180013d8c f i MSVCRT:default_local_stdio_options.obj
 0001:00012d94       __scrt_initialize_default_local_stdio_options 0000000180013d94 f   MSVCRT:default_local_stdio_options.obj
 0001:00012db0       ?configure_argv@__scrt_narrow_argv_policy@@SAHXZ 0000000180013db0 f i MSVCRT:utility.obj
 0001:00012e10       ?initialize_environment@__scrt_narrow_environment_policy@@SAHXZ 0000000180013e10 f i MSVCRT:utility.obj
 0001:00012e48       NtCurrentTeb               0000000180013e48 f i MSVCRT:utility.obj
 0001:00012e54       __scrt_acquire_startup_lock 0000000180013e54 f   MSVCRT:utility.obj
 0001:00012e90       __scrt_dllmain_after_initialize_c 0000000180013e90 f   MSVCRT:utility.obj
 0001:00012ec4       __scrt_dllmain_before_initialize_c 0000000180013ec4 f   MSVCRT:utility.obj
 0001:00012edc       __scrt_dllmain_crt_thread_attach 0000000180013edc f   MSVCRT:utility.obj
 0001:00012f04       __scrt_dllmain_crt_thread_detach 0000000180013f04 f   MSVCRT:utility.obj
 0001:00012f1c       __scrt_dllmain_exception_filter 0000000180013f1c f   MSVCRT:utility.obj
 0001:00012f7c       __scrt_dllmain_uninitialize_c 0000000180013f7c f   MSVCRT:utility.obj
 0001:00012fac       __scrt_dllmain_uninitialize_critical 0000000180013fac f   MSVCRT:utility.obj
 0001:00012fc0       __scrt_initialize_crt      0000000180013fc0 f   MSVCRT:utility.obj
 0001:0001300c       __scrt_initialize_onexit_tables 000000018001400c f   MSVCRT:utility.obj
 0001:00013098       __scrt_is_nonwritable_in_current_image 0000000180014098 f   MSVCRT:utility.obj
 0001:00013130       __scrt_release_startup_lock 0000000180014130 f   MSVCRT:utility.obj
 0001:00013154       __scrt_uninitialize_crt    0000000180014154 f   MSVCRT:utility.obj
 0001:00013180       _onexit                    0000000180014180 f   MSVCRT:utility.obj
 0001:000131bc       at_quick_exit              00000001800141bc f   MSVCRT:utility.obj
 0001:000131dc       atexit                     00000001800141dc f   MSVCRT:utility.obj
 0001:000131f4       __scrt_get_dyn_tls_init_callback 00000001800141f4 f   MSVCRT:dyn_tls_init.obj
 0001:000131fc       __crt_debugger_hook        00000001800141fc f   MSVCRT:utility_desktop.obj
 0001:00013204       __scrt_fastfail            0000000180014204 f   MSVCRT:utility_desktop.obj
 0001:00013350       __scrt_get_show_window_mode 0000000180014350 f   MSVCRT:utility_desktop.obj
 0001:0001338c       __scrt_initialize_mta      000000018001438c f   MSVCRT:utility_desktop.obj
 0001:00013394       __scrt_initialize_winrt    0000000180014394 f   MSVCRT:utility_desktop.obj
 0001:00013398       __scrt_is_managed_app      0000000180014398 f   MSVCRT:utility_desktop.obj
 0001:000133ec       __scrt_set_unhandled_exception_filter 00000001800143ec f   MSVCRT:utility_desktop.obj
 0001:000133fc       __scrt_exe_initialize_mta  00000001800143fc f   MSVCRT:utility_desktop.obj
 0001:000133fc       __scrt_stub_for_initialize_mta 00000001800143fc f   MSVCRT:utility_desktop.obj
 0001:00013400       __scrt_unhandled_exception_filter 0000000180014400 f   MSVCRT:utility_desktop.obj
 0001:0001345c       _RTC_Initialize            000000018001445c f   MSVCRT:initsect.obj
 0001:00013498       _RTC_Terminate             0000000180014498 f   MSVCRT:initsect.obj
 0001:000134d4       _guard_check_icall_nop     00000001800144d4 f i MSVCRT:guard_support.obj
 0001:000134d8       ReadNoFence64              00000001800144d8 f i MSVCRT:guard_support.obj
 0001:000134dc       ReadPointerNoFence         00000001800144dc f i MSVCRT:guard_support.obj
 0001:000134e0       __castguard_check_failure_debugbreak 00000001800144e0 f i MSVCRT:guard_support.obj
 0001:000134fc       __castguard_check_failure_fastfail 00000001800144fc f i MSVCRT:guard_support.obj
 0001:00013520       __castguard_check_failure_nop 0000000180014520 f i MSVCRT:guard_support.obj
 0001:00013524       __castguard_check_failure_os_handled 0000000180014524 f i MSVCRT:guard_support.obj
 0001:000135a0       __castguard_slow_path_check_debugbreak 00000001800145a0 f i MSVCRT:guard_support.obj
 0001:000135d4       __castguard_slow_path_check_fastfail 00000001800145d4 f i MSVCRT:guard_support.obj
 0001:00013610       __castguard_slow_path_check_nop 0000000180014610 f i MSVCRT:guard_support.obj
 0001:00013614       __castguard_slow_path_check_os_handled 0000000180014614 f i MSVCRT:guard_support.obj
 0001:00013684       _guard_icall_checks_enforced 0000000180014684 f i MSVCRT:guard_support.obj
 0001:0001369c       _guard_rf_checks_enforced  000000018001469c f i MSVCRT:guard_support.obj
 0001:000136a0       __isa_available_init       00000001800146a0 f   MSVCRT:cpu_disp.obj
 0001:0001384c       _get_startup_argv_mode     000000018001484c f   MSVCRT:argv_mode.obj
 0001:00013854       __scrt_is_ucrt_dll_in_use  0000000180014854 f   MSVCRT:ucrt_detection.obj
 0001:00013860       RtlCaptureContext          0000000180014860 f   kernel32:KERNEL32.dll
 0001:00013866       RtlLookupFunctionEntry     0000000180014866 f   kernel32:KERNEL32.dll
 0001:0001386c       RtlVirtualUnwind           000000018001486c f   kernel32:KERNEL32.dll
 0001:00013872       UnhandledExceptionFilter   0000000180014872 f   kernel32:KERNEL32.dll
 0001:00013878       SetUnhandledExceptionFilter 0000000180014878 f   kernel32:KERNEL32.dll
 0001:0001387e       GetCurrentProcess          000000018001487e f   kernel32:KERNEL32.dll
 0001:00013884       TerminateProcess           0000000180014884 f   kernel32:KERNEL32.dll
 0001:0001388a       IsProcessorFeaturePresent  000000018001488a f   kernel32:KERNEL32.dll
 0001:00013890       QueryPerformanceCounter    0000000180014890 f   kernel32:KERNEL32.dll
 0001:00013896       GetCurrentProcessId        0000000180014896 f   kernel32:KERNEL32.dll
 0001:0001389c       GetCurrentThreadId         000000018001489c f   kernel32:KERNEL32.dll
 0001:000138a2       GetSystemTimeAsFileTime    00000001800148a2 f   kernel32:KERNEL32.dll
 0001:000138a8       DisableThreadLibraryCalls  00000001800148a8 f   kernel32:KERNEL32.dll
 0001:000138ae       InitializeSListHead        00000001800148ae f   kernel32:KERNEL32.dll
 0001:000138b4       IsDebuggerPresent          00000001800148b4 f   kernel32:KERNEL32.dll
 0001:000138ba       GetStartupInfoW            00000001800148ba f   kernel32:KERNEL32.dll
 0001:000138c0       GetModuleHandleW           00000001800148c0 f   kernel32:KERNEL32.dll
 0001:000138c6       memset                     00000001800148c6 f   vcruntime:VCRUNTIME140.dll
 0001:000138cc       memcpy                     00000001800148cc f   vcruntime:VCRUNTIME140.dll
 0001:000138d2       __C_specific_handler       00000001800148d2 f   vcruntime:VCRUNTIME140.dll
 0001:000138d8       __std_type_info_destroy_list 00000001800148d8 f   vcruntime:VCRUNTIME140.dll
 0001:000138de       __current_exception        00000001800148de f   vcruntime:VCRUNTIME140.dll
 0001:000138e4       __current_exception_context 00000001800148e4 f   vcruntime:VCRUNTIME140.dll
 0001:000138ea       strcmp                     00000001800148ea f   ucrt:api-ms-win-crt-string-l1-1-0.dll
 0001:000138f0       strcat                     00000001800148f0 f   ucrt:api-ms-win-crt-string-l1-1-0.dll
 0001:000138f6       __stdio_common_vsprintf    00000001800148f6 f   ucrt:api-ms-win-crt-stdio-l1-1-0.dll
 0001:000138fc       free                       00000001800148fc f   ucrt:api-ms-win-crt-heap-l1-1-0.dll
 0001:00013902       malloc                     0000000180014902 f   ucrt:api-ms-win-crt-heap-l1-1-0.dll
 0001:00013908       strlen                     0000000180014908 f   ucrt:api-ms-win-crt-string-l1-1-0.dll
 0001:0001390e       _initterm                  000000018001490e f   ucrt:api-ms-win-crt-runtime-l1-1-0.dll
 0001:00013914       _initterm_e                0000000180014914 f   ucrt:api-ms-win-crt-runtime-l1-1-0.dll
 0001:0001391a       _seh_filter_dll            000000018001491a f   ucrt:api-ms-win-crt-runtime-l1-1-0.dll
 0001:00013920       _configure_narrow_argv     0000000180014920 f   ucrt:api-ms-win-crt-runtime-l1-1-0.dll
 0001:00013926       _initialize_narrow_environment 0000000180014926 f   ucrt:api-ms-win-crt-runtime-l1-1-0.dll
 0001:0001392c       _initialize_onexit_table   000000018001492c f   ucrt:api-ms-win-crt-runtime-l1-1-0.dll
 0001:00013932       _register_onexit_function  0000000180014932 f   ucrt:api-ms-win-crt-runtime-l1-1-0.dll
 0001:00013938       _execute_onexit_table      0000000180014938 f   ucrt:api-ms-win-crt-runtime-l1-1-0.dll
 0001:0001393e       _crt_atexit                000000018001493e f   ucrt:api-ms-win-crt-runtime-l1-1-0.dll
 0001:00013944       _crt_at_quick_exit         0000000180014944 f   ucrt:api-ms-win-crt-runtime-l1-1-0.dll
 0001:0001394a       _cexit                     000000018001494a f   ucrt:api-ms-win-crt-runtime-l1-1-0.dll
 0001:00013950       terminate                  0000000180014950 f   ucrt:api-ms-win-crt-runtime-l1-1-0.dll
 0001:00013958       __acrt_initialize          0000000180014958 f   MSVCRT:ucrt_stubs.obj
 0001:00013958       __scrt_stub_for_acrt_initialize 0000000180014958 f   MSVCRT:ucrt_stubs.obj
 0001:00013958       __vcrt_initialize          0000000180014958 f   MSVCRT:ucrt_stubs.obj
 0001:0001395c       __acrt_thread_attach       000000018001495c f   MSVCRT:ucrt_stubs.obj
 0001:0001395c       __scrt_stub_for_acrt_thread_attach 000000018001495c f   MSVCRT:ucrt_stubs.obj
 0001:0001395c       __vcrt_thread_attach       000000018001495c f   MSVCRT:ucrt_stubs.obj
 0001:00013960       __acrt_thread_detach       0000000180014960 f   MSVCRT:ucrt_stubs.obj
 0001:00013960       __scrt_stub_for_acrt_thread_detach 0000000180014960 f   MSVCRT:ucrt_stubs.obj
 0001:00013960       __vcrt_thread_detach       0000000180014960 f   MSVCRT:ucrt_stubs.obj
 0001:00013964       __acrt_uninitialize        0000000180014964 f   MSVCRT:ucrt_stubs.obj
 0001:00013964       __scrt_stub_for_acrt_uninitialize 0000000180014964 f   MSVCRT:ucrt_stubs.obj
 0001:00013964       __vcrt_uninitialize        0000000180014964 f   MSVCRT:ucrt_stubs.obj
 0001:00013968       __acrt_uninitialize_critical 0000000180014968 f   MSVCRT:ucrt_stubs.obj
 0001:00013968       __scrt_stub_for_acrt_uninitialize_critical 0000000180014968 f   MSVCRT:ucrt_stubs.obj
 0001:00013968       __vcrt_uninitialize_critical 0000000180014968 f   MSVCRT:ucrt_stubs.obj
 0001:0001396c       __scrt_stub_for_is_c_termination_complete 000000018001496c f   MSVCRT:ucrt_stubs.obj
 0001:0001396c       _is_c_termination_complete 000000018001496c f   MSVCRT:ucrt_stubs.obj
 0001:00013980       _guard_dispatch_icall_nop  0000000180014980 f   MSVCRT:guard_dispatch.obj
 0001:000139a0       _guard_xfg_dispatch_icall_nop 00000001800149a0 f   MSVCRT:guard_xfg_dispatch.obj
 0002:00000000       __imp_GetSystemTimeAsFileTime 0000000180015000     kernel32:KERNEL32.dll
 0002:00000008       __imp_IsProcessorFeaturePresent 0000000180015008     kernel32:KERNEL32.dll
 0002:00000010       __imp_RtlCaptureContext    0000000180015010     kernel32:KERNEL32.dll
 0002:00000018       __imp_RtlLookupFunctionEntry 0000000180015018     kernel32:KERNEL32.dll
 0002:00000020       __imp_QueryPerformanceCounter 0000000180015020     kernel32:KERNEL32.dll
 0002:00000028       __imp_GetCurrentProcessId  0000000180015028     kernel32:KERNEL32.dll
 0002:00000030       __imp_GetCurrentThreadId   0000000180015030     kernel32:KERNEL32.dll
 0002:00000038       __imp_DisableThreadLibraryCalls 0000000180015038     kernel32:KERNEL32.dll
 0002:00000040       __imp_InitializeSListHead  0000000180015040     kernel32:KERNEL32.dll
 0002:00000048       __imp_IsDebuggerPresent    0000000180015048     kernel32:KERNEL32.dll
 0002:00000050       __imp_GetStartupInfoW      0000000180015050     kernel32:KERNEL32.dll
 0002:00000058       __imp_GetModuleHandleW     0000000180015058     kernel32:KERNEL32.dll
 0002:00000060       __imp_GetCurrentProcess    0000000180015060     kernel32:KERNEL32.dll
 0002:00000068       __imp_SetUnhandledExceptionFilter 0000000180015068     kernel32:KERNEL32.dll
 0002:00000070       __imp_UnhandledExceptionFilter 0000000180015070     kernel32:KERNEL32.dll
 0002:00000078       __imp_RtlVirtualUnwind     0000000180015078     kernel32:KERNEL32.dll
 0002:00000080       __imp_TerminateProcess     0000000180015080     kernel32:KERNEL32.dll
 0002:00000088       \177KERNEL32_NULL_THUNK_DATA 0000000180015088     kernel32:KERNEL32.dll
 0002:00000090       __imp_memset               0000000180015090     vcruntime:VCRUNTIME140.dll
 0002:00000098       __imp_memcpy               0000000180015098     vcruntime:VCRUNTIME140.dll
 0002:000000a0       __imp___C_specific_handler 00000001800150a0     vcruntime:VCRUNTIME140.dll
 0002:000000a8       __imp___std_type_info_destroy_list 00000001800150a8     vcruntime:VCRUNTIME140.dll
 0002:000000b0       __imp___current_exception  00000001800150b0     vcruntime:VCRUNTIME140.dll
 0002:000000b8       __imp___current_exception_context 00000001800150b8     vcruntime:VCRUNTIME140.dll
 0002:000000c0       \177VCRUNTIME140_NULL_THUNK_DATA 00000001800150c0     vcruntime:VCRUNTIME140.dll
 0002:000000c8       __imp_malloc               00000001800150c8     ucrt:api-ms-win-crt-heap-l1-1-0.dll
 0002:000000d0       __imp_free                 00000001800150d0     ucrt:api-ms-win-crt-heap-l1-1-0.dll
 0002:000000d8       \177api-ms-win-crt-heap-l1-1-0_NULL_THUNK_DATA 00000001800150d8     ucrt:api-ms-win-crt-heap-l1-1-0.dll
 0002:000000e0       __imp__seh_filter_dll      00000001800150e0     ucrt:api-ms-win-crt-runtime-l1-1-0.dll
 0002:000000e8       __imp__configure_narrow_argv 00000001800150e8     ucrt:api-ms-win-crt-runtime-l1-1-0.dll
 0002:000000f0       __imp__initialize_onexit_table 00000001800150f0     ucrt:api-ms-win-crt-runtime-l1-1-0.dll
 0002:000000f8       __imp__register_onexit_function 00000001800150f8     ucrt:api-ms-win-crt-runtime-l1-1-0.dll
 0002:00000100       __imp__execute_onexit_table 0000000180015100     ucrt:api-ms-win-crt-runtime-l1-1-0.dll
 0002:00000108       __imp__crt_atexit          0000000180015108     ucrt:api-ms-win-crt-runtime-l1-1-0.dll
 0002:00000110       __imp__initialize_narrow_environment 0000000180015110     ucrt:api-ms-win-crt-runtime-l1-1-0.dll
 0002:00000118       __imp__initterm_e          0000000180015118     ucrt:api-ms-win-crt-runtime-l1-1-0.dll
 0002:00000120       __imp__crt_at_quick_exit   0000000180015120     ucrt:api-ms-win-crt-runtime-l1-1-0.dll
 0002:00000128       __imp__cexit               0000000180015128     ucrt:api-ms-win-crt-runtime-l1-1-0.dll
 0002:00000130       __imp_terminate            0000000180015130     ucrt:api-ms-win-crt-runtime-l1-1-0.dll
 0002:00000138       __imp__initterm            0000000180015138     ucrt:api-ms-win-crt-runtime-l1-1-0.dll
 0002:00000140       \177api-ms-win-crt-runtime-l1-1-0_NULL_THUNK_DATA 0000000180015140     ucrt:api-ms-win-crt-runtime-l1-1-0.dll
 0002:00000148       __imp___stdio_common_vsprintf 0000000180015148     ucrt:api-ms-win-crt-stdio-l1-1-0.dll
 0002:00000150       \177api-ms-win-crt-stdio-l1-1-0_NULL_THUNK_DATA 0000000180015150     ucrt:api-ms-win-crt-stdio-l1-1-0.dll
 0002:00000158       __imp_strlen               0000000180015158     ucrt:api-ms-win-crt-string-l1-1-0.dll
 0002:00000160       __imp_strcat               0000000180015160     ucrt:api-ms-win-crt-string-l1-1-0.dll
 0002:00000168       __imp_strcmp               0000000180015168     ucrt:api-ms-win-crt-string-l1-1-0.dll
 0002:00000170       \177api-ms-win-crt-string-l1-1-0_NULL_THUNK_DATA 0000000180015170     ucrt:api-ms-win-crt-string-l1-1-0.dll
 0002:00000178       __imp_covrtCreateStateflowInstanceData 0000000180015178     libcovrt:libcovrt.dll
 0002:00000180       __imp_covrtEmlSaturationInitFcn 0000000180015180     libcovrt:libcovrt.dll
 0002:00000188       __imp_covrtSaturationUpdateFcn 0000000180015188     libcovrt:libcovrt.dll
 0002:00000190       __imp_covrtEmlFcnEval      0000000180015190     libcovrt:libcovrt.dll
 0002:00000198       __imp_covrtEmlFcnInitFcn   0000000180015198     libcovrt:libcovrt.dll
 0002:000001a0       __imp_covrtEmlInitFcn      00000001800151a0     libcovrt:libcovrt.dll
 0002:000001a8       __imp_covrtSigUpdateFcn    00000001800151a8     libcovrt:libcovrt.dll
 0002:000001b0       __imp_covrtChartInitFcn    00000001800151b0     libcovrt:libcovrt.dll
 0002:000001b8       __imp_covrtStateInitFcn    00000001800151b8     libcovrt:libcovrt.dll
 0002:000001c0       __imp_covrtTransInitFcn    00000001800151c0     libcovrt:libcovrt.dll
 0002:000001c8       __imp_covrtDeleteStateflowInstanceData 00000001800151c8     libcovrt:libcovrt.dll
 0002:000001d0       \177libcovrt_NULL_THUNK_DATA 00000001800151d0     libcovrt:libcovrt.dll
 0002:000001d8       __imp_emlrtIntegerCheckR2012b 00000001800151d8     libemlrt:libemlrt.dll
 0002:000001e0       __imp_emlrtDynamicBoundsCheckR2012b 00000001800151e0     libemlrt:libemlrt.dll
 0002:000001e8       __imp_emlrtLicenseCheckR2022a 00000001800151e8     libemlrt:libemlrt.dll
 0002:000001f0       \177libemlrt_NULL_THUNK_DATA 00000001800151f0     libemlrt:libemlrt.dll
 0002:000001f8       __imp_mexUnlock_800        00000001800151f8     libmex:libmex.dll
 0002:00000200       __imp_mexMakeArrayPersistent_800 0000000180015200     libmex:libmex.dll
 0002:00000208       __imp_mexErrMsgTxt_800     0000000180015208     libmex:libmex.dll
 0002:00000210       __imp_mexWarnMsgTxt_800    0000000180015210     libmex:libmex.dll
 0002:00000218       __imp_mexCallMATLAB_800    0000000180015218     libmex:libmex.dll
 0002:00000220       __imp_mexLock_800          0000000180015220     libmex:libmex.dll
 0002:00000228       __imp_mexIsLocked_800      0000000180015228     libmex:libmex.dll
 0002:00000230       \177libmex_NULL_THUNK_DATA 0000000180015230     libmex:libmex.dll
 0002:00000238       __imp_getnumcores          0000000180015238     libmwgetnumcores:libmwgetnumcores.dll
 0002:00000240       \177libmwgetnumcores_NULL_THUNK_DATA 0000000180015240     libmwgetnumcores:libmwgetnumcores.dll
 0002:00000248       __imp_grayto8_real64       0000000180015248     libmwgrayto8:libmwgrayto8.dll
 0002:00000250       \177libmwgrayto8_NULL_THUNK_DATA 0000000180015250     libmwgrayto8:libmwgrayto8.dll
 0002:00000258       __imp_muDoubleScalarIsNaN  0000000180015258     libmwmathutil:libmwmathutil.dll
 0002:00000260       __imp_muDoubleScalarIsInf  0000000180015260     libmwmathutil:libmwmathutil.dll
 0002:00000268       __imp_muDoubleScalarRound  0000000180015268     libmwmathutil:libmwmathutil.dll
 0002:00000270       __imp_muDoubleScalarFloor  0000000180015270     libmwmathutil:libmwmathutil.dll
 0002:00000278       \177libmwmathutil_NULL_THUNK_DATA 0000000180015278     libmwmathutil:libmwmathutil.dll
 0002:00000280       __imp_rgb2gray_tbb_uint8   0000000180015280     libmwrgb2gray_tbb:libmwrgb2gray_tbb.dll
 0002:00000288       \177libmwrgb2gray_tbb_NULL_THUNK_DATA 0000000180015288     libmwrgb2gray_tbb:libmwrgb2gray_tbb.dll
 0002:00000290       __imp_mxIsComplex_800      0000000180015290     libmx:libmx.dll
 0002:00000298       __imp_mxIsNumeric_800      0000000180015298     libmx:libmx.dll
 0002:000002a0       __imp_mxGetClassID_800     00000001800152a0     libmx:libmx.dll
 0002:000002a8       __imp_mxGetM_800           00000001800152a8     libmx:libmx.dll
 0002:000002b0       __imp_mxGetN_800           00000001800152b0     libmx:libmx.dll
 0002:000002b8       __imp_mxCreateDoubleScalar_800 00000001800152b8     libmx:libmx.dll
 0002:000002c0       __imp_mxCreateStructMatrix_800 00000001800152c0     libmx:libmx.dll
 0002:000002c8       __imp_mxCreateCellMatrix_800 00000001800152c8     libmx:libmx.dll
 0002:000002d0       __imp_mxCreateString_800   00000001800152d0     libmx:libmx.dll
 0002:000002d8       __imp_mxSetField_800       00000001800152d8     libmx:libmx.dll
 0002:000002e0       __imp_mxSetCell_800        00000001800152e0     libmx:libmx.dll
 0002:000002e8       __imp_mxDuplicateArray_800 00000001800152e8     libmx:libmx.dll
 0002:000002f0       __imp_mxGetString_800      00000001800152f0     libmx:libmx.dll
 0002:000002f8       __imp_mxCreateDoubleMatrix_800 00000001800152f8     libmx:libmx.dll
 0002:00000300       __imp_mxDestroyArray_800   0000000180015300     libmx:libmx.dll
 0002:00000308       __imp_mxGetPr_800          0000000180015308     libmx:libmx.dll
 0002:00000310       __imp_mxGetScalar_800      0000000180015310     libmx:libmx.dll
 0002:00000318       __imp_mxIsChar_800         0000000180015318     libmx:libmx.dll
 0002:00000320       __imp_mxGetInf_800         0000000180015320     libmx:libmx.dll
 0002:00000328       __imp_mxCalloc_800         0000000180015328     libmx:libmx.dll
 0002:00000330       \177libmx_NULL_THUNK_DATA  0000000180015330     libmx:libmx.dll
 0002:00000338       __imp_utMalloc             0000000180015338     libut:libut.dll
 0002:00000340       __imp_utFree               0000000180015340     libut:libut.dll
 0002:00000348       \177libut_NULL_THUNK_DATA  0000000180015348     libut:libut.dll
 0002:00000350       __imp_sf_get_hasSeparateUpdateOutputs 0000000180015350     sf_runtime:sf_runtime.dll
 0002:00000358       __imp_sf_mex_error_direct_call 0000000180015358     sf_runtime:sf_runtime.dll
 0002:00000360       __imp_sf_data_saturate_error 0000000180015360     sf_runtime:sf_runtime.dll
 0002:00000368       __imp_sf_data_overflow_error 0000000180015368     sf_runtime:sf_runtime.dll
 0002:00000370       __imp_ssGetOutputPortSignal_wrapper 0000000180015370     sf_runtime:sf_runtime.dll
 0002:00000378       __imp_ssGetInputPortSignal_wrapper 0000000180015378     sf_runtime:sf_runtime.dll
 0002:00000380       __imp_sf_mex_import        0000000180015380     sf_runtime:sf_runtime.dll
 0002:00000388       __imp_sf_mex_destroy       0000000180015388     sf_runtime:sf_runtime.dll
 0002:00000390       __imp_sf_mex_dup           0000000180015390     sf_runtime:sf_runtime.dll
 0002:00000398       __imp_sf_mex_assign        0000000180015398     sf_runtime:sf_runtime.dll
 0002:000003a0       __imp_sf_mex_getcell       00000001800153a0     sf_runtime:sf_runtime.dll
 0002:000003a8       __imp_sf_mex_setcell       00000001800153a8     sf_runtime:sf_runtime.dll
 0002:000003b0       __imp_sf_mex_createcellmatrix 00000001800153b0     sf_runtime:sf_runtime.dll
 0002:000003b8       __imp_sf_mex_create        00000001800153b8     sf_runtime:sf_runtime.dll
 0002:000003c0       __imp_sf_mex_error_message 00000001800153c0     sf_runtime:sf_runtime.dll
 0002:000003c8       __imp_callMdlMethodAndReportError 00000001800153c8     sf_runtime:sf_runtime.dll
 0002:000003d0       __imp_mdlProcessParamsCommon 00000001800153d0     sf_runtime:sf_runtime.dll
 0002:000003d8       __imp_sf_set_work_widths   00000001800153d8     sf_runtime:sf_runtime.dll
 0002:000003e0       __imp_sf_get_time          00000001800153e0     sf_runtime:sf_runtime.dll
 0002:000003e8       __imp_sf_clear_rtw_identifier 00000001800153e8     sf_runtime:sf_runtime.dll
 0002:000003f0       __imp_sim_mode_is_external 00000001800153f0     sf_runtime:sf_runtime.dll
 0002:000003f8       __imp_sim_mode_is_rtw_gen  00000001800153f8     sf_runtime:sf_runtime.dll
 0002:00000400       __imp_sfSetAnimationVectors 0000000180015400     sf_runtime:sf_runtime.dll
 0002:00000408       __imp_sf_get_chart_instance_ptr 0000000180015408     sf_runtime:sf_runtime.dll
 0002:00000410       __imp_sfrtGetCovrtInstance 0000000180015410     sf_runtime:sf_runtime.dll
 0002:00000418       __imp_sfrtGetEmlrtCtx      0000000180015418     sf_runtime:sf_runtime.dll
 0002:00000420       __imp_sf_reset_warnings_ChartRunTimeInfo 0000000180015420     sf_runtime:sf_runtime.dll
 0002:00000428       __imp_sf_free_ChartRunTimeInfo 0000000180015428     sf_runtime:sf_runtime.dll
 0002:00000430       __imp_sf_init_ChartRunTimeInfo 0000000180015430     sf_runtime:sf_runtime.dll
 0002:00000438       __imp_sf_mex_decode        0000000180015438     sf_runtime:sf_runtime.dll
 0002:00000440       __imp_sf_load_rtw_optimization_info 0000000180015440     sf_runtime:sf_runtime.dll
 0002:00000448       __imp_sf_clear_error_manager_info 0000000180015448     sf_runtime:sf_runtime.dll
 0002:00000450       __imp_call_sf_machine_global_method_dispatcher 0000000180015450     sf_runtime:sf_runtime.dll
 0002:00000458       __imp_sf_mex_call          0000000180015458     sf_runtime:sf_runtime.dll
 0002:00000460       __imp_getRuntimeInstanceInfoAsVoid 0000000180015460     sf_runtime:sf_runtime.dll
 0002:00000468       __imp_sf_get_ChartInfoStruct_CodeGen 0000000180015468     sf_runtime:sf_runtime.dll
 0002:00000470       \177sf_runtime_NULL_THUNK_DATA 0000000180015470     sf_runtime:sf_runtime.dll
 0002:00000478       __guard_check_icall_fptr   0000000180015478     MSVCRT:guard_support.obj
 0002:00000480       __guard_xfg_check_icall_fptr 0000000180015480     MSVCRT:guard_support.obj
 0002:00000488       __guard_dispatch_icall_fptr 0000000180015488     MSVCRT:guard_support.obj
 0002:00000490       __guard_xfg_dispatch_icall_fptr 0000000180015490     MSVCRT:guard_support.obj
 0002:00000498       __guard_xfg_table_dispatch_icall_fptr 0000000180015498     MSVCRT:guard_support.obj
 0002:000004a0       __castguard_check_failure_os_handled_fptr 00000001800154a0     MSVCRT:guard_support.obj
 0002:000004a8       __guard_memcpy_fptr        00000001800154a8     vcruntime:softmemtag.obj
 0002:000004b0       __xc_a                     00000001800154b0     MSVCRT:initializers.obj
 0002:000004b8       __xc_z                     00000001800154b8     MSVCRT:initializers.obj
 0002:000004c0       __xi_a                     00000001800154c0     MSVCRT:initializers.obj
 0002:000004c8       __xi_z                     00000001800154c8     MSVCRT:initializers.obj
 0002:000004d0       __xp_a                     00000001800154d0     MSVCRT:initializers.obj
 0002:000004d8       __xp_z                     00000001800154d8     MSVCRT:initializers.obj
 0002:000004e0       __xt_a                     00000001800154e0     MSVCRT:initializers.obj
 0002:000004e8       __xt_z                     00000001800154e8     MSVCRT:initializers.obj
 0002:000004f0       __real@4174ffbd70000000    00000001800154f0     flightControlSystem_sfun.obj
 0002:000004f8       __real@418f503920000000    00000001800154f8     flightControlSystem_sfun.obj
 0002:00000500       __real@41b92f8712000000    0000000180015500     flightControlSystem_sfun.obj
 0002:00000508       __real@41bad2f744000000    0000000180015508     flightControlSystem_sfun.obj
 0002:00000510       __real@41cb1a5378800000    0000000180015510     flightControlSystem_sfun.obj
 0002:00000518       __real@41dd4ff610400000    0000000180015518     flightControlSystem_sfun.obj
 0002:00000520       __real@41e3f2a9e2200000    0000000180015520     flightControlSystem_sfun.obj
 0002:00000528       __real@41e3fa3198000000    0000000180015528     flightControlSystem_sfun.obj
 0002:00000530       __real@41e4f97bc3200000    0000000180015530     flightControlSystem_sfun.obj
 0002:00000538       __real@41e5ea5a70200000    0000000180015538     flightControlSystem_sfun.obj
 0002:00000540       __real@41eb30c5b0800000    0000000180015540     flightControlSystem_sfun.obj
 0002:00000548       __real@41ed0b63b6c00000    0000000180015548     flightControlSystem_sfun.obj
 0002:00000558       __real@3ff0000000000000    0000000180015558     c4_flightControlSystem.obj
 0002:00000560       __real@4000000000000000    0000000180015560     c4_flightControlSystem.obj
 0002:00000568       __real@406fe00000000000    0000000180015568     c4_flightControlSystem.obj
 0002:00000570       __real@40d2c00000000000    0000000180015570     c4_flightControlSystem.obj
 0002:00000578       __real@41decac454c00000    0000000180015578     c4_flightControlSystem.obj
 0002:00000580       __real@41e418d34a000000    0000000180015580     c4_flightControlSystem.obj
 0002:00000588       __real@41edb72289e00000    0000000180015588     c4_flightControlSystem.obj
 0002:00000590       __real@41edf91331e00000    0000000180015590     c4_flightControlSystem.obj
 0002:000005a0       __xmm@80000000000000008000000000000000 00000001800155a0     c4_flightControlSystem.obj
 0002:000005b8       __real@0000000000000000    00000001800155b8     c11_flightControlSystem.obj
 0002:000005c0       __real@4070000000000000    00000001800155c0     c11_flightControlSystem.obj
 0002:000005c8       __real@40cc200000000000    00000001800155c8     c11_flightControlSystem.obj
 0002:000005d0       __real@41aa240764000000    00000001800155d0     c11_flightControlSystem.obj
 0002:000005d8       __real@41dcba2956800000    00000001800155d8     c11_flightControlSystem.obj
 0002:000005e0       __real@41ea4f9e3ae00000    00000001800155e0     c11_flightControlSystem.obj
 0002:000005e8       __real@41eeb43d56200000    00000001800155e8     c11_flightControlSystem.obj
 0002:000005f0       DYNAMIC_DIMENSION_DEF      00000001800155f0     flightControlSystem_sfun_registry.obj
 0002:00000608       __real@4010000000000000    0000000180015608     flightControlSystem_sfun_registry.obj
 0002:00000610       __real@41602cbca0000000    0000000180015610     flightControlSystem_sfun_registry.obj
 0002:00000618       __real@bff0000000000000    0000000180015618     flightControlSystem_sfun_registry.obj
 0002:00000630       _pDefaultRawDllMain        0000000180015630     MSVCRT:dll_dllmain.obj
 0002:00000630       _pRawDllMain               0000000180015630     MSVCRT:dll_dllmain.obj
 0002:00000640       __xmm@ffffffffffffffffffffffffffffffff 0000000180015640     MSVCRT:utility.obj
 0002:00000650       _load_config_used          0000000180015650     MSVCRT:loadcfg.obj
 0002:00000800       __CastGuardVftablesStart   0000000180015800     MSVCRT:guard_support.obj
 0002:00000880       __CastGuardVftablesEnd     0000000180015880     MSVCRT:guard_support.obj
 0002:00000900       __volatile_metadata        0000000180015900     <linker-defined>
 0002:00000d18       __rtc_iaa                  0000000180015d18     MSVCRT:initsect.obj
 0002:00000d20       __rtc_izz                  0000000180015d20     MSVCRT:initsect.obj
 0002:00000d28       __rtc_taa                  0000000180015d28     MSVCRT:initsect.obj
 0002:00000d30       __rtc_tzz                  0000000180015d30     MSVCRT:initsect.obj
 0002:000018c4       __IMPORT_DESCRIPTOR_libmwgrayto8 00000001800168c4     libmwgrayto8:libmwgrayto8.dll
 0002:000018d8       __IMPORT_DESCRIPTOR_libmwrgb2gray_tbb 00000001800168d8     libmwrgb2gray_tbb:libmwrgb2gray_tbb.dll
 0002:000018ec       __IMPORT_DESCRIPTOR_libmwgetnumcores 00000001800168ec     libmwgetnumcores:libmwgetnumcores.dll
 0002:00001900       __IMPORT_DESCRIPTOR_sf_runtime 0000000180016900     sf_runtime:sf_runtime.dll
 0002:00001914       __IMPORT_DESCRIPTOR_libmx  0000000180016914     libmx:libmx.dll
 0002:00001928       __IMPORT_DESCRIPTOR_libmex 0000000180016928     libmex:libmex.dll
 0002:0000193c       __IMPORT_DESCRIPTOR_libut  000000018001693c     libut:libut.dll
 0002:00001950       __IMPORT_DESCRIPTOR_libmwmathutil 0000000180016950     libmwmathutil:libmwmathutil.dll
 0002:00001964       __IMPORT_DESCRIPTOR_libemlrt 0000000180016964     libemlrt:libemlrt.dll
 0002:00001978       __IMPORT_DESCRIPTOR_libcovrt 0000000180016978     libcovrt:libcovrt.dll
 0002:0000198c       __IMPORT_DESCRIPTOR_KERNEL32 000000018001698c     kernel32:KERNEL32.dll
 0002:000019a0       __IMPORT_DESCRIPTOR_VCRUNTIME140 00000001800169a0     vcruntime:VCRUNTIME140.dll
 0002:000019b4       __IMPORT_DESCRIPTOR_api-ms-win-crt-string-l1-1-0 00000001800169b4     ucrt:api-ms-win-crt-string-l1-1-0.dll
 0002:000019c8       __IMPORT_DESCRIPTOR_api-ms-win-crt-stdio-l1-1-0 00000001800169c8     ucrt:api-ms-win-crt-stdio-l1-1-0.dll
 0002:000019dc       __IMPORT_DESCRIPTOR_api-ms-win-crt-heap-l1-1-0 00000001800169dc     ucrt:api-ms-win-crt-heap-l1-1-0.dll
 0002:000019f0       __IMPORT_DESCRIPTOR_api-ms-win-crt-runtime-l1-1-0 00000001800169f0     ucrt:api-ms-win-crt-runtime-l1-1-0.dll
 0002:00001a04       __NULL_IMPORT_DESCRIPTOR   0000000180016a04     libmwgrayto8:libmwgrayto8.dll
 0003:00003c40       DYNAMIC_DIMENSION          000000018001bc40     flightControlSystem_sfun_registry.obj
 0003:00006250       __security_cookie_complement 000000018001e250     MSVCRT:gs_cookie.obj
 0003:00006258       __security_cookie          000000018001e258     MSVCRT:gs_cookie.obj
 0003:00006260       _fltused                   000000018001e260     MSVCRT:fltused.obj
 0003:00006270       __scrt_native_dllmain_reason 000000018001e270     MSVCRT:utility.obj
 0003:00006278       __isa_available            000000018001e278     MSVCRT:cpu_disp.obj
 0003:0000627c       __isa_enabled              000000018001e27c     MSVCRT:cpu_disp.obj
 0003:00006280       __memset_fast_string_threshold 000000018001e280     MSVCRT:cpu_disp.obj
 0003:00006288       __memset_nt_threshold      000000018001e288     MSVCRT:cpu_disp.obj
 0003:00006290       __scrt_ucrt_dll_is_in_use  000000018001e290     MSVCRT:ucrt_stubs.obj
 0003:00007400       ?__type_info_root_node@@3U__type_info_node@@A 000000018001f400     MSVCRT:tncleanup.obj
 0003:00007410       ?_OptionsStorage@?1??__local_stdio_printf_options@@9@4_KA 000000018001f410     MSVCRT:default_local_stdio_options.obj
 0003:00007418       ?_OptionsStorage@?1??__local_stdio_scanf_options@@9@4_KA 000000018001f418     MSVCRT:default_local_stdio_options.obj
 0003:00007420       __scrt_current_native_startup_state 000000018001f420     MSVCRT:utility.obj
 0003:00007428       __scrt_native_startup_lock 000000018001f428     MSVCRT:utility.obj
 0003:00007468       __scrt_debugger_hook_flag  000000018001f468     MSVCRT:utility_desktop.obj
 0003:0000746c       __favor                    000000018001f46c     MSVCRT:cpu_disp.obj
 0003:00007470       ?_OptionsStorage@?1??__local_stdio_printf_options@@9@9 000000018001f470     <common>
 0003:00007478       __dyn_tls_init_callback    000000018001f478     <common>

 entry point at        0001:00012bf4

 Static symbols

 0000:00000000       _volmd                     0000000180000000     c11_flightControlSystem.obj
 0000:00000000       _volmd                     0000000180000000     c4_flightControlSystem.obj
 0000:00000000       .debug$S                   0000000180000000     flightControlSystem_sfun.exp
 0000:00000000       _volmd                     0000000180000000     flightControlSystem_sfun.obj
 0000:00000000       _volmd                     0000000180000000     flightControlSystem_sfun_registry.obj
 0000:00000000       .debug$S                   0000000180000000     ucrt:api-ms-win-crt-heap-l1-1-0.dll
 0000:00000000       .debug$S                   0000000180000000     ucrt:api-ms-win-crt-heap-l1-1-0.dll
 0000:00000000       .debug$S                   0000000180000000     ucrt:api-ms-win-crt-runtime-l1-1-0.dll
 0000:00000000       .debug$S                   0000000180000000     ucrt:api-ms-win-crt-runtime-l1-1-0.dll
 0000:00000000       .debug$S                   0000000180000000     ucrt:api-ms-win-crt-runtime-l1-1-0.dll
 0000:00000000       .debug$S                   0000000180000000     ucrt:api-ms-win-crt-runtime-l1-1-0.dll
 0000:00000000       .debug$S                   0000000180000000     ucrt:api-ms-win-crt-runtime-l1-1-0.dll
 0000:00000000       .debug$S                   0000000180000000     ucrt:api-ms-win-crt-runtime-l1-1-0.dll
 0000:00000000       .debug$S                   0000000180000000     ucrt:api-ms-win-crt-runtime-l1-1-0.dll
 0000:00000000       .debug$S                   0000000180000000     ucrt:api-ms-win-crt-runtime-l1-1-0.dll
 0000:00000000       .debug$S                   0000000180000000     ucrt:api-ms-win-crt-runtime-l1-1-0.dll
 0000:00000000       .debug$S                   0000000180000000     ucrt:api-ms-win-crt-runtime-l1-1-0.dll
 0000:00000000       .debug$S                   0000000180000000     ucrt:api-ms-win-crt-runtime-l1-1-0.dll
 0000:00000000       .debug$S                   0000000180000000     ucrt:api-ms-win-crt-runtime-l1-1-0.dll
 0000:00000000       .debug$S                   0000000180000000     ucrt:api-ms-win-crt-stdio-l1-1-0.dll
 0000:00000000       .debug$S                   0000000180000000     ucrt:api-ms-win-crt-string-l1-1-0.dll
 0000:00000000       .debug$S                   0000000180000000     ucrt:api-ms-win-crt-string-l1-1-0.dll
 0000:00000000       .debug$S                   0000000180000000     ucrt:api-ms-win-crt-string-l1-1-0.dll
 0000:00000000       .debug$S                   0000000180000000     kernel32:KERNEL32.dll
 0000:00000000       .debug$S                   0000000180000000     kernel32:KERNEL32.dll
 0000:00000000       .debug$S                   0000000180000000     kernel32:KERNEL32.dll
 0000:00000000       .debug$S                   0000000180000000     kernel32:KERNEL32.dll
 0000:00000000       .debug$S                   0000000180000000     kernel32:KERNEL32.dll
 0000:00000000       .debug$S                   0000000180000000     kernel32:KERNEL32.dll
 0000:00000000       .debug$S                   0000000180000000     kernel32:KERNEL32.dll
 0000:00000000       .debug$S                   0000000180000000     kernel32:KERNEL32.dll
 0000:00000000       .debug$S                   0000000180000000     kernel32:KERNEL32.dll
 0000:00000000       .debug$S                   0000000180000000     kernel32:KERNEL32.dll
 0000:00000000       .debug$S                   0000000180000000     kernel32:KERNEL32.dll
 0000:00000000       .debug$S                   0000000180000000     kernel32:KERNEL32.dll
 0000:00000000       .debug$S                   0000000180000000     kernel32:KERNEL32.dll
 0000:00000000       .debug$S                   0000000180000000     kernel32:KERNEL32.dll
 0000:00000000       .debug$S                   0000000180000000     kernel32:KERNEL32.dll
 0000:00000000       .debug$S                   0000000180000000     kernel32:KERNEL32.dll
 0000:00000000       .debug$S                   0000000180000000     kernel32:KERNEL32.dll
 0000:00000000       .debug$S                   0000000180000000     libcovrt:libcovrt.dll
 0000:00000000       .debug$S                   0000000180000000     libcovrt:libcovrt.dll
 0000:00000000       .debug$S                   0000000180000000     libcovrt:libcovrt.dll
 0000:00000000       .debug$S                   0000000180000000     libcovrt:libcovrt.dll
 0000:00000000       .debug$S                   0000000180000000     libcovrt:libcovrt.dll
 0000:00000000       .debug$S                   0000000180000000     libcovrt:libcovrt.dll
 0000:00000000       .debug$S                   0000000180000000     libcovrt:libcovrt.dll
 0000:00000000       .debug$S                   0000000180000000     libcovrt:libcovrt.dll
 0000:00000000       .debug$S                   0000000180000000     libcovrt:libcovrt.dll
 0000:00000000       .debug$S                   0000000180000000     libcovrt:libcovrt.dll
 0000:00000000       .debug$S                   0000000180000000     libcovrt:libcovrt.dll
 0000:00000000       .debug$S                   0000000180000000     libemlrt:libemlrt.dll
 0000:00000000       .debug$S                   0000000180000000     libemlrt:libemlrt.dll
 0000:00000000       .debug$S                   0000000180000000     libemlrt:libemlrt.dll
 0000:00000000       .debug$S                   0000000180000000     libmex:libmex.dll
 0000:00000000       .debug$S                   0000000180000000     libmex:libmex.dll
 0000:00000000       .debug$S                   0000000180000000     libmex:libmex.dll
 0000:00000000       .debug$S                   0000000180000000     libmex:libmex.dll
 0000:00000000       .debug$S                   0000000180000000     libmex:libmex.dll
 0000:00000000       .debug$S                   0000000180000000     libmex:libmex.dll
 0000:00000000       .debug$S                   0000000180000000     libmex:libmex.dll
 0000:00000000       .debug$S                   0000000180000000     libmwgetnumcores:libmwgetnumcores.dll
 0000:00000000       .debug$S                   0000000180000000     libmwgrayto8:libmwgrayto8.dll
 0000:00000000       .debug$S                   0000000180000000     libmwmathutil:libmwmathutil.dll
 0000:00000000       .debug$S                   0000000180000000     libmwmathutil:libmwmathutil.dll
 0000:00000000       .debug$S                   0000000180000000     libmwmathutil:libmwmathutil.dll
 0000:00000000       .debug$S                   0000000180000000     libmwmathutil:libmwmathutil.dll
 0000:00000000       .debug$S                   0000000180000000     libmwrgb2gray_tbb:libmwrgb2gray_tbb.dll
 0000:00000000       .debug$S                   0000000180000000     libmx:libmx.dll
 0000:00000000       .debug$S                   0000000180000000     libmx:libmx.dll
 0000:00000000       .debug$S                   0000000180000000     libmx:libmx.dll
 0000:00000000       .debug$S                   0000000180000000     libmx:libmx.dll
 0000:00000000       .debug$S                   0000000180000000     libmx:libmx.dll
 0000:00000000       .debug$S                   0000000180000000     libmx:libmx.dll
 0000:00000000       .debug$S                   0000000180000000     libmx:libmx.dll
 0000:00000000       .debug$S                   0000000180000000     libmx:libmx.dll
 0000:00000000       .debug$S                   0000000180000000     libmx:libmx.dll
 0000:00000000       .debug$S                   0000000180000000     libmx:libmx.dll
 0000:00000000       .debug$S                   0000000180000000     libmx:libmx.dll
 0000:00000000       .debug$S                   0000000180000000     libmx:libmx.dll
 0000:00000000       .debug$S                   0000000180000000     libmx:libmx.dll
 0000:00000000       .debug$S                   0000000180000000     libmx:libmx.dll
 0000:00000000       .debug$S                   0000000180000000     libmx:libmx.dll
 0000:00000000       .debug$S                   0000000180000000     libmx:libmx.dll
 0000:00000000       .debug$S                   0000000180000000     libmx:libmx.dll
 0000:00000000       .debug$S                   0000000180000000     libmx:libmx.dll
 0000:00000000       .debug$S                   0000000180000000     libmx:libmx.dll
 0000:00000000       .debug$S                   0000000180000000     libmx:libmx.dll
 0000:00000000       .debug$S                   0000000180000000     libut:libut.dll
 0000:00000000       .debug$S                   0000000180000000     libut:libut.dll
 0000:00000000       .debug$S                   0000000180000000     sf_runtime:sf_runtime.dll
 0000:00000000       .debug$S                   0000000180000000     sf_runtime:sf_runtime.dll
 0000:00000000       .debug$S                   0000000180000000     sf_runtime:sf_runtime.dll
 0000:00000000       .debug$S                   0000000180000000     sf_runtime:sf_runtime.dll
 0000:00000000       .debug$S                   0000000180000000     sf_runtime:sf_runtime.dll
 0000:00000000       .debug$S                   0000000180000000     sf_runtime:sf_runtime.dll
 0000:00000000       .debug$S                   0000000180000000     sf_runtime:sf_runtime.dll
 0000:00000000       .debug$S                   0000000180000000     sf_runtime:sf_runtime.dll
 0000:00000000       .debug$S                   0000000180000000     sf_runtime:sf_runtime.dll
 0000:00000000       .debug$S                   0000000180000000     sf_runtime:sf_runtime.dll
 0000:00000000       .debug$S                   0000000180000000     sf_runtime:sf_runtime.dll
 0000:00000000       .debug$S                   0000000180000000     sf_runtime:sf_runtime.dll
 0000:00000000       .debug$S                   0000000180000000     sf_runtime:sf_runtime.dll
 0000:00000000       .debug$S                   0000000180000000     sf_runtime:sf_runtime.dll
 0000:00000000       .debug$S                   0000000180000000     sf_runtime:sf_runtime.dll
 0000:00000000       .debug$S                   0000000180000000     sf_runtime:sf_runtime.dll
 0000:00000000       .debug$S                   0000000180000000     sf_runtime:sf_runtime.dll
 0000:00000000       .debug$S                   0000000180000000     sf_runtime:sf_runtime.dll
 0000:00000000       .debug$S                   0000000180000000     sf_runtime:sf_runtime.dll
 0000:00000000       .debug$S                   0000000180000000     sf_runtime:sf_runtime.dll
 0000:00000000       .debug$S                   0000000180000000     sf_runtime:sf_runtime.dll
 0000:00000000       .debug$S                   0000000180000000     sf_runtime:sf_runtime.dll
 0000:00000000       .debug$S                   0000000180000000     sf_runtime:sf_runtime.dll
 0000:00000000       .debug$S                   0000000180000000     sf_runtime:sf_runtime.dll
 0000:00000000       .debug$S                   0000000180000000     sf_runtime:sf_runtime.dll
 0000:00000000       .debug$S                   0000000180000000     sf_runtime:sf_runtime.dll
 0000:00000000       .debug$S                   0000000180000000     sf_runtime:sf_runtime.dll
 0000:00000000       .debug$S                   0000000180000000     sf_runtime:sf_runtime.dll
 0000:00000000       .debug$S                   0000000180000000     sf_runtime:sf_runtime.dll
 0000:00000000       .debug$S                   0000000180000000     sf_runtime:sf_runtime.dll
 0000:00000000       .debug$S                   0000000180000000     sf_runtime:sf_runtime.dll
 0000:00000000       .debug$S                   0000000180000000     sf_runtime:sf_runtime.dll
 0000:00000000       .debug$S                   0000000180000000     sf_runtime:sf_runtime.dll
 0000:00000000       .debug$S                   0000000180000000     sf_runtime:sf_runtime.dll
 0000:00000000       .debug$S                   0000000180000000     sf_runtime:sf_runtime.dll
 0000:00000000       .debug$S                   0000000180000000     sf_runtime:sf_runtime.dll
 0000:00000000       _volmd                     0000000180000000     MSVCRT:cpu_disp.obj
 0002:fffeb000       __guard_ehcont_?dllmain_dispatch@@YAHQEAUHINSTANCE__@@KQEAX@Z 0000000180000000     MSVCRT:dll_dllmain.obj
 0002:fffeb000       __guard_fids_?dllmain_dispatch@@YAHQEAUHINSTANCE__@@KQEAX@Z 0000000180000000     MSVCRT:dll_dllmain.obj
 0000:00000000       _volmd                     0000000180000000     MSVCRT:gs_report.obj
 0000:00000000       _volmd                     0000000180000000     MSVCRT:gs_report.obj
 0000:00000000       _volmd                     0000000180000000     MSVCRT:gs_report.obj
 0002:fffeb000       __guard_fids__             0000000180000000     MSVCRT:guard_support.obj
 0002:fffeb000       __guard_fids__             0000000180000000     MSVCRT:guard_support.obj
 0002:fffeb000       __guard_fids__guard_icall_checks_enforced 0000000180000000     MSVCRT:guard_support.obj
 0000:00000000       _volmd                     0000000180000000     MSVCRT:guard_support.obj
 0000:00000000       _volmd                     0000000180000000     MSVCRT:guard_support.obj
 0000:00000000       _volmd                     0000000180000000     MSVCRT:guard_support.obj
 0000:00000000       _volmd                     0000000180000000     MSVCRT:guard_support.obj
 0000:00000000       _volmd                     0000000180000000     MSVCRT:guard_support.obj
 0000:00000000       _volmd                     0000000180000000     MSVCRT:guard_support.obj
 0002:fffeb000       __guard_ehcont___scrt_is_nonwritable_in_current_image 0000000180000000     MSVCRT:utility.obj
 0000:00000000       _volmd                     0000000180000000     MSVCRT:utility.obj
 0000:00000000       _volmd                     0000000180000000     MSVCRT:utility.obj
 0000:00000000       _volmd                     0000000180000000     MSVCRT:utility.obj
 0002:fffeb000       __guard_fids___scrt_set_unhandled_exception_filter 0000000180000000     MSVCRT:utility_desktop.obj
 0000:00000000       _volmd                     0000000180000000     MSVCRT:utility_desktop.obj
 0002:fffeb000       __guard_fids__             0000000180000000     vcruntime:softmemtag.obj
 0000:00000000       .debug$S                   0000000180000000     vcruntime:VCRUNTIME140.dll
 0000:00000000       .debug$S                   0000000180000000     vcruntime:VCRUNTIME140.dll
 0000:00000000       .debug$S                   0000000180000000     vcruntime:VCRUNTIME140.dll
 0000:00000000       .debug$S                   0000000180000000     vcruntime:VCRUNTIME140.dll
 0000:00000000       .debug$S                   0000000180000000     vcruntime:VCRUNTIME140.dll
 0000:00000000       .debug$S                   0000000180000000     vcruntime:VCRUNTIME140.dll
 0000:00000010       _volmd                     0000000180000010     c11_flightControlSystem.obj
 0000:00000010       _volmd                     0000000180000010     c4_flightControlSystem.obj
 0000:00000010       _volmd                     0000000180000010     flightControlSystem_sfun.obj
 0000:00000010       _volmd                     0000000180000010     flightControlSystem_sfun_registry.obj
 0000:00000020       _volmd                     0000000180000020     c11_flightControlSystem.obj
 0000:00000020       _volmd                     0000000180000020     c4_flightControlSystem.obj
 0000:00000020       _volmd                     0000000180000020     flightControlSystem_sfun.obj
 0000:00000020       _volmd                     0000000180000020     flightControlSystem_sfun_registry.obj
 0000:00000030       _volmd                     0000000180000030     c11_flightControlSystem.obj
 0000:00000030       _volmd                     0000000180000030     c4_flightControlSystem.obj
 0000:00000030       _volmd                     0000000180000030     flightControlSystem_sfun.obj
 0000:00000030       _volmd                     0000000180000030     flightControlSystem_sfun_registry.obj
 0000:00000040       _volmd                     0000000180000040     c11_flightControlSystem.obj
[...]
 0003:00004088       $SG27486                   000000018001c088     flightControlSystem_sfun_registry.obj
 0003:00004098       $SG27490                   000000018001c098     flightControlSystem_sfun_registry.obj
 0003:000040a0       $SG27488                   000000018001c0a0     flightControlSystem_sfun_registry.obj
 0003:000040f8       $SG27489                   000000018001c0f8     flightControlSystem_sfun_registry.obj
 0003:00004108       $SG27516                   000000018001c108     flightControlSystem_sfun_registry.obj
 0003:00004110       $SG27514                   000000018001c110     flightControlSystem_sfun_registry.obj
 0003:00004160       $SG27515                   000000018001c160     flightControlSystem_sfun_registry.obj
 0003:00004170       $SG27528                   000000018001c170     flightControlSystem_sfun_registry.obj
 0003:000041d0       $SG27529                   000000018001c1d0     flightControlSystem_sfun_registry.obj
 0003:000041d8       $SG27530                   000000018001c1d8     flightControlSystem_sfun_registry.obj
 0003:000041e0       $SG27542                   000000018001c1e0     flightControlSystem_sfun_registry.obj
 0003:00004240       $SG27543                   000000018001c240     flightControlSystem_sfun_registry.obj
 0003:00004248       $SG27544                   000000018001c248     flightControlSystem_sfun_registry.obj
 0003:00004250       $SG27897                   000000018001c250     flightControlSystem_sfun_registry.obj
 0003:000042c8       $SG28519                   000000018001c2c8     flightControlSystem_sfun_registry.obj
 0003:000042e0       $SG27900                   000000018001c2e0     flightControlSystem_sfun_registry.obj
 0003:00004354       $SG28590                   000000018001c354     flightControlSystem_sfun_registry.obj
 0003:00004360       $SG27905                   000000018001c360     flightControlSystem_sfun_registry.obj
 0003:000043d8       $SG28591                   000000018001c3d8     flightControlSystem_sfun_registry.obj
 0003:000043e0       $SG27913                   000000018001c3e0     flightControlSystem_sfun_registry.obj
 0003:00004450       $SG28188                   000000018001c450     flightControlSystem_sfun_registry.obj
 0003:000044c8       $SG28592                   000000018001c4c8     flightControlSystem_sfun_registry.obj
 0003:000044d0       $SG28193                   000000018001c4d0     flightControlSystem_sfun_registry.obj
 0003:00004548       $SG28598                   000000018001c548     flightControlSystem_sfun_registry.obj
 0003:00004550       $SG28532                   000000018001c550     flightControlSystem_sfun_registry.obj
 0003:000045c8       $SG28601                   000000018001c5c8     flightControlSystem_sfun_registry.obj
 0003:000045d0       $SG28593                   000000018001c5d0     flightControlSystem_sfun_registry.obj
 0003:00004648       $SG28604                   000000018001c648     flightControlSystem_sfun_registry.obj
 0003:00004650       $SG28595                   000000018001c650     flightControlSystem_sfun_registry.obj
 0003:000046d0       $SG28605                   000000018001c6d0     flightControlSystem_sfun_registry.obj
 0003:00004750       $SG28606                   000000018001c750     flightControlSystem_sfun_registry.obj
 0003:00004760       $SG28608                   000000018001c760     flightControlSystem_sfun_registry.obj
 0003:0000476c       $SG28610                   000000018001c76c     flightControlSystem_sfun_registry.obj
 0003:00004774       $SG28612                   000000018001c774     flightControlSystem_sfun_registry.obj
 0003:00004780       $SG28614                   000000018001c780     flightControlSystem_sfun_registry.obj
 0003:00004790       $SG28619                   000000018001c790     flightControlSystem_sfun_registry.obj
 0003:00004878       $SG28737                   000000018001c878     flightControlSystem_sfun_registry.obj
 0003:000048a8       $SG28738                   000000018001c8a8     flightControlSystem_sfun_registry.obj
 0003:000048b8       $SG28739                   000000018001c8b8     flightControlSystem_sfun_registry.obj
 0003:000048c0       $SG28741                   000000018001c8c0     flightControlSystem_sfun_registry.obj
 0003:000048f8       $SG28742                   000000018001c8f8     flightControlSystem_sfun_registry.obj
 0003:00004908       $SG28743                   000000018001c908     flightControlSystem_sfun_registry.obj
 0003:00004910       $SG28746                   000000018001c910     flightControlSystem_sfun_registry.obj
 0003:00004948       $SG28747                   000000018001c948     flightControlSystem_sfun_registry.obj
 0003:00004958       $SG28748                   000000018001c958     flightControlSystem_sfun_registry.obj
 0003:00004960       $SG28750                   000000018001c960     flightControlSystem_sfun_registry.obj
 0003:00004998       $SG28751                   000000018001c998     flightControlSystem_sfun_registry.obj
 0003:000049a8       $SG28752                   000000018001c9a8     flightControlSystem_sfun_registry.obj
 0003:000049b0       $SG28754                   000000018001c9b0     flightControlSystem_sfun_registry.obj
 0003:000049e8       $SG28755                   000000018001c9e8     flightControlSystem_sfun_registry.obj
 0003:000049f8       $SG28756                   000000018001c9f8     flightControlSystem_sfun_registry.obj
 0003:00004a00       $SG28759                   000000018001ca00     flightControlSystem_sfun_registry.obj
 0003:00004a08       $SG28761                   000000018001ca08     flightControlSystem_sfun_registry.obj
 0003:00004a20       $SG28762                   000000018001ca20     flightControlSystem_sfun_registry.obj
 0003:00004a58       $SG28763                   000000018001ca58     flightControlSystem_sfun_registry.obj
 0003:00004a68       $SG28764                   000000018001ca68     flightControlSystem_sfun_registry.obj
 0003:00004a70       $SG28934                   000000018001ca70     flightControlSystem_sfun_registry.obj
 0003:00004a90       $SG28935                   000000018001ca90     flightControlSystem_sfun_registry.obj
 0003:00004b20       $SG28941                   000000018001cb20     flightControlSystem_sfun_registry.obj
 0003:00004b38       $SG28948                   000000018001cb38     flightControlSystem_sfun_registry.obj
 0003:00004b50       $SG28942                   000000018001cb50     flightControlSystem_sfun_registry.obj
 0003:00004be0       $SG28949                   000000018001cbe0     flightControlSystem_sfun_registry.obj
 0003:00004c70       $SG28955                   000000018001cc70     flightControlSystem_sfun_registry.obj
 0003:00004c90       $SG28956                   000000018001cc90     flightControlSystem_sfun_registry.obj
 0003:00004d20       $SG28962                   000000018001cd20     flightControlSystem_sfun_registry.obj
 0003:00004d40       $SG28963                   000000018001cd40     flightControlSystem_sfun_registry.obj
 0003:00004dd0       $SG28967                   000000018001cdd0     flightControlSystem_sfun_registry.obj
 0003:00004df0       $SG28968                   000000018001cdf0     flightControlSystem_sfun_registry.obj
 0003:00004e80       $SG28972                   000000018001ce80     flightControlSystem_sfun_registry.obj
 0003:00004ea8       $SG28977                   000000018001cea8     flightControlSystem_sfun_registry.obj
 0003:00004ed0       $SG28973                   000000018001ced0     flightControlSystem_sfun_registry.obj
 0003:00004f60       $SG28978                   000000018001cf60     flightControlSystem_sfun_registry.obj
 0003:00004ff0       $SG28982                   000000018001cff0     flightControlSystem_sfun_registry.obj
 0003:00005010       $SG28983                   000000018001d010     flightControlSystem_sfun_registry.obj
 0003:000050a0       $SG28987                   000000018001d0a0     flightControlSystem_sfun_registry.obj
 0003:000050c0       $SG28988                   000000018001d0c0     flightControlSystem_sfun_registry.obj
 0003:00005150       $SG28992                   000000018001d150     flightControlSystem_sfun_registry.obj
 0003:00005168       $SG29028                   000000018001d168     flightControlSystem_sfun_registry.obj
 0003:00005180       $SG28993                   000000018001d180     flightControlSystem_sfun_registry.obj
 0003:00005210       $SG28997                   000000018001d210     flightControlSystem_sfun_registry.obj
 0003:00005230       $SG28998                   000000018001d230     flightControlSystem_sfun_registry.obj
 0003:000052c0       $SG29002                   000000018001d2c0     flightControlSystem_sfun_registry.obj
 0003:000052e0       $SG29003                   000000018001d2e0     flightControlSystem_sfun_registry.obj
 0003:00005370       $SG29007                   000000018001d370     flightControlSystem_sfun_registry.obj
 0003:00005390       $SG29008                   000000018001d390     flightControlSystem_sfun_registry.obj
 0003:00005420       $SG29012                   000000018001d420     flightControlSystem_sfun_registry.obj
 0003:00005440       $SG29013                   000000018001d440     flightControlSystem_sfun_registry.obj
 0003:000054d0       $SG29017                   000000018001d4d0     flightControlSystem_sfun_registry.obj
 0003:000054f0       $SG29018                   000000018001d4f0     flightControlSystem_sfun_registry.obj
 0003:00005580       $SG29022                   000000018001d580     flightControlSystem_sfun_registry.obj
 0003:000055a0       $SG29023                   000000018001d5a0     flightControlSystem_sfun_registry.obj
 0003:00005630       $SG29029                   000000018001d630     flightControlSystem_sfun_registry.obj
 0003:000056c0       $SG29034                   000000018001d6c0     flightControlSystem_sfun_registry.obj
 0003:000056c8       $SG29039                   000000018001d6c8     flightControlSystem_sfun_registry.obj
 0003:000056e0       $SG29035                   000000018001d6e0     flightControlSystem_sfun_registry.obj
 0003:00005770       $SG29040                   000000018001d770     flightControlSystem_sfun_registry.obj
 0003:00005800       $SG29044                   000000018001d800     flightControlSystem_sfun_registry.obj
 0003:00005810       $SG29045                   000000018001d810     flightControlSystem_sfun_registry.obj
 0003:000058a0       $SG29049                   000000018001d8a0     flightControlSystem_sfun_registry.obj
 0003:000058c0       $SG29050                   000000018001d8c0     flightControlSystem_sfun_registry.obj
 0003:00005950       $SG29054                   000000018001d950     flightControlSystem_sfun_registry.obj
 0003:00005970       $SG29055                   000000018001d970     flightControlSystem_sfun_registry.obj
 0003:00005a00       $SG29059                   000000018001da00     flightControlSystem_sfun_registry.obj
 0003:00005a10       $SG29060                   000000018001da10     flightControlSystem_sfun_registry.obj
 0003:00005aa0       $SG29064                   000000018001daa0     flightControlSystem_sfun_registry.obj
 0003:00005ab0       $SG29065                   000000018001dab0     flightControlSystem_sfun_registry.obj
 0003:00005b40       $SG29069                   000000018001db40     flightControlSystem_sfun_registry.obj
 0003:00005b58       $SG29074                   000000018001db58     flightControlSystem_sfun_registry.obj
 0003:00005b70       $SG29070                   000000018001db70     flightControlSystem_sfun_registry.obj
 0003:00005c00       $SG29075                   000000018001dc00     flightControlSystem_sfun_registry.obj
 0003:00005c90       $SG29079                   000000018001dc90     flightControlSystem_sfun_registry.obj
 0003:00005ca0       $SG29080                   000000018001dca0     flightControlSystem_sfun_registry.obj
 0003:00005d30       $SG29088                   000000018001dd30     flightControlSystem_sfun_registry.obj
 0003:00005d40       $SG29089                   000000018001dd40     flightControlSystem_sfun_registry.obj
 0003:00005dd0       $SG29095                   000000018001ddd0     flightControlSystem_sfun_registry.obj
 0003:00005de0       $SG29096                   000000018001dde0     flightControlSystem_sfun_registry.obj
 0003:00005e70       $SG29100                   000000018001de70     flightControlSystem_sfun_registry.obj
 0003:00005e80       $SG29101                   000000018001de80     flightControlSystem_sfun_registry.obj
 0003:00005f10       $SG29106                   000000018001df10     flightControlSystem_sfun_registry.obj
 0003:00005f20       $SG29107                   000000018001df20     flightControlSystem_sfun_registry.obj
 0003:00005fb0       $SG29111                   000000018001dfb0     flightControlSystem_sfun_registry.obj
 0003:00006028       $SG29154                   000000018001e028     flightControlSystem_sfun_registry.obj
 0003:00006038       $SG29235                   000000018001e038     flightControlSystem_sfun_registry.obj
 0003:00006040       $SG29141                   000000018001e040     flightControlSystem_sfun_registry.obj
 0003:00006158       $SG29165                   000000018001e158     flightControlSystem_sfun_registry.obj
 0003:00006168       $SG29178                   000000018001e168     flightControlSystem_sfun_registry.obj
 0003:00006178       $SG29189                   000000018001e178     flightControlSystem_sfun_registry.obj
 0003:00006188       $SG29202                   000000018001e188     flightControlSystem_sfun_registry.obj
 0003:00006198       $SG29213                   000000018001e198     flightControlSystem_sfun_registry.obj
 0003:000061a8       $SG29223                   000000018001e1a8     flightControlSystem_sfun_registry.obj
 0003:000061c8       $SG29234                   000000018001e1c8     flightControlSystem_sfun_registry.obj
 0003:000061f8       $SG29236                   000000018001e1f8     flightControlSystem_sfun_registry.obj
 0003:00006200       $SG29247                   000000018001e200     flightControlSystem_sfun_registry.obj
 0003:00006238       $SG29248                   000000018001e238     flightControlSystem_sfun_registry.obj
 0003:00006240       $SG29249                   000000018001e240     flightControlSystem_sfun_registry.obj
 0003:000062a0       sRtwOptimizationInfoStruct 000000018001e2a0     flightControlSystem_sfun.obj
 0003:000062a8       sOptimizationInfoFlags     000000018001e2a8     flightControlSystem_sfun.obj
 0003:000062b0       $SG26480                   000000018001e2b0     c4_flightControlSystem.obj
 0003:000062b1       $SG26487                   000000018001e2b1     c4_flightControlSystem.obj
 0003:000062b2       $SG26494                   000000018001e2b2     c4_flightControlSystem.obj
 0003:000062b3       $SG26501                   000000018001e2b3     c4_flightControlSystem.obj
 0003:000062b4       $SG26508                   000000018001e2b4     c4_flightControlSystem.obj
 0003:000062b5       $SG26515                   000000018001e2b5     c4_flightControlSystem.obj
 0003:000062b6       $SG26522                   000000018001e2b6     c4_flightControlSystem.obj
 0003:000062b7       $SG26529                   000000018001e2b7     c4_flightControlSystem.obj
 0003:000062b8       $SG26536                   000000018001e2b8     c4_flightControlSystem.obj
 0003:000062b9       $SG26543                   000000018001e2b9     c4_flightControlSystem.obj
 0003:000062ba       $SG26550                   000000018001e2ba     c4_flightControlSystem.obj
 0003:000062bb       $SG26557                   000000018001e2bb     c4_flightControlSystem.obj
 0003:000062bc       $SG26564                   000000018001e2bc     c4_flightControlSystem.obj
 0003:000062bd       $SG26571                   000000018001e2bd     c4_flightControlSystem.obj
 0003:000062be       $SG26578                   000000018001e2be     c4_flightControlSystem.obj
 0003:000062bf       $SG26585                   000000018001e2bf     c4_flightControlSystem.obj
 0003:000062c0       $SG26592                   000000018001e2c0     c4_flightControlSystem.obj
 0003:000062c1       $SG26599                   000000018001e2c1     c4_flightControlSystem.obj
 0003:000062c2       $SG26606                   000000018001e2c2     c4_flightControlSystem.obj
 0003:000062c3       $SG26613                   000000018001e2c3     c4_flightControlSystem.obj
 0003:000062c4       $SG26620                   000000018001e2c4     c4_flightControlSystem.obj
 0003:000062c5       $SG26627                   000000018001e2c5     c4_flightControlSystem.obj
 0003:000062c6       $SG26634                   000000018001e2c6     c4_flightControlSystem.obj
 0003:000062c7       $SG26641                   000000018001e2c7     c4_flightControlSystem.obj
 0003:000062c8       $SG26648                   000000018001e2c8     c4_flightControlSystem.obj
 0003:000062c9       $SG26655                   000000018001e2c9     c4_flightControlSystem.obj
 0003:000062ca       $SG26662                   000000018001e2ca     c4_flightControlSystem.obj
 0003:000062cb       $SG26669                   000000018001e2cb     c4_flightControlSystem.obj
 0003:000062cc       $SG26676                   000000018001e2cc     c4_flightControlSystem.obj
 0003:000062cd       $SG26683                   000000018001e2cd     c4_flightControlSystem.obj
 0003:000062ce       $SG26787                   000000018001e2ce     c4_flightControlSystem.obj
 0003:000062cf       $SG27367                   000000018001e2cf     c4_flightControlSystem.obj
 0003:000062d0       _sfTime_                   000000018001e2d0     c4_flightControlSystem.obj
 0003:000062d8       $SG27368                   000000018001e2d8     c4_flightControlSystem.obj
 0003:000062d9       $SG27509                   000000018001e2d9     c4_flightControlSystem.obj
 0003:000062e0       ?newstr@?1??sf_c4_flightControlSystem_get_post_codegen_info@@9@9 000000018001e2e0     c4_flightControlSystem.obj
 0003:00006880       _sfTime_                   000000018001e880     c11_flightControlSystem.obj
 0003:00006888       $SG26499                   000000018001e888     c11_flightControlSystem.obj
 0003:00006889       $SG26901                   000000018001e889     c11_flightControlSystem.obj
 0003:0000688a       $SG26902                   000000018001e88a     c11_flightControlSystem.obj
 0003:0000688b       $SG27045                   000000018001e88b     c11_flightControlSystem.obj
 0003:00006890       ?newstr@?1??sf_c11_flightControlSystem_get_post_codegen_info@@9@9 000000018001e890     c11_flightControlSystem.obj
 0003:00006e74       sfGlobalMdlStartCallCounts 000000018001ee74     flightControlSystem_sfun_registry.obj
 0003:00006e78       $SG28586                   000000018001ee78     flightControlSystem_sfun_registry.obj
 0003:00006e7a       ?warningGuard@?1??ssGetRootSS@@9@9 000000018001ee7a     flightControlSystem_sfun_registry.obj
 0003:00006e7b       ?warningGuard@?1??ssGetParentSS@@9@9 000000018001ee7b     flightControlSystem_sfun_registry.obj
 0003:00006e80       GS_ExceptionRecord         000000018001ee80     MSVCRT:gs_report.obj
 0003:00006f20       GS_ContextRecord           000000018001ef20     MSVCRT:gs_report.obj
 0003:000073f0       ?__proc_attached@@3HA      000000018001f3f0     MSVCRT:dll_dllmain.obj
 0003:00007430       ?is_initialized_as_dll@@3_NA 000000018001f430     MSVCRT:utility.obj
 0003:00007431       ?module_local_atexit_table_initialized@@3_NA 000000018001f431     MSVCRT:utility.obj
 0003:00007438       ?module_local_atexit_table@@3U_onexit_table_t@@A 000000018001f438     MSVCRT:utility.obj
 0003:00007450       ?module_local_at_quick_exit_table@@3U_onexit_table_t@@A 000000018001f450     MSVCRT:utility.obj
