 HardwareDeploymentTest_sfun

 Timestamp is 67da0935 (Tue Mar 18 20:00:53 2025)

 Preferred load address is 0000000180000000

 Start         Length     Name                   Class
 0001:00000000 000174e0H .text$mn                CODE
 0001:000174e0 00000036H .text$mn$00             CODE
 0001:00017516 00000092H .text$x                 CODE
 0002:00000000 00000478H .idata$5                DATA
 0002:00000478 00000038H .00cfg                  DATA
 0002:000004b0 00000008H .CRT$XCA                DATA
 0002:000004b8 00000008H .CRT$XCZ                DATA
 0002:000004c0 00000008H .CRT$XIA                DATA
 0002:000004c8 00000008H .CRT$XIZ                DATA
 0002:000004d0 00000008H .CRT$XPA                DATA
 0002:000004d8 00000008H .CRT$XPZ                DATA
 0002:000004e0 00000008H .CRT$XTA                DATA
 0002:000004e8 00000008H .CRT$XTZ                DATA
 0002:000004f0 00000000H .gehcont$y              DATA
 0002:000004f0 00000000H .gfids$y                DATA
 0002:000004f0 00000310H .rdata                  DATA
 0002:00000800 00000080H .rdata$CastGuardVftablesA DATA
 0002:00000880 00000080H .rdata$CastGuardVftablesC DATA
 0002:00000900 000001c4H .rdata$voltmd           DATA
 0002:00000ac4 0000027cH .rdata$zzzdbg           DATA
 0002:00000d40 00000008H .rtc$IAA                DATA
 0002:00000d48 00000008H .rtc$IZZ                DATA
 0002:00000d50 00000008H .rtc$TAA                DATA
 0002:00000d58 00000008H .rtc$TZZ                DATA
 0002:00000d60 00000c30H .xdata                  DATA
 0002:00001990 00000088H .edata                  DATA
 0002:00001a18 00000140H .idata$2                DATA
 0002:00001b58 00000018H .idata$3                DATA
 0002:00001b70 00000478H .idata$4                DATA
 0002:00001fe8 00000c20H .idata$6                DATA
 0003:00000000 00009150H .data                   DATA
 0003:00009150 000017d0H .bss                    DATA
 0004:00000000 00000ef4H .pdata                  DATA

  Address         Publics by Value              Rva+Base               Lib:Object

 0000:00000000       __AbsoluteZero             0000000000000000     <absolute>
 0000:00000000       ___safe_se_handler_count   0000000000000000     <absolute>
 0000:00000000       ___safe_se_handler_table   0000000000000000     <absolute>
 0000:00000000       __arm64x_extra_rfe_table   0000000000000000     <absolute>
 0000:00000000       __arm64x_extra_rfe_table_size 0000000000000000     <absolute>
 0000:00000000       __arm64x_native_entrypoint 0000000000000000     <absolute>
 0000:00000000       __arm64x_redirection_metadata 0000000000000000     <absolute>
 0000:00000000       __arm64x_redirection_metadata_count 0000000000000000     <absolute>
 0000:00000000       __dynamic_value_reloc_table 0000000000000000     <absolute>
 0000:00000000       __enclave_config           0000000000000000     <absolute>
 0000:00000000       __guard_check_icall_a64n_fptr 0000000000000000     <absolute>
 0000:00000000       __guard_eh_cont_count      0000000000000000     <absolute>
 0000:00000000       __guard_eh_cont_table      0000000000000000     <absolute>
 0000:00000000       __guard_fids_count         0000000000000000     <absolute>
 0000:00000000       __guard_fids_table         0000000000000000     <absolute>
 0000:00000000       __guard_iat_count          0000000000000000     <absolute>
 0000:00000000       __guard_iat_table          0000000000000000     <absolute>
 0000:00000000       __guard_longjmp_count      0000000000000000     <absolute>
 0000:00000000       __guard_longjmp_table      0000000000000000     <absolute>
 0000:00000000       __hybrid_auxiliary_iat     0000000000000000     <absolute>
 0000:00000000       __hybrid_auxiliary_iat_copy 0000000000000000     <absolute>
 0000:00000000       __hybrid_code_map          0000000000000000     <absolute>
 0000:00000000       __hybrid_code_map_count    0000000000000000     <absolute>
 0000:00000000       __x64_code_ranges_to_entry_points 0000000000000000     <absolute>
 0000:00000000       __x64_code_ranges_to_entry_points_count 0000000000000000     <absolute>
 0000:00000100       __guard_flags              0000000000000100     <absolute>
 0000:00000000       __ImageBase                0000000180000000     <linker-defined>
 0001:00000000       HardwareDeploymentTest_initializer 0000000180001000 f   HardwareDeploymentTest_sfun.obj
 0001:00000010       HardwareDeploymentTest_terminator 0000000180001010 f   HardwareDeploymentTest_sfun.obj
 0001:00000020       load_HardwareDeploymentTest_optimization_info 0000000180001020 f   HardwareDeploymentTest_sfun.obj
 0001:000000d0       unload_HardwareDeploymentTest_optimization_info 00000001800010d0 f   HardwareDeploymentTest_sfun.obj
 0001:00000100       sf_HardwareDeploymentTest_method_dispatcher 0000000180001100 f   HardwareDeploymentTest_sfun.obj
 0001:00000190       sf_HardwareDeploymentTest_process_check_sum_call 0000000180001190 f   HardwareDeploymentTest_sfun.obj
 0001:000006b0       sf_HardwareDeploymentTest_get_eml_resolved_functions_info 00000001800016b0 f   HardwareDeploymentTest_sfun.obj
 0001:00000940       sf_HardwareDeploymentTest_third_party_uses_info 0000000180001940 f   HardwareDeploymentTest_sfun.obj
 0001:00000b80       sf_HardwareDeploymentTest_jit_fallback_info 0000000180001b80 f   HardwareDeploymentTest_sfun.obj
 0001:00000dc0       sf_HardwareDeploymentTest_get_post_codegen_info 0000000180001dc0 f   HardwareDeploymentTest_sfun.obj
 0001:00001030       sf_HardwareDeploymentTest_updateBuildInfo_args_info 0000000180002030 f   HardwareDeploymentTest_sfun.obj
 0001:00001270       sf_c4_HardwareDeploymentTest_get_eml_resolved_functions_info 0000000180002270 f   c4_HardwareDeploymentTest.obj
 0001:000012f0       sf_c4_HardwareDeploymentTest_get_check_sum 00000001800022f0 f   c4_HardwareDeploymentTest.obj
 0001:000013c0       c4_HardwareDeploymentTest_method_dispatcher 00000001800023c0 f   c4_HardwareDeploymentTest.obj
 0001:00004250       sf_c4_HardwareDeploymentTest_third_party_uses_info 0000000180005250 f   c4_HardwareDeploymentTest.obj
 0001:000042c0       sf_c4_HardwareDeploymentTest_jit_fallback_info 00000001800052c0 f   c4_HardwareDeploymentTest.obj
 0001:00004450       sf_c4_HardwareDeploymentTest_updateBuildInfo_args_info 0000000180005450 f   c4_HardwareDeploymentTest.obj
 0001:00004770       sf_c4_HardwareDeploymentTest_get_post_codegen_info 0000000180005770 f   c4_HardwareDeploymentTest.obj
 0001:00004c50       sf_c11_HardwareDeploymentTest_get_eml_resolved_functions_info 0000000180005c50 f   c11_HardwareDeploymentTest.obj
 0001:00004cd0       sf_c11_HardwareDeploymentTest_get_check_sum 0000000180005cd0 f   c11_HardwareDeploymentTest.obj
 0001:00004da0       c11_HardwareDeploymentTest_method_dispatcher 0000000180005da0 f   c11_HardwareDeploymentTest.obj
 0001:00006b80       sf_c11_HardwareDeploymentTest_third_party_uses_info 0000000180007b80 f   c11_HardwareDeploymentTest.obj
 0001:00006bd0       sf_c11_HardwareDeploymentTest_jit_fallback_info 0000000180007bd0 f   c11_HardwareDeploymentTest.obj
 0001:00006d60       sf_c11_HardwareDeploymentTest_updateBuildInfo_args_info 0000000180007d60 f   c11_HardwareDeploymentTest.obj
 0001:00007080       sf_c11_HardwareDeploymentTest_get_post_codegen_info 0000000180008080 f   c11_HardwareDeploymentTest.obj
 0001:00007570       sf_c14_HardwareDeploymentTest_get_eml_resolved_functions_info 0000000180008570 f   c14_HardwareDeploymentTest.obj
 0001:000075f0       sf_c14_HardwareDeploymentTest_get_check_sum 00000001800085f0 f   c14_HardwareDeploymentTest.obj
 0001:000076c0       c14_HardwareDeploymentTest_method_dispatcher 00000001800086c0 f   c14_HardwareDeploymentTest.obj
 0001:0000a570       sf_c14_HardwareDeploymentTest_third_party_uses_info 000000018000b570 f   c14_HardwareDeploymentTest.obj
 0001:0000a5c0       sf_c14_HardwareDeploymentTest_jit_fallback_info 000000018000b5c0 f   c14_HardwareDeploymentTest.obj
 0001:0000a750       sf_c14_HardwareDeploymentTest_updateBuildInfo_args_info 000000018000b750 f   c14_HardwareDeploymentTest.obj
 0001:0000aa70       sf_c14_HardwareDeploymentTest_get_post_codegen_info 000000018000ba70 f   c14_HardwareDeploymentTest.obj
 0001:0000af50       mexFunction                000000018000bf50 f   HardwareDeploymentTest_sfun_registry.obj
 0001:0000d820       _ssSetInputPortDirectFeedThroughFcn 000000018000e820 f   HardwareDeploymentTest_sfun_registry.obj
 0001:0000d990       _ssSetRWorkValueFcn        000000018000e990 f   HardwareDeploymentTest_sfun_registry.obj
 0001:0000da10       _ssGetRWorkValueFcn        000000018000ea10 f   HardwareDeploymentTest_sfun_registry.obj
 0001:0000da80       _ssSetIWorkValueFcn        000000018000ea80 f   HardwareDeploymentTest_sfun_registry.obj
 0001:0000db00       _ssGetIWorkValueFcn        000000018000eb00 f   HardwareDeploymentTest_sfun_registry.obj
 0001:0000db70       _ssSetPWorkValueFcn        000000018000eb70 f   HardwareDeploymentTest_sfun_registry.obj
 0001:0000dbf0       _ssGetPWorkValueFcn        000000018000ebf0 f   HardwareDeploymentTest_sfun_registry.obj
 0001:0000dc60       _ssGetInputPortSignalFcn   000000018000ec60 f   HardwareDeploymentTest_sfun_registry.obj
 0001:0000dff0       _ssGetInputPortBufferDstPortFcn 000000018000eff0 f   HardwareDeploymentTest_sfun_registry.obj
 0001:0000e070       _ssGetInputPortSignalPtrsFcn 000000018000f070 f   HardwareDeploymentTest_sfun_registry.obj
 0001:0000e400       ssGetParameterTuningCompliance 000000018000f400 f   HardwareDeploymentTest_sfun_registry.obj
 0001:0000e470       _ssReadInputStringFcn      000000018000f470 f   HardwareDeploymentTest_sfun_registry.obj
 0001:0000e4e0       ssGetDTypeIdFromMxArray    000000018000f4e0 f   HardwareDeploymentTest_sfun_registry.obj
 0001:0000e600       ssWriteRTWMx2dMatParam     000000018000f600 f   HardwareDeploymentTest_sfun_registry.obj
 0001:0000e690       ssWriteRTWMxVectParam      000000018000f690 f   HardwareDeploymentTest_sfun_registry.obj
 0001:0000e710       ssWriteRTWParameters       000000018000f710 f   HardwareDeploymentTest_sfun_registry.obj
 0001:0000ecd0       ssWriteRTWParamSettings    000000018000fcd0 f   HardwareDeploymentTest_sfun_registry.obj
 0001:0000f3c0       ssWriteRTWStr              00000001800103c0 f   HardwareDeploymentTest_sfun_registry.obj
 0001:0000f420       ssWriteRTWWorkVect         0000000180010420 f   HardwareDeploymentTest_sfun_registry.obj
 0001:0000f980       ssWarning                  0000000180010980 f   HardwareDeploymentTest_sfun_registry.obj
 0001:0000fa70       ssGetRootSS                0000000180010a70 f   HardwareDeploymentTest_sfun_registry.obj
 0001:0000fb30       ssGetParentSS              0000000180010b30 f   HardwareDeploymentTest_sfun_registry.obj
 0001:0000fbf0       ssWriteRTWNameValuePair    0000000180010bf0 f   HardwareDeploymentTest_sfun_registry.obj
 0001:000100f0       _ssSetInputPortMatrixDimensions 00000001800110f0 f   HardwareDeploymentTest_sfun_registry.obj
 0001:00010240       _ssSetOutputPortMatrixDimensions 0000000180011240 f   HardwareDeploymentTest_sfun_registry.obj
 0001:00010390       _ssSetInputPortVectorDimension 0000000180011390 f   HardwareDeploymentTest_sfun_registry.obj
 0001:00010440       _ssSetOutputPortVectorDimension 0000000180011440 f   HardwareDeploymentTest_sfun_registry.obj
 0001:000104f0       ssIsRunTimeParamTunable    00000001800114f0 f   HardwareDeploymentTest_sfun_registry.obj
 0001:00010560       ssGetSFuncBlockHandle      0000000180011560 f   HardwareDeploymentTest_sfun_registry.obj
 0001:000105d0       _ssGetCallSystemNumFcnCallDestinations 00000001800115d0 f   HardwareDeploymentTest_sfun_registry.obj
 0001:00010640       _ssGetCurrentInputPortWidth 0000000180011640 f   HardwareDeploymentTest_sfun_registry.obj
 0001:00010780       _ssGetCurrentOutputPortWidth 0000000180011780 f   HardwareDeploymentTest_sfun_registry.obj
 0001:000108c0       ssGetIsZeroCrossControlDisabled 00000001800118c0 f   HardwareDeploymentTest_sfun_registry.obj
 0001:00010930       ssSetIsInputPortUsedForContZcSignal 0000000180011930 f   HardwareDeploymentTest_sfun_registry.obj
 0001:000109a0       ssSetZcSignalIsZcElementDisc 00000001800119a0 f   HardwareDeploymentTest_sfun_registry.obj
 0001:00010a50       ssSetZcSignalName          0000000180011a50 f   HardwareDeploymentTest_sfun_registry.obj
 0001:00010ac0       ssSetZcSignalWidth         0000000180011ac0 f   HardwareDeploymentTest_sfun_registry.obj
 0001:00010b30       ssSetZcSignalZcEventType   0000000180011b30 f   HardwareDeploymentTest_sfun_registry.obj
 0001:00010ba0       ssSetZcSignalType          0000000180011ba0 f   HardwareDeploymentTest_sfun_registry.obj
 0001:00010c10       ssSetZcSignalZcTol         0000000180011c10 f   HardwareDeploymentTest_sfun_registry.obj
 0001:00010c80       ssSetZcSignalNeedsEventNotification 0000000180011c80 f   HardwareDeploymentTest_sfun_registry.obj
 0001:00010cf0       ssCreateAndAddZcSignalInfo 0000000180011cf0 f   HardwareDeploymentTest_sfun_registry.obj
 0001:00010d60       ssCloneAndAddZcSignalInfo  0000000180011d60 f   HardwareDeploymentTest_sfun_registry.obj
 0001:00010dd0       ssGetNumZcSignals          0000000180011dd0 f   HardwareDeploymentTest_sfun_registry.obj
 0001:00010e40       ssGetZcSignalVector        0000000180011e40 f   HardwareDeploymentTest_sfun_registry.obj
 0001:00010eb0       ssGetZcSignalName          0000000180011eb0 f   HardwareDeploymentTest_sfun_registry.obj
 0001:00010f20       ssGetZcSignalWidth         0000000180011f20 f   HardwareDeploymentTest_sfun_registry.obj
 0001:00010f90       ssGetZcSignalZcEventType   0000000180011f90 f   HardwareDeploymentTest_sfun_registry.obj
 0001:00011000       ssGetZcSignalZcEvents      0000000180012000 f   HardwareDeploymentTest_sfun_registry.obj
 0001:00011070       ssGetZcSignalType          0000000180012070 f   HardwareDeploymentTest_sfun_registry.obj
 0001:000110e0       ssGetZcSignalZcTol         00000001800120e0 f   HardwareDeploymentTest_sfun_registry.obj
 0001:00011160       ssGetZcSignalNeedsEventNotification 0000000180012160 f   HardwareDeploymentTest_sfun_registry.obj
 0001:000111d0       ssGetZcSignalIsZcElementDisc 00000001800121d0 f   HardwareDeploymentTest_sfun_registry.obj
 0001:00011270       ssGetIsInputPortElementContinuous 0000000180012270 f   HardwareDeploymentTest_sfun_registry.obj
 0001:00011310       _ssGetAbsTol               0000000180012310 f   HardwareDeploymentTest_sfun_registry.obj
 0001:00011380       _ssSetStateAbsTol          0000000180012380 f   HardwareDeploymentTest_sfun_registry.obj
 0001:00011460       _ssSetInputPortReusableFcn 0000000180012460 f   HardwareDeploymentTest_sfun_registry.obj
 0001:00011560       _ssSetOutputPortReusableFcn 0000000180012560 f   HardwareDeploymentTest_sfun_registry.obj
 0001:00011660       _ssSetSymbolicDimsSupport  0000000180012660 f   HardwareDeploymentTest_sfun_registry.obj
 0001:000116d0       _ssRegisterSymbolicDimsExpr 00000001800126d0 f   HardwareDeploymentTest_sfun_registry.obj
 0001:00011750       _ssRegisterSymbolicDimsMATLABExpr 0000000180012750 f   HardwareDeploymentTest_sfun_registry.obj
 0001:000117e0       _ssRegisterSymbolicDims    00000001800127e0 f   HardwareDeploymentTest_sfun_registry.obj
 0001:00011880       _ssRegisterSymbolicDimsString 0000000180012880 f   HardwareDeploymentTest_sfun_registry.obj
 0001:00011900       _ssRegisterSymbolicDimsIntValue 0000000180012900 f   HardwareDeploymentTest_sfun_registry.obj
 0001:00011970       _ssRegisterSymbolicEqualRelation 0000000180012970 f   HardwareDeploymentTest_sfun_registry.obj
 0001:000119e0       _ssRegisterSymbolicEqualValue 00000001800129e0 f   HardwareDeploymentTest_sfun_registry.obj
 0001:00011a50       _ssAmendLeadingSymbolicDims 0000000180012a50 f   HardwareDeploymentTest_sfun_registry.obj
 0001:00011ad0       _ssAmendTrailingSymbolicDims 0000000180012ad0 f   HardwareDeploymentTest_sfun_registry.obj
 0001:00011b50       _ssRegisterSymbolicDimsPlus 0000000180012b50 f   HardwareDeploymentTest_sfun_registry.obj
 0001:00011bd0       _ssRegisterSymbolicDimsMinus 0000000180012bd0 f   HardwareDeploymentTest_sfun_registry.obj
 0001:00011c50       _ssRegisterSymbolicDimsMultiply 0000000180012c50 f   HardwareDeploymentTest_sfun_registry.obj
 0001:00011cd0       _ssRegisterSymbolicDimsDivide 0000000180012cd0 f   HardwareDeploymentTest_sfun_registry.obj
 0001:00011d50       _ssGetNumSymbolicDims      0000000180012d50 f   HardwareDeploymentTest_sfun_registry.obj
 0001:00011dc0       _ssGetSymbolicDim          0000000180012dc0 f   HardwareDeploymentTest_sfun_registry.obj
 0001:00011e40       _ssSetInputPortSymbolicDimsId 0000000180012e40 f   HardwareDeploymentTest_sfun_registry.obj
 0001:00011eb0       _ssGetCompInputPortSymbolicDimsId 0000000180012eb0 f   HardwareDeploymentTest_sfun_registry.obj
 0001:00011f20       _ssSetCompInputPortSymbolicDimsId 0000000180012f20 f   HardwareDeploymentTest_sfun_registry.obj
 0001:00011f90       _ssSetOutputPortSymbolicDimsId 0000000180012f90 f   HardwareDeploymentTest_sfun_registry.obj
 0001:00012000       _ssGetCompOutputPortSymbolicDimsId 0000000180013000 f   HardwareDeploymentTest_sfun_registry.obj
 0001:00012070       _ssSetCompOutputPortSymbolicDimsId 0000000180013070 f   HardwareDeploymentTest_sfun_registry.obj
 0001:000120e0       _ssGetDWorkSymbolicDimsId  00000001800130e0 f   HardwareDeploymentTest_sfun_registry.obj
 0001:00012150       _ssSetDWorkSymbolicDimsId  0000000180013150 f   HardwareDeploymentTest_sfun_registry.obj
 0001:000121c0       _ssGetCompDWorkSymbolicDimsId 00000001800131c0 f   HardwareDeploymentTest_sfun_registry.obj
 0001:00012230       _ssSetCompDWorkSymbolicDimsId 0000000180013230 f   HardwareDeploymentTest_sfun_registry.obj
 0001:000122a0       _ssCreateSLCGStringBuffer  00000001800132a0 f   HardwareDeploymentTest_sfun_registry.obj
 0001:00012310       _ssAddToSLCGStringBuffer   0000000180013310 f   HardwareDeploymentTest_sfun_registry.obj
 0001:00012380       _ssGetPointerContainedData 0000000180013380 f   HardwareDeploymentTest_sfun_registry.obj
 0001:00012410       _ssGetPointerContainedDataWidth 0000000180013410 f   HardwareDeploymentTest_sfun_registry.obj
 0001:000124a0       _ssRegisterDynamicArrayDataTypeFcn 00000001800134a0 f   HardwareDeploymentTest_sfun_registry.obj
 0001:00012540       _ssGetDynamicArrayContainedDataCurrentWidthFcn 0000000180013540 f   HardwareDeploymentTest_sfun_registry.obj
 0001:00012610       _ssGetDynamicArrayContainedDataFcn 0000000180013610 f   HardwareDeploymentTest_sfun_registry.obj
 0001:000126e0       _ssGetInputPortDynamicArrayDataFcn 00000001800136e0 f   HardwareDeploymentTest_sfun_registry.obj
 0001:000127a0       _ssGetOutputPortDynamicArrayDataFcn 00000001800137a0 f   HardwareDeploymentTest_sfun_registry.obj
 0001:00012860       _ssGetInputPortDynamicArrayContainedDataFcn 0000000180013860 f   HardwareDeploymentTest_sfun_registry.obj
 0001:00012920       _ssGetOutputPortDynamicArrayContainedDataFcn 0000000180013920 f   HardwareDeploymentTest_sfun_registry.obj
 0001:000129e0       _ssGetDynamicArrayDWorkContainedDataFcn 00000001800139e0 f   HardwareDeploymentTest_sfun_registry.obj
 0001:00012aa0       sf_process_check_sum_call  0000000180013aa0 f   HardwareDeploymentTest_sfun_registry.obj
 0001:00012af0       sf_process_get_third_party_uses_info_call 0000000180013af0 f   HardwareDeploymentTest_sfun_registry.obj
 0001:00012d20       sf_process_get_jit_fallback_info_call 0000000180013d20 f   HardwareDeploymentTest_sfun_registry.obj
 0001:00012f50       sf_process_get_post_codegen_info_call 0000000180013f50 f   HardwareDeploymentTest_sfun_registry.obj
 0001:00013180       sf_process_get_updateBuildInfo_args_info_call 0000000180014180 f   HardwareDeploymentTest_sfun_registry.obj
 0001:000133b0       sf_process_get_eml_resolved_functions_info_call 00000001800143b0 f   HardwareDeploymentTest_sfun_registry.obj
 0001:000135e0       sf_mex_unlock_call         00000001800145e0 f   HardwareDeploymentTest_sfun_registry.obj
 0001:00013800       sf_machine_global_initializer_called 0000000180014800 f   HardwareDeploymentTest_sfun_registry.obj
 0001:00013830       sf_machine_global_method_dispatcher 0000000180014830 f   HardwareDeploymentTest_sfun_registry.obj
 0001:00013890       sf_machine_global_terminator 0000000180014890 f   HardwareDeploymentTest_sfun_registry.obj
 0001:000138c0       callCustomFcn              00000001800148c0 f   HardwareDeploymentTest_sfun_registry.obj
 0001:000138d0       sf_machine_global_initializer 00000001800148d0 f   HardwareDeploymentTest_sfun_registry.obj
 0001:00013900       mdlGetSimState             0000000180014900 f   HardwareDeploymentTest_sfun_registry.obj
 0001:00013940       mdlSetSimState             0000000180014940 f   HardwareDeploymentTest_sfun_registry.obj
 0001:000142d0       ProcessMexSfunctionEveryCall 00000001800152d0 f   HardwareDeploymentTest_sfun_registry.obj
 0001:00015450       __local_stdio_printf_options 0000000180016450 f i HardwareDeploymentTest_sfun_registry.obj
 0001:00015460       _vsnprintf_l               0000000180016460 f i HardwareDeploymentTest_sfun_registry.obj
 0001:000154e0       _vsprintf_l                00000001800164e0 f i HardwareDeploymentTest_sfun_registry.obj
 0001:00015530       sprintf                    0000000180016530 f i HardwareDeploymentTest_sfun_registry.obj
 0001:00015580       mexfilerequiredapiversion  0000000180016580 f   c_mexapi_version.obj
 0001:000155b0       getBitfieldFromFloat       00000001800165b0 f   half_type.obj
 0001:000155e0       getFloatFromBitfield       00000001800165e0 f   half_type.obj
 0001:00015610       getBitfieldFromHalf        0000000180016610 f   half_type.obj
 0001:00015630       getHalfFromBitfield        0000000180016630 f   half_type.obj
 0001:00015660       halfToFloat                0000000180016660 f   half_type.obj
 0001:000157e0       halfToDouble               00000001800167e0 f   half_type.obj
 0001:00015810       floatToHalf                0000000180016810 f   half_type.obj
 0001:00015a70       doubleToHalf               0000000180016a70 f   half_type.obj
 0001:00015d5b       grayto8_real64             0000000180016d5b f   libmwgrayto8:libmwgrayto8.dll
 0001:00015d61       rgb2gray_tbb_uint8         0000000180016d61 f   libmwrgb2gray_tbb:libmwrgb2gray_tbb.dll
 0001:00015d67       getnumcores                0000000180016d67 f   libmwgetnumcores:libmwgetnumcores.dll
 0001:00015d6d       sf_load_rtw_optimization_info 0000000180016d6d f   sf_runtime:sf_runtime.dll
 0001:00015d73       sf_mex_decode              0000000180016d73 f   sf_runtime:sf_runtime.dll
 0001:00015d79       sf_init_ChartRunTimeInfo   0000000180016d79 f   sf_runtime:sf_runtime.dll
 0001:00015d7f       sf_free_ChartRunTimeInfo   0000000180016d7f f   sf_runtime:sf_runtime.dll
 0001:00015d85       sf_reset_warnings_ChartRunTimeInfo 0000000180016d85 f   sf_runtime:sf_runtime.dll
 0001:00015d8b       sfrtGetEmlrtCtx            0000000180016d8b f   sf_runtime:sf_runtime.dll
 0001:00015d91       sfrtGetCovrtInstance       0000000180016d91 f   sf_runtime:sf_runtime.dll
 0001:00015d97       sf_get_chart_instance_ptr  0000000180016d97 f   sf_runtime:sf_runtime.dll
 0001:00015d9d       sfSetAnimationVectors      0000000180016d9d f   sf_runtime:sf_runtime.dll
 0001:00015da3       sim_mode_is_rtw_gen        0000000180016da3 f   sf_runtime:sf_runtime.dll
 0001:00015da9       sim_mode_is_external       0000000180016da9 f   sf_runtime:sf_runtime.dll
 0001:00015daf       sf_clear_rtw_identifier    0000000180016daf f   sf_runtime:sf_runtime.dll
 0001:00015db5       sf_get_time                0000000180016db5 f   sf_runtime:sf_runtime.dll
 0001:00015dbb       sf_set_work_widths         0000000180016dbb f   sf_runtime:sf_runtime.dll
 0001:00015dc1       mdlProcessParamsCommon     0000000180016dc1 f   sf_runtime:sf_runtime.dll
 0001:00015dc7       sf_mex_call                0000000180016dc7 f   sf_runtime:sf_runtime.dll
 0001:00015dcd       sf_mex_error_message       0000000180016dcd f   sf_runtime:sf_runtime.dll
 0001:00015dd3       sf_mex_create              0000000180016dd3 f   sf_runtime:sf_runtime.dll
 0001:00015dd9       sf_mex_createcellmatrix    0000000180016dd9 f   sf_runtime:sf_runtime.dll
 0001:00015ddf       sf_mex_setcell             0000000180016ddf f   sf_runtime:sf_runtime.dll
 0001:00015de5       sf_mex_getcell             0000000180016de5 f   sf_runtime:sf_runtime.dll
 0001:00015deb       sf_mex_assign              0000000180016deb f   sf_runtime:sf_runtime.dll
 0001:00015df1       sf_mex_dup                 0000000180016df1 f   sf_runtime:sf_runtime.dll
 0001:00015df7       sf_mex_destroy             0000000180016df7 f   sf_runtime:sf_runtime.dll
 0001:00015dfd       sf_mex_import              0000000180016dfd f   sf_runtime:sf_runtime.dll
 0001:00015e03       ssGetInputPortSignal_wrapper 0000000180016e03 f   sf_runtime:sf_runtime.dll
 0001:00015e09       ssGetOutputPortSignal_wrapper 0000000180016e09 f   sf_runtime:sf_runtime.dll
 0001:00015e0f       sf_data_overflow_error     0000000180016e0f f   sf_runtime:sf_runtime.dll
 0001:00015e15       sf_data_saturate_error     0000000180016e15 f   sf_runtime:sf_runtime.dll
 0001:00015e1b       sf_get_ChartInfoStruct_CodeGen 0000000180016e1b f   sf_runtime:sf_runtime.dll
 0001:00015e21       sf_get_hasSeparateUpdateOutputs 0000000180016e21 f   sf_runtime:sf_runtime.dll
 0001:00015e27       callMdlMethodAndReportError 0000000180016e27 f   sf_runtime:sf_runtime.dll
 0001:00015e2d       call_sf_machine_global_method_dispatcher 0000000180016e2d f   sf_runtime:sf_runtime.dll
 0001:00015e33       getRuntimeInstanceInfoAsVoid 0000000180016e33 f   sf_runtime:sf_runtime.dll
 0001:00015e39       sf_mex_error_direct_call   0000000180016e39 f   sf_runtime:sf_runtime.dll
 0001:00015e3f       sf_clear_error_manager_info 0000000180016e3f f   sf_runtime:sf_runtime.dll
 0001:00015e45       mxIsChar_800               0000000180016e45 f   libmx:libmx.dll
 0001:00015e4b       mxGetScalar_800            0000000180016e4b f   libmx:libmx.dll
 0001:00015e51       mxGetPr_800                0000000180016e51 f   libmx:libmx.dll
 0001:00015e57       mxDestroyArray_800         0000000180016e57 f   libmx:libmx.dll
 0001:00015e5d       mxCreateDoubleMatrix_800   0000000180016e5d f   libmx:libmx.dll
 0001:00015e63       mxGetString_800            0000000180016e63 f   libmx:libmx.dll
 0001:00015e69       mxDuplicateArray_800       0000000180016e69 f   libmx:libmx.dll
 0001:00015e6f       mxSetCell_800              0000000180016e6f f   libmx:libmx.dll
 0001:00015e75       mxSetField_800             0000000180016e75 f   libmx:libmx.dll
 0001:00015e7b       mxCreateString_800         0000000180016e7b f   libmx:libmx.dll
 0001:00015e81       mxCreateCellMatrix_800     0000000180016e81 f   libmx:libmx.dll
 0001:00015e87       mxCreateStructMatrix_800   0000000180016e87 f   libmx:libmx.dll
 0001:00015e8d       mxGetInf_800               0000000180016e8d f   libmx:libmx.dll
 0001:00015e93       mxCalloc_800               0000000180016e93 f   libmx:libmx.dll
 0001:00015e99       mxGetM_800                 0000000180016e99 f   libmx:libmx.dll
 0001:00015e9f       mxGetClassID_800           0000000180016e9f f   libmx:libmx.dll
 0001:00015ea5       mxIsNumeric_800            0000000180016ea5 f   libmx:libmx.dll
 0001:00015eab       mxIsComplex_800            0000000180016eab f   libmx:libmx.dll
 0001:00015eb1       mxGetN_800                 0000000180016eb1 f   libmx:libmx.dll
 0001:00015eb7       mxCreateDoubleScalar_800   0000000180016eb7 f   libmx:libmx.dll
 0001:00015ebd       mexMakeArrayPersistent_800 0000000180016ebd f   libmex:libmex.dll
 0001:00015ec3       mexErrMsgTxt_800           0000000180016ec3 f   libmex:libmex.dll
 0001:00015ec9       mexWarnMsgTxt_800          0000000180016ec9 f   libmex:libmex.dll
 0001:00015ecf       mexCallMATLAB_800          0000000180016ecf f   libmex:libmex.dll
 0001:00015ed5       mexLock_800                0000000180016ed5 f   libmex:libmex.dll
 0001:00015edb       mexUnlock_800              0000000180016edb f   libmex:libmex.dll
 0001:00015ee1       mexIsLocked_800            0000000180016ee1 f   libmex:libmex.dll
 0001:00015ee7       utMalloc                   0000000180016ee7 f   libut:libut.dll
 0001:00015eed       utFree                     0000000180016eed f   libut:libut.dll
 0001:00015ef3       muDoubleScalarFloor        0000000180016ef3 f   libmwmathutil:libmwmathutil.dll
 0001:00015ef9       muDoubleScalarIsNaN        0000000180016ef9 f   libmwmathutil:libmwmathutil.dll
 0001:00015eff       muDoubleScalarIsInf        0000000180016eff f   libmwmathutil:libmwmathutil.dll
 0001:00015f05       muDoubleScalarRound        0000000180016f05 f   libmwmathutil:libmwmathutil.dll
 0001:00015f0b       emlrtLicenseCheckR2022a    0000000180016f0b f   libemlrt:libemlrt.dll
 0001:00015f11       emlrtDynamicBoundsCheckR2012b 0000000180016f11 f   libemlrt:libemlrt.dll
 0001:00015f17       emlrtIntegerCheckR2012b    0000000180016f17 f   libemlrt:libemlrt.dll
 0001:00015f1d       covrtCreateStateflowInstanceData 0000000180016f1d f   libcovrt:libcovrt.dll
 0001:00015f23       covrtDeleteStateflowInstanceData 0000000180016f23 f   libcovrt:libcovrt.dll
 0001:00015f29       covrtTransInitFcn          0000000180016f29 f   libcovrt:libcovrt.dll
 0001:00015f2f       covrtStateInitFcn          0000000180016f2f f   libcovrt:libcovrt.dll
 0001:00015f35       covrtChartInitFcn          0000000180016f35 f   libcovrt:libcovrt.dll
 0001:00015f3b       covrtSigUpdateFcn          0000000180016f3b f   libcovrt:libcovrt.dll
 0001:00015f41       covrtEmlInitFcn            0000000180016f41 f   libcovrt:libcovrt.dll
 0001:00015f47       covrtEmlFcnInitFcn         0000000180016f47 f   libcovrt:libcovrt.dll
 0001:00015f4d       covrtEmlFcnEval            0000000180016f4d f   libcovrt:libcovrt.dll
 0001:00015f53       covrtSaturationUpdateFcn   0000000180016f53 f   libcovrt:libcovrt.dll
 0001:00015f59       covrtEmlSaturationInitFcn  0000000180016f59 f   libcovrt:libcovrt.dll
 0001:00015f60       __raise_securityfailure    0000000180016f60 f   MSVCRT:gs_report.obj
 0001:00015f94       __report_gsfailure         0000000180016f94 f   MSVCRT:gs_report.obj
 0001:00016068       __report_rangecheckfailure 0000000180017068 f   MSVCRT:gs_report.obj
 0001:0001607c       __report_securityfailure   000000018001707c f   MSVCRT:gs_report.obj
 0001:00016118       __report_securityfailureEx 0000000180017118 f   MSVCRT:gs_report.obj
 0001:0001630c       __GSHandlerCheck           000000018001730c f   MSVCRT:gshandler.obj
 0001:0001632c       __GSHandlerCheckCommon     000000018001732c f   MSVCRT:gshandler.obj
 0001:000163a0       __security_check_cookie    00000001800173a0 f   MSVCRT:amdsecgs.obj
 0001:000163d0       __chkstk                   00000001800173d0 f   MSVCRT:chkstk.obj
 0001:000163d0       _alloca_probe              00000001800173d0 f   MSVCRT:chkstk.obj
 0001:0001675c       _CRT_INIT                  000000018001775c f   MSVCRT:dll_dllmain.obj
 0001:00016764       _DllMainCRTStartup         0000000180017764 f   MSVCRT:dll_dllmain.obj
 0001:00016810       __security_init_cookie     0000000180017810 f   MSVCRT:gs_support.obj
 0001:000168bc       DllMain                    00000001800178bc f   MSVCRT:dll_dllmain_stub.obj
 0001:000168e0       ?__scrt_initialize_type_info@@YAXXZ 00000001800178e0 f   MSVCRT:tncleanup.obj
 0001:000168f0       ?__scrt_uninitialize_type_info@@YAXXZ 00000001800178f0 f   MSVCRT:tncleanup.obj
 0001:000168fc       __local_stdio_scanf_options 00000001800178fc f i MSVCRT:default_local_stdio_options.obj
 0001:00016904       __scrt_initialize_default_local_stdio_options 0000000180017904 f   MSVCRT:default_local_stdio_options.obj
 0001:00016920       ?configure_argv@__scrt_narrow_argv_policy@@SAHXZ 0000000180017920 f i MSVCRT:utility.obj
 0001:00016980       ?initialize_environment@__scrt_narrow_environment_policy@@SAHXZ 0000000180017980 f i MSVCRT:utility.obj
 0001:000169b8       NtCurrentTeb               00000001800179b8 f i MSVCRT:utility.obj
 0001:000169c4       __scrt_acquire_startup_lock 00000001800179c4 f   MSVCRT:utility.obj
 0001:00016a00       __scrt_dllmain_after_initialize_c 0000000180017a00 f   MSVCRT:utility.obj
 0001:00016a34       __scrt_dllmain_before_initialize_c 0000000180017a34 f   MSVCRT:utility.obj
 0001:00016a4c       __scrt_dllmain_crt_thread_attach 0000000180017a4c f   MSVCRT:utility.obj
 0001:00016a74       __scrt_dllmain_crt_thread_detach 0000000180017a74 f   MSVCRT:utility.obj
 0001:00016a8c       __scrt_dllmain_exception_filter 0000000180017a8c f   MSVCRT:utility.obj
 0001:00016aec       __scrt_dllmain_uninitialize_c 0000000180017aec f   MSVCRT:utility.obj
 0001:00016b1c       __scrt_dllmain_uninitialize_critical 0000000180017b1c f   MSVCRT:utility.obj
 0001:00016b30       __scrt_initialize_crt      0000000180017b30 f   MSVCRT:utility.obj
 0001:00016b7c       __scrt_initialize_onexit_tables 0000000180017b7c f   MSVCRT:utility.obj
 0001:00016c08       __scrt_is_nonwritable_in_current_image 0000000180017c08 f   MSVCRT:utility.obj
 0001:00016ca0       __scrt_release_startup_lock 0000000180017ca0 f   MSVCRT:utility.obj
 0001:00016cc4       __scrt_uninitialize_crt    0000000180017cc4 f   MSVCRT:utility.obj
 0001:00016cf0       _onexit                    0000000180017cf0 f   MSVCRT:utility.obj
 0001:00016d2c       at_quick_exit              0000000180017d2c f   MSVCRT:utility.obj
 0001:00016d4c       atexit                     0000000180017d4c f   MSVCRT:utility.obj
 0001:00016d64       __scrt_get_dyn_tls_init_callback 0000000180017d64 f   MSVCRT:dyn_tls_init.obj
 0001:00016d6c       __crt_debugger_hook        0000000180017d6c f   MSVCRT:utility_desktop.obj
 0001:00016d74       __scrt_fastfail            0000000180017d74 f   MSVCRT:utility_desktop.obj
 0001:00016ec0       __scrt_get_show_window_mode 0000000180017ec0 f   MSVCRT:utility_desktop.obj
 0001:00016efc       __scrt_initialize_mta      0000000180017efc f   MSVCRT:utility_desktop.obj
 0001:00016f04       __scrt_initialize_winrt    0000000180017f04 f   MSVCRT:utility_desktop.obj
 0001:00016f08       __scrt_is_managed_app      0000000180017f08 f   MSVCRT:utility_desktop.obj
 0001:00016f5c       __scrt_set_unhandled_exception_filter 0000000180017f5c f   MSVCRT:utility_desktop.obj
 0001:00016f6c       __scrt_exe_initialize_mta  0000000180017f6c f   MSVCRT:utility_desktop.obj
 0001:00016f6c       __scrt_stub_for_initialize_mta 0000000180017f6c f   MSVCRT:utility_desktop.obj
 0001:00016f70       __scrt_unhandled_exception_filter 0000000180017f70 f   MSVCRT:utility_desktop.obj
 0001:00016fcc       _RTC_Initialize            0000000180017fcc f   MSVCRT:initsect.obj
 0001:00017008       _RTC_Terminate             0000000180018008 f   MSVCRT:initsect.obj
 0001:00017044       _guard_check_icall_nop     0000000180018044 f i MSVCRT:guard_support.obj
 0001:00017048       ReadNoFence64              0000000180018048 f i MSVCRT:guard_support.obj
 0001:0001704c       ReadPointerNoFence         000000018001804c f i MSVCRT:guard_support.obj
 0001:00017050       __castguard_check_failure_debugbreak 0000000180018050 f i MSVCRT:guard_support.obj
 0001:0001706c       __castguard_check_failure_fastfail 000000018001806c f i MSVCRT:guard_support.obj
 0001:00017090       __castguard_check_failure_nop 0000000180018090 f i MSVCRT:guard_support.obj
 0001:00017094       __castguard_check_failure_os_handled 0000000180018094 f i MSVCRT:guard_support.obj
 0001:00017110       __castguard_slow_path_check_debugbreak 0000000180018110 f i MSVCRT:guard_support.obj
 0001:00017144       __castguard_slow_path_check_fastfail 0000000180018144 f i MSVCRT:guard_support.obj
 0001:00017180       __castguard_slow_path_check_nop 0000000180018180 f i MSVCRT:guard_support.obj
 0001:00017184       __castguard_slow_path_check_os_handled 0000000180018184 f i MSVCRT:guard_support.obj
 0001:000171f4       _guard_icall_checks_enforced 00000001800181f4 f i MSVCRT:guard_support.obj
 0001:0001720c       _guard_rf_checks_enforced  000000018001820c f i MSVCRT:guard_support.obj
 0001:00017210       __isa_available_init       0000000180018210 f   MSVCRT:cpu_disp.obj
 0001:000173bc       _get_startup_argv_mode     00000001800183bc f   MSVCRT:argv_mode.obj
 0001:000173c4       __scrt_is_ucrt_dll_in_use  00000001800183c4 f   MSVCRT:ucrt_detection.obj
 0001:000173d0       RtlCaptureContext          00000001800183d0 f   kernel32:KERNEL32.dll
 0001:000173d6       RtlLookupFunctionEntry     00000001800183d6 f   kernel32:KERNEL32.dll
 0001:000173dc       RtlVirtualUnwind           00000001800183dc f   kernel32:KERNEL32.dll
 0001:000173e2       UnhandledExceptionFilter   00000001800183e2 f   kernel32:KERNEL32.dll
 0001:000173e8       SetUnhandledExceptionFilter 00000001800183e8 f   kernel32:KERNEL32.dll
 0001:000173ee       GetCurrentProcess          00000001800183ee f   kernel32:KERNEL32.dll
 0001:000173f4       TerminateProcess           00000001800183f4 f   kernel32:KERNEL32.dll
 0001:000173fa       IsProcessorFeaturePresent  00000001800183fa f   kernel32:KERNEL32.dll
 0001:00017400       QueryPerformanceCounter    0000000180018400 f   kernel32:KERNEL32.dll
 0001:00017406       GetCurrentProcessId        0000000180018406 f   kernel32:KERNEL32.dll
 0001:0001740c       GetCurrentThreadId         000000018001840c f   kernel32:KERNEL32.dll
 0001:00017412       GetSystemTimeAsFileTime    0000000180018412 f   kernel32:KERNEL32.dll
 0001:00017418       DisableThreadLibraryCalls  0000000180018418 f   kernel32:KERNEL32.dll
 0001:0001741e       InitializeSListHead        000000018001841e f   kernel32:KERNEL32.dll
 0001:00017424       IsDebuggerPresent          0000000180018424 f   kernel32:KERNEL32.dll
 0001:0001742a       GetStartupInfoW            000000018001842a f   kernel32:KERNEL32.dll
 0001:00017430       GetModuleHandleW           0000000180018430 f   kernel32:KERNEL32.dll
 0001:00017436       memset                     0000000180018436 f   vcruntime:VCRUNTIME140.dll
 0001:0001743c       memcpy                     000000018001843c f   vcruntime:VCRUNTIME140.dll
 0001:00017442       __C_specific_handler       0000000180018442 f   vcruntime:VCRUNTIME140.dll
 0001:00017448       __std_type_info_destroy_list 0000000180018448 f   vcruntime:VCRUNTIME140.dll
 0001:0001744e       __current_exception        000000018001844e f   vcruntime:VCRUNTIME140.dll
 0001:00017454       __current_exception_context 0000000180018454 f   vcruntime:VCRUNTIME140.dll
 0001:0001745a       strcmp                     000000018001845a f   ucrt:api-ms-win-crt-string-l1-1-0.dll
 0001:00017460       strcat                     0000000180018460 f   ucrt:api-ms-win-crt-string-l1-1-0.dll
 0001:00017466       __stdio_common_vsprintf    0000000180018466 f   ucrt:api-ms-win-crt-stdio-l1-1-0.dll
 0001:0001746c       free                       000000018001846c f   ucrt:api-ms-win-crt-heap-l1-1-0.dll
 0001:00017472       malloc                     0000000180018472 f   ucrt:api-ms-win-crt-heap-l1-1-0.dll
 0001:00017478       strlen                     0000000180018478 f   ucrt:api-ms-win-crt-string-l1-1-0.dll
 0001:0001747e       _initterm                  000000018001847e f   ucrt:api-ms-win-crt-runtime-l1-1-0.dll
 0001:00017484       _initterm_e                0000000180018484 f   ucrt:api-ms-win-crt-runtime-l1-1-0.dll
 0001:0001748a       _seh_filter_dll            000000018001848a f   ucrt:api-ms-win-crt-runtime-l1-1-0.dll
 0001:00017490       _configure_narrow_argv     0000000180018490 f   ucrt:api-ms-win-crt-runtime-l1-1-0.dll
 0001:00017496       _initialize_narrow_environment 0000000180018496 f   ucrt:api-ms-win-crt-runtime-l1-1-0.dll
 0001:0001749c       _initialize_onexit_table   000000018001849c f   ucrt:api-ms-win-crt-runtime-l1-1-0.dll
 0001:000174a2       _register_onexit_function  00000001800184a2 f   ucrt:api-ms-win-crt-runtime-l1-1-0.dll
 0001:000174a8       _execute_onexit_table      00000001800184a8 f   ucrt:api-ms-win-crt-runtime-l1-1-0.dll
 0001:000174ae       _crt_atexit                00000001800184ae f   ucrt:api-ms-win-crt-runtime-l1-1-0.dll
 0001:000174b4       _crt_at_quick_exit         00000001800184b4 f   ucrt:api-ms-win-crt-runtime-l1-1-0.dll
 0001:000174ba       _cexit                     00000001800184ba f   ucrt:api-ms-win-crt-runtime-l1-1-0.dll
 0001:000174c0       terminate                  00000001800184c0 f   ucrt:api-ms-win-crt-runtime-l1-1-0.dll
 0001:000174c8       __acrt_initialize          00000001800184c8 f   MSVCRT:ucrt_stubs.obj
 0001:000174c8       __scrt_stub_for_acrt_initialize 00000001800184c8 f   MSVCRT:ucrt_stubs.obj
 0001:000174c8       __vcrt_initialize          00000001800184c8 f   MSVCRT:ucrt_stubs.obj
 0001:000174cc       __acrt_thread_attach       00000001800184cc f   MSVCRT:ucrt_stubs.obj
 0001:000174cc       __scrt_stub_for_acrt_thread_attach 00000001800184cc f   MSVCRT:ucrt_stubs.obj
 0001:000174cc       __vcrt_thread_attach       00000001800184cc f   MSVCRT:ucrt_stubs.obj
 0001:000174d0       __acrt_thread_detach       00000001800184d0 f   MSVCRT:ucrt_stubs.obj
 0001:000174d0       __scrt_stub_for_acrt_thread_detach 00000001800184d0 f   MSVCRT:ucrt_stubs.obj
 0001:000174d0       __vcrt_thread_detach       00000001800184d0 f   MSVCRT:ucrt_stubs.obj
 0001:000174d4       __acrt_uninitialize        00000001800184d4 f   MSVCRT:ucrt_stubs.obj
 0001:000174d4       __scrt_stub_for_acrt_uninitialize 00000001800184d4 f   MSVCRT:ucrt_stubs.obj
 0001:000174d4       __vcrt_uninitialize        00000001800184d4 f   MSVCRT:ucrt_stubs.obj
 0001:000174d8       __acrt_uninitialize_critical 00000001800184d8 f   MSVCRT:ucrt_stubs.obj
 0001:000174d8       __scrt_stub_for_acrt_uninitialize_critical 00000001800184d8 f   MSVCRT:ucrt_stubs.obj
 0001:000174d8       __vcrt_uninitialize_critical 00000001800184d8 f   MSVCRT:ucrt_stubs.obj
 0001:000174dc       __scrt_stub_for_is_c_termination_complete 00000001800184dc f   MSVCRT:ucrt_stubs.obj
 0001:000174dc       _is_c_termination_complete 00000001800184dc f   MSVCRT:ucrt_stubs.obj
 0001:000174f0       _guard_dispatch_icall_nop  00000001800184f0 f   MSVCRT:guard_dispatch.obj
 0001:00017510       _guard_xfg_dispatch_icall_nop 0000000180018510 f   MSVCRT:guard_xfg_dispatch.obj
 0002:00000000       __imp_GetSystemTimeAsFileTime 0000000180019000     kernel32:KERNEL32.dll
 0002:00000008       __imp_IsProcessorFeaturePresent 0000000180019008     kernel32:KERNEL32.dll
 0002:00000010       __imp_RtlCaptureContext    0000000180019010     kernel32:KERNEL32.dll
 0002:00000018       __imp_RtlLookupFunctionEntry 0000000180019018     kernel32:KERNEL32.dll
 0002:00000020       __imp_QueryPerformanceCounter 0000000180019020     kernel32:KERNEL32.dll
 0002:00000028       __imp_GetCurrentProcessId  0000000180019028     kernel32:KERNEL32.dll
 0002:00000030       __imp_GetCurrentThreadId   0000000180019030     kernel32:KERNEL32.dll
 0002:00000038       __imp_DisableThreadLibraryCalls 0000000180019038     kernel32:KERNEL32.dll
 0002:00000040       __imp_InitializeSListHead  0000000180019040     kernel32:KERNEL32.dll
 0002:00000048       __imp_IsDebuggerPresent    0000000180019048     kernel32:KERNEL32.dll
 0002:00000050       __imp_GetStartupInfoW      0000000180019050     kernel32:KERNEL32.dll
 0002:00000058       __imp_GetModuleHandleW     0000000180019058     kernel32:KERNEL32.dll
 0002:00000060       __imp_GetCurrentProcess    0000000180019060     kernel32:KERNEL32.dll
 0002:00000068       __imp_SetUnhandledExceptionFilter 0000000180019068     kernel32:KERNEL32.dll
 0002:00000070       __imp_UnhandledExceptionFilter 0000000180019070     kernel32:KERNEL32.dll
 0002:00000078       __imp_RtlVirtualUnwind     0000000180019078     kernel32:KERNEL32.dll
 0002:00000080       __imp_TerminateProcess     0000000180019080     kernel32:KERNEL32.dll
 0002:00000088       \177KERNEL32_NULL_THUNK_DATA 0000000180019088     kernel32:KERNEL32.dll
 0002:00000090       __imp_memset               0000000180019090     vcruntime:VCRUNTIME140.dll
 0002:00000098       __imp_memcpy               0000000180019098     vcruntime:VCRUNTIME140.dll
 0002:000000a0       __imp___C_specific_handler 00000001800190a0     vcruntime:VCRUNTIME140.dll
 0002:000000a8       __imp___std_type_info_destroy_list 00000001800190a8     vcruntime:VCRUNTIME140.dll
 0002:000000b0       __imp___current_exception  00000001800190b0     vcruntime:VCRUNTIME140.dll
 0002:000000b8       __imp___current_exception_context 00000001800190b8     vcruntime:VCRUNTIME140.dll
 0002:000000c0       \177VCRUNTIME140_NULL_THUNK_DATA 00000001800190c0     vcruntime:VCRUNTIME140.dll
 0002:000000c8       __imp_malloc               00000001800190c8     ucrt:api-ms-win-crt-heap-l1-1-0.dll
 0002:000000d0       __imp_free                 00000001800190d0     ucrt:api-ms-win-crt-heap-l1-1-0.dll
 0002:000000d8       \177api-ms-win-crt-heap-l1-1-0_NULL_THUNK_DATA 00000001800190d8     ucrt:api-ms-win-crt-heap-l1-1-0.dll
 0002:000000e0       __imp__seh_filter_dll      00000001800190e0     ucrt:api-ms-win-crt-runtime-l1-1-0.dll
 0002:000000e8       __imp__configure_narrow_argv 00000001800190e8     ucrt:api-ms-win-crt-runtime-l1-1-0.dll
 0002:000000f0       __imp__initialize_onexit_table 00000001800190f0     ucrt:api-ms-win-crt-runtime-l1-1-0.dll
 0002:000000f8       __imp__register_onexit_function 00000001800190f8     ucrt:api-ms-win-crt-runtime-l1-1-0.dll
 0002:00000100       __imp__execute_onexit_table 0000000180019100     ucrt:api-ms-win-crt-runtime-l1-1-0.dll
 0002:00000108       __imp__crt_atexit          0000000180019108     ucrt:api-ms-win-crt-runtime-l1-1-0.dll
 0002:00000110       __imp__initialize_narrow_environment 0000000180019110     ucrt:api-ms-win-crt-runtime-l1-1-0.dll
 0002:00000118       __imp__initterm_e          0000000180019118     ucrt:api-ms-win-crt-runtime-l1-1-0.dll
 0002:00000120       __imp__crt_at_quick_exit   0000000180019120     ucrt:api-ms-win-crt-runtime-l1-1-0.dll
 0002:00000128       __imp__cexit               0000000180019128     ucrt:api-ms-win-crt-runtime-l1-1-0.dll
 0002:00000130       __imp_terminate            0000000180019130     ucrt:api-ms-win-crt-runtime-l1-1-0.dll
 0002:00000138       __imp__initterm            0000000180019138     ucrt:api-ms-win-crt-runtime-l1-1-0.dll
 0002:00000140       \177api-ms-win-crt-runtime-l1-1-0_NULL_THUNK_DATA 0000000180019140     ucrt:api-ms-win-crt-runtime-l1-1-0.dll
 0002:00000148       __imp___stdio_common_vsprintf 0000000180019148     ucrt:api-ms-win-crt-stdio-l1-1-0.dll
 0002:00000150       \177api-ms-win-crt-stdio-l1-1-0_NULL_THUNK_DATA 0000000180019150     ucrt:api-ms-win-crt-stdio-l1-1-0.dll
 0002:00000158       __imp_strlen               0000000180019158     ucrt:api-ms-win-crt-string-l1-1-0.dll
 0002:00000160       __imp_strcat               0000000180019160     ucrt:api-ms-win-crt-string-l1-1-0.dll
 0002:00000168       __imp_strcmp               0000000180019168     ucrt:api-ms-win-crt-string-l1-1-0.dll
 0002:00000170       \177api-ms-win-crt-string-l1-1-0_NULL_THUNK_DATA 0000000180019170     ucrt:api-ms-win-crt-string-l1-1-0.dll
 0002:00000178       __imp_covrtCreateStateflowInstanceData 0000000180019178     libcovrt:libcovrt.dll
 0002:00000180       __imp_covrtEmlSaturationInitFcn 0000000180019180     libcovrt:libcovrt.dll
 0002:00000188       __imp_covrtSaturationUpdateFcn 0000000180019188     libcovrt:libcovrt.dll
 0002:00000190       __imp_covrtEmlFcnEval      0000000180019190     libcovrt:libcovrt.dll
 0002:00000198       __imp_covrtEmlFcnInitFcn   0000000180019198     libcovrt:libcovrt.dll
 0002:000001a0       __imp_covrtEmlInitFcn      00000001800191a0     libcovrt:libcovrt.dll
 0002:000001a8       __imp_covrtSigUpdateFcn    00000001800191a8     libcovrt:libcovrt.dll
 0002:000001b0       __imp_covrtChartInitFcn    00000001800191b0     libcovrt:libcovrt.dll
 0002:000001b8       __imp_covrtStateInitFcn    00000001800191b8     libcovrt:libcovrt.dll
 0002:000001c0       __imp_covrtTransInitFcn    00000001800191c0     libcovrt:libcovrt.dll
 0002:000001c8       __imp_covrtDeleteStateflowInstanceData 00000001800191c8     libcovrt:libcovrt.dll
 0002:000001d0       \177libcovrt_NULL_THUNK_DATA 00000001800191d0     libcovrt:libcovrt.dll
 0002:000001d8       __imp_emlrtIntegerCheckR2012b 00000001800191d8     libemlrt:libemlrt.dll
 0002:000001e0       __imp_emlrtDynamicBoundsCheckR2012b 00000001800191e0     libemlrt:libemlrt.dll
 0002:000001e8       __imp_emlrtLicenseCheckR2022a 00000001800191e8     libemlrt:libemlrt.dll
 0002:000001f0       \177libemlrt_NULL_THUNK_DATA 00000001800191f0     libemlrt:libemlrt.dll
 0002:000001f8       __imp_mexUnlock_800        00000001800191f8     libmex:libmex.dll
 0002:00000200       __imp_mexMakeArrayPersistent_800 0000000180019200     libmex:libmex.dll
 0002:00000208       __imp_mexErrMsgTxt_800     0000000180019208     libmex:libmex.dll
 0002:00000210       __imp_mexWarnMsgTxt_800    0000000180019210     libmex:libmex.dll
 0002:00000218       __imp_mexCallMATLAB_800    0000000180019218     libmex:libmex.dll
 0002:00000220       __imp_mexLock_800          0000000180019220     libmex:libmex.dll
 0002:00000228       __imp_mexIsLocked_800      0000000180019228     libmex:libmex.dll
 0002:00000230       \177libmex_NULL_THUNK_DATA 0000000180019230     libmex:libmex.dll
 0002:00000238       __imp_getnumcores          0000000180019238     libmwgetnumcores:libmwgetnumcores.dll
 0002:00000240       \177libmwgetnumcores_NULL_THUNK_DATA 0000000180019240     libmwgetnumcores:libmwgetnumcores.dll
 0002:00000248       __imp_grayto8_real64       0000000180019248     libmwgrayto8:libmwgrayto8.dll
 0002:00000250       \177libmwgrayto8_NULL_THUNK_DATA 0000000180019250     libmwgrayto8:libmwgrayto8.dll
 0002:00000258       __imp_muDoubleScalarIsNaN  0000000180019258     libmwmathutil:libmwmathutil.dll
 0002:00000260       __imp_muDoubleScalarIsInf  0000000180019260     libmwmathutil:libmwmathutil.dll
 0002:00000268       __imp_muDoubleScalarRound  0000000180019268     libmwmathutil:libmwmathutil.dll
 0002:00000270       __imp_muDoubleScalarFloor  0000000180019270     libmwmathutil:libmwmathutil.dll
 0002:00000278       \177libmwmathutil_NULL_THUNK_DATA 0000000180019278     libmwmathutil:libmwmathutil.dll
 0002:00000280       __imp_rgb2gray_tbb_uint8   0000000180019280     libmwrgb2gray_tbb:libmwrgb2gray_tbb.dll
 0002:00000288       \177libmwrgb2gray_tbb_NULL_THUNK_DATA 0000000180019288     libmwrgb2gray_tbb:libmwrgb2gray_tbb.dll
 0002:00000290       __imp_mxIsComplex_800      0000000180019290     libmx:libmx.dll
 0002:00000298       __imp_mxIsNumeric_800      0000000180019298     libmx:libmx.dll
 0002:000002a0       __imp_mxGetClassID_800     00000001800192a0     libmx:libmx.dll
 0002:000002a8       __imp_mxGetM_800           00000001800192a8     libmx:libmx.dll
 0002:000002b0       __imp_mxGetN_800           00000001800192b0     libmx:libmx.dll
 0002:000002b8       __imp_mxCreateDoubleScalar_800 00000001800192b8     libmx:libmx.dll
 0002:000002c0       __imp_mxCreateStructMatrix_800 00000001800192c0     libmx:libmx.dll
 0002:000002c8       __imp_mxCreateCellMatrix_800 00000001800192c8     libmx:libmx.dll
 0002:000002d0       __imp_mxCreateString_800   00000001800192d0     libmx:libmx.dll
 0002:000002d8       __imp_mxSetField_800       00000001800192d8     libmx:libmx.dll
 0002:000002e0       __imp_mxSetCell_800        00000001800192e0     libmx:libmx.dll
 0002:000002e8       __imp_mxDuplicateArray_800 00000001800192e8     libmx:libmx.dll
 0002:000002f0       __imp_mxGetString_800      00000001800192f0     libmx:libmx.dll
 0002:000002f8       __imp_mxCreateDoubleMatrix_800 00000001800192f8     libmx:libmx.dll
 0002:00000300       __imp_mxDestroyArray_800   0000000180019300     libmx:libmx.dll
 0002:00000308       __imp_mxGetPr_800          0000000180019308     libmx:libmx.dll
 0002:00000310       __imp_mxGetScalar_800      0000000180019310     libmx:libmx.dll
 0002:00000318       __imp_mxIsChar_800         0000000180019318     libmx:libmx.dll
 0002:00000320       __imp_mxGetInf_800         0000000180019320     libmx:libmx.dll
 0002:00000328       __imp_mxCalloc_800         0000000180019328     libmx:libmx.dll
 0002:00000330       \177libmx_NULL_THUNK_DATA  0000000180019330     libmx:libmx.dll
 0002:00000338       __imp_utMalloc             0000000180019338     libut:libut.dll
 0002:00000340       __imp_utFree               0000000180019340     libut:libut.dll
 0002:00000348       \177libut_NULL_THUNK_DATA  0000000180019348     libut:libut.dll
 0002:00000350       __imp_sf_get_hasSeparateUpdateOutputs 0000000180019350     sf_runtime:sf_runtime.dll
 0002:00000358       __imp_sf_mex_error_direct_call 0000000180019358     sf_runtime:sf_runtime.dll
 0002:00000360       __imp_sf_data_saturate_error 0000000180019360     sf_runtime:sf_runtime.dll
 0002:00000368       __imp_sf_data_overflow_error 0000000180019368     sf_runtime:sf_runtime.dll
 0002:00000370       __imp_ssGetOutputPortSignal_wrapper 0000000180019370     sf_runtime:sf_runtime.dll
 0002:00000378       __imp_ssGetInputPortSignal_wrapper 0000000180019378     sf_runtime:sf_runtime.dll
 0002:00000380       __imp_sf_mex_import        0000000180019380     sf_runtime:sf_runtime.dll
 0002:00000388       __imp_sf_mex_destroy       0000000180019388     sf_runtime:sf_runtime.dll
 0002:00000390       __imp_sf_mex_dup           0000000180019390     sf_runtime:sf_runtime.dll
 0002:00000398       __imp_sf_mex_assign        0000000180019398     sf_runtime:sf_runtime.dll
 0002:000003a0       __imp_sf_mex_getcell       00000001800193a0     sf_runtime:sf_runtime.dll
 0002:000003a8       __imp_sf_mex_setcell       00000001800193a8     sf_runtime:sf_runtime.dll
 0002:000003b0       __imp_sf_mex_createcellmatrix 00000001800193b0     sf_runtime:sf_runtime.dll
 0002:000003b8       __imp_sf_mex_create        00000001800193b8     sf_runtime:sf_runtime.dll
 0002:000003c0       __imp_sf_mex_error_message 00000001800193c0     sf_runtime:sf_runtime.dll
 0002:000003c8       __imp_callMdlMethodAndReportError 00000001800193c8     sf_runtime:sf_runtime.dll
 0002:000003d0       __imp_mdlProcessParamsCommon 00000001800193d0     sf_runtime:sf_runtime.dll
 0002:000003d8       __imp_sf_set_work_widths   00000001800193d8     sf_runtime:sf_runtime.dll
 0002:000003e0       __imp_sf_get_time          00000001800193e0     sf_runtime:sf_runtime.dll
 0002:000003e8       __imp_sf_clear_rtw_identifier 00000001800193e8     sf_runtime:sf_runtime.dll
 0002:000003f0       __imp_sim_mode_is_external 00000001800193f0     sf_runtime:sf_runtime.dll
 0002:000003f8       __imp_sim_mode_is_rtw_gen  00000001800193f8     sf_runtime:sf_runtime.dll
 0002:00000400       __imp_sfSetAnimationVectors 0000000180019400     sf_runtime:sf_runtime.dll
 0002:00000408       __imp_sf_get_chart_instance_ptr 0000000180019408     sf_runtime:sf_runtime.dll
 0002:00000410       __imp_sfrtGetCovrtInstance 0000000180019410     sf_runtime:sf_runtime.dll
 0002:00000418       __imp_sfrtGetEmlrtCtx      0000000180019418     sf_runtime:sf_runtime.dll
 0002:00000420       __imp_sf_reset_warnings_ChartRunTimeInfo 0000000180019420     sf_runtime:sf_runtime.dll
 0002:00000428       __imp_sf_free_ChartRunTimeInfo 0000000180019428     sf_runtime:sf_runtime.dll
 0002:00000430       __imp_sf_init_ChartRunTimeInfo 0000000180019430     sf_runtime:sf_runtime.dll
 0002:00000438       __imp_sf_mex_decode        0000000180019438     sf_runtime:sf_runtime.dll
 0002:00000440       __imp_sf_load_rtw_optimization_info 0000000180019440     sf_runtime:sf_runtime.dll
 0002:00000448       __imp_sf_clear_error_manager_info 0000000180019448     sf_runtime:sf_runtime.dll
 0002:00000450       __imp_call_sf_machine_global_method_dispatcher 0000000180019450     sf_runtime:sf_runtime.dll
 0002:00000458       __imp_sf_mex_call          0000000180019458     sf_runtime:sf_runtime.dll
 0002:00000460       __imp_getRuntimeInstanceInfoAsVoid 0000000180019460     sf_runtime:sf_runtime.dll
 0002:00000468       __imp_sf_get_ChartInfoStruct_CodeGen 0000000180019468     sf_runtime:sf_runtime.dll
 0002:00000470       \177sf_runtime_NULL_THUNK_DATA 0000000180019470     sf_runtime:sf_runtime.dll
 0002:00000478       __guard_check_icall_fptr   0000000180019478     MSVCRT:guard_support.obj
 0002:00000480       __guard_xfg_check_icall_fptr 0000000180019480     MSVCRT:guard_support.obj
 0002:00000488       __guard_dispatch_icall_fptr 0000000180019488     MSVCRT:guard_support.obj
 0002:00000490       __guard_xfg_dispatch_icall_fptr 0000000180019490     MSVCRT:guard_support.obj
 0002:00000498       __guard_xfg_table_dispatch_icall_fptr 0000000180019498     MSVCRT:guard_support.obj
 0002:000004a0       __castguard_check_failure_os_handled_fptr 00000001800194a0     MSVCRT:guard_support.obj
 0002:000004a8       __guard_memcpy_fptr        00000001800194a8     vcruntime:softmemtag.obj
 0002:000004b0       __xc_a                     00000001800194b0     MSVCRT:initializers.obj
 0002:000004b8       __xc_z                     00000001800194b8     MSVCRT:initializers.obj
 0002:000004c0       __xi_a                     00000001800194c0     MSVCRT:initializers.obj
 0002:000004c8       __xi_z                     00000001800194c8     MSVCRT:initializers.obj
 0002:000004d0       __xp_a                     00000001800194d0     MSVCRT:initializers.obj
 0002:000004d8       __xp_z                     00000001800194d8     MSVCRT:initializers.obj
 0002:000004e0       __xt_a                     00000001800194e0     MSVCRT:initializers.obj
 0002:000004e8       __xt_z                     00000001800194e8     MSVCRT:initializers.obj
 0002:000004f0       __real@41a935fb7a000000    00000001800194f0     HardwareDeploymentTest_sfun.obj
 0002:000004f8       __real@41b82a9620000000    00000001800194f8     HardwareDeploymentTest_sfun.obj
 0002:00000500       __real@41c25c6bf7000000    0000000180019500     HardwareDeploymentTest_sfun.obj
 0002:00000508       __real@41cbd77184800000    0000000180019508     HardwareDeploymentTest_sfun.obj
 0002:00000510       __real@41cd990c76800000    0000000180019510     HardwareDeploymentTest_sfun.obj
 0002:00000518       __real@41d4eedbe9400000    0000000180019518     HardwareDeploymentTest_sfun.obj
 0002:00000520       __real@41d6fe0789400000    0000000180019520     HardwareDeploymentTest_sfun.obj
 0002:00000528       __real@41dcebf61ec00000    0000000180019528     HardwareDeploymentTest_sfun.obj
 0002:00000530       __real@41e42c3954400000    0000000180019530     HardwareDeploymentTest_sfun.obj
 0002:00000538       __real@41e56031d0600000    0000000180019538     HardwareDeploymentTest_sfun.obj
 0002:00000540       __real@41e87d4291000000    0000000180019540     HardwareDeploymentTest_sfun.obj
 0002:00000548       __real@41ea17ee9fa00000    0000000180019548     HardwareDeploymentTest_sfun.obj
 0002:00000558       __real@3ff0000000000000    0000000180019558     c4_HardwareDeploymentTest.obj
 0002:00000560       __real@4000000000000000    0000000180019560     c4_HardwareDeploymentTest.obj
 0002:00000568       __real@406fe00000000000    0000000180019568     c4_HardwareDeploymentTest.obj
 0002:00000570       __real@40d2c00000000000    0000000180019570     c4_HardwareDeploymentTest.obj
 0002:00000578       __real@41e27cf6ffa00000    0000000180019578     c4_HardwareDeploymentTest.obj
 0002:00000580       __real@41e7b4baafe00000    0000000180019580     c4_HardwareDeploymentTest.obj
 0002:00000588       __real@41e854ecefc00000    0000000180019588     c4_HardwareDeploymentTest.obj
 0002:00000590       __real@41ef0a69e5800000    0000000180019590     c4_HardwareDeploymentTest.obj
 0002:000005a0       __xmm@80000000000000008000000000000000 00000001800195a0     c4_HardwareDeploymentTest.obj
 0002:000005b8       __real@0000000000000000    00000001800195b8     c11_HardwareDeploymentTest.obj
 0002:000005c0       __real@4070000000000000    00000001800195c0     c11_HardwareDeploymentTest.obj
 0002:000005c8       __real@40cc200000000000    00000001800195c8     c11_HardwareDeploymentTest.obj
 0002:000005d0       __real@41e5aa961c200000    00000001800195d0     c11_HardwareDeploymentTest.obj
 0002:000005d8       __real@41e776cb2b800000    00000001800195d8     c11_HardwareDeploymentTest.obj
 0002:000005e0       __real@41ed646f0f400000    00000001800195e0     c11_HardwareDeploymentTest.obj
 0002:000005e8       __real@41ed7d7445200000    00000001800195e8     c11_HardwareDeploymentTest.obj
 0002:000005f8       __real@41dc5753e3400000    00000001800195f8     c14_HardwareDeploymentTest.obj
 0002:00000600       __real@41e6592195c00000    0000000180019600     c14_HardwareDeploymentTest.obj
 0002:00000608       __real@41e700b052600000    0000000180019608     c14_HardwareDeploymentTest.obj
 0002:00000610       __real@41ecc98c57400000    0000000180019610     c14_HardwareDeploymentTest.obj
 0002:00000618       DYNAMIC_DIMENSION_DEF      0000000180019618     HardwareDeploymentTest_sfun_registry.obj
 0002:00000630       __real@4010000000000000    0000000180019630     HardwareDeploymentTest_sfun_registry.obj
 0002:00000638       __real@41602cbca0000000    0000000180019638     HardwareDeploymentTest_sfun_registry.obj
 0002:00000640       __real@bff0000000000000    0000000180019640     HardwareDeploymentTest_sfun_registry.obj
 0002:00000658       _pDefaultRawDllMain        0000000180019658     MSVCRT:dll_dllmain.obj
 0002:00000658       _pRawDllMain               0000000180019658     MSVCRT:dll_dllmain.obj
 0002:00000660       __xmm@ffffffffffffffffffffffffffffffff 0000000180019660     MSVCRT:utility.obj
 0002:00000670       _load_config_used          0000000180019670     MSVCRT:loadcfg.obj
 0002:00000800       __CastGuardVftablesStart   0000000180019800     MSVCRT:guard_support.obj
 0002:00000880       __CastGuardVftablesEnd     0000000180019880     MSVCRT:guard_support.obj
 0002:00000900       __volatile_metadata        0000000180019900     <linker-defined>
 0002:00000d40       __rtc_iaa                  0000000180019d40     MSVCRT:initsect.obj
 0002:00000d48       __rtc_izz                  0000000180019d48     MSVCRT:initsect.obj
 0002:00000d50       __rtc_taa                  0000000180019d50     MSVCRT:initsect.obj
 0002:00000d58       __rtc_tzz                  0000000180019d58     MSVCRT:initsect.obj
 0002:00001a18       __IMPORT_DESCRIPTOR_libmwgrayto8 000000018001aa18     libmwgrayto8:libmwgrayto8.dll
 0002:00001a2c       __IMPORT_DESCRIPTOR_libmwrgb2gray_tbb 000000018001aa2c     libmwrgb2gray_tbb:libmwrgb2gray_tbb.dll
 0002:00001a40       __IMPORT_DESCRIPTOR_libmwgetnumcores 000000018001aa40     libmwgetnumcores:libmwgetnumcores.dll
 0002:00001a54       __IMPORT_DESCRIPTOR_sf_runtime 000000018001aa54     sf_runtime:sf_runtime.dll
 0002:00001a68       __IMPORT_DESCRIPTOR_libmx  000000018001aa68     libmx:libmx.dll
 0002:00001a7c       __IMPORT_DESCRIPTOR_libmex 000000018001aa7c     libmex:libmex.dll
 0002:00001a90       __IMPORT_DESCRIPTOR_libut  000000018001aa90     libut:libut.dll
 0002:00001aa4       __IMPORT_DESCRIPTOR_libmwmathutil 000000018001aaa4     libmwmathutil:libmwmathutil.dll
 0002:00001ab8       __IMPORT_DESCRIPTOR_libemlrt 000000018001aab8     libemlrt:libemlrt.dll
 0002:00001acc       __IMPORT_DESCRIPTOR_libcovrt 000000018001aacc     libcovrt:libcovrt.dll
 0002:00001ae0       __IMPORT_DESCRIPTOR_KERNEL32 000000018001aae0     kernel32:KERNEL32.dll
 0002:00001af4       __IMPORT_DESCRIPTOR_VCRUNTIME140 000000018001aaf4     vcruntime:VCRUNTIME140.dll
 0002:00001b08       __IMPORT_DESCRIPTOR_api-ms-win-crt-string-l1-1-0 000000018001ab08     ucrt:api-ms-win-crt-string-l1-1-0.dll
 0002:00001b1c       __IMPORT_DESCRIPTOR_api-ms-win-crt-stdio-l1-1-0 000000018001ab1c     ucrt:api-ms-win-crt-stdio-l1-1-0.dll
 0002:00001b30       __IMPORT_DESCRIPTOR_api-ms-win-crt-heap-l1-1-0 000000018001ab30     ucrt:api-ms-win-crt-heap-l1-1-0.dll
 0002:00001b44       __IMPORT_DESCRIPTOR_api-ms-win-crt-runtime-l1-1-0 000000018001ab44     ucrt:api-ms-win-crt-runtime-l1-1-0.dll
 0002:00001b58       __NULL_IMPORT_DESCRIPTOR   000000018001ab58     libmwgrayto8:libmwgrayto8.dll
 0003:00006af0       DYNAMIC_DIMENSION          0000000180022af0     HardwareDeploymentTest_sfun_registry.obj
 0003:00009100       __security_cookie_complement 0000000180025100     MSVCRT:gs_cookie.obj
 0003:00009108       __security_cookie          0000000180025108     MSVCRT:gs_cookie.obj
 0003:00009110       _fltused                   0000000180025110     MSVCRT:fltused.obj
 0003:00009120       __scrt_native_dllmain_reason 0000000180025120     MSVCRT:utility.obj
 0003:00009128       __isa_available            0000000180025128     MSVCRT:cpu_disp.obj
 0003:0000912c       __isa_enabled              000000018002512c     MSVCRT:cpu_disp.obj
 0003:00009130       __memset_fast_string_threshold 0000000180025130     MSVCRT:cpu_disp.obj
 0003:00009138       __memset_nt_threshold      0000000180025138     MSVCRT:cpu_disp.obj
 0003:00009140       __scrt_ucrt_dll_is_in_use  0000000180025140     MSVCRT:ucrt_stubs.obj
 0003:0000a8a0       ?__type_info_root_node@@3U__type_info_node@@A 00000001800268a0     MSVCRT:tncleanup.obj
 0003:0000a8b0       ?_OptionsStorage@?1??__local_stdio_printf_options@@9@4_KA 00000001800268b0     MSVCRT:default_local_stdio_options.obj
 0003:0000a8b8       ?_OptionsStorage@?1??__local_stdio_scanf_options@@9@4_KA 00000001800268b8     MSVCRT:default_local_stdio_options.obj
 0003:0000a8c0       __scrt_current_native_startup_state 00000001800268c0     MSVCRT:utility.obj
 0003:0000a8c8       __scrt_native_startup_lock 00000001800268c8     MSVCRT:utility.obj
 0003:0000a908       __scrt_debugger_hook_flag  0000000180026908     MSVCRT:utility_desktop.obj
 0003:0000a90c       __favor                    000000018002690c     MSVCRT:cpu_disp.obj
 0003:0000a910       ?_OptionsStorage@?1??__local_stdio_printf_options@@9@9 0000000180026910     <common>
 0003:0000a918       __dyn_tls_init_callback    0000000180026918     <common>

 entry point at        0001:00016764

 Static symbols

 0000:00000000       .debug$S                   0000000180000000     HardwareDeploymentTest_sfun.exp
 0000:00000000       _volmd                     0000000180000000     HardwareDeploymentTest_sfun.obj
 0000:00000000       _volmd                     0000000180000000     HardwareDeploymentTest_sfun_registry.obj
 0000:00000000       _volmd                     0000000180000000     c11_HardwareDeploymentTest.obj
 0000:00000000       _volmd                     0000000180000000     c14_HardwareDeploymentTest.obj
 0000:00000000       _volmd                     0000000180000000     c4_HardwareDeploymentTest.obj
 0000:00000000       .debug$S                   0000000180000000     ucrt:api-ms-win-crt-heap-l1-1-0.dll
 0000:00000000       .debug$S                   0000000180000000     ucrt:api-ms-win-crt-heap-l1-1-0.dll
 0000:00000000       .debug$S                   0000000180000000     ucrt:api-ms-win-crt-runtime-l1-1-0.dll
 0000:00000000       .debug$S                   0000000180000000     ucrt:api-ms-win-crt-runtime-l1-1-0.dll
 0000:00000000       .debug$S                   0000000180000000     ucrt:api-ms-win-crt-runtime-l1-1-0.dll
 0000:00000000       .debug$S                   0000000180000000     ucrt:api-ms-win-crt-runtime-l1-1-0.dll
 0000:00000000       .debug$S                   0000000180000000     ucrt:api-ms-win-crt-runtime-l1-1-0.dll
 0000:00000000       .debug$S                   0000000180000000     ucrt:api-ms-win-crt-runtime-l1-1-0.dll
 0000:00000000       .debug$S                   0000000180000000     ucrt:api-ms-win-crt-runtime-l1-1-0.dll
 0000:00000000       .debug$S                   0000000180000000     ucrt:api-ms-win-crt-runtime-l1-1-0.dll
 0000:00000000       .debug$S                   0000000180000000     ucrt:api-ms-win-crt-runtime-l1-1-0.dll
 0000:00000000       .debug$S                   0000000180000000     ucrt:api-ms-win-crt-runtime-l1-1-0.dll
 0000:00000000       .debug$S                   0000000180000000     ucrt:api-ms-win-crt-runtime-l1-1-0.dll
 0000:00000000       .debug$S                   0000000180000000     ucrt:api-ms-win-crt-runtime-l1-1-0.dll
 0000:00000000       .debug$S                   0000000180000000     ucrt:api-ms-win-crt-stdio-l1-1-0.dll
 0000:00000000       .debug$S                   0000000180000000     ucrt:api-ms-win-crt-string-l1-1-0.dll
 0000:00000000       .debug$S                   0000000180000000     ucrt:api-ms-win-crt-string-l1-1-0.dll
 0000:00000000       .debug$S                   0000000180000000     ucrt:api-ms-win-crt-string-l1-1-0.dll
 0000:00000000       .debug$S                   0000000180000000     kernel32:KERNEL32.dll
 0000:00000000       .debug$S                   0000000180000000     kernel32:KERNEL32.dll
 0000:00000000       .debug$S                   0000000180000000     kernel32:KERNEL32.dll
 0000:00000000       .debug$S                   0000000180000000     kernel32:KERNEL32.dll
 0000:00000000       .debug$S                   0000000180000000     kernel32:KERNEL32.dll
 0000:00000000       .debug$S                   0000000180000000     kernel32:KERNEL32.dll
 0000:00000000       .debug$S                   0000000180000000     kernel32:KERNEL32.dll
 0000:00000000       .debug$S                   0000000180000000     kernel32:KERNEL32.dll
 0000:00000000       .debug$S                   0000000180000000     kernel32:KERNEL32.dll
 0000:00000000       .debug$S                   0000000180000000     kernel32:KERNEL32.dll
 0000:00000000       .debug$S                   0000000180000000     kernel32:KERNEL32.dll
 0000:00000000       .debug$S                   0000000180000000     kernel32:KERNEL32.dll
 0000:00000000       .debug$S                   0000000180000000     kernel32:KERNEL32.dll
 0000:00000000       .debug$S                   0000000180000000     kernel32:KERNEL32.dll
 0000:00000000       .debug$S                   0000000180000000     kernel32:KERNEL32.dll
 0000:00000000       .debug$S                   0000000180000000     kernel32:KERNEL32.dll
 0000:00000000       .debug$S                   0000000180000000     kernel32:KERNEL32.dll
 0000:00000000       .debug$S                   0000000180000000     libcovrt:libcovrt.dll
 0000:00000000       .debug$S                   0000000180000000     libcovrt:libcovrt.dll
 0000:00000000       .debug$S                   0000000180000000     libcovrt:libcovrt.dll
 0000:00000000       .debug$S                   0000000180000000     libcovrt:libcovrt.dll
 0000:00000000       .debug$S                   0000000180000000     libcovrt:libcovrt.dll
 0000:00000000       .debug$S                   0000000180000000     libcovrt:libcovrt.dll
 0000:00000000       .debug$S                   0000000180000000     libcovrt:libcovrt.dll
 0000:00000000       .debug$S                   0000000180000000     libcovrt:libcovrt.dll
 0000:00000000       .debug$S                   0000000180000000     libcovrt:libcovrt.dll
 0000:00000000       .debug$S                   0000000180000000     libcovrt:libcovrt.dll
 0000:00000000       .debug$S                   0000000180000000     libcovrt:libcovrt.dll
 0000:00000000       .debug$S                   0000000180000000     libemlrt:libemlrt.dll
 0000:00000000       .debug$S                   0000000180000000     libemlrt:libemlrt.dll
 0000:00000000       .debug$S                   0000000180000000     libemlrt:libemlrt.dll
 0000:00000000       .debug$S                   0000000180000000     libmex:libmex.dll
 0000:00000000       .debug$S                   0000000180000000     libmex:libmex.dll
 0000:00000000       .debug$S                   0000000180000000     libmex:libmex.dll
 0000:00000000       .debug$S                   0000000180000000     libmex:libmex.dll
 0000:00000000       .debug$S                   0000000180000000     libmex:libmex.dll
 0000:00000000       .debug$S                   0000000180000000     libmex:libmex.dll
 0000:00000000       .debug$S                   0000000180000000     libmex:libmex.dll
 0000:00000000       .debug$S                   0000000180000000     libmwgetnumcores:libmwgetnumcores.dll
 0000:00000000       .debug$S                   0000000180000000     libmwgrayto8:libmwgrayto8.dll
 0000:00000000       .debug$S                   0000000180000000     libmwmathutil:libmwmathutil.dll
 0000:00000000       .debug$S                   0000000180000000     libmwmathutil:libmwmathutil.dll
 0000:00000000       .debug$S                   0000000180000000     libmwmathutil:libmwmathutil.dll
 0000:00000000       .debug$S                   0000000180000000     libmwmathutil:libmwmathutil.dll
 0000:00000000       .debug$S                   0000000180000000     libmwrgb2gray_tbb:libmwrgb2gray_tbb.dll
 0000:00000000       .debug$S                   0000000180000000     libmx:libmx.dll
 0000:00000000       .debug$S                   0000000180000000     libmx:libmx.dll
 0000:00000000       .debug$S                   0000000180000000     libmx:libmx.dll
 0000:00000000       .debug$S                   0000000180000000     libmx:libmx.dll
 0000:00000000       .debug$S                   0000000180000000     libmx:libmx.dll
 0000:00000000       .debug$S                   0000000180000000     libmx:libmx.dll
 0000:00000000       .debug$S                   0000000180000000     libmx:libmx.dll
 0000:00000000       .debug$S                   0000000180000000     libmx:libmx.dll
 0000:00000000       .debug$S                   0000000180000000     libmx:libmx.dll
 0000:00000000       .debug$S                   0000000180000000     libmx:libmx.dll
 0000:00000000       .debug$S                   0000000180000000     libmx:libmx.dll
 0000:00000000       .debug$S                   0000000180000000     libmx:libmx.dll
 0000:00000000       .debug$S                   0000000180000000     libmx:libmx.dll
 0000:00000000       .debug$S                   0000000180000000     libmx:libmx.dll
 0000:00000000       .debug$S                   0000000180000000     libmx:libmx.dll
 0000:00000000       .debug$S                   0000000180000000     libmx:libmx.dll
 0000:00000000       .debug$S                   0000000180000000     libmx:libmx.dll
 0000:00000000       .debug$S                   0000000180000000     libmx:libmx.dll
 0000:00000000       .debug$S                   0000000180000000     libmx:libmx.dll
 0000:00000000       .debug$S                   0000000180000000     libmx:libmx.dll
 0000:00000000       .debug$S                   0000000180000000     libut:libut.dll
 0000:00000000       .debug$S                   0000000180000000     libut:libut.dll
 0000:00000000       .debug$S                   0000000180000000     sf_runtime:sf_runtime.dll
 0000:00000000       .debug$S                   0000000180000000     sf_runtime:sf_runtime.dll
 0000:00000000       .debug$S                   0000000180000000     sf_runtime:sf_runtime.dll
 0000:00000000       .debug$S                   0000000180000000     sf_runtime:sf_runtime.dll
 0000:00000000       .debug$S                   0000000180000000     sf_runtime:sf_runtime.dll
 0000:00000000       .debug$S                   0000000180000000     sf_runtime:sf_runtime.dll
 0000:00000000       .debug$S                   0000000180000000     sf_runtime:sf_runtime.dll
 0000:00000000       .debug$S                   0000000180000000     sf_runtime:sf_runtime.dll
 0000:00000000       .debug$S                   0000000180000000     sf_runtime:sf_runtime.dll
 0000:00000000       .debug$S                   0000000180000000     sf_runtime:sf_runtime.dll
 0000:00000000       .debug$S                   0000000180000000     sf_runtime:sf_runtime.dll
 0000:00000000       .debug$S                   0000000180000000     sf_runtime:sf_runtime.dll
 0000:00000000       .debug$S                   0000000180000000     sf_runtime:sf_runtime.dll
 0000:00000000       .debug$S                   0000000180000000     sf_runtime:sf_runtime.dll
 0000:00000000       .debug$S                   0000000180000000     sf_runtime:sf_runtime.dll
 0000:00000000       .debug$S                   0000000180000000     sf_runtime:sf_runtime.dll
 0000:00000000       .debug$S                   0000000180000000     sf_runtime:sf_runtime.dll
 0000:00000000       .debug$S                   0000000180000000     sf_runtime:sf_runtime.dll
 0000:00000000       .debug$S                   0000000180000000     sf_runtime:sf_runtime.dll
 0000:00000000       .debug$S                   0000000180000000     sf_runtime:sf_runtime.dll
 0000:00000000       .debug$S                   0000000180000000     sf_runtime:sf_runtime.dll
 0000:00000000       .debug$S                   0000000180000000     sf_runtime:sf_runtime.dll
 0000:00000000       .debug$S                   0000000180000000     sf_runtime:sf_runtime.dll
 0000:00000000       .debug$S                   0000000180000000     sf_runtime:sf_runtime.dll
 0000:00000000       .debug$S                   0000000180000000     sf_runtime:sf_runtime.dll
 0000:00000000       .debug$S                   0000000180000000     sf_runtime:sf_runtime.dll
 0000:00000000       .debug$S                   0000000180000000     sf_runtime:sf_runtime.dll
 0000:00000000       .debug$S                   0000000180000000     sf_runtime:sf_runtime.dll
 0000:00000000       .debug$S                   0000000180000000     sf_runtime:sf_runtime.dll
 0000:00000000       .debug$S                   0000000180000000     sf_runtime:sf_runtime.dll
 0000:00000000       .debug$S                   0000000180000000     sf_runtime:sf_runtime.dll
 0000:00000000       .debug$S                   0000000180000000     sf_runtime:sf_runtime.dll
 0000:00000000       .debug$S                   0000000180000000     sf_runtime:sf_runtime.dll
 0000:00000000       .debug$S                   0000000180000000     sf_runtime:sf_runtime.dll
 0000:00000000       .debug$S                   0000000180000000     sf_runtime:sf_runtime.dll
 0000:00000000       .debug$S                   0000000180000000     sf_runtime:sf_runtime.dll
 0000:00000000       _volmd                     0000000180000000     MSVCRT:cpu_disp.obj
 0002:fffe7000       __guard_ehcont_?dllmain_dispatch@@YAHQEAUHINSTANCE__@@KQEAX@Z 0000000180000000     MSVCRT:dll_dllmain.obj
 0002:fffe7000       __guard_fids_?dllmain_dispatch@@YAHQEAUHINSTANCE__@@KQEAX@Z 0000000180000000     MSVCRT:dll_dllmain.obj
 0000:00000000       _volmd                     0000000180000000     MSVCRT:gs_report.obj
 0000:00000000       _volmd                     0000000180000000     MSVCRT:gs_report.obj
 0000:00000000       _volmd                     0000000180000000     MSVCRT:gs_report.obj
 0002:fffe7000       __guard_fids__             0000000180000000     MSVCRT:guard_support.obj
 0002:fffe7000       __guard_fids__             0000000180000000     MSVCRT:guard_support.obj
 0002:fffe7000       __guard_fids__guard_icall_checks_enforced 0000000180000000     MSVCRT:guard_support.obj
 0000:00000000       _volmd                     0000000180000000     MSVCRT:guard_support.obj
 0000:00000000       _volmd                     0000000180000000     MSVCRT:guard_support.obj
 0000:00000000       _volmd                     0000000180000000     MSVCRT:guard_support.obj
 0000:00000000       _volmd                     0000000180000000     MSVCRT:guard_support.obj
 0000:00000000       _volmd                     0000000180000000     MSVCRT:guard_support.obj
 0000:00000000       _volmd                     0000000180000000     MSVCRT:guard_support.obj
 0002:fffe7000       __guard_ehcont___scrt_is_nonwritable_in_current_image 0000000180000000     MSVCRT:utility.obj
 0000:00000000       _volmd                     0000000180000000     MSVCRT:utility.obj
 0000:00000000       _volmd                     0000000180000000     MSVCRT:utility.obj
 0000:00000000       _volmd                     0000000180000000     MSVCRT:utility.obj
 0002:fffe7000       __guard_fids___scrt_set_unhandled_exception_filter 0000000180000000     MSVCRT:utility_desktop.obj
 0000:00000000       _volmd                     0000000180000000     MSVCRT:utility_desktop.obj
[...]
 0003:00007768       $SG28739                   0000000180023768     HardwareDeploymentTest_sfun_registry.obj
 0003:00007770       $SG28741                   0000000180023770     HardwareDeploymentTest_sfun_registry.obj
 0003:000077a8       $SG28742                   00000001800237a8     HardwareDeploymentTest_sfun_registry.obj
 0003:000077b8       $SG28743                   00000001800237b8     HardwareDeploymentTest_sfun_registry.obj
 0003:000077c0       $SG28746                   00000001800237c0     HardwareDeploymentTest_sfun_registry.obj
 0003:000077f8       $SG28747                   00000001800237f8     HardwareDeploymentTest_sfun_registry.obj
 0003:00007808       $SG28748                   0000000180023808     HardwareDeploymentTest_sfun_registry.obj
 0003:00007810       $SG28750                   0000000180023810     HardwareDeploymentTest_sfun_registry.obj
 0003:00007848       $SG28751                   0000000180023848     HardwareDeploymentTest_sfun_registry.obj
 0003:00007858       $SG28752                   0000000180023858     HardwareDeploymentTest_sfun_registry.obj
 0003:00007860       $SG28754                   0000000180023860     HardwareDeploymentTest_sfun_registry.obj
 0003:00007898       $SG28755                   0000000180023898     HardwareDeploymentTest_sfun_registry.obj
 0003:000078a8       $SG28756                   00000001800238a8     HardwareDeploymentTest_sfun_registry.obj
 0003:000078b0       $SG28759                   00000001800238b0     HardwareDeploymentTest_sfun_registry.obj
 0003:000078b8       $SG28761                   00000001800238b8     HardwareDeploymentTest_sfun_registry.obj
 0003:000078d0       $SG28762                   00000001800238d0     HardwareDeploymentTest_sfun_registry.obj
 0003:00007908       $SG28763                   0000000180023908     HardwareDeploymentTest_sfun_registry.obj
 0003:00007918       $SG28764                   0000000180023918     HardwareDeploymentTest_sfun_registry.obj
 0003:00007920       $SG28934                   0000000180023920     HardwareDeploymentTest_sfun_registry.obj
 0003:00007940       $SG28935                   0000000180023940     HardwareDeploymentTest_sfun_registry.obj
 0003:000079d0       $SG28941                   00000001800239d0     HardwareDeploymentTest_sfun_registry.obj
 0003:000079e8       $SG28948                   00000001800239e8     HardwareDeploymentTest_sfun_registry.obj
 0003:00007a00       $SG28942                   0000000180023a00     HardwareDeploymentTest_sfun_registry.obj
 0003:00007a90       $SG28949                   0000000180023a90     HardwareDeploymentTest_sfun_registry.obj
 0003:00007b20       $SG28955                   0000000180023b20     HardwareDeploymentTest_sfun_registry.obj
 0003:00007b40       $SG28956                   0000000180023b40     HardwareDeploymentTest_sfun_registry.obj
 0003:00007bd0       $SG28962                   0000000180023bd0     HardwareDeploymentTest_sfun_registry.obj
 0003:00007bf0       $SG28963                   0000000180023bf0     HardwareDeploymentTest_sfun_registry.obj
 0003:00007c80       $SG28967                   0000000180023c80     HardwareDeploymentTest_sfun_registry.obj
 0003:00007ca0       $SG28968                   0000000180023ca0     HardwareDeploymentTest_sfun_registry.obj
 0003:00007d30       $SG28972                   0000000180023d30     HardwareDeploymentTest_sfun_registry.obj
 0003:00007d58       $SG28977                   0000000180023d58     HardwareDeploymentTest_sfun_registry.obj
 0003:00007d80       $SG28973                   0000000180023d80     HardwareDeploymentTest_sfun_registry.obj
 0003:00007e10       $SG28978                   0000000180023e10     HardwareDeploymentTest_sfun_registry.obj
 0003:00007ea0       $SG28982                   0000000180023ea0     HardwareDeploymentTest_sfun_registry.obj
 0003:00007ec0       $SG28983                   0000000180023ec0     HardwareDeploymentTest_sfun_registry.obj
 0003:00007f50       $SG28987                   0000000180023f50     HardwareDeploymentTest_sfun_registry.obj
 0003:00007f70       $SG28988                   0000000180023f70     HardwareDeploymentTest_sfun_registry.obj
 0003:00008000       $SG28992                   0000000180024000     HardwareDeploymentTest_sfun_registry.obj
 0003:00008018       $SG29028                   0000000180024018     HardwareDeploymentTest_sfun_registry.obj
 0003:00008030       $SG28993                   0000000180024030     HardwareDeploymentTest_sfun_registry.obj
 0003:000080c0       $SG28997                   00000001800240c0     HardwareDeploymentTest_sfun_registry.obj
 0003:000080e0       $SG28998                   00000001800240e0     HardwareDeploymentTest_sfun_registry.obj
 0003:00008170       $SG29002                   0000000180024170     HardwareDeploymentTest_sfun_registry.obj
 0003:00008190       $SG29003                   0000000180024190     HardwareDeploymentTest_sfun_registry.obj
 0003:00008220       $SG29007                   0000000180024220     HardwareDeploymentTest_sfun_registry.obj
 0003:00008240       $SG29008                   0000000180024240     HardwareDeploymentTest_sfun_registry.obj
 0003:000082d0       $SG29012                   00000001800242d0     HardwareDeploymentTest_sfun_registry.obj
 0003:000082f0       $SG29013                   00000001800242f0     HardwareDeploymentTest_sfun_registry.obj
 0003:00008380       $SG29017                   0000000180024380     HardwareDeploymentTest_sfun_registry.obj
 0003:000083a0       $SG29018                   00000001800243a0     HardwareDeploymentTest_sfun_registry.obj
 0003:00008430       $SG29022                   0000000180024430     HardwareDeploymentTest_sfun_registry.obj
 0003:00008450       $SG29023                   0000000180024450     HardwareDeploymentTest_sfun_registry.obj
 0003:000084e0       $SG29029                   00000001800244e0     HardwareDeploymentTest_sfun_registry.obj
 0003:00008570       $SG29034                   0000000180024570     HardwareDeploymentTest_sfun_registry.obj
 0003:00008578       $SG29039                   0000000180024578     HardwareDeploymentTest_sfun_registry.obj
 0003:00008590       $SG29035                   0000000180024590     HardwareDeploymentTest_sfun_registry.obj
 0003:00008620       $SG29040                   0000000180024620     HardwareDeploymentTest_sfun_registry.obj
 0003:000086b0       $SG29044                   00000001800246b0     HardwareDeploymentTest_sfun_registry.obj
 0003:000086c0       $SG29045                   00000001800246c0     HardwareDeploymentTest_sfun_registry.obj
 0003:00008750       $SG29049                   0000000180024750     HardwareDeploymentTest_sfun_registry.obj
 0003:00008770       $SG29050                   0000000180024770     HardwareDeploymentTest_sfun_registry.obj
 0003:00008800       $SG29054                   0000000180024800     HardwareDeploymentTest_sfun_registry.obj
 0003:00008820       $SG29055                   0000000180024820     HardwareDeploymentTest_sfun_registry.obj
 0003:000088b0       $SG29059                   00000001800248b0     HardwareDeploymentTest_sfun_registry.obj
 0003:000088c0       $SG29060                   00000001800248c0     HardwareDeploymentTest_sfun_registry.obj
 0003:00008950       $SG29064                   0000000180024950     HardwareDeploymentTest_sfun_registry.obj
 0003:00008960       $SG29065                   0000000180024960     HardwareDeploymentTest_sfun_registry.obj
 0003:000089f0       $SG29069                   00000001800249f0     HardwareDeploymentTest_sfun_registry.obj
 0003:00008a08       $SG29074                   0000000180024a08     HardwareDeploymentTest_sfun_registry.obj
 0003:00008a20       $SG29070                   0000000180024a20     HardwareDeploymentTest_sfun_registry.obj
 0003:00008ab0       $SG29075                   0000000180024ab0     HardwareDeploymentTest_sfun_registry.obj
 0003:00008b40       $SG29079                   0000000180024b40     HardwareDeploymentTest_sfun_registry.obj
 0003:00008b50       $SG29080                   0000000180024b50     HardwareDeploymentTest_sfun_registry.obj
 0003:00008be0       $SG29088                   0000000180024be0     HardwareDeploymentTest_sfun_registry.obj
 0003:00008bf0       $SG29089                   0000000180024bf0     HardwareDeploymentTest_sfun_registry.obj
 0003:00008c80       $SG29095                   0000000180024c80     HardwareDeploymentTest_sfun_registry.obj
 0003:00008c90       $SG29096                   0000000180024c90     HardwareDeploymentTest_sfun_registry.obj
 0003:00008d20       $SG29100                   0000000180024d20     HardwareDeploymentTest_sfun_registry.obj
 0003:00008d30       $SG29101                   0000000180024d30     HardwareDeploymentTest_sfun_registry.obj
 0003:00008dc0       $SG29106                   0000000180024dc0     HardwareDeploymentTest_sfun_registry.obj
 0003:00008dd0       $SG29107                   0000000180024dd0     HardwareDeploymentTest_sfun_registry.obj
 0003:00008e60       $SG29111                   0000000180024e60     HardwareDeploymentTest_sfun_registry.obj
 0003:00008ed8       $SG29154                   0000000180024ed8     HardwareDeploymentTest_sfun_registry.obj
 0003:00008ee8       $SG29235                   0000000180024ee8     HardwareDeploymentTest_sfun_registry.obj
 0003:00008ef0       $SG29141                   0000000180024ef0     HardwareDeploymentTest_sfun_registry.obj
 0003:00009008       $SG29165                   0000000180025008     HardwareDeploymentTest_sfun_registry.obj
 0003:00009018       $SG29178                   0000000180025018     HardwareDeploymentTest_sfun_registry.obj
 0003:00009028       $SG29189                   0000000180025028     HardwareDeploymentTest_sfun_registry.obj
 0003:00009038       $SG29202                   0000000180025038     HardwareDeploymentTest_sfun_registry.obj
 0003:00009048       $SG29213                   0000000180025048     HardwareDeploymentTest_sfun_registry.obj
 0003:00009058       $SG29223                   0000000180025058     HardwareDeploymentTest_sfun_registry.obj
 0003:00009078       $SG29234                   0000000180025078     HardwareDeploymentTest_sfun_registry.obj
 0003:000090a8       $SG29236                   00000001800250a8     HardwareDeploymentTest_sfun_registry.obj
 0003:000090b0       $SG29247                   00000001800250b0     HardwareDeploymentTest_sfun_registry.obj
 0003:000090e8       $SG29248                   00000001800250e8     HardwareDeploymentTest_sfun_registry.obj
 0003:000090f0       $SG29249                   00000001800250f0     HardwareDeploymentTest_sfun_registry.obj
 0003:00009150       sRtwOptimizationInfoStruct 0000000180025150     HardwareDeploymentTest_sfun.obj
 0003:00009158       sOptimizationInfoFlags     0000000180025158     HardwareDeploymentTest_sfun.obj
 0003:00009160       $SG26480                   0000000180025160     c4_HardwareDeploymentTest.obj
 0003:00009161       $SG26487                   0000000180025161     c4_HardwareDeploymentTest.obj
 0003:00009162       $SG26494                   0000000180025162     c4_HardwareDeploymentTest.obj
 0003:00009163       $SG26501                   0000000180025163     c4_HardwareDeploymentTest.obj
 0003:00009164       $SG26508                   0000000180025164     c4_HardwareDeploymentTest.obj
 0003:00009165       $SG26515                   0000000180025165     c4_HardwareDeploymentTest.obj
 0003:00009166       $SG26522                   0000000180025166     c4_HardwareDeploymentTest.obj
 0003:00009167       $SG26529                   0000000180025167     c4_HardwareDeploymentTest.obj
 0003:00009168       $SG26536                   0000000180025168     c4_HardwareDeploymentTest.obj
 0003:00009169       $SG26543                   0000000180025169     c4_HardwareDeploymentTest.obj
 0003:0000916a       $SG26550                   000000018002516a     c4_HardwareDeploymentTest.obj
 0003:0000916b       $SG26557                   000000018002516b     c4_HardwareDeploymentTest.obj
 0003:0000916c       $SG26564                   000000018002516c     c4_HardwareDeploymentTest.obj
 0003:0000916d       $SG26571                   000000018002516d     c4_HardwareDeploymentTest.obj
 0003:0000916e       $SG26578                   000000018002516e     c4_HardwareDeploymentTest.obj
 0003:0000916f       $SG26585                   000000018002516f     c4_HardwareDeploymentTest.obj
 0003:00009170       $SG26592                   0000000180025170     c4_HardwareDeploymentTest.obj
 0003:00009171       $SG26599                   0000000180025171     c4_HardwareDeploymentTest.obj
 0003:00009172       $SG26606                   0000000180025172     c4_HardwareDeploymentTest.obj
 0003:00009173       $SG26613                   0000000180025173     c4_HardwareDeploymentTest.obj
 0003:00009174       $SG26620                   0000000180025174     c4_HardwareDeploymentTest.obj
 0003:00009175       $SG26627                   0000000180025175     c4_HardwareDeploymentTest.obj
 0003:00009176       $SG26634                   0000000180025176     c4_HardwareDeploymentTest.obj
 0003:00009177       $SG26641                   0000000180025177     c4_HardwareDeploymentTest.obj
 0003:00009178       $SG26648                   0000000180025178     c4_HardwareDeploymentTest.obj
 0003:00009179       $SG26655                   0000000180025179     c4_HardwareDeploymentTest.obj
 0003:0000917a       $SG26662                   000000018002517a     c4_HardwareDeploymentTest.obj
 0003:0000917b       $SG26669                   000000018002517b     c4_HardwareDeploymentTest.obj
 0003:0000917c       $SG26676                   000000018002517c     c4_HardwareDeploymentTest.obj
 0003:0000917d       $SG26683                   000000018002517d     c4_HardwareDeploymentTest.obj
 0003:0000917e       $SG26787                   000000018002517e     c4_HardwareDeploymentTest.obj
 0003:0000917f       $SG27367                   000000018002517f     c4_HardwareDeploymentTest.obj
 0003:00009180       _sfTime_                   0000000180025180     c4_HardwareDeploymentTest.obj
 0003:00009188       $SG27368                   0000000180025188     c4_HardwareDeploymentTest.obj
 0003:00009189       $SG27509                   0000000180025189     c4_HardwareDeploymentTest.obj
 0003:00009190       ?newstr@?1??sf_c4_HardwareDeploymentTest_get_post_codegen_info@@9@9 0000000180025190     c4_HardwareDeploymentTest.obj
 0003:00009730       _sfTime_                   0000000180025730     c11_HardwareDeploymentTest.obj
 0003:00009738       $SG26499                   0000000180025738     c11_HardwareDeploymentTest.obj
 0003:00009739       $SG26901                   0000000180025739     c11_HardwareDeploymentTest.obj
 0003:0000973a       $SG26902                   000000018002573a     c11_HardwareDeploymentTest.obj
 0003:0000973b       $SG27045                   000000018002573b     c11_HardwareDeploymentTest.obj
 0003:00009740       ?newstr@?1??sf_c11_HardwareDeploymentTest_get_post_codegen_info@@9@9 0000000180025740     c11_HardwareDeploymentTest.obj
 0003:00009d40       $SG26470                   0000000180025d40     c14_HardwareDeploymentTest.obj
 0003:00009d41       $SG26477                   0000000180025d41     c14_HardwareDeploymentTest.obj
 0003:00009d42       $SG26484                   0000000180025d42     c14_HardwareDeploymentTest.obj
 0003:00009d43       $SG26491                   0000000180025d43     c14_HardwareDeploymentTest.obj
 0003:00009d44       $SG26498                   0000000180025d44     c14_HardwareDeploymentTest.obj
 0003:00009d45       $SG26505                   0000000180025d45     c14_HardwareDeploymentTest.obj
 0003:00009d46       $SG26512                   0000000180025d46     c14_HardwareDeploymentTest.obj
 0003:00009d47       $SG26519                   0000000180025d47     c14_HardwareDeploymentTest.obj
 0003:00009d48       $SG26526                   0000000180025d48     c14_HardwareDeploymentTest.obj
 0003:00009d49       $SG26533                   0000000180025d49     c14_HardwareDeploymentTest.obj
 0003:00009d4a       $SG26540                   0000000180025d4a     c14_HardwareDeploymentTest.obj
 0003:00009d4b       $SG26547                   0000000180025d4b     c14_HardwareDeploymentTest.obj
 0003:00009d4c       $SG26554                   0000000180025d4c     c14_HardwareDeploymentTest.obj
 0003:00009d4d       $SG26561                   0000000180025d4d     c14_HardwareDeploymentTest.obj
 0003:00009d4e       $SG26568                   0000000180025d4e     c14_HardwareDeploymentTest.obj
 0003:00009d4f       $SG26575                   0000000180025d4f     c14_HardwareDeploymentTest.obj
 0003:00009d50       $SG26582                   0000000180025d50     c14_HardwareDeploymentTest.obj
 0003:00009d51       $SG26589                   0000000180025d51     c14_HardwareDeploymentTest.obj
 0003:00009d52       $SG26596                   0000000180025d52     c14_HardwareDeploymentTest.obj
 0003:00009d53       $SG26603                   0000000180025d53     c14_HardwareDeploymentTest.obj
 0003:00009d54       $SG26610                   0000000180025d54     c14_HardwareDeploymentTest.obj
 0003:00009d55       $SG26617                   0000000180025d55     c14_HardwareDeploymentTest.obj
 0003:00009d56       $SG26624                   0000000180025d56     c14_HardwareDeploymentTest.obj
 0003:00009d57       $SG26631                   0000000180025d57     c14_HardwareDeploymentTest.obj
 0003:00009d58       $SG26638                   0000000180025d58     c14_HardwareDeploymentTest.obj
 0003:00009d59       $SG26645                   0000000180025d59     c14_HardwareDeploymentTest.obj
 0003:00009d5a       $SG26652                   0000000180025d5a     c14_HardwareDeploymentTest.obj
 0003:00009d5b       $SG26659                   0000000180025d5b     c14_HardwareDeploymentTest.obj
 0003:00009d5c       $SG26666                   0000000180025d5c     c14_HardwareDeploymentTest.obj
 0003:00009d5d       $SG26673                   0000000180025d5d     c14_HardwareDeploymentTest.obj
 0003:00009d5e       $SG26777                   0000000180025d5e     c14_HardwareDeploymentTest.obj
 0003:00009d5f       $SG27362                   0000000180025d5f     c14_HardwareDeploymentTest.obj
 0003:00009d60       _sfTime_                   0000000180025d60     c14_HardwareDeploymentTest.obj
 0003:00009d68       $SG27363                   0000000180025d68     c14_HardwareDeploymentTest.obj
 0003:00009d69       $SG27504                   0000000180025d69     c14_HardwareDeploymentTest.obj
 0003:00009d70       ?newstr@?1??sf_c14_HardwareDeploymentTest_get_post_codegen_info@@9@9 0000000180025d70     c14_HardwareDeploymentTest.obj
 0003:0000a30c       sfGlobalMdlStartCallCounts 000000018002630c     HardwareDeploymentTest_sfun_registry.obj
 0003:0000a310       $SG28586                   0000000180026310     HardwareDeploymentTest_sfun_registry.obj
 0003:0000a312       ?warningGuard@?1??ssGetRootSS@@9@9 0000000180026312     HardwareDeploymentTest_sfun_registry.obj
 0003:0000a313       ?warningGuard@?1??ssGetParentSS@@9@9 0000000180026313     HardwareDeploymentTest_sfun_registry.obj
 0003:0000a320       GS_ExceptionRecord         0000000180026320     MSVCRT:gs_report.obj
 0003:0000a3c0       GS_ContextRecord           00000001800263c0     MSVCRT:gs_report.obj
 0003:0000a890       ?__proc_attached@@3HA      0000000180026890     MSVCRT:dll_dllmain.obj
 0003:0000a8d0       ?is_initialized_as_dll@@3_NA 00000001800268d0     MSVCRT:utility.obj
 0003:0000a8d1       ?module_local_atexit_table_initialized@@3_NA 00000001800268d1     MSVCRT:utility.obj
 0003:0000a8d8       ?module_local_atexit_table@@3U_onexit_table_t@@A 00000001800268d8     MSVCRT:utility.obj
 0003:0000a8f0       ?module_local_at_quick_exit_table@@3U_onexit_table_t@@A 00000001800268f0     MSVCRT:utility.obj
