 untitled_sfun

 Timestamp is 67da061c (Tue Mar 18 19:47:40 2025)

 Preferred load address is 0000000180000000

 Start         Length     Name                   Class
 0001:00000000 000174b0H .text$mn                CODE
 0001:000174b0 00000036H .text$mn$00             CODE
 0001:000174e6 00000092H .text$x                 CODE
 0002:00000000 00000478H .idata$5                DATA
 0002:00000478 00000038H .00cfg                  DATA
 0002:000004b0 00000008H .CRT$XCA                DATA
 0002:000004b8 00000008H .CRT$XCZ                DATA
 0002:000004c0 00000008H .CRT$XIA                DATA
 0002:000004c8 00000008H .CRT$XIZ                DATA
 0002:000004d0 00000008H .CRT$XPA                DATA
 0002:000004d8 00000008H .CRT$XPZ                DATA
 0002:000004e0 00000008H .CRT$XTA                DATA
 0002:000004e8 00000008H .CRT$XTZ                DATA
 0002:000004f0 00000000H .gehcont$y              DATA
 0002:000004f0 00000000H .gfids$y                DATA
 0002:000004f0 00000310H .rdata                  DATA
 0002:00000800 00000080H .rdata$CastGuardVftablesA DATA
 0002:00000880 00000080H .rdata$CastGuardVftablesC DATA
 0002:00000900 000001c4H .rdata$voltmd           DATA
 0002:00000ac4 0000027cH .rdata$zzzdbg           DATA
 0002:00000d40 00000008H .rtc$IAA                DATA
 0002:00000d48 00000008H .rtc$IZZ                DATA
 0002:00000d50 00000008H .rtc$TAA                DATA
 0002:00000d58 00000008H .rtc$TZZ                DATA
 0002:00000d60 00000c30H .xdata                  DATA
 0002:00001990 00000078H .edata                  DATA
 0002:00001a08 00000140H .idata$2                DATA
 0002:00001b48 00000018H .idata$3                DATA
 0002:00001b60 00000478H .idata$4                DATA
 0002:00001fd8 00000c20H .idata$6                DATA
 0003:00000000 00009040H .data                   DATA
 0003:00009040 00001780H .bss                    DATA
 0004:00000000 00000ef4H .pdata                  DATA

  Address         Publics by Value              Rva+Base               Lib:Object

 0000:00000000       __AbsoluteZero             0000000000000000     <absolute>
 0000:00000000       ___safe_se_handler_count   0000000000000000     <absolute>
 0000:00000000       ___safe_se_handler_table   0000000000000000     <absolute>
 0000:00000000       __arm64x_extra_rfe_table   0000000000000000     <absolute>
 0000:00000000       __arm64x_extra_rfe_table_size 0000000000000000     <absolute>
 0000:00000000       __arm64x_native_entrypoint 0000000000000000     <absolute>
 0000:00000000       __arm64x_redirection_metadata 0000000000000000     <absolute>
 0000:00000000       __arm64x_redirection_metadata_count 0000000000000000     <absolute>
 0000:00000000       __dynamic_value_reloc_table 0000000000000000     <absolute>
 0000:00000000       __enclave_config           0000000000000000     <absolute>
 0000:00000000       __guard_check_icall_a64n_fptr 0000000000000000     <absolute>
 0000:00000000       __guard_eh_cont_count      0000000000000000     <absolute>
 0000:00000000       __guard_eh_cont_table      0000000000000000     <absolute>
 0000:00000000       __guard_fids_count         0000000000000000     <absolute>
 0000:00000000       __guard_fids_table         0000000000000000     <absolute>
 0000:00000000       __guard_iat_count          0000000000000000     <absolute>
 0000:00000000       __guard_iat_table          0000000000000000     <absolute>
 0000:00000000       __guard_longjmp_count      0000000000000000     <absolute>
 0000:00000000       __guard_longjmp_table      0000000000000000     <absolute>
 0000:00000000       __hybrid_auxiliary_iat     0000000000000000     <absolute>
 0000:00000000       __hybrid_auxiliary_iat_copy 0000000000000000     <absolute>
 0000:00000000       __hybrid_code_map          0000000000000000     <absolute>
 0000:00000000       __hybrid_code_map_count    0000000000000000     <absolute>
 0000:00000000       __x64_code_ranges_to_entry_points 0000000000000000     <absolute>
 0000:00000000       __x64_code_ranges_to_entry_points_count 0000000000000000     <absolute>
 0000:00000100       __guard_flags              0000000000000100     <absolute>
 0000:00000000       __ImageBase                0000000180000000     <linker-defined>
 0001:00000000       untitled_initializer       0000000180001000 f   untitled_sfun.obj
 0001:00000010       untitled_terminator        0000000180001010 f   untitled_sfun.obj
 0001:00000020       load_untitled_optimization_info 0000000180001020 f   untitled_sfun.obj
 0001:000000d0       unload_untitled_optimization_info 00000001800010d0 f   untitled_sfun.obj
 0001:00000100       sf_untitled_method_dispatcher 0000000180001100 f   untitled_sfun.obj
 0001:00000190       sf_untitled_process_check_sum_call 0000000180001190 f   untitled_sfun.obj
 0001:000006b0       sf_untitled_get_eml_resolved_functions_info 00000001800016b0 f   untitled_sfun.obj
 0001:00000940       sf_untitled_third_party_uses_info 0000000180001940 f   untitled_sfun.obj
 0001:00000b80       sf_untitled_jit_fallback_info 0000000180001b80 f   untitled_sfun.obj
 0001:00000dc0       sf_untitled_get_post_codegen_info 0000000180001dc0 f   untitled_sfun.obj
 0001:00001030       sf_untitled_updateBuildInfo_args_info 0000000180002030 f   untitled_sfun.obj
 0001:00001270       sf_c4_untitled_get_eml_resolved_functions_info 0000000180002270 f   c4_untitled.obj
 0001:000012f0       sf_c4_untitled_get_check_sum 00000001800022f0 f   c4_untitled.obj
 0001:000013c0       c4_untitled_method_dispatcher 00000001800023c0 f   c4_untitled.obj
 0001:00004250       sf_c4_untitled_third_party_uses_info 0000000180005250 f   c4_untitled.obj
 0001:000042c0       sf_c4_untitled_jit_fallback_info 00000001800052c0 f   c4_untitled.obj
 0001:00004450       sf_c4_untitled_updateBuildInfo_args_info 0000000180005450 f   c4_untitled.obj
 0001:00004770       sf_c4_untitled_get_post_codegen_info 0000000180005770 f   c4_untitled.obj
 0001:00004c40       sf_c11_untitled_get_eml_resolved_functions_info 0000000180005c40 f   c11_untitled.obj
 0001:00004cc0       sf_c11_untitled_get_check_sum 0000000180005cc0 f   c11_untitled.obj
 0001:00004d90       c11_untitled_method_dispatcher 0000000180005d90 f   c11_untitled.obj
 0001:00006b70       sf_c11_untitled_third_party_uses_info 0000000180007b70 f   c11_untitled.obj
 0001:00006bc0       sf_c11_untitled_jit_fallback_info 0000000180007bc0 f   c11_untitled.obj
 0001:00006d50       sf_c11_untitled_updateBuildInfo_args_info 0000000180007d50 f   c11_untitled.obj
 0001:00007070       sf_c11_untitled_get_post_codegen_info 0000000180008070 f   c11_untitled.obj
 0001:00007550       sf_c14_untitled_get_eml_resolved_functions_info 0000000180008550 f   c14_untitled.obj
 0001:000075d0       sf_c14_untitled_get_check_sum 00000001800085d0 f   c14_untitled.obj
 0001:000076a0       c14_untitled_method_dispatcher 00000001800086a0 f   c14_untitled.obj
 0001:0000a550       sf_c14_untitled_third_party_uses_info 000000018000b550 f   c14_untitled.obj
 0001:0000a5a0       sf_c14_untitled_jit_fallback_info 000000018000b5a0 f   c14_untitled.obj
 0001:0000a730       sf_c14_untitled_updateBuildInfo_args_info 000000018000b730 f   c14_untitled.obj
 0001:0000aa50       sf_c14_untitled_get_post_codegen_info 000000018000ba50 f   c14_untitled.obj
 0001:0000af20       mexFunction                000000018000bf20 f   untitled_sfun_registry.obj
 0001:0000d7f0       _ssSetInputPortDirectFeedThroughFcn 000000018000e7f0 f   untitled_sfun_registry.obj
 0001:0000d960       _ssSetRWorkValueFcn        000000018000e960 f   untitled_sfun_registry.obj
 0001:0000d9e0       _ssGetRWorkValueFcn        000000018000e9e0 f   untitled_sfun_registry.obj
 0001:0000da50       _ssSetIWorkValueFcn        000000018000ea50 f   untitled_sfun_registry.obj
 0001:0000dad0       _ssGetIWorkValueFcn        000000018000ead0 f   untitled_sfun_registry.obj
 0001:0000db40       _ssSetPWorkValueFcn        000000018000eb40 f   untitled_sfun_registry.obj
 0001:0000dbc0       _ssGetPWorkValueFcn        000000018000ebc0 f   untitled_sfun_registry.obj
 0001:0000dc30       _ssGetInputPortSignalFcn   000000018000ec30 f   untitled_sfun_registry.obj
 0001:0000dfc0       _ssGetInputPortBufferDstPortFcn 000000018000efc0 f   untitled_sfun_registry.obj
 0001:0000e040       _ssGetInputPortSignalPtrsFcn 000000018000f040 f   untitled_sfun_registry.obj
 0001:0000e3d0       ssGetParameterTuningCompliance 000000018000f3d0 f   untitled_sfun_registry.obj
 0001:0000e440       _ssReadInputStringFcn      000000018000f440 f   untitled_sfun_registry.obj
 0001:0000e4b0       ssGetDTypeIdFromMxArray    000000018000f4b0 f   untitled_sfun_registry.obj
 0001:0000e5d0       ssWriteRTWMx2dMatParam     000000018000f5d0 f   untitled_sfun_registry.obj
 0001:0000e660       ssWriteRTWMxVectParam      000000018000f660 f   untitled_sfun_registry.obj
 0001:0000e6e0       ssWriteRTWParameters       000000018000f6e0 f   untitled_sfun_registry.obj
 0001:0000eca0       ssWriteRTWParamSettings    000000018000fca0 f   untitled_sfun_registry.obj
 0001:0000f390       ssWriteRTWStr              0000000180010390 f   untitled_sfun_registry.obj
 0001:0000f3f0       ssWriteRTWWorkVect         00000001800103f0 f   untitled_sfun_registry.obj
 0001:0000f950       ssWarning                  0000000180010950 f   untitled_sfun_registry.obj
 0001:0000fa40       ssGetRootSS                0000000180010a40 f   untitled_sfun_registry.obj
 0001:0000fb00       ssGetParentSS              0000000180010b00 f   untitled_sfun_registry.obj
 0001:0000fbc0       ssWriteRTWNameValuePair    0000000180010bc0 f   untitled_sfun_registry.obj
 0001:000100c0       _ssSetInputPortMatrixDimensions 00000001800110c0 f   untitled_sfun_registry.obj
 0001:00010210       _ssSetOutputPortMatrixDimensions 0000000180011210 f   untitled_sfun_registry.obj
 0001:00010360       _ssSetInputPortVectorDimension 0000000180011360 f   untitled_sfun_registry.obj
 0001:00010410       _ssSetOutputPortVectorDimension 0000000180011410 f   untitled_sfun_registry.obj
 0001:000104c0       ssIsRunTimeParamTunable    00000001800114c0 f   untitled_sfun_registry.obj
 0001:00010530       ssGetSFuncBlockHandle      0000000180011530 f   untitled_sfun_registry.obj
 0001:000105a0       _ssGetCallSystemNumFcnCallDestinations 00000001800115a0 f   untitled_sfun_registry.obj
 0001:00010610       _ssGetCurrentInputPortWidth 0000000180011610 f   untitled_sfun_registry.obj
 0001:00010750       _ssGetCurrentOutputPortWidth 0000000180011750 f   untitled_sfun_registry.obj
 0001:00010890       ssGetIsZeroCrossControlDisabled 0000000180011890 f   untitled_sfun_registry.obj
 0001:00010900       ssSetIsInputPortUsedForContZcSignal 0000000180011900 f   untitled_sfun_registry.obj
 0001:00010970       ssSetZcSignalIsZcElementDisc 0000000180011970 f   untitled_sfun_registry.obj
 0001:00010a20       ssSetZcSignalName          0000000180011a20 f   untitled_sfun_registry.obj
 0001:00010a90       ssSetZcSignalWidth         0000000180011a90 f   untitled_sfun_registry.obj
 0001:00010b00       ssSetZcSignalZcEventType   0000000180011b00 f   untitled_sfun_registry.obj
 0001:00010b70       ssSetZcSignalType          0000000180011b70 f   untitled_sfun_registry.obj
 0001:00010be0       ssSetZcSignalZcTol         0000000180011be0 f   untitled_sfun_registry.obj
 0001:00010c50       ssSetZcSignalNeedsEventNotification 0000000180011c50 f   untitled_sfun_registry.obj
 0001:00010cc0       ssCreateAndAddZcSignalInfo 0000000180011cc0 f   untitled_sfun_registry.obj
 0001:00010d30       ssCloneAndAddZcSignalInfo  0000000180011d30 f   untitled_sfun_registry.obj
 0001:00010da0       ssGetNumZcSignals          0000000180011da0 f   untitled_sfun_registry.obj
 0001:00010e10       ssGetZcSignalVector        0000000180011e10 f   untitled_sfun_registry.obj
 0001:00010e80       ssGetZcSignalName          0000000180011e80 f   untitled_sfun_registry.obj
 0001:00010ef0       ssGetZcSignalWidth         0000000180011ef0 f   untitled_sfun_registry.obj
 0001:00010f60       ssGetZcSignalZcEventType   0000000180011f60 f   untitled_sfun_registry.obj
 0001:00010fd0       ssGetZcSignalZcEvents      0000000180011fd0 f   untitled_sfun_registry.obj
 0001:00011040       ssGetZcSignalType          0000000180012040 f   untitled_sfun_registry.obj
 0001:000110b0       ssGetZcSignalZcTol         00000001800120b0 f   untitled_sfun_registry.obj
 0001:00011130       ssGetZcSignalNeedsEventNotification 0000000180012130 f   untitled_sfun_registry.obj
 0001:000111a0       ssGetZcSignalIsZcElementDisc 00000001800121a0 f   untitled_sfun_registry.obj
 0001:00011240       ssGetIsInputPortElementContinuous 0000000180012240 f   untitled_sfun_registry.obj
 0001:000112e0       _ssGetAbsTol               00000001800122e0 f   untitled_sfun_registry.obj
 0001:00011350       _ssSetStateAbsTol          0000000180012350 f   untitled_sfun_registry.obj
 0001:00011430       _ssSetInputPortReusableFcn 0000000180012430 f   untitled_sfun_registry.obj
 0001:00011530       _ssSetOutputPortReusableFcn 0000000180012530 f   untitled_sfun_registry.obj
 0001:00011630       _ssSetSymbolicDimsSupport  0000000180012630 f   untitled_sfun_registry.obj
 0001:000116a0       _ssRegisterSymbolicDimsExpr 00000001800126a0 f   untitled_sfun_registry.obj
 0001:00011720       _ssRegisterSymbolicDimsMATLABExpr 0000000180012720 f   untitled_sfun_registry.obj
 0001:000117b0       _ssRegisterSymbolicDims    00000001800127b0 f   untitled_sfun_registry.obj
 0001:00011850       _ssRegisterSymbolicDimsString 0000000180012850 f   untitled_sfun_registry.obj
 0001:000118d0       _ssRegisterSymbolicDimsIntValue 00000001800128d0 f   untitled_sfun_registry.obj
 0001:00011940       _ssRegisterSymbolicEqualRelation 0000000180012940 f   untitled_sfun_registry.obj
 0001:000119b0       _ssRegisterSymbolicEqualValue 00000001800129b0 f   untitled_sfun_registry.obj
 0001:00011a20       _ssAmendLeadingSymbolicDims 0000000180012a20 f   untitled_sfun_registry.obj
 0001:00011aa0       _ssAmendTrailingSymbolicDims 0000000180012aa0 f   untitled_sfun_registry.obj
 0001:00011b20       _ssRegisterSymbolicDimsPlus 0000000180012b20 f   untitled_sfun_registry.obj
 0001:00011ba0       _ssRegisterSymbolicDimsMinus 0000000180012ba0 f   untitled_sfun_registry.obj
 0001:00011c20       _ssRegisterSymbolicDimsMultiply 0000000180012c20 f   untitled_sfun_registry.obj
 0001:00011ca0       _ssRegisterSymbolicDimsDivide 0000000180012ca0 f   untitled_sfun_registry.obj
 0001:00011d20       _ssGetNumSymbolicDims      0000000180012d20 f   untitled_sfun_registry.obj
 0001:00011d90       _ssGetSymbolicDim          0000000180012d90 f   untitled_sfun_registry.obj
 0001:00011e10       _ssSetInputPortSymbolicDimsId 0000000180012e10 f   untitled_sfun_registry.obj
 0001:00011e80       _ssGetCompInputPortSymbolicDimsId 0000000180012e80 f   untitled_sfun_registry.obj
 0001:00011ef0       _ssSetCompInputPortSymbolicDimsId 0000000180012ef0 f   untitled_sfun_registry.obj
 0001:00011f60       _ssSetOutputPortSymbolicDimsId 0000000180012f60 f   untitled_sfun_registry.obj
 0001:00011fd0       _ssGetCompOutputPortSymbolicDimsId 0000000180012fd0 f   untitled_sfun_registry.obj
 0001:00012040       _ssSetCompOutputPortSymbolicDimsId 0000000180013040 f   untitled_sfun_registry.obj
 0001:000120b0       _ssGetDWorkSymbolicDimsId  00000001800130b0 f   untitled_sfun_registry.obj
 0001:00012120       _ssSetDWorkSymbolicDimsId  0000000180013120 f   untitled_sfun_registry.obj
 0001:00012190       _ssGetCompDWorkSymbolicDimsId 0000000180013190 f   untitled_sfun_registry.obj
 0001:00012200       _ssSetCompDWorkSymbolicDimsId 0000000180013200 f   untitled_sfun_registry.obj
 0001:00012270       _ssCreateSLCGStringBuffer  0000000180013270 f   untitled_sfun_registry.obj
 0001:000122e0       _ssAddToSLCGStringBuffer   00000001800132e0 f   untitled_sfun_registry.obj
 0001:00012350       _ssGetPointerContainedData 0000000180013350 f   untitled_sfun_registry.obj
 0001:000123e0       _ssGetPointerContainedDataWidth 00000001800133e0 f   untitled_sfun_registry.obj
 0001:00012470       _ssRegisterDynamicArrayDataTypeFcn 0000000180013470 f   untitled_sfun_registry.obj
 0001:00012510       _ssGetDynamicArrayContainedDataCurrentWidthFcn 0000000180013510 f   untitled_sfun_registry.obj
 0001:000125e0       _ssGetDynamicArrayContainedDataFcn 00000001800135e0 f   untitled_sfun_registry.obj
 0001:000126b0       _ssGetInputPortDynamicArrayDataFcn 00000001800136b0 f   untitled_sfun_registry.obj
 0001:00012770       _ssGetOutputPortDynamicArrayDataFcn 0000000180013770 f   untitled_sfun_registry.obj
 0001:00012830       _ssGetInputPortDynamicArrayContainedDataFcn 0000000180013830 f   untitled_sfun_registry.obj
 0001:000128f0       _ssGetOutputPortDynamicArrayContainedDataFcn 00000001800138f0 f   untitled_sfun_registry.obj
 0001:000129b0       _ssGetDynamicArrayDWorkContainedDataFcn 00000001800139b0 f   untitled_sfun_registry.obj
 0001:00012a70       sf_process_check_sum_call  0000000180013a70 f   untitled_sfun_registry.obj
 0001:00012ac0       sf_process_get_third_party_uses_info_call 0000000180013ac0 f   untitled_sfun_registry.obj
 0001:00012cf0       sf_process_get_jit_fallback_info_call 0000000180013cf0 f   untitled_sfun_registry.obj
 0001:00012f20       sf_process_get_post_codegen_info_call 0000000180013f20 f   untitled_sfun_registry.obj
 0001:00013150       sf_process_get_updateBuildInfo_args_info_call 0000000180014150 f   untitled_sfun_registry.obj
 0001:00013380       sf_process_get_eml_resolved_functions_info_call 0000000180014380 f   untitled_sfun_registry.obj
 0001:000135b0       sf_mex_unlock_call         00000001800145b0 f   untitled_sfun_registry.obj
 0001:000137d0       sf_machine_global_initializer_called 00000001800147d0 f   untitled_sfun_registry.obj
 0001:00013800       sf_machine_global_method_dispatcher 0000000180014800 f   untitled_sfun_registry.obj
 0001:00013860       sf_machine_global_terminator 0000000180014860 f   untitled_sfun_registry.obj
 0001:00013890       callCustomFcn              0000000180014890 f   untitled_sfun_registry.obj
 0001:000138a0       sf_machine_global_initializer 00000001800148a0 f   untitled_sfun_registry.obj
 0001:000138d0       mdlGetSimState             00000001800148d0 f   untitled_sfun_registry.obj
 0001:00013910       mdlSetSimState             0000000180014910 f   untitled_sfun_registry.obj
 0001:000142a0       ProcessMexSfunctionEveryCall 00000001800152a0 f   untitled_sfun_registry.obj
 0001:00015420       __local_stdio_printf_options 0000000180016420 f i untitled_sfun_registry.obj
 0001:00015430       _vsnprintf_l               0000000180016430 f i untitled_sfun_registry.obj
 0001:000154b0       _vsprintf_l                00000001800164b0 f i untitled_sfun_registry.obj
 0001:00015500       sprintf                    0000000180016500 f i untitled_sfun_registry.obj
 0001:00015550       mexfilerequiredapiversion  0000000180016550 f   c_mexapi_version.obj
 0001:00015580       getBitfieldFromFloat       0000000180016580 f   half_type.obj
 0001:000155b0       getFloatFromBitfield       00000001800165b0 f   half_type.obj
 0001:000155e0       getBitfieldFromHalf        00000001800165e0 f   half_type.obj
 0001:00015600       getHalfFromBitfield        0000000180016600 f   half_type.obj
 0001:00015630       halfToFloat                0000000180016630 f   half_type.obj
 0001:000157b0       halfToDouble               00000001800167b0 f   half_type.obj
 0001:000157e0       floatToHalf                00000001800167e0 f   half_type.obj
 0001:00015a40       doubleToHalf               0000000180016a40 f   half_type.obj
 0001:00015d2b       grayto8_real64             0000000180016d2b f   libmwgrayto8:libmwgrayto8.dll
 0001:00015d31       rgb2gray_tbb_uint8         0000000180016d31 f   libmwrgb2gray_tbb:libmwrgb2gray_tbb.dll
 0001:00015d37       getnumcores                0000000180016d37 f   libmwgetnumcores:libmwgetnumcores.dll
 0001:00015d3d       sf_load_rtw_optimization_info 0000000180016d3d f   sf_runtime:sf_runtime.dll
 0001:00015d43       sf_mex_decode              0000000180016d43 f   sf_runtime:sf_runtime.dll
 0001:00015d49       sf_init_ChartRunTimeInfo   0000000180016d49 f   sf_runtime:sf_runtime.dll
 0001:00015d4f       sf_free_ChartRunTimeInfo   0000000180016d4f f   sf_runtime:sf_runtime.dll
 0001:00015d55       sf_reset_warnings_ChartRunTimeInfo 0000000180016d55 f   sf_runtime:sf_runtime.dll
 0001:00015d5b       sfrtGetEmlrtCtx            0000000180016d5b f   sf_runtime:sf_runtime.dll
 0001:00015d61       sfrtGetCovrtInstance       0000000180016d61 f   sf_runtime:sf_runtime.dll
 0001:00015d67       sf_get_chart_instance_ptr  0000000180016d67 f   sf_runtime:sf_runtime.dll
 0001:00015d6d       sfSetAnimationVectors      0000000180016d6d f   sf_runtime:sf_runtime.dll
 0001:00015d73       sim_mode_is_rtw_gen        0000000180016d73 f   sf_runtime:sf_runtime.dll
 0001:00015d79       sim_mode_is_external       0000000180016d79 f   sf_runtime:sf_runtime.dll
 0001:00015d7f       sf_clear_rtw_identifier    0000000180016d7f f   sf_runtime:sf_runtime.dll
 0001:00015d85       sf_get_time                0000000180016d85 f   sf_runtime:sf_runtime.dll
 0001:00015d8b       sf_set_work_widths         0000000180016d8b f   sf_runtime:sf_runtime.dll
 0001:00015d91       mdlProcessParamsCommon     0000000180016d91 f   sf_runtime:sf_runtime.dll
 0001:00015d97       sf_mex_call                0000000180016d97 f   sf_runtime:sf_runtime.dll
 0001:00015d9d       sf_mex_error_message       0000000180016d9d f   sf_runtime:sf_runtime.dll
 0001:00015da3       sf_mex_create              0000000180016da3 f   sf_runtime:sf_runtime.dll
 0001:00015da9       sf_mex_createcellmatrix    0000000180016da9 f   sf_runtime:sf_runtime.dll
 0001:00015daf       sf_mex_setcell             0000000180016daf f   sf_runtime:sf_runtime.dll
 0001:00015db5       sf_mex_getcell             0000000180016db5 f   sf_runtime:sf_runtime.dll
 0001:00015dbb       sf_mex_assign              0000000180016dbb f   sf_runtime:sf_runtime.dll
 0001:00015dc1       sf_mex_dup                 0000000180016dc1 f   sf_runtime:sf_runtime.dll
 0001:00015dc7       sf_mex_destroy             0000000180016dc7 f   sf_runtime:sf_runtime.dll
 0001:00015dcd       sf_mex_import              0000000180016dcd f   sf_runtime:sf_runtime.dll
 0001:00015dd3       ssGetInputPortSignal_wrapper 0000000180016dd3 f   sf_runtime:sf_runtime.dll
 0001:00015dd9       ssGetOutputPortSignal_wrapper 0000000180016dd9 f   sf_runtime:sf_runtime.dll
 0001:00015ddf       sf_data_overflow_error     0000000180016ddf f   sf_runtime:sf_runtime.dll
 0001:00015de5       sf_data_saturate_error     0000000180016de5 f   sf_runtime:sf_runtime.dll
 0001:00015deb       sf_get_ChartInfoStruct_CodeGen 0000000180016deb f   sf_runtime:sf_runtime.dll
 0001:00015df1       sf_get_hasSeparateUpdateOutputs 0000000180016df1 f   sf_runtime:sf_runtime.dll
 0001:00015df7       callMdlMethodAndReportError 0000000180016df7 f   sf_runtime:sf_runtime.dll
 0001:00015dfd       call_sf_machine_global_method_dispatcher 0000000180016dfd f   sf_runtime:sf_runtime.dll
 0001:00015e03       getRuntimeInstanceInfoAsVoid 0000000180016e03 f   sf_runtime:sf_runtime.dll
 0001:00015e09       sf_mex_error_direct_call   0000000180016e09 f   sf_runtime:sf_runtime.dll
 0001:00015e0f       sf_clear_error_manager_info 0000000180016e0f f   sf_runtime:sf_runtime.dll
 0001:00015e15       mxIsChar_800               0000000180016e15 f   libmx:libmx.dll
 0001:00015e1b       mxGetScalar_800            0000000180016e1b f   libmx:libmx.dll
 0001:00015e21       mxGetPr_800                0000000180016e21 f   libmx:libmx.dll
 0001:00015e27       mxDestroyArray_800         0000000180016e27 f   libmx:libmx.dll
 0001:00015e2d       mxCreateDoubleMatrix_800   0000000180016e2d f   libmx:libmx.dll
 0001:00015e33       mxGetString_800            0000000180016e33 f   libmx:libmx.dll
 0001:00015e39       mxDuplicateArray_800       0000000180016e39 f   libmx:libmx.dll
 0001:00015e3f       mxSetCell_800              0000000180016e3f f   libmx:libmx.dll
 0001:00015e45       mxSetField_800             0000000180016e45 f   libmx:libmx.dll
 0001:00015e4b       mxCreateString_800         0000000180016e4b f   libmx:libmx.dll
 0001:00015e51       mxCreateCellMatrix_800     0000000180016e51 f   libmx:libmx.dll
 0001:00015e57       mxCreateStructMatrix_800   0000000180016e57 f   libmx:libmx.dll
 0001:00015e5d       mxGetInf_800               0000000180016e5d f   libmx:libmx.dll
 0001:00015e63       mxCalloc_800               0000000180016e63 f   libmx:libmx.dll
 0001:00015e69       mxGetM_800                 0000000180016e69 f   libmx:libmx.dll
 0001:00015e6f       mxGetClassID_800           0000000180016e6f f   libmx:libmx.dll
 0001:00015e75       mxIsNumeric_800            0000000180016e75 f   libmx:libmx.dll
 0001:00015e7b       mxIsComplex_800            0000000180016e7b f   libmx:libmx.dll
 0001:00015e81       mxGetN_800                 0000000180016e81 f   libmx:libmx.dll
 0001:00015e87       mxCreateDoubleScalar_800   0000000180016e87 f   libmx:libmx.dll
 0001:00015e8d       mexMakeArrayPersistent_800 0000000180016e8d f   libmex:libmex.dll
 0001:00015e93       mexErrMsgTxt_800           0000000180016e93 f   libmex:libmex.dll
 0001:00015e99       mexWarnMsgTxt_800          0000000180016e99 f   libmex:libmex.dll
 0001:00015e9f       mexCallMATLAB_800          0000000180016e9f f   libmex:libmex.dll
 0001:00015ea5       mexLock_800                0000000180016ea5 f   libmex:libmex.dll
 0001:00015eab       mexUnlock_800              0000000180016eab f   libmex:libmex.dll
 0001:00015eb1       mexIsLocked_800            0000000180016eb1 f   libmex:libmex.dll
 0001:00015eb7       utMalloc                   0000000180016eb7 f   libut:libut.dll
 0001:00015ebd       utFree                     0000000180016ebd f   libut:libut.dll
 0001:00015ec3       muDoubleScalarFloor        0000000180016ec3 f   libmwmathutil:libmwmathutil.dll
 0001:00015ec9       muDoubleScalarIsNaN        0000000180016ec9 f   libmwmathutil:libmwmathutil.dll
 0001:00015ecf       muDoubleScalarIsInf        0000000180016ecf f   libmwmathutil:libmwmathutil.dll
 0001:00015ed5       muDoubleScalarRound        0000000180016ed5 f   libmwmathutil:libmwmathutil.dll
 0001:00015edb       emlrtLicenseCheckR2022a    0000000180016edb f   libemlrt:libemlrt.dll
 0001:00015ee1       emlrtDynamicBoundsCheckR2012b 0000000180016ee1 f   libemlrt:libemlrt.dll
 0001:00015ee7       emlrtIntegerCheckR2012b    0000000180016ee7 f   libemlrt:libemlrt.dll
 0001:00015eed       covrtCreateStateflowInstanceData 0000000180016eed f   libcovrt:libcovrt.dll
 0001:00015ef3       covrtDeleteStateflowInstanceData 0000000180016ef3 f   libcovrt:libcovrt.dll
 0001:00015ef9       covrtTransInitFcn          0000000180016ef9 f   libcovrt:libcovrt.dll
 0001:00015eff       covrtStateInitFcn          0000000180016eff f   libcovrt:libcovrt.dll
 0001:00015f05       covrtChartInitFcn          0000000180016f05 f   libcovrt:libcovrt.dll
 0001:00015f0b       covrtSigUpdateFcn          0000000180016f0b f   libcovrt:libcovrt.dll
 0001:00015f11       covrtEmlInitFcn            0000000180016f11 f   libcovrt:libcovrt.dll
 0001:00015f17       covrtEmlFcnInitFcn         0000000180016f17 f   libcovrt:libcovrt.dll
 0001:00015f1d       covrtEmlFcnEval            0000000180016f1d f   libcovrt:libcovrt.dll
 0001:00015f23       covrtSaturationUpdateFcn   0000000180016f23 f   libcovrt:libcovrt.dll
 0001:00015f29       covrtEmlSaturationInitFcn  0000000180016f29 f   libcovrt:libcovrt.dll
 0001:00015f30       __raise_securityfailure    0000000180016f30 f   MSVCRT:gs_report.obj
 0001:00015f64       __report_gsfailure         0000000180016f64 f   MSVCRT:gs_report.obj
 0001:00016038       __report_rangecheckfailure 0000000180017038 f   MSVCRT:gs_report.obj
 0001:0001604c       __report_securityfailure   000000018001704c f   MSVCRT:gs_report.obj
 0001:000160e8       __report_securityfailureEx 00000001800170e8 f   MSVCRT:gs_report.obj
 0001:000162dc       __GSHandlerCheck           00000001800172dc f   MSVCRT:gshandler.obj
 0001:000162fc       __GSHandlerCheckCommon     00000001800172fc f   MSVCRT:gshandler.obj
 0001:00016370       __security_check_cookie    0000000180017370 f   MSVCRT:amdsecgs.obj
 0001:000163a0       __chkstk                   00000001800173a0 f   MSVCRT:chkstk.obj
 0001:000163a0       _alloca_probe              00000001800173a0 f   MSVCRT:chkstk.obj
 0001:0001672c       _CRT_INIT                  000000018001772c f   MSVCRT:dll_dllmain.obj
 0001:00016734       _DllMainCRTStartup         0000000180017734 f   MSVCRT:dll_dllmain.obj
 0001:000167e0       __security_init_cookie     00000001800177e0 f   MSVCRT:gs_support.obj
 0001:0001688c       DllMain                    000000018001788c f   MSVCRT:dll_dllmain_stub.obj
 0001:000168b0       ?__scrt_initialize_type_info@@YAXXZ 00000001800178b0 f   MSVCRT:tncleanup.obj
 0001:000168c0       ?__scrt_uninitialize_type_info@@YAXXZ 00000001800178c0 f   MSVCRT:tncleanup.obj
 0001:000168cc       __local_stdio_scanf_options 00000001800178cc f i MSVCRT:default_local_stdio_options.obj
 0001:000168d4       __scrt_initialize_default_local_stdio_options 00000001800178d4 f   MSVCRT:default_local_stdio_options.obj
 0001:000168f0       ?configure_argv@__scrt_narrow_argv_policy@@SAHXZ 00000001800178f0 f i MSVCRT:utility.obj
 0001:00016950       ?initialize_environment@__scrt_narrow_environment_policy@@SAHXZ 0000000180017950 f i MSVCRT:utility.obj
 0001:00016988       NtCurrentTeb               0000000180017988 f i MSVCRT:utility.obj
 0001:00016994       __scrt_acquire_startup_lock 0000000180017994 f   MSVCRT:utility.obj
 0001:000169d0       __scrt_dllmain_after_initialize_c 00000001800179d0 f   MSVCRT:utility.obj
 0001:00016a04       __scrt_dllmain_before_initialize_c 0000000180017a04 f   MSVCRT:utility.obj
 0001:00016a1c       __scrt_dllmain_crt_thread_attach 0000000180017a1c f   MSVCRT:utility.obj
 0001:00016a44       __scrt_dllmain_crt_thread_detach 0000000180017a44 f   MSVCRT:utility.obj
 0001:00016a5c       __scrt_dllmain_exception_filter 0000000180017a5c f   MSVCRT:utility.obj
 0001:00016abc       __scrt_dllmain_uninitialize_c 0000000180017abc f   MSVCRT:utility.obj
 0001:00016aec       __scrt_dllmain_uninitialize_critical 0000000180017aec f   MSVCRT:utility.obj
 0001:00016b00       __scrt_initialize_crt      0000000180017b00 f   MSVCRT:utility.obj
 0001:00016b4c       __scrt_initialize_onexit_tables 0000000180017b4c f   MSVCRT:utility.obj
 0001:00016bd8       __scrt_is_nonwritable_in_current_image 0000000180017bd8 f   MSVCRT:utility.obj
 0001:00016c70       __scrt_release_startup_lock 0000000180017c70 f   MSVCRT:utility.obj
 0001:00016c94       __scrt_uninitialize_crt    0000000180017c94 f   MSVCRT:utility.obj
 0001:00016cc0       _onexit                    0000000180017cc0 f   MSVCRT:utility.obj
 0001:00016cfc       at_quick_exit              0000000180017cfc f   MSVCRT:utility.obj
 0001:00016d1c       atexit                     0000000180017d1c f   MSVCRT:utility.obj
 0001:00016d34       __scrt_get_dyn_tls_init_callback 0000000180017d34 f   MSVCRT:dyn_tls_init.obj
 0001:00016d3c       __crt_debugger_hook        0000000180017d3c f   MSVCRT:utility_desktop.obj
 0001:00016d44       __scrt_fastfail            0000000180017d44 f   MSVCRT:utility_desktop.obj
 0001:00016e90       __scrt_get_show_window_mode 0000000180017e90 f   MSVCRT:utility_desktop.obj
 0001:00016ecc       __scrt_initialize_mta      0000000180017ecc f   MSVCRT:utility_desktop.obj
 0001:00016ed4       __scrt_initialize_winrt    0000000180017ed4 f   MSVCRT:utility_desktop.obj
 0001:00016ed8       __scrt_is_managed_app      0000000180017ed8 f   MSVCRT:utility_desktop.obj
 0001:00016f2c       __scrt_set_unhandled_exception_filter 0000000180017f2c f   MSVCRT:utility_desktop.obj
 0001:00016f3c       __scrt_exe_initialize_mta  0000000180017f3c f   MSVCRT:utility_desktop.obj
 0001:00016f3c       __scrt_stub_for_initialize_mta 0000000180017f3c f   MSVCRT:utility_desktop.obj
 0001:00016f40       __scrt_unhandled_exception_filter 0000000180017f40 f   MSVCRT:utility_desktop.obj
 0001:00016f9c       _RTC_Initialize            0000000180017f9c f   MSVCRT:initsect.obj
 0001:00016fd8       _RTC_Terminate             0000000180017fd8 f   MSVCRT:initsect.obj
 0001:00017014       _guard_check_icall_nop     0000000180018014 f i MSVCRT:guard_support.obj
 0001:00017018       ReadNoFence64              0000000180018018 f i MSVCRT:guard_support.obj
 0001:0001701c       ReadPointerNoFence         000000018001801c f i MSVCRT:guard_support.obj
 0001:00017020       __castguard_check_failure_debugbreak 0000000180018020 f i MSVCRT:guard_support.obj
 0001:0001703c       __castguard_check_failure_fastfail 000000018001803c f i MSVCRT:guard_support.obj
 0001:00017060       __castguard_check_failure_nop 0000000180018060 f i MSVCRT:guard_support.obj
 0001:00017064       __castguard_check_failure_os_handled 0000000180018064 f i MSVCRT:guard_support.obj
 0001:000170e0       __castguard_slow_path_check_debugbreak 00000001800180e0 f i MSVCRT:guard_support.obj
 0001:00017114       __castguard_slow_path_check_fastfail 0000000180018114 f i MSVCRT:guard_support.obj
 0001:00017150       __castguard_slow_path_check_nop 0000000180018150 f i MSVCRT:guard_support.obj
 0001:00017154       __castguard_slow_path_check_os_handled 0000000180018154 f i MSVCRT:guard_support.obj
 0001:000171c4       _guard_icall_checks_enforced 00000001800181c4 f i MSVCRT:guard_support.obj
 0001:000171dc       _guard_rf_checks_enforced  00000001800181dc f i MSVCRT:guard_support.obj
 0001:000171e0       __isa_available_init       00000001800181e0 f   MSVCRT:cpu_disp.obj
 0001:0001738c       _get_startup_argv_mode     000000018001838c f   MSVCRT:argv_mode.obj
 0001:00017394       __scrt_is_ucrt_dll_in_use  0000000180018394 f   MSVCRT:ucrt_detection.obj
 0001:000173a0       RtlCaptureContext          00000001800183a0 f   kernel32:KERNEL32.dll
 0001:000173a6       RtlLookupFunctionEntry     00000001800183a6 f   kernel32:KERNEL32.dll
 0001:000173ac       RtlVirtualUnwind           00000001800183ac f   kernel32:KERNEL32.dll
 0001:000173b2       UnhandledExceptionFilter   00000001800183b2 f   kernel32:KERNEL32.dll
 0001:000173b8       SetUnhandledExceptionFilter 00000001800183b8 f   kernel32:KERNEL32.dll
 0001:000173be       GetCurrentProcess          00000001800183be f   kernel32:KERNEL32.dll
 0001:000173c4       TerminateProcess           00000001800183c4 f   kernel32:KERNEL32.dll
 0001:000173ca       IsProcessorFeaturePresent  00000001800183ca f   kernel32:KERNEL32.dll
 0001:000173d0       QueryPerformanceCounter    00000001800183d0 f   kernel32:KERNEL32.dll
 0001:000173d6       GetCurrentProcessId        00000001800183d6 f   kernel32:KERNEL32.dll
 0001:000173dc       GetCurrentThreadId         00000001800183dc f   kernel32:KERNEL32.dll
 0001:000173e2       GetSystemTimeAsFileTime    00000001800183e2 f   kernel32:KERNEL32.dll
 0001:000173e8       DisableThreadLibraryCalls  00000001800183e8 f   kernel32:KERNEL32.dll
 0001:000173ee       InitializeSListHead        00000001800183ee f   kernel32:KERNEL32.dll
 0001:000173f4       IsDebuggerPresent          00000001800183f4 f   kernel32:KERNEL32.dll
 0001:000173fa       GetStartupInfoW            00000001800183fa f   kernel32:KERNEL32.dll
 0001:00017400       GetModuleHandleW           0000000180018400 f   kernel32:KERNEL32.dll
 0001:00017406       memset                     0000000180018406 f   vcruntime:VCRUNTIME140.dll
 0001:0001740c       memcpy                     000000018001840c f   vcruntime:VCRUNTIME140.dll
 0001:00017412       __C_specific_handler       0000000180018412 f   vcruntime:VCRUNTIME140.dll
 0001:00017418       __std_type_info_destroy_list 0000000180018418 f   vcruntime:VCRUNTIME140.dll
 0001:0001741e       __current_exception        000000018001841e f   vcruntime:VCRUNTIME140.dll
 0001:00017424       __current_exception_context 0000000180018424 f   vcruntime:VCRUNTIME140.dll
 0001:0001742a       strcmp                     000000018001842a f   ucrt:api-ms-win-crt-string-l1-1-0.dll
 0001:00017430       strcat                     0000000180018430 f   ucrt:api-ms-win-crt-string-l1-1-0.dll
 0001:00017436       __stdio_common_vsprintf    0000000180018436 f   ucrt:api-ms-win-crt-stdio-l1-1-0.dll
 0001:0001743c       free                       000000018001843c f   ucrt:api-ms-win-crt-heap-l1-1-0.dll
 0001:00017442       malloc                     0000000180018442 f   ucrt:api-ms-win-crt-heap-l1-1-0.dll
 0001:00017448       strlen                     0000000180018448 f   ucrt:api-ms-win-crt-string-l1-1-0.dll
 0001:0001744e       _initterm                  000000018001844e f   ucrt:api-ms-win-crt-runtime-l1-1-0.dll
 0001:00017454       _initterm_e                0000000180018454 f   ucrt:api-ms-win-crt-runtime-l1-1-0.dll
 0001:0001745a       _seh_filter_dll            000000018001845a f   ucrt:api-ms-win-crt-runtime-l1-1-0.dll
 0001:00017460       _configure_narrow_argv     0000000180018460 f   ucrt:api-ms-win-crt-runtime-l1-1-0.dll
 0001:00017466       _initialize_narrow_environment 0000000180018466 f   ucrt:api-ms-win-crt-runtime-l1-1-0.dll
 0001:0001746c       _initialize_onexit_table   000000018001846c f   ucrt:api-ms-win-crt-runtime-l1-1-0.dll
 0001:00017472       _register_onexit_function  0000000180018472 f   ucrt:api-ms-win-crt-runtime-l1-1-0.dll
 0001:00017478       _execute_onexit_table      0000000180018478 f   ucrt:api-ms-win-crt-runtime-l1-1-0.dll
 0001:0001747e       _crt_atexit                000000018001847e f   ucrt:api-ms-win-crt-runtime-l1-1-0.dll
 0001:00017484       _crt_at_quick_exit         0000000180018484 f   ucrt:api-ms-win-crt-runtime-l1-1-0.dll
 0001:0001748a       _cexit                     000000018001848a f   ucrt:api-ms-win-crt-runtime-l1-1-0.dll
 0001:00017490       terminate                  0000000180018490 f   ucrt:api-ms-win-crt-runtime-l1-1-0.dll
 0001:00017498       __acrt_initialize          0000000180018498 f   MSVCRT:ucrt_stubs.obj
 0001:00017498       __scrt_stub_for_acrt_initialize 0000000180018498 f   MSVCRT:ucrt_stubs.obj
 0001:00017498       __vcrt_initialize          0000000180018498 f   MSVCRT:ucrt_stubs.obj
 0001:0001749c       __acrt_thread_attach       000000018001849c f   MSVCRT:ucrt_stubs.obj
 0001:0001749c       __scrt_stub_for_acrt_thread_attach 000000018001849c f   MSVCRT:ucrt_stubs.obj
 0001:0001749c       __vcrt_thread_attach       000000018001849c f   MSVCRT:ucrt_stubs.obj
 0001:000174a0       __acrt_thread_detach       00000001800184a0 f   MSVCRT:ucrt_stubs.obj
 0001:000174a0       __scrt_stub_for_acrt_thread_detach 00000001800184a0 f   MSVCRT:ucrt_stubs.obj
 0001:000174a0       __vcrt_thread_detach       00000001800184a0 f   MSVCRT:ucrt_stubs.obj
 0001:000174a4       __acrt_uninitialize        00000001800184a4 f   MSVCRT:ucrt_stubs.obj
 0001:000174a4       __scrt_stub_for_acrt_uninitialize 00000001800184a4 f   MSVCRT:ucrt_stubs.obj
 0001:000174a4       __vcrt_uninitialize        00000001800184a4 f   MSVCRT:ucrt_stubs.obj
 0001:000174a8       __acrt_uninitialize_critical 00000001800184a8 f   MSVCRT:ucrt_stubs.obj
 0001:000174a8       __scrt_stub_for_acrt_uninitialize_critical 00000001800184a8 f   MSVCRT:ucrt_stubs.obj
 0001:000174a8       __vcrt_uninitialize_critical 00000001800184a8 f   MSVCRT:ucrt_stubs.obj
 0001:000174ac       __scrt_stub_for_is_c_termination_complete 00000001800184ac f   MSVCRT:ucrt_stubs.obj
 0001:000174ac       _is_c_termination_complete 00000001800184ac f   MSVCRT:ucrt_stubs.obj
 0001:000174c0       _guard_dispatch_icall_nop  00000001800184c0 f   MSVCRT:guard_dispatch.obj
 0001:000174e0       _guard_xfg_dispatch_icall_nop 00000001800184e0 f   MSVCRT:guard_xfg_dispatch.obj
 0002:00000000       __imp_GetSystemTimeAsFileTime 0000000180019000     kernel32:KERNEL32.dll
 0002:00000008       __imp_IsProcessorFeaturePresent 0000000180019008     kernel32:KERNEL32.dll
 0002:00000010       __imp_RtlCaptureContext    0000000180019010     kernel32:KERNEL32.dll
 0002:00000018       __imp_RtlLookupFunctionEntry 0000000180019018     kernel32:KERNEL32.dll
 0002:00000020       __imp_QueryPerformanceCounter 0000000180019020     kernel32:KERNEL32.dll
 0002:00000028       __imp_GetCurrentProcessId  0000000180019028     kernel32:KERNEL32.dll
 0002:00000030       __imp_GetCurrentThreadId   0000000180019030     kernel32:KERNEL32.dll
 0002:00000038       __imp_DisableThreadLibraryCalls 0000000180019038     kernel32:KERNEL32.dll
 0002:00000040       __imp_InitializeSListHead  0000000180019040     kernel32:KERNEL32.dll
 0002:00000048       __imp_IsDebuggerPresent    0000000180019048     kernel32:KERNEL32.dll
 0002:00000050       __imp_GetStartupInfoW      0000000180019050     kernel32:KERNEL32.dll
 0002:00000058       __imp_GetModuleHandleW     0000000180019058     kernel32:KERNEL32.dll
 0002:00000060       __imp_GetCurrentProcess    0000000180019060     kernel32:KERNEL32.dll
 0002:00000068       __imp_SetUnhandledExceptionFilter 0000000180019068     kernel32:KERNEL32.dll
 0002:00000070       __imp_UnhandledExceptionFilter 0000000180019070     kernel32:KERNEL32.dll
 0002:00000078       __imp_RtlVirtualUnwind     0000000180019078     kernel32:KERNEL32.dll
 0002:00000080       __imp_TerminateProcess     0000000180019080     kernel32:KERNEL32.dll
 0002:00000088       \177KERNEL32_NULL_THUNK_DATA 0000000180019088     kernel32:KERNEL32.dll
 0002:00000090       __imp_memset               0000000180019090     vcruntime:VCRUNTIME140.dll
 0002:00000098       __imp_memcpy               0000000180019098     vcruntime:VCRUNTIME140.dll
 0002:000000a0       __imp___C_specific_handler 00000001800190a0     vcruntime:VCRUNTIME140.dll
 0002:000000a8       __imp___std_type_info_destroy_list 00000001800190a8     vcruntime:VCRUNTIME140.dll
 0002:000000b0       __imp___current_exception  00000001800190b0     vcruntime:VCRUNTIME140.dll
 0002:000000b8       __imp___current_exception_context 00000001800190b8     vcruntime:VCRUNTIME140.dll
 0002:000000c0       \177VCRUNTIME140_NULL_THUNK_DATA 00000001800190c0     vcruntime:VCRUNTIME140.dll
 0002:000000c8       __imp_malloc               00000001800190c8     ucrt:api-ms-win-crt-heap-l1-1-0.dll
 0002:000000d0       __imp_free                 00000001800190d0     ucrt:api-ms-win-crt-heap-l1-1-0.dll
 0002:000000d8       \177api-ms-win-crt-heap-l1-1-0_NULL_THUNK_DATA 00000001800190d8     ucrt:api-ms-win-crt-heap-l1-1-0.dll
 0002:000000e0       __imp__seh_filter_dll      00000001800190e0     ucrt:api-ms-win-crt-runtime-l1-1-0.dll
 0002:000000e8       __imp__configure_narrow_argv 00000001800190e8     ucrt:api-ms-win-crt-runtime-l1-1-0.dll
 0002:000000f0       __imp__initialize_onexit_table 00000001800190f0     ucrt:api-ms-win-crt-runtime-l1-1-0.dll
 0002:000000f8       __imp__register_onexit_function 00000001800190f8     ucrt:api-ms-win-crt-runtime-l1-1-0.dll
 0002:00000100       __imp__execute_onexit_table 0000000180019100     ucrt:api-ms-win-crt-runtime-l1-1-0.dll
 0002:00000108       __imp__crt_atexit          0000000180019108     ucrt:api-ms-win-crt-runtime-l1-1-0.dll
 0002:00000110       __imp__initialize_narrow_environment 0000000180019110     ucrt:api-ms-win-crt-runtime-l1-1-0.dll
 0002:00000118       __imp__initterm_e          0000000180019118     ucrt:api-ms-win-crt-runtime-l1-1-0.dll
 0002:00000120       __imp__crt_at_quick_exit   0000000180019120     ucrt:api-ms-win-crt-runtime-l1-1-0.dll
 0002:00000128       __imp__cexit               0000000180019128     ucrt:api-ms-win-crt-runtime-l1-1-0.dll
 0002:00000130       __imp_terminate            0000000180019130     ucrt:api-ms-win-crt-runtime-l1-1-0.dll
 0002:00000138       __imp__initterm            0000000180019138     ucrt:api-ms-win-crt-runtime-l1-1-0.dll
 0002:00000140       \177api-ms-win-crt-runtime-l1-1-0_NULL_THUNK_DATA 0000000180019140     ucrt:api-ms-win-crt-runtime-l1-1-0.dll
 0002:00000148       __imp___stdio_common_vsprintf 0000000180019148     ucrt:api-ms-win-crt-stdio-l1-1-0.dll
 0002:00000150       \177api-ms-win-crt-stdio-l1-1-0_NULL_THUNK_DATA 0000000180019150     ucrt:api-ms-win-crt-stdio-l1-1-0.dll
 0002:00000158       __imp_strlen               0000000180019158     ucrt:api-ms-win-crt-string-l1-1-0.dll
 0002:00000160       __imp_strcat               0000000180019160     ucrt:api-ms-win-crt-string-l1-1-0.dll
 0002:00000168       __imp_strcmp               0000000180019168     ucrt:api-ms-win-crt-string-l1-1-0.dll
 0002:00000170       \177api-ms-win-crt-string-l1-1-0_NULL_THUNK_DATA 0000000180019170     ucrt:api-ms-win-crt-string-l1-1-0.dll
 0002:00000178       __imp_covrtCreateStateflowInstanceData 0000000180019178     libcovrt:libcovrt.dll
 0002:00000180       __imp_covrtEmlSaturationInitFcn 0000000180019180     libcovrt:libcovrt.dll
 0002:00000188       __imp_covrtSaturationUpdateFcn 0000000180019188     libcovrt:libcovrt.dll
 0002:00000190       __imp_covrtEmlFcnEval      0000000180019190     libcovrt:libcovrt.dll
 0002:00000198       __imp_covrtEmlFcnInitFcn   0000000180019198     libcovrt:libcovrt.dll
 0002:000001a0       __imp_covrtEmlInitFcn      00000001800191a0     libcovrt:libcovrt.dll
 0002:000001a8       __imp_covrtSigUpdateFcn    00000001800191a8     libcovrt:libcovrt.dll
 0002:000001b0       __imp_covrtChartInitFcn    00000001800191b0     libcovrt:libcovrt.dll
 0002:000001b8       __imp_covrtStateInitFcn    00000001800191b8     libcovrt:libcovrt.dll
 0002:000001c0       __imp_covrtTransInitFcn    00000001800191c0     libcovrt:libcovrt.dll
 0002:000001c8       __imp_covrtDeleteStateflowInstanceData 00000001800191c8     libcovrt:libcovrt.dll
 0002:000001d0       \177libcovrt_NULL_THUNK_DATA 00000001800191d0     libcovrt:libcovrt.dll
 0002:000001d8       __imp_emlrtIntegerCheckR2012b 00000001800191d8     libemlrt:libemlrt.dll
 0002:000001e0       __imp_emlrtDynamicBoundsCheckR2012b 00000001800191e0     libemlrt:libemlrt.dll
 0002:000001e8       __imp_emlrtLicenseCheckR2022a 00000001800191e8     libemlrt:libemlrt.dll
 0002:000001f0       \177libemlrt_NULL_THUNK_DATA 00000001800191f0     libemlrt:libemlrt.dll
 0002:000001f8       __imp_mexUnlock_800        00000001800191f8     libmex:libmex.dll
 0002:00000200       __imp_mexMakeArrayPersistent_800 0000000180019200     libmex:libmex.dll
 0002:00000208       __imp_mexErrMsgTxt_800     0000000180019208     libmex:libmex.dll
 0002:00000210       __imp_mexWarnMsgTxt_800    0000000180019210     libmex:libmex.dll
 0002:00000218       __imp_mexCallMATLAB_800    0000000180019218     libmex:libmex.dll
 0002:00000220       __imp_mexLock_800          0000000180019220     libmex:libmex.dll
 0002:00000228       __imp_mexIsLocked_800      0000000180019228     libmex:libmex.dll
 0002:00000230       \177libmex_NULL_THUNK_DATA 0000000180019230     libmex:libmex.dll
 0002:00000238       __imp_getnumcores          0000000180019238     libmwgetnumcores:libmwgetnumcores.dll
 0002:00000240       \177libmwgetnumcores_NULL_THUNK_DATA 0000000180019240     libmwgetnumcores:libmwgetnumcores.dll
 0002:00000248       __imp_grayto8_real64       0000000180019248     libmwgrayto8:libmwgrayto8.dll
 0002:00000250       \177libmwgrayto8_NULL_THUNK_DATA 0000000180019250     libmwgrayto8:libmwgrayto8.dll
 0002:00000258       __imp_muDoubleScalarIsNaN  0000000180019258     libmwmathutil:libmwmathutil.dll
 0002:00000260       __imp_muDoubleScalarIsInf  0000000180019260     libmwmathutil:libmwmathutil.dll
 0002:00000268       __imp_muDoubleScalarRound  0000000180019268     libmwmathutil:libmwmathutil.dll
 0002:00000270       __imp_muDoubleScalarFloor  0000000180019270     libmwmathutil:libmwmathutil.dll
 0002:00000278       \177libmwmathutil_NULL_THUNK_DATA 0000000180019278     libmwmathutil:libmwmathutil.dll
 0002:00000280       __imp_rgb2gray_tbb_uint8   0000000180019280     libmwrgb2gray_tbb:libmwrgb2gray_tbb.dll
 0002:00000288       \177libmwrgb2gray_tbb_NULL_THUNK_DATA 0000000180019288     libmwrgb2gray_tbb:libmwrgb2gray_tbb.dll
 0002:00000290       __imp_mxIsComplex_800      0000000180019290     libmx:libmx.dll
 0002:00000298       __imp_mxIsNumeric_800      0000000180019298     libmx:libmx.dll
 0002:000002a0       __imp_mxGetClassID_800     00000001800192a0     libmx:libmx.dll
 0002:000002a8       __imp_mxGetM_800           00000001800192a8     libmx:libmx.dll
 0002:000002b0       __imp_mxGetN_800           00000001800192b0     libmx:libmx.dll
 0002:000002b8       __imp_mxCreateDoubleScalar_800 00000001800192b8     libmx:libmx.dll
 0002:000002c0       __imp_mxCreateStructMatrix_800 00000001800192c0     libmx:libmx.dll
 0002:000002c8       __imp_mxCreateCellMatrix_800 00000001800192c8     libmx:libmx.dll
 0002:000002d0       __imp_mxCreateString_800   00000001800192d0     libmx:libmx.dll
 0002:000002d8       __imp_mxSetField_800       00000001800192d8     libmx:libmx.dll
 0002:000002e0       __imp_mxSetCell_800        00000001800192e0     libmx:libmx.dll
 0002:000002e8       __imp_mxDuplicateArray_800 00000001800192e8     libmx:libmx.dll
 0002:000002f0       __imp_mxGetString_800      00000001800192f0     libmx:libmx.dll
 0002:000002f8       __imp_mxCreateDoubleMatrix_800 00000001800192f8     libmx:libmx.dll
 0002:00000300       __imp_mxDestroyArray_800   0000000180019300     libmx:libmx.dll
 0002:00000308       __imp_mxGetPr_800          0000000180019308     libmx:libmx.dll
 0002:00000310       __imp_mxGetScalar_800      0000000180019310     libmx:libmx.dll
 0002:00000318       __imp_mxIsChar_800         0000000180019318     libmx:libmx.dll
 0002:00000320       __imp_mxGetInf_800         0000000180019320     libmx:libmx.dll
 0002:00000328       __imp_mxCalloc_800         0000000180019328     libmx:libmx.dll
 0002:00000330       \177libmx_NULL_THUNK_DATA  0000000180019330     libmx:libmx.dll
 0002:00000338       __imp_utMalloc             0000000180019338     libut:libut.dll
 0002:00000340       __imp_utFree               0000000180019340     libut:libut.dll
 0002:00000348       \177libut_NULL_THUNK_DATA  0000000180019348     libut:libut.dll
 0002:00000350       __imp_sf_get_hasSeparateUpdateOutputs 0000000180019350     sf_runtime:sf_runtime.dll
 0002:00000358       __imp_sf_mex_error_direct_call 0000000180019358     sf_runtime:sf_runtime.dll
 0002:00000360       __imp_sf_data_saturate_error 0000000180019360     sf_runtime:sf_runtime.dll
 0002:00000368       __imp_sf_data_overflow_error 0000000180019368     sf_runtime:sf_runtime.dll
 0002:00000370       __imp_ssGetOutputPortSignal_wrapper 0000000180019370     sf_runtime:sf_runtime.dll
 0002:00000378       __imp_ssGetInputPortSignal_wrapper 0000000180019378     sf_runtime:sf_runtime.dll
 0002:00000380       __imp_sf_mex_import        0000000180019380     sf_runtime:sf_runtime.dll
 0002:00000388       __imp_sf_mex_destroy       0000000180019388     sf_runtime:sf_runtime.dll
 0002:00000390       __imp_sf_mex_dup           0000000180019390     sf_runtime:sf_runtime.dll
 0002:00000398       __imp_sf_mex_assign        0000000180019398     sf_runtime:sf_runtime.dll
 0002:000003a0       __imp_sf_mex_getcell       00000001800193a0     sf_runtime:sf_runtime.dll
 0002:000003a8       __imp_sf_mex_setcell       00000001800193a8     sf_runtime:sf_runtime.dll
 0002:000003b0       __imp_sf_mex_createcellmatrix 00000001800193b0     sf_runtime:sf_runtime.dll
 0002:000003b8       __imp_sf_mex_create        00000001800193b8     sf_runtime:sf_runtime.dll
 0002:000003c0       __imp_sf_mex_error_message 00000001800193c0     sf_runtime:sf_runtime.dll
 0002:000003c8       __imp_callMdlMethodAndReportError 00000001800193c8     sf_runtime:sf_runtime.dll
 0002:000003d0       __imp_mdlProcessParamsCommon 00000001800193d0     sf_runtime:sf_runtime.dll
 0002:000003d8       __imp_sf_set_work_widths   00000001800193d8     sf_runtime:sf_runtime.dll
 0002:000003e0       __imp_sf_get_time          00000001800193e0     sf_runtime:sf_runtime.dll
 0002:000003e8       __imp_sf_clear_rtw_identifier 00000001800193e8     sf_runtime:sf_runtime.dll
 0002:000003f0       __imp_sim_mode_is_external 00000001800193f0     sf_runtime:sf_runtime.dll
 0002:000003f8       __imp_sim_mode_is_rtw_gen  00000001800193f8     sf_runtime:sf_runtime.dll
 0002:00000400       __imp_sfSetAnimationVectors 0000000180019400     sf_runtime:sf_runtime.dll
 0002:00000408       __imp_sf_get_chart_instance_ptr 0000000180019408     sf_runtime:sf_runtime.dll
 0002:00000410       __imp_sfrtGetCovrtInstance 0000000180019410     sf_runtime:sf_runtime.dll
 0002:00000418       __imp_sfrtGetEmlrtCtx      0000000180019418     sf_runtime:sf_runtime.dll
 0002:00000420       __imp_sf_reset_warnings_ChartRunTimeInfo 0000000180019420     sf_runtime:sf_runtime.dll
 0002:00000428       __imp_sf_free_ChartRunTimeInfo 0000000180019428     sf_runtime:sf_runtime.dll
 0002:00000430       __imp_sf_init_ChartRunTimeInfo 0000000180019430     sf_runtime:sf_runtime.dll
 0002:00000438       __imp_sf_mex_decode        0000000180019438     sf_runtime:sf_runtime.dll
 0002:00000440       __imp_sf_load_rtw_optimization_info 0000000180019440     sf_runtime:sf_runtime.dll
 0002:00000448       __imp_sf_clear_error_manager_info 0000000180019448     sf_runtime:sf_runtime.dll
 0002:00000450       __imp_call_sf_machine_global_method_dispatcher 0000000180019450     sf_runtime:sf_runtime.dll
 0002:00000458       __imp_sf_mex_call          0000000180019458     sf_runtime:sf_runtime.dll
 0002:00000460       __imp_getRuntimeInstanceInfoAsVoid 0000000180019460     sf_runtime:sf_runtime.dll
 0002:00000468       __imp_sf_get_ChartInfoStruct_CodeGen 0000000180019468     sf_runtime:sf_runtime.dll
 0002:00000470       \177sf_runtime_NULL_THUNK_DATA 0000000180019470     sf_runtime:sf_runtime.dll
 0002:00000478       __guard_check_icall_fptr   0000000180019478     MSVCRT:guard_support.obj
 0002:00000480       __guard_xfg_check_icall_fptr 0000000180019480     MSVCRT:guard_support.obj
 0002:00000488       __guard_dispatch_icall_fptr 0000000180019488     MSVCRT:guard_support.obj
 0002:00000490       __guard_xfg_dispatch_icall_fptr 0000000180019490     MSVCRT:guard_support.obj
 0002:00000498       __guard_xfg_table_dispatch_icall_fptr 0000000180019498     MSVCRT:guard_support.obj
 0002:000004a0       __castguard_check_failure_os_handled_fptr 00000001800194a0     MSVCRT:guard_support.obj
 0002:000004a8       __guard_memcpy_fptr        00000001800194a8     vcruntime:softmemtag.obj
 0002:000004b0       __xc_a                     00000001800194b0     MSVCRT:initializers.obj
 0002:000004b8       __xc_z                     00000001800194b8     MSVCRT:initializers.obj
 0002:000004c0       __xi_a                     00000001800194c0     MSVCRT:initializers.obj
 0002:000004c8       __xi_z                     00000001800194c8     MSVCRT:initializers.obj
 0002:000004d0       __xp_a                     00000001800194d0     MSVCRT:initializers.obj
 0002:000004d8       __xp_z                     00000001800194d8     MSVCRT:initializers.obj
 0002:000004e0       __xt_a                     00000001800194e0     MSVCRT:initializers.obj
 0002:000004e8       __xt_z                     00000001800194e8     MSVCRT:initializers.obj
 0002:000004f0       __real@41a935fb7a000000    00000001800194f0     untitled_sfun.obj
 0002:000004f8       __real@41b82a9620000000    00000001800194f8     untitled_sfun.obj
 0002:00000500       __real@41bd274837000000    0000000180019500     untitled_sfun.obj
 0002:00000508       __real@41c25c6bf7000000    0000000180019508     untitled_sfun.obj
 0002:00000510       __real@41cabd8fdd000000    0000000180019510     untitled_sfun.obj
 0002:00000518       __real@41d4c74be0400000    0000000180019518     untitled_sfun.obj
 0002:00000520       __real@41d6fe0789400000    0000000180019520     untitled_sfun.obj
 0002:00000528       __real@41d745767c800000    0000000180019528     untitled_sfun.obj
 0002:00000530       __real@41d92cd043800000    0000000180019530     untitled_sfun.obj
 0002:00000538       __real@41da4adc09400000    0000000180019538     untitled_sfun.obj
 0002:00000540       __real@41e3636204000000    0000000180019540     untitled_sfun.obj
 0002:00000548       __real@41ed7c4485e00000    0000000180019548     untitled_sfun.obj
 0002:00000558       __real@3ff0000000000000    0000000180019558     c4_untitled.obj
 0002:00000560       __real@4000000000000000    0000000180019560     c4_untitled.obj
 0002:00000568       __real@406fe00000000000    0000000180019568     c4_untitled.obj
 0002:00000570       __real@40d2c00000000000    0000000180019570     c4_untitled.obj
 0002:00000578       __real@41e27cf6ffa00000    0000000180019578     c4_untitled.obj
 0002:00000580       __real@41e7b4baafe00000    0000000180019580     c4_untitled.obj
 0002:00000588       __real@41e854ecefc00000    0000000180019588     c4_untitled.obj
 0002:00000590       __real@41ef0a69e5800000    0000000180019590     c4_untitled.obj
 0002:000005a0       __xmm@80000000000000008000000000000000 00000001800195a0     c4_untitled.obj
 0002:000005b8       __real@0000000000000000    00000001800195b8     c11_untitled.obj
 0002:000005c0       __real@4070000000000000    00000001800195c0     c11_untitled.obj
 0002:000005c8       __real@40cc200000000000    00000001800195c8     c11_untitled.obj
 0002:000005d0       __real@41e5aa961c200000    00000001800195d0     c11_untitled.obj
 0002:000005d8       __real@41e776cb2b800000    00000001800195d8     c11_untitled.obj
 0002:000005e0       __real@41ed646f0f400000    00000001800195e0     c11_untitled.obj
 0002:000005e8       __real@41ed7d7445200000    00000001800195e8     c11_untitled.obj
 0002:000005f8       __real@41dc5753e3400000    00000001800195f8     c14_untitled.obj
 0002:00000600       __real@41e6592195c00000    0000000180019600     c14_untitled.obj
 0002:00000608       __real@41e700b052600000    0000000180019608     c14_untitled.obj
 0002:00000610       __real@41ecc98c57400000    0000000180019610     c14_untitled.obj
 0002:00000618       DYNAMIC_DIMENSION_DEF      0000000180019618     untitled_sfun_registry.obj
 0002:00000630       __real@4010000000000000    0000000180019630     untitled_sfun_registry.obj
 0002:00000638       __real@41602cbca0000000    0000000180019638     untitled_sfun_registry.obj
 0002:00000640       __real@bff0000000000000    0000000180019640     untitled_sfun_registry.obj
 0002:00000658       _pDefaultRawDllMain        0000000180019658     MSVCRT:dll_dllmain.obj
 0002:00000658       _pRawDllMain               0000000180019658     MSVCRT:dll_dllmain.obj
 0002:00000660       __xmm@ffffffffffffffffffffffffffffffff 0000000180019660     MSVCRT:utility.obj
 0002:00000670       _load_config_used          0000000180019670     MSVCRT:loadcfg.obj
 0002:00000800       __CastGuardVftablesStart   0000000180019800     MSVCRT:guard_support.obj
 0002:00000880       __CastGuardVftablesEnd     0000000180019880     MSVCRT:guard_support.obj
 0002:00000900       __volatile_metadata        0000000180019900     <linker-defined>
 0002:00000d40       __rtc_iaa                  0000000180019d40     MSVCRT:initsect.obj
 0002:00000d48       __rtc_izz                  0000000180019d48     MSVCRT:initsect.obj
 0002:00000d50       __rtc_taa                  0000000180019d50     MSVCRT:initsect.obj
 0002:00000d58       __rtc_tzz                  0000000180019d58     MSVCRT:initsect.obj
 0002:00001a08       __IMPORT_DESCRIPTOR_libmwgrayto8 000000018001aa08     libmwgrayto8:libmwgrayto8.dll
 0002:00001a1c       __IMPORT_DESCRIPTOR_libmwrgb2gray_tbb 000000018001aa1c     libmwrgb2gray_tbb:libmwrgb2gray_tbb.dll
 0002:00001a30       __IMPORT_DESCRIPTOR_libmwgetnumcores 000000018001aa30     libmwgetnumcores:libmwgetnumcores.dll
 0002:00001a44       __IMPORT_DESCRIPTOR_sf_runtime 000000018001aa44     sf_runtime:sf_runtime.dll
 0002:00001a58       __IMPORT_DESCRIPTOR_libmx  000000018001aa58     libmx:libmx.dll
 0002:00001a6c       __IMPORT_DESCRIPTOR_libmex 000000018001aa6c     libmex:libmex.dll
 0002:00001a80       __IMPORT_DESCRIPTOR_libut  000000018001aa80     libut:libut.dll
 0002:00001a94       __IMPORT_DESCRIPTOR_libmwmathutil 000000018001aa94     libmwmathutil:libmwmathutil.dll
 0002:00001aa8       __IMPORT_DESCRIPTOR_libemlrt 000000018001aaa8     libemlrt:libemlrt.dll
 0002:00001abc       __IMPORT_DESCRIPTOR_libcovrt 000000018001aabc     libcovrt:libcovrt.dll
 0002:00001ad0       __IMPORT_DESCRIPTOR_KERNEL32 000000018001aad0     kernel32:KERNEL32.dll
 0002:00001ae4       __IMPORT_DESCRIPTOR_VCRUNTIME140 000000018001aae4     vcruntime:VCRUNTIME140.dll
 0002:00001af8       __IMPORT_DESCRIPTOR_api-ms-win-crt-string-l1-1-0 000000018001aaf8     ucrt:api-ms-win-crt-string-l1-1-0.dll
 0002:00001b0c       __IMPORT_DESCRIPTOR_api-ms-win-crt-stdio-l1-1-0 000000018001ab0c     ucrt:api-ms-win-crt-stdio-l1-1-0.dll
 0002:00001b20       __IMPORT_DESCRIPTOR_api-ms-win-crt-heap-l1-1-0 000000018001ab20     ucrt:api-ms-win-crt-heap-l1-1-0.dll
 0002:00001b34       __IMPORT_DESCRIPTOR_api-ms-win-crt-runtime-l1-1-0 000000018001ab34     ucrt:api-ms-win-crt-runtime-l1-1-0.dll
 0002:00001b48       __NULL_IMPORT_DESCRIPTOR   000000018001ab48     libmwgrayto8:libmwgrayto8.dll
 0003:00006a10       DYNAMIC_DIMENSION          0000000180022a10     untitled_sfun_registry.obj
 0003:00008ff0       __security_cookie_complement 0000000180024ff0     MSVCRT:gs_cookie.obj
 0003:00008ff8       __security_cookie          0000000180024ff8     MSVCRT:gs_cookie.obj
 0003:00009000       _fltused                   0000000180025000     MSVCRT:fltused.obj
 0003:00009010       __scrt_native_dllmain_reason 0000000180025010     MSVCRT:utility.obj
 0003:00009018       __isa_available            0000000180025018     MSVCRT:cpu_disp.obj
 0003:0000901c       __isa_enabled              000000018002501c     MSVCRT:cpu_disp.obj
 0003:00009020       __memset_fast_string_threshold 0000000180025020     MSVCRT:cpu_disp.obj
 0003:00009028       __memset_nt_threshold      0000000180025028     MSVCRT:cpu_disp.obj
 0003:00009030       __scrt_ucrt_dll_is_in_use  0000000180025030     MSVCRT:ucrt_stubs.obj
 0003:0000a740       ?__type_info_root_node@@3U__type_info_node@@A 0000000180026740     MSVCRT:tncleanup.obj
 0003:0000a750       ?_OptionsStorage@?1??__local_stdio_printf_options@@9@4_KA 0000000180026750     MSVCRT:default_local_stdio_options.obj
 0003:0000a758       ?_OptionsStorage@?1??__local_stdio_scanf_options@@9@4_KA 0000000180026758     MSVCRT:default_local_stdio_options.obj
 0003:0000a760       __scrt_current_native_startup_state 0000000180026760     MSVCRT:utility.obj
 0003:0000a768       __scrt_native_startup_lock 0000000180026768     MSVCRT:utility.obj
 0003:0000a7a8       __scrt_debugger_hook_flag  00000001800267a8     MSVCRT:utility_desktop.obj
 0003:0000a7ac       __favor                    00000001800267ac     MSVCRT:cpu_disp.obj
 0003:0000a7b0       ?_OptionsStorage@?1??__local_stdio_printf_options@@9@9 00000001800267b0     <common>
 0003:0000a7b8       __dyn_tls_init_callback    00000001800267b8     <common>

 entry point at        0001:00016734

 Static symbols

 0000:00000000       _volmd                     0000000180000000     c11_untitled.obj
 0000:00000000       _volmd                     0000000180000000     c14_untitled.obj
 0000:00000000       _volmd                     0000000180000000     c4_untitled.obj
 0000:00000000       .debug$S                   0000000180000000     untitled_sfun.exp
 0000:00000000       _volmd                     0000000180000000     untitled_sfun.obj
 0000:00000000       _volmd                     0000000180000000     untitled_sfun_registry.obj
 0000:00000000       .debug$S                   0000000180000000     ucrt:api-ms-win-crt-heap-l1-1-0.dll
 0000:00000000       .debug$S                   0000000180000000     ucrt:api-ms-win-crt-heap-l1-1-0.dll
 0000:00000000       .debug$S                   0000000180000000     ucrt:api-ms-win-crt-runtime-l1-1-0.dll
 0000:00000000       .debug$S                   0000000180000000     ucrt:api-ms-win-crt-runtime-l1-1-0.dll
 0000:00000000       .debug$S                   0000000180000000     ucrt:api-ms-win-crt-runtime-l1-1-0.dll
 0000:00000000       .debug$S                   0000000180000000     ucrt:api-ms-win-crt-runtime-l1-1-0.dll
 0000:00000000       .debug$S                   0000000180000000     ucrt:api-ms-win-crt-runtime-l1-1-0.dll
 0000:00000000       .debug$S                   0000000180000000     ucrt:api-ms-win-crt-runtime-l1-1-0.dll
 0000:00000000       .debug$S                   0000000180000000     ucrt:api-ms-win-crt-runtime-l1-1-0.dll
 0000:00000000       .debug$S                   0000000180000000     ucrt:api-ms-win-crt-runtime-l1-1-0.dll
 0000:00000000       .debug$S                   0000000180000000     ucrt:api-ms-win-crt-runtime-l1-1-0.dll
 0000:00000000       .debug$S                   0000000180000000     ucrt:api-ms-win-crt-runtime-l1-1-0.dll
 0000:00000000       .debug$S                   0000000180000000     ucrt:api-ms-win-crt-runtime-l1-1-0.dll
 0000:00000000       .debug$S                   0000000180000000     ucrt:api-ms-win-crt-runtime-l1-1-0.dll
 0000:00000000       .debug$S                   0000000180000000     ucrt:api-ms-win-crt-stdio-l1-1-0.dll
 0000:00000000       .debug$S                   0000000180000000     ucrt:api-ms-win-crt-string-l1-1-0.dll
 0000:00000000       .debug$S                   0000000180000000     ucrt:api-ms-win-crt-string-l1-1-0.dll
 0000:00000000       .debug$S                   0000000180000000     ucrt:api-ms-win-crt-string-l1-1-0.dll
 0000:00000000       .debug$S                   0000000180000000     kernel32:KERNEL32.dll
 0000:00000000       .debug$S                   0000000180000000     kernel32:KERNEL32.dll
 0000:00000000       .debug$S                   0000000180000000     kernel32:KERNEL32.dll
 0000:00000000       .debug$S                   0000000180000000     kernel32:KERNEL32.dll
 0000:00000000       .debug$S                   0000000180000000     kernel32:KERNEL32.dll
 0000:00000000       .debug$S                   0000000180000000     kernel32:KERNEL32.dll
 0000:00000000       .debug$S                   0000000180000000     kernel32:KERNEL32.dll
 0000:00000000       .debug$S                   0000000180000000     kernel32:KERNEL32.dll
 0000:00000000       .debug$S                   0000000180000000     kernel32:KERNEL32.dll
 0000:00000000       .debug$S                   0000000180000000     kernel32:KERNEL32.dll
 0000:00000000       .debug$S                   0000000180000000     kernel32:KERNEL32.dll
 0000:00000000       .debug$S                   0000000180000000     kernel32:KERNEL32.dll
 0000:00000000       .debug$S                   0000000180000000     kernel32:KERNEL32.dll
 0000:00000000       .debug$S                   0000000180000000     kernel32:KERNEL32.dll
 0000:00000000       .debug$S                   0000000180000000     kernel32:KERNEL32.dll
 0000:00000000       .debug$S                   0000000180000000     kernel32:KERNEL32.dll
 0000:00000000       .debug$S                   0000000180000000     kernel32:KERNEL32.dll
 0000:00000000       .debug$S                   0000000180000000     libcovrt:libcovrt.dll
 0000:00000000       .debug$S                   0000000180000000     libcovrt:libcovrt.dll
 0000:00000000       .debug$S                   0000000180000000     libcovrt:libcovrt.dll
 0000:00000000       .debug$S                   0000000180000000     libcovrt:libcovrt.dll
 0000:00000000       .debug$S                   0000000180000000     libcovrt:libcovrt.dll
 0000:00000000       .debug$S                   0000000180000000     libcovrt:libcovrt.dll
 0000:00000000       .debug$S                   0000000180000000     libcovrt:libcovrt.dll
 0000:00000000       .debug$S                   0000000180000000     libcovrt:libcovrt.dll
 0000:00000000       .debug$S                   0000000180000000     libcovrt:libcovrt.dll
 0000:00000000       .debug$S                   0000000180000000     libcovrt:libcovrt.dll
 0000:00000000       .debug$S                   0000000180000000     libcovrt:libcovrt.dll
 0000:00000000       .debug$S                   0000000180000000     libemlrt:libemlrt.dll
 0000:00000000       .debug$S                   0000000180000000     libemlrt:libemlrt.dll
 0000:00000000       .debug$S                   0000000180000000     libemlrt:libemlrt.dll
 0000:00000000       .debug$S                   0000000180000000     libmex:libmex.dll
 0000:00000000       .debug$S                   0000000180000000     libmex:libmex.dll
 0000:00000000       .debug$S                   0000000180000000     libmex:libmex.dll
 0000:00000000       .debug$S                   0000000180000000     libmex:libmex.dll
 0000:00000000       .debug$S                   0000000180000000     libmex:libmex.dll
 0000:00000000       .debug$S                   0000000180000000     libmex:libmex.dll
 0000:00000000       .debug$S                   0000000180000000     libmex:libmex.dll
 0000:00000000       .debug$S                   0000000180000000     libmwgetnumcores:libmwgetnumcores.dll
 0000:00000000       .debug$S                   0000000180000000     libmwgrayto8:libmwgrayto8.dll
 0000:00000000       .debug$S                   0000000180000000     libmwmathutil:libmwmathutil.dll
 0000:00000000       .debug$S                   0000000180000000     libmwmathutil:libmwmathutil.dll
 0000:00000000       .debug$S                   0000000180000000     libmwmathutil:libmwmathutil.dll
 0000:00000000       .debug$S                   0000000180000000     libmwmathutil:libmwmathutil.dll
 0000:00000000       .debug$S                   0000000180000000     libmwrgb2gray_tbb:libmwrgb2gray_tbb.dll
 0000:00000000       .debug$S                   0000000180000000     libmx:libmx.dll
 0000:00000000       .debug$S                   0000000180000000     libmx:libmx.dll
 0000:00000000       .debug$S                   0000000180000000     libmx:libmx.dll
 0000:00000000       .debug$S                   0000000180000000     libmx:libmx.dll
 0000:00000000       .debug$S                   0000000180000000     libmx:libmx.dll
 0000:00000000       .debug$S                   0000000180000000     libmx:libmx.dll
 0000:00000000       .debug$S                   0000000180000000     libmx:libmx.dll
 0000:00000000       .debug$S                   0000000180000000     libmx:libmx.dll
 0000:00000000       .debug$S                   0000000180000000     libmx:libmx.dll
 0000:00000000       .debug$S                   0000000180000000     libmx:libmx.dll
 0000:00000000       .debug$S                   0000000180000000     libmx:libmx.dll
 0000:00000000       .debug$S                   0000000180000000     libmx:libmx.dll
 0000:00000000       .debug$S                   0000000180000000     libmx:libmx.dll
 0000:00000000       .debug$S                   0000000180000000     libmx:libmx.dll
 0000:00000000       .debug$S                   0000000180000000     libmx:libmx.dll
 0000:00000000       .debug$S                   0000000180000000     libmx:libmx.dll
 0000:00000000       .debug$S                   0000000180000000     libmx:libmx.dll
 0000:00000000       .debug$S                   0000000180000000     libmx:libmx.dll
 0000:00000000       .debug$S                   0000000180000000     libmx:libmx.dll
 0000:00000000       .debug$S                   0000000180000000     libmx:libmx.dll
 0000:00000000       .debug$S                   0000000180000000     libut:libut.dll
 0000:00000000       .debug$S                   0000000180000000     libut:libut.dll
 0000:00000000       .debug$S                   0000000180000000     sf_runtime:sf_runtime.dll
 0000:00000000       .debug$S                   0000000180000000     sf_runtime:sf_runtime.dll
 0000:00000000       .debug$S                   0000000180000000     sf_runtime:sf_runtime.dll
 0000:00000000       .debug$S                   0000000180000000     sf_runtime:sf_runtime.dll
 0000:00000000       .debug$S                   0000000180000000     sf_runtime:sf_runtime.dll
 0000:00000000       .debug$S                   0000000180000000     sf_runtime:sf_runtime.dll
 0000:00000000       .debug$S                   0000000180000000     sf_runtime:sf_runtime.dll
 0000:00000000       .debug$S                   0000000180000000     sf_runtime:sf_runtime.dll
 0000:00000000       .debug$S                   0000000180000000     sf_runtime:sf_runtime.dll
 0000:00000000       .debug$S                   0000000180000000     sf_runtime:sf_runtime.dll
 0000:00000000       .debug$S                   0000000180000000     sf_runtime:sf_runtime.dll
 0000:00000000       .debug$S                   0000000180000000     sf_runtime:sf_runtime.dll
 0000:00000000       .debug$S                   0000000180000000     sf_runtime:sf_runtime.dll
 0000:00000000       .debug$S                   0000000180000000     sf_runtime:sf_runtime.dll
 0000:00000000       .debug$S                   0000000180000000     sf_runtime:sf_runtime.dll
 0000:00000000       .debug$S                   0000000180000000     sf_runtime:sf_runtime.dll
 0000:00000000       .debug$S                   0000000180000000     sf_runtime:sf_runtime.dll
 0000:00000000       .debug$S                   0000000180000000     sf_runtime:sf_runtime.dll
 0000:00000000       .debug$S                   0000000180000000     sf_runtime:sf_runtime.dll
 0000:00000000       .debug$S                   0000000180000000     sf_runtime:sf_runtime.dll
 0000:00000000       .debug$S                   0000000180000000     sf_runtime:sf_runtime.dll
 0000:00000000       .debug$S                   0000000180000000     sf_runtime:sf_runtime.dll
 0000:00000000       .debug$S                   0000000180000000     sf_runtime:sf_runtime.dll
 0000:00000000       .debug$S                   0000000180000000     sf_runtime:sf_runtime.dll
 0000:00000000       .debug$S                   0000000180000000     sf_runtime:sf_runtime.dll
 0000:00000000       .debug$S                   0000000180000000     sf_runtime:sf_runtime.dll
 0000:00000000       .debug$S                   0000000180000000     sf_runtime:sf_runtime.dll
 0000:00000000       .debug$S                   0000000180000000     sf_runtime:sf_runtime.dll
 0000:00000000       .debug$S                   0000000180000000     sf_runtime:sf_runtime.dll
 0000:00000000       .debug$S                   0000000180000000     sf_runtime:sf_runtime.dll
 0000:00000000       .debug$S                   0000000180000000     sf_runtime:sf_runtime.dll
 0000:00000000       .debug$S                   0000000180000000     sf_runtime:sf_runtime.dll
 0000:00000000       .debug$S                   0000000180000000     sf_runtime:sf_runtime.dll
 0000:00000000       .debug$S                   0000000180000000     sf_runtime:sf_runtime.dll
 0000:00000000       .debug$S                   0000000180000000     sf_runtime:sf_runtime.dll
 0000:00000000       .debug$S                   0000000180000000     sf_runtime:sf_runtime.dll
 0000:00000000       _volmd                     0000000180000000     MSVCRT:cpu_disp.obj
 0002:fffe7000       __guard_ehcont_?dllmain_dispatch@@YAHQEAUHINSTANCE__@@KQEAX@Z 0000000180000000     MSVCRT:dll_dllmain.obj
 0002:fffe7000       __guard_fids_?dllmain_dispatch@@YAHQEAUHINSTANCE__@@KQEAX@Z 0000000180000000     MSVCRT:dll_dllmain.obj
 0000:00000000       _volmd                     0000000180000000     MSVCRT:gs_report.obj
 0000:00000000       _volmd                     0000000180000000     MSVCRT:gs_report.obj
 0000:00000000       _volmd                     0000000180000000     MSVCRT:gs_report.obj
 0002:fffe7000       __guard_fids__             0000000180000000     MSVCRT:guard_support.obj
 0002:fffe7000       __guard_fids__             0000000180000000     MSVCRT:guard_support.obj
 0002:fffe7000       __guard_fids__guard_icall_checks_enforced 0000000180000000     MSVCRT:guard_support.obj
 0000:00000000       _volmd                     0000000180000000     MSVCRT:guard_support.obj
 0000:00000000       _volmd                     0000000180000000     MSVCRT:guard_support.obj
 0000:00000000       _volmd                     0000000180000000     MSVCRT:guard_support.obj
 0000:00000000       _volmd                     0000000180000000     MSVCRT:guard_support.obj
 0000:00000000       _volmd                     0000000180000000     MSVCRT:guard_support.obj
 0000:00000000       _volmd                     0000000180000000     MSVCRT:guard_support.obj
 0002:fffe7000       __guard_ehcont___scrt_is_nonwritable_in_current_image 0000000180000000     MSVCRT:utility.obj
 0000:00000000       _volmd                     0000000180000000     MSVCRT:utility.obj
 0000:00000000       _volmd                     0000000180000000     MSVCRT:utility.obj
 0000:00000000       _volmd                     0000000180000000     MSVCRT:utility.obj
 0002:fffe7000       __guard_fids___scrt_set_unhandled_exception_filter 0000000180000000     MSVCRT:utility_desktop.obj
 0000:00000000       _volmd                     0000000180000000     MSVCRT:utility_desktop.obj
 0002:fffe7000       __guard_fids__             0000000180000000     vcruntime:softmemtag.obj
 0000:00000000       .debug$S                   0000000180000000     vcruntime:VCRUNTIME140.dll
 0000:00000000       .debug$S                   0000000180000000     vcruntime:VCRUNTIME140.dll
 0000:00000000       .debug$S                   0000000180000000     vcruntime:VCRUNTIME140.dll
 0000:00000000       .debug$S                   0000000180000000     vcruntime:VCRUNTIME140.dll
 0000:00000000       .debug$S                   0000000180000000     vcruntime:VCRUNTIME140.dll
 0000:00000000       .debug$S                   0000000180000000     vcruntime:VCRUNTIME140.dll
 0000:00000010       _volmd                     0000000180000010     c11_untitled.obj
 0000:00000010       _volmd                     0000000180000010     c14_untitled.obj
 0000:00000010       _volmd                     0000000180000010     c4_untitled.obj
 0000:00000010       _volmd                     0000000180000010     untitled_sfun.obj
 0000:00000010       _volmd                     0000000180000010     untitled_sfun_registry.obj
 0000:00000020       _volmd                     0000000180000020     c11_untitled.obj
 0000:00000020       _volmd                     0000000180000020     c14_untitled.obj
 0000:00000020       _volmd                     0000000180000020     c4_untitled.obj
 0000:00000020       _volmd                     0000000180000020     untitled_sfun.obj
 0000:00000020       _volmd                     0000000180000020     untitled_sfun_registry.obj
 0000:00000030       _volmd                     0000000180000030     c11_untitled.obj
 0000:00000030       _volmd                     0000000180000030     c14_untitled.obj
 0000:00000030       _volmd                     0000000180000030     c4_untitled.obj
 0000:00000030       _volmd                     0000000180000030     untitled_sfun.obj
 0000:00000030       _volmd                     0000000180000030     untitled_sfun_registry.obj
 0000:00000040       _volmd                     0000000180000040     c11_untitled.obj
 0000:00000040       _volmd                     0000000180000040     c14_untitled.obj
 0000:00000040       _volmd                     0000000180000040     untitled_sfun.obj
 0000:00000040       _volmd                     0000000180000040     untitled_sfun_registry.obj
 0000:00000050       _volmd                     0000000180000050     untitled_sfun.obj
 0000:00000050       _volmd                     0000000180000050     untitled_sfun_registry.obj
 0000:00000060       _volmd                     0000000180000060     untitled_sfun_registry.obj
 0000:00000070       _volmd                     0000000180000070     untitled_sfun_registry.obj
 0000:00000080       _volmd                     0000000180000080     untitled_sfun_registry.obj
 0000:00000090       _volmd                     0000000180000090     untitled_sfun_registry.obj
 0000:000000a0       _volmd                     00000001800000a0     untitled_sfun_registry.obj
 0000:000000b0       _volmd                     00000001800000b0     untitled_sfun_registry.obj
[...]
 0003:00006f88       $SG27543                   0000000180022f88     untitled_sfun_registry.obj
 0003:00006f90       $SG27542                   0000000180022f90     untitled_sfun_registry.obj
 0003:00006ff0       $SG27544                   0000000180022ff0     untitled_sfun_registry.obj
 0003:00006ff8       $SG28519                   0000000180022ff8     untitled_sfun_registry.obj
 0003:00007010       $SG27897                   0000000180023010     untitled_sfun_registry.obj
 0003:00007088       $SG28590                   0000000180023088     untitled_sfun_registry.obj
 0003:00007090       $SG27900                   0000000180023090     untitled_sfun_registry.obj
 0003:00007104       $SG28591                   0000000180023104     untitled_sfun_registry.obj
 0003:00007110       $SG27905                   0000000180023110     untitled_sfun_registry.obj
 0003:00007188       $SG28592                   0000000180023188     untitled_sfun_registry.obj
 0003:00007190       $SG27913                   0000000180023190     untitled_sfun_registry.obj
 0003:00007200       $SG28188                   0000000180023200     untitled_sfun_registry.obj
 0003:00007278       $SG28598                   0000000180023278     untitled_sfun_registry.obj
 0003:00007280       $SG28193                   0000000180023280     untitled_sfun_registry.obj
 0003:000072f8       $SG28601                   00000001800232f8     untitled_sfun_registry.obj
 0003:00007300       $SG28532                   0000000180023300     untitled_sfun_registry.obj
 0003:00007378       $SG28604                   0000000180023378     untitled_sfun_registry.obj
 0003:00007380       $SG28593                   0000000180023380     untitled_sfun_registry.obj
 0003:000073f8       $SG28610                   00000001800233f8     untitled_sfun_registry.obj
 0003:00007400       $SG28595                   0000000180023400     untitled_sfun_registry.obj
 0003:00007480       $SG28605                   0000000180023480     untitled_sfun_registry.obj
 0003:00007500       $SG28606                   0000000180023500     untitled_sfun_registry.obj
 0003:00007510       $SG28608                   0000000180023510     untitled_sfun_registry.obj
 0003:0000751c       $SG28612                   000000018002351c     untitled_sfun_registry.obj
 0003:00007528       $SG28614                   0000000180023528     untitled_sfun_registry.obj
 0003:00007538       $SG28737                   0000000180023538     untitled_sfun_registry.obj
 0003:00007568       $SG28739                   0000000180023568     untitled_sfun_registry.obj
 0003:00007570       $SG28619                   0000000180023570     untitled_sfun_registry.obj
 0003:00007658       $SG28738                   0000000180023658     untitled_sfun_registry.obj
 0003:00007668       $SG28741                   0000000180023668     untitled_sfun_registry.obj
 0003:000076a0       $SG28742                   00000001800236a0     untitled_sfun_registry.obj
 0003:000076b0       $SG28743                   00000001800236b0     untitled_sfun_registry.obj
 0003:000076b8       $SG28746                   00000001800236b8     untitled_sfun_registry.obj
 0003:000076f0       $SG28747                   00000001800236f0     untitled_sfun_registry.obj
 0003:00007700       $SG28748                   0000000180023700     untitled_sfun_registry.obj
 0003:00007708       $SG28750                   0000000180023708     untitled_sfun_registry.obj
 0003:00007740       $SG28751                   0000000180023740     untitled_sfun_registry.obj
 0003:00007750       $SG28752                   0000000180023750     untitled_sfun_registry.obj
 0003:00007758       $SG28754                   0000000180023758     untitled_sfun_registry.obj
 0003:00007790       $SG28755                   0000000180023790     untitled_sfun_registry.obj
 0003:000077a0       $SG28756                   00000001800237a0     untitled_sfun_registry.obj
 0003:000077a8       $SG28759                   00000001800237a8     untitled_sfun_registry.obj
 0003:000077b0       $SG28761                   00000001800237b0     untitled_sfun_registry.obj
 0003:000077c8       $SG28762                   00000001800237c8     untitled_sfun_registry.obj
 0003:00007800       $SG28763                   0000000180023800     untitled_sfun_registry.obj
 0003:00007810       $SG28764                   0000000180023810     untitled_sfun_registry.obj
 0003:00007818       $SG28934                   0000000180023818     untitled_sfun_registry.obj
 0003:00007838       $SG28941                   0000000180023838     untitled_sfun_registry.obj
 0003:00007850       $SG28935                   0000000180023850     untitled_sfun_registry.obj
 0003:000078e0       $SG28942                   00000001800238e0     untitled_sfun_registry.obj
 0003:00007970       $SG28948                   0000000180023970     untitled_sfun_registry.obj
 0003:00007988       $SG28967                   0000000180023988     untitled_sfun_registry.obj
 0003:000079a8       $SG28972                   00000001800239a8     untitled_sfun_registry.obj
 0003:000079d0       $SG28949                   00000001800239d0     untitled_sfun_registry.obj
 0003:00007a60       $SG28955                   0000000180023a60     untitled_sfun_registry.obj
 0003:00007a80       $SG28956                   0000000180023a80     untitled_sfun_registry.obj
 0003:00007b10       $SG28962                   0000000180023b10     untitled_sfun_registry.obj
 0003:00007b30       $SG28963                   0000000180023b30     untitled_sfun_registry.obj
 0003:00007bc0       $SG28968                   0000000180023bc0     untitled_sfun_registry.obj
 0003:00007c50       $SG28973                   0000000180023c50     untitled_sfun_registry.obj
 0003:00007ce0       $SG28977                   0000000180023ce0     untitled_sfun_registry.obj
 0003:00007d08       $SG28992                   0000000180023d08     untitled_sfun_registry.obj
 0003:00007d20       $SG28978                   0000000180023d20     untitled_sfun_registry.obj
 0003:00007db0       $SG28982                   0000000180023db0     untitled_sfun_registry.obj
 0003:00007dd0       $SG28983                   0000000180023dd0     untitled_sfun_registry.obj
 0003:00007e60       $SG28987                   0000000180023e60     untitled_sfun_registry.obj
 0003:00007e80       $SG28988                   0000000180023e80     untitled_sfun_registry.obj
 0003:00007f10       $SG28993                   0000000180023f10     untitled_sfun_registry.obj
 0003:00007fa0       $SG28997                   0000000180023fa0     untitled_sfun_registry.obj
 0003:00007fc0       $SG28998                   0000000180023fc0     untitled_sfun_registry.obj
 0003:00008050       $SG29002                   0000000180024050     untitled_sfun_registry.obj
 0003:00008070       $SG29003                   0000000180024070     untitled_sfun_registry.obj
 0003:00008100       $SG29007                   0000000180024100     untitled_sfun_registry.obj
 0003:00008120       $SG29008                   0000000180024120     untitled_sfun_registry.obj
 0003:000081b0       $SG29012                   00000001800241b0     untitled_sfun_registry.obj
 0003:000081d0       $SG29013                   00000001800241d0     untitled_sfun_registry.obj
 0003:00008260       $SG29017                   0000000180024260     untitled_sfun_registry.obj
 0003:00008280       $SG29018                   0000000180024280     untitled_sfun_registry.obj
 0003:00008310       $SG29022                   0000000180024310     untitled_sfun_registry.obj
 0003:00008330       $SG29023                   0000000180024330     untitled_sfun_registry.obj
 0003:000083c0       $SG29028                   00000001800243c0     untitled_sfun_registry.obj
 0003:000083d8       $SG29039                   00000001800243d8     untitled_sfun_registry.obj
 0003:000083f0       $SG29029                   00000001800243f0     untitled_sfun_registry.obj
 0003:00008480       $SG29035                   0000000180024480     untitled_sfun_registry.obj
 0003:00008510       $SG29040                   0000000180024510     untitled_sfun_registry.obj
 0003:000085a0       $SG29044                   00000001800245a0     untitled_sfun_registry.obj
 0003:000085b0       $SG29045                   00000001800245b0     untitled_sfun_registry.obj
 0003:00008640       $SG29049                   0000000180024640     untitled_sfun_registry.obj
 0003:00008660       $SG29050                   0000000180024660     untitled_sfun_registry.obj
 0003:000086f0       $SG29054                   00000001800246f0     untitled_sfun_registry.obj
 0003:00008710       $SG29055                   0000000180024710     untitled_sfun_registry.obj
 0003:000087a0       $SG29059                   00000001800247a0     untitled_sfun_registry.obj
 0003:000087b0       $SG29060                   00000001800247b0     untitled_sfun_registry.obj
 0003:00008840       $SG29064                   0000000180024840     untitled_sfun_registry.obj
 0003:00008850       $SG29065                   0000000180024850     untitled_sfun_registry.obj
 0003:000088e0       $SG29069                   00000001800248e0     untitled_sfun_registry.obj
 0003:000088f8       $SG29074                   00000001800248f8     untitled_sfun_registry.obj
 0003:00008910       $SG29070                   0000000180024910     untitled_sfun_registry.obj
 0003:000089a0       $SG29075                   00000001800249a0     untitled_sfun_registry.obj
 0003:00008a30       $SG29079                   0000000180024a30     untitled_sfun_registry.obj
 0003:00008a40       $SG29080                   0000000180024a40     untitled_sfun_registry.obj
 0003:00008ad0       $SG29088                   0000000180024ad0     untitled_sfun_registry.obj
 0003:00008ae0       $SG29089                   0000000180024ae0     untitled_sfun_registry.obj
 0003:00008b70       $SG29095                   0000000180024b70     untitled_sfun_registry.obj
 0003:00008b80       $SG29096                   0000000180024b80     untitled_sfun_registry.obj
 0003:00008c10       $SG29100                   0000000180024c10     untitled_sfun_registry.obj
 0003:00008c20       $SG29101                   0000000180024c20     untitled_sfun_registry.obj
 0003:00008cb0       $SG29106                   0000000180024cb0     untitled_sfun_registry.obj
 0003:00008cc0       $SG29107                   0000000180024cc0     untitled_sfun_registry.obj
 0003:00008d50       $SG29111                   0000000180024d50     untitled_sfun_registry.obj
 0003:00008dc8       $SG29154                   0000000180024dc8     untitled_sfun_registry.obj
 0003:00008dd8       $SG29235                   0000000180024dd8     untitled_sfun_registry.obj
 0003:00008de0       $SG29141                   0000000180024de0     untitled_sfun_registry.obj
 0003:00008ef8       $SG29165                   0000000180024ef8     untitled_sfun_registry.obj
 0003:00008f08       $SG29178                   0000000180024f08     untitled_sfun_registry.obj
 0003:00008f18       $SG29189                   0000000180024f18     untitled_sfun_registry.obj
 0003:00008f28       $SG29202                   0000000180024f28     untitled_sfun_registry.obj
 0003:00008f38       $SG29213                   0000000180024f38     untitled_sfun_registry.obj
 0003:00008f48       $SG29223                   0000000180024f48     untitled_sfun_registry.obj
 0003:00008f68       $SG29234                   0000000180024f68     untitled_sfun_registry.obj
 0003:00008f98       $SG29236                   0000000180024f98     untitled_sfun_registry.obj
 0003:00008fa0       $SG29247                   0000000180024fa0     untitled_sfun_registry.obj
 0003:00008fd8       $SG29248                   0000000180024fd8     untitled_sfun_registry.obj
 0003:00008fe0       $SG29249                   0000000180024fe0     untitled_sfun_registry.obj
 0003:00009040       sRtwOptimizationInfoStruct 0000000180025040     untitled_sfun.obj
 0003:00009048       sOptimizationInfoFlags     0000000180025048     untitled_sfun.obj
 0003:00009050       $SG26480                   0000000180025050     c4_untitled.obj
 0003:00009051       $SG26487                   0000000180025051     c4_untitled.obj
 0003:00009052       $SG26494                   0000000180025052     c4_untitled.obj
 0003:00009053       $SG26501                   0000000180025053     c4_untitled.obj
 0003:00009054       $SG26508                   0000000180025054     c4_untitled.obj
 0003:00009055       $SG26515                   0000000180025055     c4_untitled.obj
 0003:00009056       $SG26522                   0000000180025056     c4_untitled.obj
 0003:00009057       $SG26529                   0000000180025057     c4_untitled.obj
 0003:00009058       $SG26536                   0000000180025058     c4_untitled.obj
 0003:00009059       $SG26543                   0000000180025059     c4_untitled.obj
 0003:0000905a       $SG26550                   000000018002505a     c4_untitled.obj
 0003:0000905b       $SG26557                   000000018002505b     c4_untitled.obj
 0003:0000905c       $SG26564                   000000018002505c     c4_untitled.obj
 0003:0000905d       $SG26571                   000000018002505d     c4_untitled.obj
 0003:0000905e       $SG26578                   000000018002505e     c4_untitled.obj
 0003:0000905f       $SG26585                   000000018002505f     c4_untitled.obj
 0003:00009060       $SG26592                   0000000180025060     c4_untitled.obj
 0003:00009061       $SG26599                   0000000180025061     c4_untitled.obj
 0003:00009062       $SG26606                   0000000180025062     c4_untitled.obj
 0003:00009063       $SG26613                   0000000180025063     c4_untitled.obj
 0003:00009064       $SG26620                   0000000180025064     c4_untitled.obj
 0003:00009065       $SG26627                   0000000180025065     c4_untitled.obj
 0003:00009066       $SG26634                   0000000180025066     c4_untitled.obj
 0003:00009067       $SG26641                   0000000180025067     c4_untitled.obj
 0003:00009068       $SG26648                   0000000180025068     c4_untitled.obj
 0003:00009069       $SG26655                   0000000180025069     c4_untitled.obj
 0003:0000906a       $SG26662                   000000018002506a     c4_untitled.obj
 0003:0000906b       $SG26669                   000000018002506b     c4_untitled.obj
 0003:0000906c       $SG26676                   000000018002506c     c4_untitled.obj
 0003:0000906d       $SG26683                   000000018002506d     c4_untitled.obj
 0003:0000906e       $SG26787                   000000018002506e     c4_untitled.obj
 0003:0000906f       $SG27367                   000000018002506f     c4_untitled.obj
 0003:00009070       _sfTime_                   0000000180025070     c4_untitled.obj
 0003:00009078       $SG27368                   0000000180025078     c4_untitled.obj
 0003:00009079       $SG27507                   0000000180025079     c4_untitled.obj
 0003:00009080       ?newstr@?1??sf_c4_untitled_get_post_codegen_info@@9@9 0000000180025080     c4_untitled.obj
 0003:00009610       _sfTime_                   0000000180025610     c11_untitled.obj
 0003:00009618       $SG26499                   0000000180025618     c11_untitled.obj
 0003:00009619       $SG26901                   0000000180025619     c11_untitled.obj
 0003:0000961a       $SG26902                   000000018002561a     c11_untitled.obj
 0003:0000961b       $SG27043                   000000018002561b     c11_untitled.obj
 0003:00009620       ?newstr@?1??sf_c11_untitled_get_post_codegen_info@@9@9 0000000180025620     c11_untitled.obj
 0003:00009c00       $SG26470                   0000000180025c00     c14_untitled.obj
 0003:00009c01       $SG26477                   0000000180025c01     c14_untitled.obj
 0003:00009c02       $SG26484                   0000000180025c02     c14_untitled.obj
 0003:00009c03       $SG26491                   0000000180025c03     c14_untitled.obj
 0003:00009c04       $SG26498                   0000000180025c04     c14_untitled.obj
 0003:00009c05       $SG26505                   0000000180025c05     c14_untitled.obj
 0003:00009c06       $SG26512                   0000000180025c06     c14_untitled.obj
 0003:00009c07       $SG26519                   0000000180025c07     c14_untitled.obj
 0003:00009c08       $SG26526                   0000000180025c08     c14_untitled.obj
 0003:00009c09       $SG26533                   0000000180025c09     c14_untitled.obj
 0003:00009c0a       $SG26540                   0000000180025c0a     c14_untitled.obj
 0003:00009c0b       $SG26547                   0000000180025c0b     c14_untitled.obj
 0003:00009c0c       $SG26554                   0000000180025c0c     c14_untitled.obj
 0003:00009c0d       $SG26561                   0000000180025c0d     c14_untitled.obj
 0003:00009c0e       $SG26568                   0000000180025c0e     c14_untitled.obj
 0003:00009c0f       $SG26575                   0000000180025c0f     c14_untitled.obj
 0003:00009c10       $SG26582                   0000000180025c10     c14_untitled.obj
 0003:00009c11       $SG26589                   0000000180025c11     c14_untitled.obj
 0003:00009c12       $SG26596                   0000000180025c12     c14_untitled.obj
 0003:00009c13       $SG26603                   0000000180025c13     c14_untitled.obj
 0003:00009c14       $SG26610                   0000000180025c14     c14_untitled.obj
 0003:00009c15       $SG26617                   0000000180025c15     c14_untitled.obj
 0003:00009c16       $SG26624                   0000000180025c16     c14_untitled.obj
 0003:00009c17       $SG26631                   0000000180025c17     c14_untitled.obj
 0003:00009c18       $SG26638                   0000000180025c18     c14_untitled.obj
 0003:00009c19       $SG26645                   0000000180025c19     c14_untitled.obj
 0003:00009c1a       $SG26652                   0000000180025c1a     c14_untitled.obj
 0003:00009c1b       $SG26659                   0000000180025c1b     c14_untitled.obj
 0003:00009c1c       $SG26666                   0000000180025c1c     c14_untitled.obj
 0003:00009c1d       $SG26673                   0000000180025c1d     c14_untitled.obj
 0003:00009c1e       $SG26777                   0000000180025c1e     c14_untitled.obj
 0003:00009c1f       $SG27362                   0000000180025c1f     c14_untitled.obj
 0003:00009c20       _sfTime_                   0000000180025c20     c14_untitled.obj
 0003:00009c28       $SG27363                   0000000180025c28     c14_untitled.obj
 0003:00009c29       $SG27502                   0000000180025c29     c14_untitled.obj
 0003:00009c30       ?newstr@?1??sf_c14_untitled_get_post_codegen_info@@9@9 0000000180025c30     c14_untitled.obj
 0003:0000a1b0       sfGlobalMdlStartCallCounts 00000001800261b0     untitled_sfun_registry.obj
 0003:0000a1b4       $SG28586                   00000001800261b4     untitled_sfun_registry.obj
 0003:0000a1b6       ?warningGuard@?1??ssGetRootSS@@9@9 00000001800261b6     untitled_sfun_registry.obj
 0003:0000a1b7       ?warningGuard@?1??ssGetParentSS@@9@9 00000001800261b7     untitled_sfun_registry.obj
 0003:0000a1c0       GS_ExceptionRecord         00000001800261c0     MSVCRT:gs_report.obj
 0003:0000a260       GS_ContextRecord           0000000180026260     MSVCRT:gs_report.obj
 0003:0000a730       ?__proc_attached@@3HA      0000000180026730     MSVCRT:dll_dllmain.obj
 0003:0000a770       ?is_initialized_as_dll@@3_NA 0000000180026770     MSVCRT:utility.obj
 0003:0000a771       ?module_local_atexit_table_initialized@@3_NA 0000000180026771     MSVCRT:utility.obj
 0003:0000a778       ?module_local_atexit_table@@3U_onexit_table_t@@A 0000000180026778     MSVCRT:utility.obj
 0003:0000a790       ?module_local_at_quick_exit_table@@3U_onexit_table_t@@A 0000000180026790     MSVCRT:utility.obj
